v10/usr/630/makefile
v10/usr/630/xx
v10/usr/630/3binc/a.out.h
v10/usr/630/3binc/aouthdr.h
v10/usr/630/3binc/bool.h
v10/usr/630/3binc/ctype.h
v10/usr/630/3binc/filehdr.h
v10/usr/630/3binc/ldfcn.h
v10/usr/630/3binc/linenum.h
v10/usr/630/3binc/memory.h
v10/usr/630/3binc/nan.h
v10/usr/630/3binc/patch.h
v10/usr/630/3binc/reloc.h
v10/usr/630/3binc/scnhdr.h
v10/usr/630/3binc/search.h
v10/usr/630/3binc/storclass.h
v10/usr/630/3binc/string.h
v10/usr/630/3binc/syms.h
v10/usr/630/3binc/sys/jioctl.h
v10/usr/630/3binc/sys/signal.h
v10/usr/630/bin/630blank
v10/usr/630/bin/630lfk
v10/usr/630/bin/6mw
v10/usr/630/bin/OLDxcip
v10/usr/630/bin/build
v10/usr/630/bin/cip
v10/usr/630/bin/clock
v10/usr/630/bin/dmdcat
v10/usr/630/bin/dmddemo
v10/usr/630/bin/dmdman
v10/usr/630/bin/dmdmemory
v10/usr/630/bin/graw
v10/usr/630/bin/hp2621
v10/usr/630/bin/icon
v10/usr/630/bin/mc68lorder
v10/usr/630/bin/movie
v10/usr/630/bin/mw
v10/usr/630/bin/nmw
v10/usr/630/bin/oproof
v10/usr/630/bin/reader
v10/usr/630/bin/t
v10/usr/630/bin/tek4014
v10/usr/630/bin/term
v10/usr/630/bin/ucache
v10/usr/630/bin/vwhois
v10/usr/630/bin/windows
v10/usr/630/bin/wtinit
v10/usr/630/bin/xcip
v10/usr/630/icons/16x16/ICON.LST
v10/usr/630/icons/16x16/SOURCE
v10/usr/630/icons/16x16/aim
v10/usr/630/icons/16x16/aim-n
v10/usr/630/icons/16x16/aim-p
v10/usr/630/icons/16x16/arrow-b
v10/usr/630/icons/16x16/arrow-b-double
v10/usr/630/icons/16x16/arrow-b-fat
v10/usr/630/icons/16x16/arrow-b-fat1
v10/usr/630/icons/16x16/arrow-b-med
v10/usr/630/icons/16x16/arrow-b-turn
v10/usr/630/icons/16x16/arrow-b-wrap
v10/usr/630/icons/16x16/arrow-blit
v10/usr/630/icons/16x16/arrow-cur1
v10/usr/630/icons/16x16/arrow-cur1move
v10/usr/630/icons/16x16/arrow-cur2
v10/usr/630/icons/16x16/arrow-curled
v10/usr/630/icons/16x16/arrow-from
v10/usr/630/icons/16x16/arrow-into
v10/usr/630/icons/16x16/arrow-move
v10/usr/630/icons/16x16/arrow-turn
v10/usr/630/icons/16x16/arrow-w-double
v10/usr/630/icons/16x16/arrow-w-fat
v10/usr/630/icons/16x16/arrow-wrap
v10/usr/630/icons/16x16/attinvlogo
v10/usr/630/icons/16x16/attlogo
v10/usr/630/icons/16x16/bell
v10/usr/630/icons/16x16/bitblt
v10/usr/630/icons/16x16/blackborder
v10/usr/630/icons/16x16/blah
v10/usr/630/icons/16x16/boot
v10/usr/630/icons/16x16/boundarypad
v10/usr/630/icons/16x16/brain
v10/usr/630/icons/16x16/btllogo
v10/usr/630/icons/16x16/bulb
v10/usr/630/icons/16x16/bullseye
v10/usr/630/icons/16x16/bunny
v10/usr/630/icons/16x16/bunnyface
v10/usr/630/icons/16x16/caret
v10/usr/630/icons/16x16/carnegie
v10/usr/630/icons/16x16/champagne
v10/usr/630/icons/16x16/check
v10/usr/630/icons/16x16/cinco
v10/usr/630/icons/16x16/circle
v10/usr/630/icons/16x16/cleanup
v10/usr/630/icons/16x16/clock
v10/usr/630/icons/16x16/cockmouse
v10/usr/630/icons/16x16/coffeecup
v10/usr/630/icons/16x16/confirm
v10/usr/630/icons/16x16/copier
v10/usr/630/icons/16x16/copydisk
v10/usr/630/icons/16x16/corner
v10/usr/630/icons/16x16/cross-n
v10/usr/630/icons/16x16/cross-p
v10/usr/630/icons/16x16/crosshairs
v10/usr/630/icons/16x16/cup1
v10/usr/630/icons/16x16/cup2
v10/usr/630/icons/16x16/deadflower
v10/usr/630/icons/16x16/deadmouse
v10/usr/630/icons/16x16/diagmouse
v10/usr/630/icons/16x16/dice1
v10/usr/630/icons/16x16/dice2
v10/usr/630/icons/16x16/dice3
v10/usr/630/icons/16x16/dice4
v10/usr/630/icons/16x16/dice5
v10/usr/630/icons/16x16/dice6
v10/usr/630/icons/16x16/die
v10/usr/630/icons/16x16/digitalwatch
v10/usr/630/icons/16x16/dominion1
v10/usr/630/icons/16x16/dominion2
v10/usr/630/icons/16x16/dont
v10/usr/630/icons/16x16/drawbox
v10/usr/630/icons/16x16/drawboxthumb
v10/usr/630/icons/16x16/drawcaret
v10/usr/630/icons/16x16/drawcelloff
v10/usr/630/icons/16x16/drawcellon
v10/usr/630/icons/16x16/drawcenter
v10/usr/630/icons/16x16/drawdelwindow
v10/usr/630/icons/16x16/drawdoublearr
v10/usr/630/icons/16x16/drawhalfbox
v10/usr/630/icons/16x16/drawidle
v10/usr/630/icons/16x16/drawmovewindow
v10/usr/630/icons/16x16/drawnewwindow
v10/usr/630/icons/16x16/drawsplitbox
v10/usr/630/icons/16x16/drawsplitwind
v10/usr/630/icons/16x16/drawthumb
v10/usr/630/icons/16x16/egg
v10/usr/630/icons/16x16/ellipse
v10/usr/630/icons/16x16/eye
v10/usr/630/icons/16x16/father
v10/usr/630/icons/16x16/firecracker
v10/usr/630/icons/16x16/flag1
v10/usr/630/icons/16x16/flag2
v10/usr/630/icons/16x16/flower
v10/usr/630/icons/16x16/frank
v10/usr/630/icons/16x16/ftpcursor
v10/usr/630/icons/16x16/ftpsquare1
v10/usr/630/icons/16x16/ftpsquare2
v10/usr/630/icons/16x16/george
v10/usr/630/icons/16x16/ghost
v10/usr/630/icons/16x16/glasses
v10/usr/630/icons/16x16/goaway
v10/usr/630/icons/16x16/grab-closed
v10/usr/630/icons/16x16/grab-open
v10/usr/630/icons/16x16/grapes
v10/usr/630/icons/16x16/grid
v10/usr/630/icons/16x16/groundhog
v10/usr/630/icons/16x16/guillotine
v10/usr/630/icons/16x16/gun
v10/usr/630/icons/16x16/halloween
v10/usr/630/icons/16x16/hand
v10/usr/630/icons/16x16/hand-smalltalk
v10/usr/630/icons/16x16/hand1
v10/usr/630/icons/16x16/hanukah
v10/usr/630/icons/16x16/heart
v10/usr/630/icons/16x16/help
v10/usr/630/icons/16x16/hook
v10/usr/630/icons/16x16/hourglass
v10/usr/630/icons/16x16/hung
v10/usr/630/icons/16x16/ilovenewyork
v10/usr/630/icons/16x16/impossifork
v10/usr/630/icons/16x16/invert
v10/usr/630/icons/16x16/junction
v10/usr/630/icons/16x16/kitten
v10/usr/630/icons/16x16/libcursor
v10/usr/630/icons/16x16/magnify
v10/usr/630/icons/16x16/mayday
v10/usr/630/icons/16x16/mcsquare
v10/usr/630/icons/16x16/menu
v10/usr/630/icons/16x16/menu1
v10/usr/630/icons/16x16/menu12
v10/usr/630/icons/16x16/menu123
v10/usr/630/icons/16x16/menu13
v10/usr/630/icons/16x16/menu2
v10/usr/630/icons/16x16/menu23
v10/usr/630/icons/16x16/menu3
v10/usr/630/icons/16x16/microscope
v10/usr/630/icons/16x16/mit
v10/usr/630/icons/16x16/mother
v10/usr/630/icons/16x16/mouse
v10/usr/630/icons/16x16/mouseblue
v10/usr/630/icons/16x16/mousered
v10/usr/630/icons/16x16/mouseyellow
v10/usr/630/icons/16x16/norges
v10/usr/630/icons/16x16/note1-1
v10/usr/630/icons/16x16/note1-16
v10/usr/630/icons/16x16/note1-2
v10/usr/630/icons/16x16/note1-4
v10/usr/630/icons/16x16/note1-8
v10/usr/630/icons/16x16/ok
v10/usr/630/icons/16x16/okraplant
v10/usr/630/icons/16x16/oldcar
v10/usr/630/icons/16x16/oldcoffeecup
v10/usr/630/icons/16x16/oops
v10/usr/630/icons/16x16/pacghost-d
v10/usr/630/icons/16x16/pacghost-l
v10/usr/630/icons/16x16/pacghost-r
v10/usr/630/icons/16x16/pacghost-u
v10/usr/630/icons/16x16/page
v10/usr/630/icons/16x16/pageslice
v10/usr/630/icons/16x16/palm
v10/usr/630/icons/16x16/paragraph
v10/usr/630/icons/16x16/paragraph-move
v10/usr/630/icons/16x16/pen
v10/usr/630/icons/16x16/phone
v10/usr/630/icons/16x16/phonecall
v10/usr/630/icons/16x16/puf
v10/usr/630/icons/16x16/questionmark1
v10/usr/630/icons/16x16/questionmark2
v10/usr/630/icons/16x16/racecar
v10/usr/630/icons/16x16/readthis
v10/usr/630/icons/16x16/receive
v10/usr/630/icons/16x16/saturn1
v10/usr/630/icons/16x16/saturn2
v10/usr/630/icons/16x16/scale
v10/usr/630/icons/16x16/scale1
v10/usr/630/icons/16x16/scroll
v10/usr/630/icons/16x16/section
v10/usr/630/icons/16x16/section-move
v10/usr/630/icons/16x16/send
v10/usr/630/icons/16x16/settingsun
v10/usr/630/icons/16x16/sham
v10/usr/630/icons/16x16/shear
v10/usr/630/icons/16x16/ski
v10/usr/630/icons/16x16/skull
v10/usr/630/icons/16x16/sleep
v10/usr/630/icons/16x16/smiley
v10/usr/630/icons/16x16/softball
v10/usr/630/icons/16x16/stanford
v10/usr/630/icons/16x16/startrek
v10/usr/630/icons/16x16/stretch
v10/usr/630/icons/16x16/sunset
v10/usr/630/icons/16x16/sweep
v10/usr/630/icons/16x16/sweeportrack
v10/usr/630/icons/16x16/target
v10/usr/630/icons/16x16/target1
v10/usr/630/icons/16x16/target3
v10/usr/630/icons/16x16/tex
v10/usr/630/icons/16x16/texture
v10/usr/630/icons/16x16/thumbingcur
v10/usr/630/icons/16x16/thumbmarker
v10/usr/630/icons/16x16/thumbmarker1
v10/usr/630/icons/16x16/thumbsdown
v10/usr/630/icons/16x16/thumbsup
v10/usr/630/icons/16x16/tinymouse
v10/usr/630/icons/16x16/trashcan
v10/usr/630/icons/16x16/tree
v10/usr/630/icons/16x16/triangle
v10/usr/630/icons/16x16/turkey
v10/usr/630/icons/16x16/vesuvius
v10/usr/630/icons/16x16/virus
v10/usr/630/icons/16x16/window-cur
v10/usr/630/icons/16x16/window-del
v10/usr/630/icons/16x16/yum
v10/usr/630/icons/16x16/zot
v10/usr/630/icons/face48/ICON.LST
v10/usr/630/icons/face48/SOURCE
v10/usr/630/icons/face48/acsnet
v10/usr/630/icons/face48/adm
v10/usr/630/icons/face48/ap
v10/usr/630/icons/face48/bart
v10/usr/630/icons/face48/bbc
v10/usr/630/icons/face48/bgs
v10/usr/630/icons/face48/bin
v10/usr/630/icons/face48/bwk
v10/usr/630/icons/face48/chaos
v10/usr/630/icons/face48/cow
v10/usr/630/icons/face48/daemon
v10/usr/630/icons/face48/dan
v10/usr/630/icons/face48/davef
v10/usr/630/icons/face48/dectalk
v10/usr/630/icons/face48/dmr
v10/usr/630/icons/face48/ecc
v10/usr/630/icons/face48/jdj
v10/usr/630/icons/face48/jerq
v10/usr/630/icons/face48/ken
v10/usr/630/icons/face48/mailerdaemon
v10/usr/630/icons/face48/mandrill
v10/usr/630/icons/face48/ojb
v10/usr/630/icons/face48/owl1
v10/usr/630/icons/face48/owl2
v10/usr/630/icons/face48/owl3
v10/usr/630/icons/face48/rob
v10/usr/630/icons/face48/root
v10/usr/630/icons/face48/ross
v10/usr/630/icons/face48/sys
v10/usr/630/icons/face48/turkey
v10/usr/630/icons/face48/unknown
v10/usr/630/icons/face48/uucp
v10/usr/630/icons/large/ICON.LST
v10/usr/630/icons/large/SOURCE
v10/usr/630/icons/large/banana
v10/usr/630/icons/large/bigswitch1
v10/usr/630/icons/large/bigswitch2
v10/usr/630/icons/large/boss
v10/usr/630/icons/large/clef
v10/usr/630/icons/large/clef1
v10/usr/630/icons/large/cube
v10/usr/630/icons/large/cube1
v10/usr/630/icons/large/cube2
v10/usr/630/icons/large/digital
v10/usr/630/icons/large/digital1
v10/usr/630/icons/large/font
v10/usr/630/icons/large/fourarrows
v10/usr/630/icons/large/guitar
v10/usr/630/icons/large/homarauder
v10/usr/630/icons/large/letter
v10/usr/630/icons/large/letters
v10/usr/630/icons/large/menucursor
v10/usr/630/icons/large/menucursors
v10/usr/630/icons/large/nfont
v10/usr/630/icons/large/nosmoking
v10/usr/630/icons/large/note1-1
v10/usr/630/icons/large/note1-16
v10/usr/630/icons/large/note1-2
v10/usr/630/icons/large/note1-32
v10/usr/630/icons/large/note1-4
v10/usr/630/icons/large/note1-8
v10/usr/630/icons/large/note3-16
v10/usr/630/icons/large/note3-32
v10/usr/630/icons/large/note3-4
v10/usr/630/icons/large/note3-8
v10/usr/630/icons/large/pacman2
v10/usr/630/icons/large/pacmen
v10/usr/630/icons/large/skull
v10/usr/630/icons/large/smallclef
v10/usr/630/icons/large/smallclef1
v10/usr/630/icons/large/strawberry
v10/usr/630/icons/large/sweepcursor
v10/usr/630/icons/large/switches
v10/usr/630/icons/large/tinynumbers
v10/usr/630/icons/large/toggle1
v10/usr/630/icons/large/toggle2
v10/usr/630/icons/large/toggle3
v10/usr/630/icons/texture/ICON.LST
v10/usr/630/icons/texture/SOURCE
v10/usr/630/icons/texture/bats
v10/usr/630/icons/texture/bighex
v10/usr/630/icons/texture/bigweave
v10/usr/630/icons/texture/black
v10/usr/630/icons/texture/chainmail
v10/usr/630/icons/texture/checks
v10/usr/630/icons/texture/cobblestone
v10/usr/630/icons/texture/crabcan1
v10/usr/630/icons/texture/crabcan2
v10/usr/630/icons/texture/crabcan3
v10/usr/630/icons/texture/crabtweed
v10/usr/630/icons/texture/darkgrey
v10/usr/630/icons/texture/dashes
v10/usr/630/icons/texture/diag1:3
v10/usr/630/icons/texture/diag2:2
v10/usr/630/icons/texture/diag3:1
v10/usr/630/icons/texture/diagweave
v10/usr/630/icons/texture/eight1
v10/usr/630/icons/texture/eight2
v10/usr/630/icons/texture/el
v10/usr/630/icons/texture/ellipse
v10/usr/630/icons/texture/escherfish16
v10/usr/630/icons/texture/escherfish8
v10/usr/630/icons/texture/fence1
v10/usr/630/icons/texture/fence2
v10/usr/630/icons/texture/fence3
v10/usr/630/icons/texture/fishes
v10/usr/630/icons/texture/freckles
v10/usr/630/icons/texture/grey
v10/usr/630/icons/texture/greysun
v10/usr/630/icons/texture/hex
v10/usr/630/icons/texture/horbar1:1
v10/usr/630/icons/texture/inversegrey
v10/usr/630/icons/texture/ironcoat
v10/usr/630/icons/texture/kapow
v10/usr/630/icons/texture/lightgrey
v10/usr/630/icons/texture/money
v10/usr/630/icons/texture/plaid4:4
v10/usr/630/icons/texture/plaid8:8
v10/usr/630/icons/texture/six
v10/usr/630/icons/texture/small+bighex
v10/usr/630/icons/texture/smallhex
v10/usr/630/icons/texture/smile
v10/usr/630/icons/texture/snake
v10/usr/630/icons/texture/spiral
v10/usr/630/icons/texture/squareknot
v10/usr/630/icons/texture/stars
v10/usr/630/icons/texture/stars1
v10/usr/630/icons/texture/texture.icon
v10/usr/630/icons/texture/tweed
v10/usr/630/icons/texture/tweed+cross
v10/usr/630/icons/texture/tweed+plus2:2
v10/usr/630/icons/texture/tweed+plus4:3
v10/usr/630/icons/texture/tweed+plus4:4
v10/usr/630/icons/texture/tweed+plus5:5
v10/usr/630/icons/texture/tweeddish
v10/usr/630/icons/texture/ubalu
v10/usr/630/icons/texture/ubalu2
v10/usr/630/icons/texture/vampire
v10/usr/630/icons/texture/verbar1:1
v10/usr/630/icons/texture/verbar1:3
v10/usr/630/icons/texture/verbar2:2
v10/usr/630/icons/texture/verbar3:1
v10/usr/630/icons/texture/verbar4:4
v10/usr/630/icons/texture/vertigo
v10/usr/630/icons/texture/vibration
v10/usr/630/icons/texture/weave
v10/usr/630/icons/texture/weave2
v10/usr/630/icons/texture/white
v10/usr/630/icons/texture/wiggly
v10/usr/630/icons/texture/yin-yang
v10/usr/630/include/5620.h
v10/usr/630/include/SOURCE
v10/usr/630/include/agent.h
v10/usr/630/include/dmd.h
v10/usr/630/include/dmdio.h
v10/usr/630/include/dmdproc.h
v10/usr/630/include/errno.h
v10/usr/630/include/extern.h
v10/usr/630/include/font.h
v10/usr/630/include/global.h
v10/usr/630/include/kbd_proc.h
v10/usr/630/include/key122tab.h
v10/usr/630/include/key98tab.h
v10/usr/630/include/keycodes.h
v10/usr/630/include/label.h
v10/usr/630/include/layer.h
v10/usr/630/include/math.h
v10/usr/630/include/menu.h
v10/usr/630/include/message.h
v10/usr/630/include/mpx.h
v10/usr/630/include/msgs.h
v10/usr/630/include/object.h
v10/usr/630/include/pads.pri
v10/usr/630/include/quiet.h
v10/usr/630/include/research.h
v10/usr/630/include/sccsid.h
v10/usr/630/include/setup.h
v10/usr/630/include/values.h
v10/usr/630/include/ccs/ctype.h
v10/usr/630/include/ccs/errno.h
v10/usr/630/include/ccs/math.h
v10/usr/630/include/ccs/memory.h
v10/usr/630/include/ccs/search.h
v10/usr/630/include/ccs/signal.h
v10/usr/630/include/ccs/string.h
v10/usr/630/include/ccs/values.h
v10/usr/630/include/sys/SOURCE
v10/usr/630/include/sys/jioctl.h
v10/usr/630/include/sys/sccsid.h
v10/usr/630/include/sys/types.h
v10/usr/630/lib/NEWsysmon
v10/usr/630/lib/gates.g
v10/usr/630/lib/szal.data
v10/usr/630/lib/demobin/clock
v10/usr/630/lib/layersys/lsys.8;8;5
v10/usr/630/lib/layersys/lsys.8;8;6
v10/usr/630/lib/layersys/lsys.8;8;?
v10/usr/630/lib/movie/develop
v10/usr/630/lib/movie/stills.awk
v10/usr/630/lib/samuel/cin.dat
v10/usr/630/lib/samuel/samuel.ca.dat
v10/usr/630/lib/samuel/samuel.sa
v10/usr/630/man/src/SOURCE
v10/usr/630/man/src/an
v10/usr/630/man/src/makeall
v10/usr/630/man/src/makeman
