v10/usr/630/man/src/p_man/man3/SOURCE
v10/usr/630/man/src/p_man/man3/abs.3l
v10/usr/630/man/src/p_man/man3/addr.3r
v10/usr/630/man/src/p_man/man3/alloc.3r
v10/usr/630/man/src/p_man/man3/atof.3l
v10/usr/630/man/src/p_man/man3/attach.3r
v10/usr/630/man/src/p_man/man3/balloc.3r
v10/usr/630/man/src/p_man/man3/bessel.3m
v10/usr/630/man/src/p_man/man3/bitblt.3r
v10/usr/630/man/src/p_man/man3/box.3r
v10/usr/630/man/src/p_man/man3/bputchar.3l
v10/usr/630/man/src/p_man/man3/bsearch.3l
v10/usr/630/man/src/p_man/man3/btoc.3r
v10/usr/630/man/src/p_man/man3/buttons.3r3l
v10/usr/630/man/src/p_man/man3/cache.3l
v10/usr/630/man/src/p_man/man3/canon.3r
v10/usr/630/man/src/p_man/man3/circle.3l
v10/usr/630/man/src/p_man/man3/cmdcache.3l
v10/usr/630/man/src/p_man/man3/conv.3l
v10/usr/630/man/src/p_man/man3/ctype.3l
v10/usr/630/man/src/p_man/man3/cursor.3r
v10/usr/630/man/src/p_man/man3/decache.3l
v10/usr/630/man/src/p_man/man3/drand48.3l
v10/usr/630/man/src/p_man/man3/ecvt.3l
v10/usr/630/man/src/p_man/man3/ellipse.3l
v10/usr/630/man/src/p_man/man3/eq.3r
v10/usr/630/man/src/p_man/man3/erf.3m
v10/usr/630/man/src/p_man/man3/exit.3r
v10/usr/630/man/src/p_man/man3/exp.3m
v10/usr/630/man/src/p_man/man3/floor.3m
v10/usr/630/man/src/p_man/man3/fontname.3r
v10/usr/630/man/src/p_man/man3/fontrequest.3r
v10/usr/630/man/src/p_man/man3/fontsave.3l
v10/usr/630/man/src/p_man/man3/fontused.3r
v10/usr/630/man/src/p_man/man3/fpt.3l
v10/usr/630/man/src/p_man/man3/frexp.3l
v10/usr/630/man/src/p_man/man3/gamma.3m
v10/usr/630/man/src/p_man/man3/gcalloc.3r
v10/usr/630/man/src/p_man/man3/getwbuf.3r
v10/usr/630/man/src/p_man/man3/globals.3r
v10/usr/630/man/src/p_man/man3/hypot.3m
v10/usr/630/man/src/p_man/man3/infont.3r3l
v10/usr/630/man/src/p_man/man3/inset.3r
v10/usr/630/man/src/p_man/man3/integer.3r
v10/usr/630/man/src/p_man/man3/ismpx.3r
v10/usr/630/man/src/p_man/man3/itox.3l
v10/usr/630/man/src/p_man/man3/itrig.3l
v10/usr/630/man/src/p_man/man3/jcircle.3l
v10/usr/630/man/src/p_man/man3/jellipse.3l
v10/usr/630/man/src/p_man/man3/jmove.3l
v10/usr/630/man/src/p_man/man3/jpoint.3l
v10/usr/630/man/src/p_man/man3/jrectf.3l
v10/usr/630/man/src/p_man/man3/jsegment.3l
v10/usr/630/man/src/p_man/man3/jstring.3l
v10/usr/630/man/src/p_man/man3/jtexture.3l
v10/usr/630/man/src/p_man/man3/kbdchar.3r
v10/usr/630/man/src/p_man/man3/keyboard.3r
v10/usr/630/man/src/p_man/man3/labelon.3r
v10/usr/630/man/src/p_man/man3/local.3r
v10/usr/630/man/src/p_man/man3/lputchar.3l
v10/usr/630/man/src/p_man/man3/lsearch.3l
v10/usr/630/man/src/p_man/man3/lsqrt.3l
v10/usr/630/man/src/p_man/man3/matherr.3m
v10/usr/630/man/src/p_man/man3/memory.3l
v10/usr/630/man/src/p_man/man3/menuhit.3l
v10/usr/630/man/src/p_man/man3/moveto.3l
v10/usr/630/man/src/p_man/man3/msgbox.3r
v10/usr/630/man/src/p_man/man3/msgctl.3l
v10/usr/630/man/src/p_man/man3/msgget.3l
v10/usr/630/man/src/p_man/man3/msgop.3l
v10/usr/630/man/src/p_man/man3/muldiv.3l
v10/usr/630/man/src/p_man/man3/newrect.3r
v10/usr/630/man/src/p_man/man3/norm.3l
v10/usr/630/man/src/p_man/man3/peel.3r
v10/usr/630/man/src/p_man/man3/pfkey.3r
v10/usr/630/man/src/p_man/man3/point.3r
v10/usr/630/man/src/p_man/man3/polygon.3l
v10/usr/630/man/src/p_man/man3/printf.3l
v10/usr/630/man/src/p_man/man3/printq.3r
v10/usr/630/man/src/p_man/man3/psendchar.3r
v10/usr/630/man/src/p_man/man3/pt.3l
v10/usr/630/man/src/p_man/man3/pt2win.3l
v10/usr/630/man/src/p_man/man3/ptarith.3r
v10/usr/630/man/src/p_man/man3/ptinrect.3r
v10/usr/630/man/src/p_man/man3/qsort.3l
v10/usr/630/man/src/p_man/man3/rand.3l
v10/usr/630/man/src/p_man/man3/rcvchar.3r
v10/usr/630/man/src/p_man/man3/realtime.3r
v10/usr/630/man/src/p_man/man3/rectarith.3r
v10/usr/630/man/src/p_man/man3/rectclip.3r
v10/usr/630/man/src/p_man/man3/rectf.3r
v10/usr/630/man/src/p_man/man3/rectxrect.3r
v10/usr/630/man/src/p_man/man3/resources.3r
v10/usr/630/man/src/p_man/man3/ringbell.3r
v10/usr/630/man/src/p_man/man3/rol.3l
v10/usr/630/man/src/p_man/man3/screenswap.3r
v10/usr/630/man/src/p_man/man3/segment.3r
v10/usr/630/man/src/p_man/man3/sendchar.3r
v10/usr/630/man/src/p_man/man3/setled.3l
v10/usr/630/man/src/p_man/man3/setupval.3r
v10/usr/630/man/src/p_man/man3/sinh.3m
v10/usr/630/man/src/p_man/man3/sleep.3r
v10/usr/630/man/src/p_man/man3/ssignal.3l
v10/usr/630/man/src/p_man/man3/state.3r
v10/usr/630/man/src/p_man/man3/str.3l
v10/usr/630/man/src/p_man/man3/string.3r
v10/usr/630/man/src/p_man/man3/strtol.3l
v10/usr/630/man/src/p_man/man3/structures.3r
v10/usr/630/man/src/p_man/man3/strwidth.3r
v10/usr/630/man/src/p_man/man3/swab.3l
v10/usr/630/man/src/p_man/man3/texture.3r
v10/usr/630/man/src/p_man/man3/tmenuhit.3r
v10/usr/630/man/src/p_man/man3/transform.3r3l
v10/usr/630/man/src/p_man/man3/trig.3m
v10/usr/630/man/src/p_man/man3/version.3r
v10/usr/630/man/src/p_man/man3/whathost.3r
v10/usr/630/man/src/p_man/man3/window.3l
v10/usr/630/man/src/p_man/man4/SOURCE
v10/usr/630/man/src/p_man/man4/font.4
v10/usr/630/man/src/p_man/man5/SOURCE
v10/usr/630/man/src/p_man/man5/ascii.5
v10/usr/630/man/src/p_man/man5/math.5
v10/usr/630/man/src/p_man/man5/values.5
v10/usr/630/man/src/u_man/man1/SOURCE
v10/usr/630/man/src/u_man/man1/dmdcat.1
v10/usr/630/man/src/u_man/man1/dmdcc.1
v10/usr/630/man/src/u_man/man1/dmddemo.1
v10/usr/630/man/src/u_man/man1/dmdld.1
v10/usr/630/man/src/u_man/man1/dmdman.1
v10/usr/630/man/src/u_man/man1/dmdmemory.1
v10/usr/630/man/src/u_man/man1/dmdpi.1
v10/usr/630/man/src/u_man/man1/dmdversion.1
v10/usr/630/man/src/u_man/man1/icon.1
v10/usr/630/man/src/u_man/man1/jim.1
v10/usr/630/man/src/u_man/man1/jx.1
v10/usr/630/man/src/u_man/man1/loadfont.1
v10/usr/630/man/src/u_man/man1/mc68ar.1
v10/usr/630/man/src/u_man/man1/mc68as.1
v10/usr/630/man/src/u_man/man1/mc68conv.1
v10/usr/630/man/src/u_man/man1/mc68cpp.1
v10/usr/630/man/src/u_man/man1/mc68cprs.1
v10/usr/630/man/src/u_man/man1/mc68dis.1
v10/usr/630/man/src/u_man/man1/mc68dump.1
v10/usr/630/man/src/u_man/man1/mc68ld.1
v10/usr/630/man/src/u_man/man1/mc68lorder.1
v10/usr/630/man/src/u_man/man1/mc68nm.1
v10/usr/630/man/src/u_man/man1/mc68size.1
v10/usr/630/man/src/u_man/man1/mc68strip.1
v10/usr/630/man/src/u_man/man1/ucache.1
v10/usr/630/man/src/u_man/man1/wtinit.1
