v10/usr/630/src/2control.c
v10/usr/630/src/2nm.out
v10/usr/630/src/32ld.note
v10/usr/630/src/630ld.c
v10/usr/630/src/630mon.c
v10/usr/630/src/:sed
v10/usr/630/src/:sed.comm-bss
v10/usr/630/src/I
v10/usr/630/src/README
v10/usr/630/src/boot.c
v10/usr/630/src/comm.c
v10/usr/630/src/crtm.s
v10/usr/630/src/deltext.c
v10/usr/630/src/demux.c
v10/usr/630/src/excep.s
v10/usr/630/src/exec.c
v10/usr/630/src/firm.s
v10/usr/630/src/frame.h
v10/usr/630/src/frameop.c
v10/usr/630/src/instext.c
v10/usr/630/src/kbd.c
v10/usr/630/src/key.c
v10/usr/630/src/layer.adb
v10/usr/630/src/makefile
v10/usr/630/src/makefile~
v10/usr/630/src/makelocore
v10/usr/630/src/makelocore.q
v10/usr/630/src/map
v10/usr/630/src/map.h
v10/usr/630/src/mkfile
v10/usr/630/src/mpxstats.h
v10/usr/630/src/msgs.h
v10/usr/630/src/mux.c
v10/usr/630/src/newframe.c
v10/usr/630/src/nm.out
v10/usr/630/src/nselect.c
v10/usr/630/src/o_proto.c
v10/usr/630/src/o_proto.h
v10/usr/630/src/opl.s
v10/usr/630/src/packets.h
v10/usr/630/src/pcbs.c
v10/usr/630/src/pcbs.s
v10/usr/630/src/pcheck.c
v10/usr/630/src/pconfig.h
v10/usr/630/src/pinit.c
v10/usr/630/src/pl.s
v10/usr/630/src/precv.c
v10/usr/630/src/procsize.c
v10/usr/630/src/proctab.s
v10/usr/630/src/proto.c
v10/usr/630/src/proto.h
v10/usr/630/src/psend.c
v10/usr/630/src/pstats.h
v10/usr/630/src/ptimeout.c
v10/usr/630/src/ptofchar.c
v10/usr/630/src/rom.h
v10/usr/630/src/rom.s
v10/usr/630/src/safeselect.c
v10/usr/630/src/select.c
v10/usr/630/src/sentto jjs
v10/usr/630/src/string.c
v10/usr/630/src/task.c
v10/usr/630/src/trap.c
v10/usr/630/src/user.c
v10/usr/630/src/window.c
v10/usr/630/src/x1
v10/usr/630/src/xpcbs.s
v10/usr/630/termfonts/SOURCE
v10/usr/630/terminfo/630
v10/usr/630/terminfo/SOURCE
v10/usr/blit/.profile
v10/usr/blit/Road.map
v10/usr/blit/lint
v10/usr/blit/llib-lj
v10/usr/blit/llib-llayer
v10/usr/blit/muxwords
v10/usr/blit/bin/cip
v10/usr/blit/bin/crabs
v10/usr/blit/bin/demo
v10/usr/blit/bin/face
v10/usr/blit/bin/hp
v10/usr/blit/bin/icon
v10/usr/blit/bin/invert
v10/usr/blit/bin/jf
v10/usr/blit/bin/joff
v10/usr/blit/bin/lens
v10/usr/blit/bin/lsh
v10/usr/blit/bin/m33
v10/usr/blit/bin/mlorder
v10/usr/blit/bin/muxjoff
v10/usr/blit/bin/mytty
v10/usr/blit/bin/pen
v10/usr/blit/bin/plot
v10/usr/blit/bin/tek4014
v10/usr/blit/bin/twid
v10/usr/blit/bin/vitty
v10/usr/blit/demo/README
v10/usr/blit/demo/mpx/.jciferr
v10/usr/blit/demo/mpx/demo
v10/usr/blit/demo/mpx/jcif
v10/usr/blit/demo/mpx/pi
v10/usr/blit/demo/src/EWD.c
v10/usr/blit/demo/src/Munch.s
v10/usr/blit/demo/src/a.c
v10/usr/blit/demo/src/ack.c
v10/usr/blit/demo/src/b.c
v10/usr/blit/demo/src/ball.c
v10/usr/blit/demo/src/balloc.c
v10/usr/blit/demo/src/bltdemo.c
v10/usr/blit/demo/src/bounce.c
v10/usr/blit/demo/src/clock.c
v10/usr/blit/demo/src/disc.c
v10/usr/blit/demo/src/elevator.c
v10/usr/blit/demo/src/fake.c
v10/usr/blit/demo/src/juggle.c
v10/usr/blit/demo/src/m.c
v10/usr/blit/demo/src/makefile
v10/usr/blit/demo/src/maxwell.c
v10/usr/blit/demo/src/mazewar.c
v10/usr/blit/demo/src/moire.c
v10/usr/blit/demo/src/munch.c
v10/usr/blit/demo/src/nball.c
v10/usr/blit/demo/src/norm.s
v10/usr/blit/demo/src/one.c
v10/usr/blit/demo/src/rae.c
v10/usr/blit/demo/src/road.c
v10/usr/blit/demo/src/spheres.c
v10/usr/blit/demo/src/weird.c
v10/usr/blit/demo/src/win.c
v10/usr/blit/demo/src/alphabet/alph.h
v10/usr/blit/demo/src/alphabet/bounce1.c
v10/usr/blit/demo/src/alphabet/bounce2.c
v10/usr/blit/demo/src/alphabet/bounce3.c
v10/usr/blit/demo/src/alphabet/circle.c
v10/usr/blit/demo/src/alphabet/circle2.c
v10/usr/blit/demo/src/alphabet/discs.c
v10/usr/blit/demo/src/alphabet/frac.c
v10/usr/blit/demo/src/alphabet/grandmal.c
v10/usr/blit/demo/src/alphabet/graphics.h
v10/usr/blit/demo/src/alphabet/graphmacs.h
v10/usr/blit/demo/src/alphabet/kal.c
v10/usr/blit/demo/src/alphabet/lineslide.c
v10/usr/blit/demo/src/alphabet/localop.c
v10/usr/blit/demo/src/alphabet/main.c
v10/usr/blit/demo/src/alphabet/makefile
v10/usr/blit/demo/src/alphabet/munch.c
v10/usr/blit/demo/src/alphabet/rest.c
v10/usr/blit/demo/src/alphabet/ripple.c
v10/usr/blit/demo/src/alphabet/rom.s
v10/usr/blit/demo/src/alphabet/schwartz.c
v10/usr/blit/demo/src/alphabet/spheres.c
v10/usr/blit/demo/src/alphabet/tetra.c
v10/usr/blit/demo/src/alphabet/wallpaper.c
v10/usr/blit/demo/src/alphabet/worms.c
v10/usr/blit/demo/src/asteroids/PLAY_ME
v10/usr/blit/demo/src/asteroids/a.c
v10/usr/blit/demo/src/asteroids/batcomp.c
v10/usr/blit/demo/src/asteroids/bomb.c
v10/usr/blit/demo/src/asteroids/event.c
v10/usr/blit/demo/src/asteroids/event.h
v10/usr/blit/demo/src/asteroids/explode.c
v10/usr/blit/demo/src/asteroids/eywords
v10/usr/blit/demo/src/asteroids/image.c
v10/usr/blit/demo/src/asteroids/makefile
v10/usr/blit/demo/src/asteroids/rock.c
v10/usr/blit/demo/src/asteroids/rock.h
v10/usr/blit/demo/src/asteroids/ship.c
v10/usr/blit/demo/src/asteroids/ship.h
