v10/usr/blit/demo/src/pacman/bits2blit.c
v10/usr/blit/demo/src/pacman/blitfonts.c
v10/usr/blit/demo/src/pacman/blt.c
v10/usr/blit/demo/src/pacman/board.c
v10/usr/blit/demo/src/pacman/fontaddr.c68
v10/usr/blit/demo/src/pacman/fonts.c
v10/usr/blit/demo/src/pacman/fruit.c
v10/usr/blit/demo/src/pacman/host.c
v10/usr/blit/demo/src/pacman/host.h
v10/usr/blit/demo/src/pacman/main.c
v10/usr/blit/demo/src/pacman/makefile
v10/usr/blit/demo/src/pacman/monsters.c
v10/usr/blit/demo/src/pacman/oblt.c
v10/usr/blit/demo/src/pacman/pacman.c
v10/usr/blit/demo/src/pacman/pacman.h
v10/usr/blit/demo/src/pacman/prf.c
v10/usr/blit/demo/src/pacman/sched.c
v10/usr/blit/demo/src/pacman/sounds.c
v10/usr/blit/demo/src/pacman/style.h
v10/usr/blit/demo/src/pacman/fonts/font24_a
v10/usr/blit/demo/src/pacman/fonts/font24_b
v10/usr/blit/demo/src/pacman/fonts/font24_c
v10/usr/blit/demo/src/pacman/fonts/font24_d
v10/usr/blit/demo/src/pacman/fonts/font24_e
v10/usr/blit/demo/src/pacman/fonts/font24_f
v10/usr/blit/demo/src/pacman/fonts/font24_g
v10/usr/blit/demo/src/pacman/fonts/font24_h
v10/usr/blit/demo/src/pacman/fonts/font24_i
v10/usr/blit/demo/src/pacman/fonts/font40_a
v10/usr/blit/demo/src/pacman/fonts/font40_b
v10/usr/blit/demo/src/pacman/fonts/font40_c
v10/usr/blit/demo/src/pacman/fonts/font40_d
v10/usr/blit/demo/src/pacman/fonts/font40_e
v10/usr/blit/demo/src/pacman/fonts/font40_f
v10/usr/blit/demo/src/pacman/fonts/font40_g
v10/usr/blit/demo/src/pacman/fonts/font40_h
v10/usr/blit/demo/src/pacman/fonts/font40_i
v10/usr/blit/demo/src/pacman/fonts/font40_j
v10/usr/blit/demo/src/pacman/fonts/font40_k
v10/usr/blit/demo/src/pacman/fonts/font40_l
v10/usr/blit/demo/src/pacman/fonts/font40_m
v10/usr/blit/demo/src/pacman/fonts/font40_n
v10/usr/blit/demo/src/pacman/fonts/font40_o
v10/usr/blit/demo/src/pacman/fonts/font40_p
v10/usr/blit/demo/src/pacman/fonts/font40_r
v10/usr/blit/demo/src/pacman/fonts/font40_s
v10/usr/blit/demo/src/pacman/fonts/font40_t
v10/usr/blit/demo/src/pacman/fonts/font40_u
v10/usr/blit/demo/src/pacman/fonts/font40_v
v10/usr/blit/demo/src/pacman/fonts/font40_w
v10/usr/blit/demo/src/pacman/fonts/font40_x
v10/usr/blit/demo/src/pacman/fonts/makefile
v10/usr/blit/demo/src/pacman/fonts/mk_corners
v10/usr/blit/demo/src/pacman/fonts/mk_faces
v10/usr/blit/demo/src/pacman/fonts/mk_fonts
v10/usr/blit/demo/src/pacman/fonts/mkfont24.c
v10/usr/blit/demo/src/pacman/fonts/mkfont40.c
v10/usr/blit/demo/src/pacman/fonts/rl.c
v10/usr/blit/demo/src/pacman/fonts/rot.c
v10/usr/blit/demo/src/pacman/fonts/template
v10/usr/blit/demo/src/smiley/explode.c
v10/usr/blit/demo/src/smiley/makefile
v10/usr/blit/demo/src/smiley/smiley.c
v10/usr/blit/demo/src/smiley/smileyf.c
v10/usr/blit/demo/src/swar/accel.h
v10/usr/blit/demo/src/swar/boom.icon
v10/usr/blit/demo/src/swar/deathstar.icon
v10/usr/blit/demo/src/swar/makefile
v10/usr/blit/demo/src/swar/missile.icon
v10/usr/blit/demo/src/swar/player0.icon
v10/usr/blit/demo/src/swar/player1.icon
v10/usr/blit/demo/src/swar/swar.c
v10/usr/blit/demo/stand-alone/demo
v10/usr/blit/diag/Makefile
v10/usr/blit/diag/char.h
v10/usr/blit/diag/check.c
v10/usr/blit/diag/cook.c
v10/usr/blit/diag/diag.1
v10/usr/blit/diag/diag.c
v10/usr/blit/diag/diag.s
v10/usr/blit/diag/fork.c
v10/usr/blit/diag/loop.c
v10/usr/blit/diag/makerom.sed
v10/usr/blit/diag/manual
v10/usr/blit/diag/mousetest.c
v10/usr/blit/diag/munch.c
v10/usr/blit/diag/romdiag.s
