v10/usr/blit/doc/68ld.1
v10/usr/blit/doc/blitblt.9
v10/usr/blit/doc/cip.1
v10/usr/blit/doc/crabs.6
v10/usr/blit/doc/dipsw.pic
v10/usr/blit/doc/fed.1
v10/usr/blit/doc/icon.1
v10/usr/blit/doc/index
v10/usr/blit/doc/index.ptx
v10/usr/blit/doc/jim.1
v10/usr/blit/doc/joff.1
v10/usr/blit/doc/jx.1
v10/usr/blit/doc/lens.1
v10/usr/blit/doc/lsh.1
v10/usr/blit/doc/m.1
v10/usr/blit/doc/m.2
v10/usr/blit/doc/mac
v10/usr/blit/doc/makefile
v10/usr/blit/doc/manpages
v10/usr/blit/doc/manual
v10/usr/blit/doc/mcc.1
v10/usr/blit/doc/mld.1
v10/usr/blit/doc/mpx.1
v10/usr/blit/doc/mstrip.1
v10/usr/blit/doc/mux.9
v10/usr/blit/doc/notes.ms
v10/usr/blit/doc/owner.ms
v10/usr/blit/doc/p1.c
v10/usr/blit/doc/p2.c
v10/usr/blit/doc/p3.c
v10/usr/blit/doc/p4.c
v10/usr/blit/doc/ped.1
v10/usr/blit/doc/pen.1
v10/usr/blit/doc/plot.1g
v10/usr/blit/doc/plot.3x
v10/usr/blit/doc/plot.5
v10/usr/blit/doc/proof.1
v10/usr/blit/doc/ptx.mac
v10/usr/blit/doc/ptxx
v10/usr/blit/doc/sysmon.1
v10/usr/blit/font/MISSING
v10/usr/blit/include/a.out.h
v10/usr/blit/include/acia.h
v10/usr/blit/include/blit.h
v10/usr/blit/include/blitio.h
v10/usr/blit/include/ctype.h
v10/usr/blit/include/font.h
v10/usr/blit/include/jerq.h
v10/usr/blit/include/jerqio.h
v10/usr/blit/include/jerqproc.h
v10/usr/blit/include/jioctl.h
v10/usr/blit/include/layer.h
v10/usr/blit/include/line.h
v10/usr/blit/include/mc.h
v10/usr/blit/include/mpx.h
v10/usr/blit/include/pads.h
v10/usr/blit/include/pads.pri
v10/usr/blit/include/pads.pub
v10/usr/blit/include/ptm.h
v10/usr/blit/include/queue.h
v10/usr/blit/include/sdb.h
v10/usr/blit/include/tty.h
v10/usr/blit/include/types.h
v10/usr/blit/lib/jimunpack
v10/usr/blit/lib/ped/att
v10/usr/blit/lib/ped/clock
v10/usr/blit/lib/ped/crabs
v10/usr/blit/lib/ped/dragon
v10/usr/blit/lib/ped/slide1
v10/usr/blit/lib/ped/slide2
v10/usr/blit/m/libc/makefile
v10/usr/blit/m/libc/makefile.5
v10/usr/blit/m/libc/crt/abs.c
v10/usr/blit/m/libc/crt/atoi.c
v10/usr/blit/m/libc/crt/atol.c
v10/usr/blit/m/libc/crt/cerror.s
v10/usr/blit/m/libc/crt/chrtab.c
v10/usr/blit/m/libc/crt/ctype.c
v10/usr/blit/m/libc/crt/index.c
v10/usr/blit/m/libc/crt/ldiv.s
v10/usr/blit/m/libc/crt/lmul.s
v10/usr/blit/m/libc/crt/makefile
v10/usr/blit/m/libc/crt/mcount.s
v10/usr/blit/m/libc/crt/muldiv.s
v10/usr/blit/m/libc/crt/oldiv.s
v10/usr/blit/m/libc/crt/qsort.c
v10/usr/blit/m/libc/crt/rand.c
v10/usr/blit/m/libc/crt/rindex.c
v10/usr/blit/m/libc/crt/strcat.c
v10/usr/blit/m/libc/crt/strchr.c
v10/usr/blit/m/libc/crt/strcmp.c
v10/usr/blit/m/libc/crt/strcpy.c
v10/usr/blit/m/libc/crt/strlen.c
v10/usr/blit/m/libc/crt/strncat.c
v10/usr/blit/m/libc/crt/strncmp.c
v10/usr/blit/m/libc/crt/strncpy.c
v10/usr/blit/m/libc/crt/swab.c
v10/usr/blit/m/libc/csu/crt0.s
v10/usr/blit/m/libf/README
v10/usr/blit/m/libf/addmag.c
v10/usr/blit/m/libf/ecvt.c
v10/usr/blit/m/libf/fladd.c
v10/usr/blit/m/libf/flcmp.c
v10/usr/blit/m/libf/fldiv.c
v10/usr/blit/m/libf/flmul.c
v10/usr/blit/m/libf/flneg.c
v10/usr/blit/m/libf/flsub.c
v10/usr/blit/m/libf/fp.h
v10/usr/blit/m/libf/frexp.c
v10/usr/blit/m/libf/fsqrt.c
v10/usr/blit/m/libf/ftol.c
v10/usr/blit/m/libf/gcvt.c
v10/usr/blit/m/libf/itof.c
v10/usr/blit/m/libf/ldexp.c
v10/usr/blit/m/libf/ltof.c
v10/usr/blit/m/libf/makefile
v10/usr/blit/m/libf/massage.qed
v10/usr/blit/m/libf/massage.sed
v10/usr/blit/m/libf/modf.c
v10/usr/blit/m/libf/printf.c
v10/usr/blit/m/libf/submag.c
v10/usr/blit/m/libf/uitof.c
v10/usr/blit/m/libf/ultof.c
v10/usr/blit/m/scj/binary.s
v10/usr/blit/m/scj/main.i
v10/usr/blit/m/scj/source.s
v10/usr/blit/m/src/README
v10/usr/blit/m/src/bootrom.s
v10/usr/blit/m/src/makefile
v10/usr/blit/m/src/makefile.5
v10/usr/blit/m/src/mar.c
v10/usr/blit/m/src/mcc.c
v10/usr/blit/m/src/mnm.c
v10/usr/blit/m/src/msize.c
v10/usr/blit/m/src/mstrip.c
