v10/usr/blit/m/src/Mcc/SHELL
v10/usr/blit/m/src/Mcc/bar
v10/usr/blit/m/src/Mcc/float.spec
v10/usr/blit/m/src/Mcc/g
v10/usr/blit/m/src/Mcc/local.c
v10/usr/blit/m/src/Mcc/local2.c
v10/usr/blit/m/src/Mcc/macdefs
v10/usr/blit/m/src/Mcc/makefile
v10/usr/blit/m/src/Mcc/makefile.5
v10/usr/blit/m/src/Mcc/stin
v10/usr/blit/m/src/cpp/cpp.c
v10/usr/blit/m/src/cpp/cpy.c
v10/usr/blit/m/src/cpp/cpy.y
v10/usr/blit/m/src/cpp/makefile
v10/usr/blit/m/src/cpp/rodata.c
v10/usr/blit/m/src/cpp/yylex.c
v10/usr/blit/m/src/mas/addr
v10/usr/blit/m/src/mas/makefile
v10/usr/blit/m/src/mas/manual
v10/usr/blit/m/src/mas/mas.h
v10/usr/blit/m/src/mas/mas.yh
v10/usr/blit/m/src/mas/mas0.y
v10/usr/blit/m/src/mas/mas1.c
v10/usr/blit/m/src/mas/mas2.c
v10/usr/blit/m/src/mas/mas3.c
v10/usr/blit/m/src/mas/mas4.c
v10/usr/blit/m/src/mas/opck.c
v10/usr/blit/m/src/mas/ops.c
v10/usr/blit/m/src/mas/optim
v10/usr/blit/m/src/mas/stab
v10/usr/blit/m/src/mas/y.tab.c
v10/usr/blit/m/src/mc2/c2.h
v10/usr/blit/m/src/mc2/c20.c
v10/usr/blit/m/src/mc2/c21.c
v10/usr/blit/m/src/mc2/makefile
v10/usr/blit/m/src/mc2/makefile.5
v10/usr/blit/m/src/mc2/mc2bug.s
v10/usr/blit/m/src/mc2/x.s
v10/usr/blit/m/src/mc2/xx
