v10/usr/blit/m/src/mip/allo.c
v10/usr/blit/m/src/mip/cgen.c
v10/usr/blit/m/src/mip/cgram.c
v10/usr/blit/m/src/mip/cgram.y
v10/usr/blit/m/src/mip/comm1.c
v10/usr/blit/m/src/mip/common
v10/usr/blit/m/src/mip/cost.c
v10/usr/blit/m/src/mip/makefile
v10/usr/blit/m/src/mip/manifest
v10/usr/blit/m/src/mip/match.c
v10/usr/blit/m/src/mip/mfile1
v10/usr/blit/m/src/mip/mfile2
v10/usr/blit/m/src/mip/optim.c
v10/usr/blit/m/src/mip/pftn.c
v10/usr/blit/m/src/mip/reader.c
v10/usr/blit/m/src/mip/scan.c
v10/usr/blit/m/src/mip/sdb.h
v10/usr/blit/m/src/mip/sty.y
v10/usr/blit/m/src/mip/trees.c
v10/usr/blit/m/src/mip/xdefs.c
v10/usr/blit/m/src/mld/a.out.h
v10/usr/blit/m/src/mld/doarg.c
v10/usr/blit/m/src/mld/doto.c
v10/usr/blit/m/src/mld/ds.c
v10/usr/blit/m/src/mld/e.c
v10/usr/blit/m/src/mld/glob.c
v10/usr/blit/m/src/mld/list.c
v10/usr/blit/m/src/mld/list.h
v10/usr/blit/m/src/mld/main.c
v10/usr/blit/m/src/mld/makefile
v10/usr/blit/m/src/mld/mld.h
v10/usr/blit/m/src/mld/mnm.C
v10/usr/blit/m/src/mld/nds.c
v10/usr/blit/m/src/mld/output.c
v10/usr/blit/m/src/mld/reloc.c
v10/usr/blit/m/src/mld/sdb.H
v10/usr/blit/m/src/mld/str.c
v10/usr/blit/m/src/mld/sym.c
