v10/usr/blit/src/crabs.c
v10/usr/blit/src/emux.c
v10/usr/blit/src/hp.c
v10/usr/blit/src/icon.c
v10/usr/blit/src/iconcatg.c
v10/usr/blit/src/icontxtr.c
v10/usr/blit/src/jermcap.c
v10/usr/blit/src/jterm.c
v10/usr/blit/src/jwin.c
v10/usr/blit/src/m33.c
v10/usr/blit/src/magnet.c
v10/usr/blit/src/makefile.5
v10/usr/blit/src/mopt.c
v10/usr/blit/src/pen.c
v10/usr/blit/src/scope.c
v10/usr/blit/src/version.c
v10/usr/blit/src/vitty.c
v10/usr/blit/src/4pi/README
v10/usr/blit/src/68ld/68ld.c
v10/usr/blit/src/68ld/load.cm
v10/usr/blit/src/68ld/load.sm
v10/usr/blit/src/68ld/makefile
v10/usr/blit/src/68ld/pcheck.c
v10/usr/blit/src/68ld/pcheck.sm
v10/usr/blit/src/68ld/proto.c
v10/usr/blit/src/68ld/proto.h
v10/usr/blit/src/Jpic/Export
v10/usr/blit/src/Jpic/arcgen.c
v10/usr/blit/src/Jpic/blockgen.c
v10/usr/blit/src/Jpic/boxgen.c
v10/usr/blit/src/Jpic/circgen.c
v10/usr/blit/src/Jpic/driver.c
v10/usr/blit/src/Jpic/epic.c
v10/usr/blit/src/Jpic/jp.c
v10/usr/blit/src/Jpic/linegen.c
v10/usr/blit/src/Jpic/main.c
v10/usr/blit/src/Jpic/makefile
v10/usr/blit/src/Jpic/misc.c
v10/usr/blit/src/Jpic/movegen.c
v10/usr/blit/src/Jpic/newspline
v10/usr/blit/src/Jpic/pic.h
v10/usr/blit/src/Jpic/pic1.c
v10/usr/blit/src/Jpic/pic2.c
v10/usr/blit/src/Jpic/picl.l
v10/usr/blit/src/Jpic/picy.y
v10/usr/blit/src/Jpic/pltroff.c
v10/usr/blit/src/Jpic/print.c
v10/usr/blit/src/Jpic/symtab.c
v10/usr/blit/src/Jpic/textgen.c
v10/usr/blit/src/Jpic/troffgen.c
v10/usr/blit/src/Jpic/y.tab.h
v10/usr/blit/src/blitblt/Makefile
v10/usr/blit/src/blitblt/README
v10/usr/blit/src/blitblt/bbterm.c
v10/usr/blit/src/blitblt/bcan.c
v10/usr/blit/src/blitblt/bdump.c
v10/usr/blit/src/blitblt/blitblt.c
v10/usr/blit/src/blitblt/buttons.c
v10/usr/blit/src/blitblt/imPRESS.h
v10/usr/blit/src/blitblt/kbdstring.c
v10/usr/blit/src/blitblt/mice.c
v10/usr/blit/src/blitblt/sendbitmap.c
v10/usr/blit/src/blitblt/sendch.c
v10/usr/blit/src/cip/buttons.c
v10/usr/blit/src/cip/cip.c
v10/usr/blit/src/cip/cip.h
v10/usr/blit/src/cip/commands.c
v10/usr/blit/src/cip/draw.c
v10/usr/blit/src/cip/edit.c
v10/usr/blit/src/cip/makefile
v10/usr/blit/src/cip/menus.c
v10/usr/blit/src/cip/near.c
v10/usr/blit/src/cip/pic.c
v10/usr/blit/src/cip/readPic.c
v10/usr/blit/src/cip/things.c
v10/usr/blit/src/cip/track.c
v10/usr/blit/src/cip/transform.c
v10/usr/blit/src/font/Makefile
v10/usr/blit/src/font/char.h
v10/usr/blit/src/font/dtoc.c
v10/usr/blit/src/font/fd.c
v10/usr/blit/src/font/finv.c
v10/usr/blit/src/font/mtod.c
v10/usr/blit/src/font/showbits.c
v10/usr/blit/src/font/view.c
