v10/usr/blit/src/font/gen/cwall
v10/usr/blit/src/font/gen/ddump.c
v10/usr/blit/src/font/gen/doset
v10/usr/blit/src/font/gen/dump.c
v10/usr/blit/src/font/gen/f.1
v10/usr/blit/src/font/gen/f.c
v10/usr/blit/src/font/gen/f.h
v10/usr/blit/src/font/gen/gen1spec.proto
v10/usr/blit/src/font/gen/genascii.c
v10/usr/blit/src/font/gen/genspec.c
v10/usr/blit/src/font/gen/imap.c
v10/usr/blit/src/font/gen/ital.c
v10/usr/blit/src/font/gen/makefile
v10/usr/blit/src/font/gen/map.c
v10/usr/blit/src/font/gen/merg.c
v10/usr/blit/src/font/gen/merg2can
v10/usr/blit/src/font/gen/mtest.c
v10/usr/blit/src/font/gen/mvit
v10/usr/blit/src/font/gen/new.1
v10/usr/blit/src/font/gen/newfonts
v10/usr/blit/src/font/gen/readme
v10/usr/blit/src/font/gen/s.c
v10/usr/blit/src/font/gen/scale.c
v10/usr/blit/src/font/gen/sizes.h
v10/usr/blit/src/font/gen/small
v10/usr/blit/src/font/gen/smap.c
v10/usr/blit/src/font/gen/spec
v10/usr/blit/src/font/gen/special
v10/usr/blit/src/font/gen/u_Readme
v10/usr/blit/src/font/gen/where
v10/usr/blit/src/font/gen/newspec/C001
v10/usr/blit/src/font/gen/newspec/C002
v10/usr/blit/src/font/gen/newspec/C003
v10/usr/blit/src/font/gen/newspec/C004
v10/usr/blit/src/font/gen/newspec/C005
v10/usr/blit/src/font/gen/newspec/C006
v10/usr/blit/src/font/gen/newspec/C007
v10/usr/blit/src/font/gen/newspec/C008
v10/usr/blit/src/font/gen/newspec/C009
v10/usr/blit/src/font/gen/newspec/C010
v10/usr/blit/src/font/gen/newspec/C011
v10/usr/blit/src/font/gen/newspec/C012
v10/usr/blit/src/font/gen/newspec/C013
v10/usr/blit/src/font/gen/newspec/C014
v10/usr/blit/src/font/gen/newspec/C015
v10/usr/blit/src/font/gen/newspec/C016
v10/usr/blit/src/font/gen/newspec/C017
v10/usr/blit/src/font/gen/newspec/C018
v10/usr/blit/src/font/gen/newspec/C019
v10/usr/blit/src/font/gen/newspec/C020
v10/usr/blit/src/font/gen/newspec/C021
v10/usr/blit/src/font/gen/newspec/C022
v10/usr/blit/src/font/gen/newspec/C023
v10/usr/blit/src/font/gen/newspec/C024
v10/usr/blit/src/font/gen/newspec/C025
v10/usr/blit/src/font/gen/newspec/C026
v10/usr/blit/src/font/gen/newspec/C027
v10/usr/blit/src/font/gen/newspec/C028
v10/usr/blit/src/font/gen/newspec/C029
v10/usr/blit/src/font/gen/newspec/C030
v10/usr/blit/src/font/gen/newspec/C031
v10/usr/blit/src/font/gen/newspec/C032
v10/usr/blit/src/font/gen/newspec/C033
v10/usr/blit/src/font/gen/newspec/C034
v10/usr/blit/src/font/gen/newspec/C035
v10/usr/blit/src/font/gen/newspec/C036
v10/usr/blit/src/font/gen/newspec/C037
v10/usr/blit/src/font/gen/newspec/C038
v10/usr/blit/src/font/gen/newspec/C039
v10/usr/blit/src/font/gen/newspec/C040
v10/usr/blit/src/font/gen/newspec/C041
v10/usr/blit/src/font/gen/newspec/C042
v10/usr/blit/src/font/gen/newspec/C043
v10/usr/blit/src/font/gen/newspec/C044
v10/usr/blit/src/font/gen/newspec/C045
v10/usr/blit/src/font/gen/newspec/C046
v10/usr/blit/src/font/gen/newspec/C047
v10/usr/blit/src/font/gen/newspec/C048
v10/usr/blit/src/font/gen/newspec/C049
v10/usr/blit/src/font/gen/newspec/C050
v10/usr/blit/src/font/gen/newspec/C051
v10/usr/blit/src/font/gen/newspec/C052
v10/usr/blit/src/font/gen/newspec/C053
v10/usr/blit/src/font/gen/newspec/C054
v10/usr/blit/src/font/gen/newspec/C055
v10/usr/blit/src/font/gen/newspec/C056
v10/usr/blit/src/font/gen/newspec/C057
v10/usr/blit/src/font/gen/newspec/C058
v10/usr/blit/src/font/gen/newspec/C059
v10/usr/blit/src/font/gen/newspec/C060
v10/usr/blit/src/font/gen/newspec/C061
v10/usr/blit/src/font/gen/newspec/C062
v10/usr/blit/src/font/gen/newspec/C063
v10/usr/blit/src/font/gen/newspec/C064
v10/usr/blit/src/font/gen/newspec/C065
v10/usr/blit/src/font/gen/newspec/C066
v10/usr/blit/src/font/gen/newspec/C067
v10/usr/blit/src/font/gen/newspec/C068
v10/usr/blit/src/font/gen/newspec/C069
v10/usr/blit/src/font/gen/newspec/C070
v10/usr/blit/src/font/gen/newspec/C071
v10/usr/blit/src/font/gen/newspec/C072
v10/usr/blit/src/font/gen/newspec/C073
v10/usr/blit/src/font/gen/newspec/C074
v10/usr/blit/src/font/gen/newspec/C075
v10/usr/blit/src/font/gen/newspec/C076
v10/usr/blit/src/font/gen/newspec/C077
v10/usr/blit/src/font/gen/newspec/C078
v10/usr/blit/src/font/gen/newspec/C079
v10/usr/blit/src/font/gen/newspec/C080
v10/usr/blit/src/font/gen/newspec/C081
v10/usr/blit/src/font/gen/newspec/C082
v10/usr/blit/src/font/gen/newspec/C083
v10/usr/blit/src/font/gen/newspec/C085
v10/usr/blit/src/font/gen/newspec/C086
v10/usr/blit/src/font/gen/newspec/C087
v10/usr/blit/src/font/gen/newspec/C088
v10/usr/blit/src/font/gen/newspec/C089
v10/usr/blit/src/font/gen/newspec/C090
v10/usr/blit/src/font/gen/newspec/C091
v10/usr/blit/src/font/gen/newspec/C092
v10/usr/blit/src/font/gen/newspec/C093
v10/usr/blit/src/font/gen/newspec/C094
v10/usr/blit/src/font/gen/newspec/C095
v10/usr/blit/src/font/gen/newspec/C096
v10/usr/blit/src/font/gen/newspec/C097
v10/usr/blit/src/font/gen/newspec/C098
v10/usr/blit/src/font/gen/newspec/C099
v10/usr/blit/src/font/gen/newspec/C100
v10/usr/blit/src/font/gen/newspec/C101
v10/usr/blit/src/font/gen/newspec/C102
v10/usr/blit/src/font/gen/newspec/C103
v10/usr/blit/src/font/gen/newspec/C104
v10/usr/blit/src/font/gen/newspec/C105
v10/usr/blit/src/font/gen/newspec/C106
v10/usr/blit/src/font/gen/newspec/C107
v10/usr/blit/src/font/gen/newspec/C108
v10/usr/blit/src/font/gen/newspec/C109
v10/usr/blit/src/font/gen/newspec/C110
v10/usr/blit/src/font/gen/newspec/C111
v10/usr/blit/src/font/gen/newspec/C112
v10/usr/blit/src/font/gen/newspec/C113
v10/usr/blit/src/font/gen/newspec/C114
v10/usr/blit/src/font/gen/newspec/C115
v10/usr/blit/src/font/gen/newspec/C116
v10/usr/blit/src/font/gen/newspec/C117
v10/usr/blit/src/font/gen/newspec/C118
v10/usr/blit/src/font/gen/newspec/C119
v10/usr/blit/src/font/gen/newspec/C120
v10/usr/blit/src/font/gen/newspec/C121
v10/usr/blit/src/font/gen/newspec/C122
v10/usr/blit/src/font/gen/newspec/C123
v10/usr/blit/src/font/gen/newspec/C124
v10/usr/blit/src/font/gen/newspec/C125
v10/usr/blit/src/font/gen/newspec/C126
v10/usr/blit/src/font/gen/newspec/C127
v10/usr/blit/src/font/gen/newspec/C128
v10/usr/blit/src/font/gen/newspec/C129
v10/usr/blit/src/font/gen/newspec/C130
v10/usr/blit/src/font/gen/newspec/C131
v10/usr/blit/src/font/gen/newspec/C132
v10/usr/blit/src/font/gen/newspec/C133
v10/usr/blit/src/font/gen/newspec/C134
v10/usr/blit/src/font/gen/newspec/ORDER
v10/usr/blit/src/font/map/Makefile
v10/usr/blit/src/font/map/dump.c
v10/usr/blit/src/font/map/imap.c
v10/usr/blit/src/font/map/map.c
v10/usr/blit/src/font/map/mtest.c
v10/usr/blit/src/font/map/smap.c
v10/usr/blit/src/font/map/spec.c
v10/usr/blit/src/jcif/alloc.c
v10/usr/blit/src/jcif/cif.h
v10/usr/blit/src/jcif/cif.lex
v10/usr/blit/src/jcif/cif.y
v10/usr/blit/src/jcif/jerq.c
v10/usr/blit/src/jcif/main.c
v10/usr/blit/src/jcif/makefile
v10/usr/blit/src/jcif/poly.c
v10/usr/blit/src/jcif/rect.c
v10/usr/blit/src/jf/Makefile
v10/usr/blit/src/jf/brotate.c
v10/usr/blit/src/jf/buttons.c
v10/usr/blit/src/jf/charsubs.c
v10/usr/blit/src/jf/filesubs.c
v10/usr/blit/src/jf/fontsubs.c
v10/usr/blit/src/jf/jf.9
v10/usr/blit/src/jf/jf.h
v10/usr/blit/src/jf/kbdstring.c
v10/usr/blit/src/jf/lexit3.c
v10/usr/blit/src/jf/magnify.c
v10/usr/blit/src/jf/main.c
v10/usr/blit/src/jf/menuhit3.c
v10/usr/blit/src/jf/mice.c
v10/usr/blit/src/jf/nohup.out
v10/usr/blit/src/jf/pfont.c
v10/usr/blit/src/jf/reshaped.c
v10/usr/blit/src/jf/rsupport.c
v10/usr/blit/src/jf/spaceman.c
v10/usr/blit/src/jf/strcat2.c
v10/usr/blit/src/jim/frame.c
v10/usr/blit/src/jim/main.c
v10/usr/blit/src/jim/makefile
v10/usr/blit/src/jim/mbox
v10/usr/blit/src/jim/menu.c
v10/usr/blit/src/jim/menu.h
v10/usr/blit/src/jim/msgs.c
v10/usr/blit/src/jim/msgs.h
v10/usr/blit/src/jim/r.h
v10/usr/blit/src/jim/string.c
v10/usr/blit/src/jim/file/file.c
v10/usr/blit/src/jim/file/file.h
v10/usr/blit/src/jim/file/index.c
v10/usr/blit/src/jim/file/jim.c
v10/usr/blit/src/jim/file/makefile
v10/usr/blit/src/jim/file/makefile.5
v10/usr/blit/src/jim/file/msgs.c
v10/usr/blit/src/jim/file/msgs.h
v10/usr/blit/src/jim/file/pattern.c
v10/usr/blit/src/jim/file/string.c
v10/usr/blit/src/jim/file/unix.c
v10/usr/blit/src/jim/frame/deltext.c
v10/usr/blit/src/jim/frame/frame.h
v10/usr/blit/src/jim/frame/frameop.c
v10/usr/blit/src/jim/frame/instext.c
v10/usr/blit/src/jim/frame/makefile
v10/usr/blit/src/jim/frame/newframe.c
v10/usr/blit/src/jim/frame/ptofchar.c
v10/usr/blit/src/joff/isp.h
v10/usr/blit/src/joff/makefile
v10/usr/blit/src/joff/menu.h
v10/usr/blit/src/joff/menus.c
v10/usr/blit/src/joff/protocol.h
v10/usr/blit/src/joff/traps.h
