v10/usr/blit/src/joff/host/a.out.h
v10/usr/blit/src/joff/host/alloc.c
v10/usr/blit/src/joff/host/chase.c
v10/usr/blit/src/joff/host/common.h
v10/usr/blit/src/joff/host/context.c
v10/usr/blit/src/joff/host/environ.c
v10/usr/blit/src/joff/host/environ5.c
v10/usr/blit/src/joff/host/expr.c
v10/usr/blit/src/joff/host/expr.h
v10/usr/blit/src/joff/host/format.c
v10/usr/blit/src/joff/host/frame.h
v10/usr/blit/src/joff/host/functions.c
v10/usr/blit/src/joff/host/gram.y
v10/usr/blit/src/joff/host/graphics.c
v10/usr/blit/src/joff/host/jerq.c
v10/usr/blit/src/joff/host/joff.c
v10/usr/blit/src/joff/host/main.c
v10/usr/blit/src/joff/host/makefile
v10/usr/blit/src/joff/host/makefile.5
v10/usr/blit/src/joff/host/mcc.h
v10/usr/blit/src/joff/host/menu.c
v10/usr/blit/src/joff/host/menus.c
v10/usr/blit/src/joff/host/names.c
v10/usr/blit/src/joff/host/names.h
v10/usr/blit/src/joff/host/scratch.c
v10/usr/blit/src/joff/host/sdb.h
v10/usr/blit/src/joff/host/snap.c
v10/usr/blit/src/joff/host/srctext.c
v10/usr/blit/src/joff/host/stab.h
v10/usr/blit/src/joff/host/stabhelp.c
v10/usr/blit/src/joff/host/stabread.c
v10/usr/blit/src/joff/host/stabsearch.c
v10/usr/blit/src/joff/host/stack.c
v10/usr/blit/src/joff/host/traps.c
v10/usr/blit/src/joff/host/user.h
v10/usr/blit/src/joff/host/zdc.c
v10/usr/blit/src/joff/term/common.h
v10/usr/blit/src/joff/term/graphics.c
v10/usr/blit/src/joff/term/host.c
v10/usr/blit/src/joff/term/lprintf.c
v10/usr/blit/src/joff/term/main.c
v10/usr/blit/src/joff/term/makefile
v10/usr/blit/src/joff/term/menu.c
v10/usr/blit/src/joff/term/menuhit.c
v10/usr/blit/src/joff/term/menus.c
v10/usr/blit/src/joff/term/states.h
v10/usr/blit/src/jplot/jcom.h
v10/usr/blit/src/jplot/makefile
v10/usr/blit/src/jplot/unplot.c
v10/usr/blit/src/jplot/blit/ORDER
v10/usr/blit/src/jplot/blit/arc.c
v10/usr/blit/src/jplot/blit/box.c
v10/usr/blit/src/jplot/blit/cfill.c
v10/usr/blit/src/jplot/blit/circle.c
v10/usr/blit/src/jplot/blit/closepl.c
v10/usr/blit/src/jplot/blit/color.c
v10/usr/blit/src/jplot/blit/ctype_.c
v10/usr/blit/src/jplot/blit/disc.c
v10/usr/blit/src/jplot/blit/erase.c
v10/usr/blit/src/jplot/blit/fill1.c
v10/usr/blit/src/jplot/blit/frame.c
v10/usr/blit/src/jplot/blit/grade.c
v10/usr/blit/src/jplot/blit/jcom.h
v10/usr/blit/src/jplot/blit/jplot.h
v10/usr/blit/src/jplot/blit/move.c
v10/usr/blit/src/jplot/blit/nline.c
v10/usr/blit/src/jplot/blit/openpl.c
v10/usr/blit/src/jplot/blit/parabola.c
v10/usr/blit/src/jplot/blit/pen.c
v10/usr/blit/src/jplot/blit/point.c
v10/usr/blit/src/jplot/blit/poly.c
v10/usr/blit/src/jplot/blit/ppause.c
v10/usr/blit/src/jplot/blit/range.c
v10/usr/blit/src/jplot/blit/restore.c
v10/usr/blit/src/jplot/blit/rmove.c
v10/usr/blit/src/jplot/blit/save.c
v10/usr/blit/src/jplot/blit/sbox.c
v10/usr/blit/src/jplot/blit/spline.c
v10/usr/blit/src/jplot/blit/subr.c
v10/usr/blit/src/jplot/blit/text.c
v10/usr/blit/src/jplot/blit/whoami.c
v10/usr/blit/src/jplot/inblit/ORDER
v10/usr/blit/src/jplot/inblit/jfill.c
v10/usr/blit/src/jplot/inblit/jjplot.h
v10/usr/blit/src/jplot/inblit/nbltpar.c
v10/usr/blit/src/jplot/inblit/njplot.c
v10/usr/blit/src/jplot/ojplot/ORDER
v10/usr/blit/src/jplot/ojplot/arc.c
v10/usr/blit/src/jplot/ojplot/box.c
v10/usr/blit/src/jplot/ojplot/circle.c
v10/usr/blit/src/jplot/ojplot/close.c
v10/usr/blit/src/jplot/ojplot/dot.c
v10/usr/blit/src/jplot/ojplot/driver.c
v10/usr/blit/src/jplot/ojplot/erase.c
v10/usr/blit/src/jplot/ojplot/jplot.c
v10/usr/blit/src/jplot/ojplot/jplot.h
v10/usr/blit/src/jplot/ojplot/label.c
v10/usr/blit/src/jplot/ojplot/line.c
v10/usr/blit/src/jplot/ojplot/linemod.c
v10/usr/blit/src/jplot/ojplot/makefile
v10/usr/blit/src/jplot/ojplot/move.c
v10/usr/blit/src/jplot/ojplot/open.c
v10/usr/blit/src/jplot/ojplot/plot.sh
v10/usr/blit/src/jplot/ojplot/point.c
v10/usr/blit/src/jplot/ojplot/space.c
v10/usr/blit/src/jplot/ojplot/subr.c
v10/usr/blit/src/jx/comm.h
v10/usr/blit/src/jx/hello.c
v10/usr/blit/src/jx/jx.c
v10/usr/blit/src/jx/makefile
v10/usr/blit/src/jx/sysint.c
v10/usr/blit/src/kbd/Makefile
v10/usr/blit/src/kbd/kbd.c
v10/usr/blit/src/kbd/keyboard.c
v10/usr/blit/src/kbd/keyboard.h
v10/usr/blit/src/layer/debugblt.c
v10/usr/blit/src/layer/dellayer.c
v10/usr/blit/src/layer/layer.h
v10/usr/blit/src/layer/layerop.c
v10/usr/blit/src/layer/lbitblt.c
v10/usr/blit/src/layer/lblt.c
v10/usr/blit/src/layer/lbox.c
v10/usr/blit/src/layer/lpoint.c
v10/usr/blit/src/layer/lrectf.c
v10/usr/blit/src/layer/lscroll.c
v10/usr/blit/src/layer/lsegment.c
v10/usr/blit/src/layer/ltexture.c
v10/usr/blit/src/layer/makefile
v10/usr/blit/src/layer/newlayer.c
v10/usr/blit/src/layer/upfront.c
v10/usr/blit/src/lens/README
v10/usr/blit/src/lens/bytable.H
v10/usr/blit/src/lens/lens.c
v10/usr/blit/src/lens/mag2.C
v10/usr/blit/src/lens/mag2.s
v10/usr/blit/src/lens/mag3.C
v10/usr/blit/src/lens/mag3.s
v10/usr/blit/src/lens/mageven.C
v10/usr/blit/src/lens/mageven.s
v10/usr/blit/src/lens/magn.c
v10/usr/blit/src/lens/magodd.C
v10/usr/blit/src/lens/magodd.s
v10/usr/blit/src/lens/magslow.c
v10/usr/blit/src/lens/magtbl.c
v10/usr/blit/src/lens/makefile
v10/usr/blit/src/lens/safemagn.C
v10/usr/blit/src/lens/unsafemagn.C
