v10/usr/blit/src/libj/Jrect.c
v10/usr/blit/src/libj/addr.s
v10/usr/blit/src/libj/alloc.c
v10/usr/blit/src/libj/arc.c
v10/usr/blit/src/libj/arith.c
v10/usr/blit/src/libj/atan2.c
v10/usr/blit/src/libj/balloc.c
v10/usr/blit/src/libj/bitblt.C
v10/usr/blit/src/libj/bitblt.s
v10/usr/blit/src/libj/circle.c
v10/usr/blit/src/libj/clip.c
v10/usr/blit/src/libj/comm.c
v10/usr/blit/src/libj/cosdeg.c
v10/usr/blit/src/libj/data.c
v10/usr/blit/src/libj/defont.c
v10/usr/blit/src/libj/disc.c
v10/usr/blit/src/libj/discture.c
v10/usr/blit/src/libj/display.c
v10/usr/blit/src/libj/dprintf.c
v10/usr/blit/src/libj/elarc.c
v10/usr/blit/src/libj/eldisc.c
v10/usr/blit/src/libj/ellipse.c
v10/usr/blit/src/libj/exit.c
v10/usr/blit/src/libj/f.c
v10/usr/blit/src/libj/fgets.c
v10/usr/blit/src/libj/font.c
v10/usr/blit/src/libj/fopen.c
v10/usr/blit/src/libj/gcalloc.c
v10/usr/blit/src/libj/get.c
v10/usr/blit/src/libj/getfont.c
v10/usr/blit/src/libj/goo
v10/usr/blit/src/libj/h.c
v10/usr/blit/src/libj/introutine.c
v10/usr/blit/src/libj/jarc.c
v10/usr/blit/src/libj/jcircle.c
v10/usr/blit/src/libj/jdisc.c
v10/usr/blit/src/libj/jelarc.c
v10/usr/blit/src/libj/jeldisc.c
v10/usr/blit/src/libj/jellipse.c
v10/usr/blit/src/libj/jlineto.c
v10/usr/blit/src/libj/jpoint.c
v10/usr/blit/src/libj/jstring.c
v10/usr/blit/src/libj/jtexture.c
v10/usr/blit/src/libj/line.c
v10/usr/blit/src/libj/makefile
v10/usr/blit/src/libj/masks.c
v10/usr/blit/src/libj/menu.c
v10/usr/blit/src/libj/min.c
v10/usr/blit/src/libj/norm.s
v10/usr/blit/src/libj/oline.c
v10/usr/blit/src/libj/point.c
v10/usr/blit/src/libj/popen.c
v10/usr/blit/src/libj/printf.c
v10/usr/blit/src/libj/printf.out
v10/usr/blit/src/libj/printf.s
v10/usr/blit/src/libj/ptinrect.c
v10/usr/blit/src/libj/put.c
v10/usr/blit/src/libj/rdwr.c
v10/usr/blit/src/libj/rectXrect.c
v10/usr/blit/src/libj/rectclip.c
v10/usr/blit/src/libj/rectf.c
v10/usr/blit/src/libj/rol.s
v10/usr/blit/src/libj/screenswap.c
v10/usr/blit/src/libj/sqrt.c
v10/usr/blit/src/libj/string.c
v10/usr/blit/src/libj/strwidth.c
v10/usr/blit/src/libj/texture.C
v10/usr/blit/src/libj/texture.s
v10/usr/blit/src/libj/wait.c
v10/usr/blit/src/libmj/arc.c
v10/usr/blit/src/libmj/circle.c
v10/usr/blit/src/libmj/comm.c
v10/usr/blit/src/libmj/cosdeg.c
v10/usr/blit/src/libmj/data.c
v10/usr/blit/src/libmj/disc.c
v10/usr/blit/src/libmj/discture.c
v10/usr/blit/src/libmj/elarc.c
v10/usr/blit/src/libmj/eldisc.c
v10/usr/blit/src/libmj/ellipse.c
v10/usr/blit/src/libmj/exit.c
v10/usr/blit/src/libmj/fgets.c
v10/usr/blit/src/libmj/font.c
v10/usr/blit/src/libmj/fopen.c
v10/usr/blit/src/libmj/get.c
v10/usr/blit/src/libmj/getfont.c
v10/usr/blit/src/libmj/jarc.c
v10/usr/blit/src/libmj/jcircle.c
v10/usr/blit/src/libmj/jdisc.c
v10/usr/blit/src/libmj/jelarc.c
v10/usr/blit/src/libmj/jeldisc.c
v10/usr/blit/src/libmj/jellipse.c
v10/usr/blit/src/libmj/makefile
v10/usr/blit/src/libmj/popen.c
v10/usr/blit/src/libmj/printf.c
v10/usr/blit/src/libmj/put.c
v10/usr/blit/src/libmj/rdwr.c
v10/usr/blit/src/life/life.c
v10/usr/blit/src/life/mlife.c
v10/usr/blit/src/lsh/host.c
v10/usr/blit/src/lsh/makefile
v10/usr/blit/src/lsh/script
v10/usr/blit/src/lsh/term.c
v10/usr/blit/src/maze/READ_n_WEEP
v10/usr/blit/src/maze/comm.c
v10/usr/blit/src/maze/icon.c
v10/usr/blit/src/maze/makefile
v10/usr/blit/src/maze/maze.c
v10/usr/blit/src/maze/maze.h
v10/usr/blit/src/maze/mazewar.c
v10/usr/blit/src/maze/rmtmaze.c
v10/usr/blit/src/maze/toump.c
v10/usr/blit/src/maze/ump.c
v10/usr/blit/src/maze/view.c
v10/usr/blit/src/mpx/README
v10/usr/blit/src/mpx/makefile
v10/usr/blit/src/mpx/mpx.c
v10/usr/blit/src/mpx/mpxstats.h
v10/usr/blit/src/mpx/msgs.h
v10/usr/blit/src/mpx/pconvs.adb
v10/usr/blit/src/mpx/proto/files
v10/usr/blit/src/mpx/proto/makefile
v10/usr/blit/src/mpx/proto/man
v10/usr/blit/src/mpx/proto/packets.h
v10/usr/blit/src/mpx/proto/pcheck.c
v10/usr/blit/src/mpx/proto/pconfig.h
v10/usr/blit/src/mpx/proto/pinit.c
v10/usr/blit/src/mpx/proto/precv.c
v10/usr/blit/src/mpx/proto/proto.3c
v10/usr/blit/src/mpx/proto/proto.h
v10/usr/blit/src/mpx/proto/psend.c
v10/usr/blit/src/mpx/proto/pstats.h
v10/usr/blit/src/mpx/proto/ptimeout.c
v10/usr/blit/src/mpx/term/Pl.s
v10/usr/blit/src/mpx/term/Pl.template
v10/usr/blit/src/mpx/term/README
v10/usr/blit/src/mpx/term/bigrom.s
v10/usr/blit/src/mpx/term/boot.c
v10/usr/blit/src/mpx/term/comm.c
v10/usr/blit/src/mpx/term/control.c
v10/usr/blit/src/mpx/term/demux.c
v10/usr/blit/src/mpx/term/display.c
v10/usr/blit/src/mpx/term/goo.s
v10/usr/blit/src/mpx/term/makefile
v10/usr/blit/src/mpx/term/makelocore
v10/usr/blit/src/mpx/term/makelocore.q
v10/usr/blit/src/mpx/term/notsolow.s
v10/usr/blit/src/mpx/term/procsize.c
v10/usr/blit/src/mpx/term/procsize.s
v10/usr/blit/src/mpx/term/rom.s
v10/usr/blit/src/mpx/term/romroutines
v10/usr/blit/src/mpx/term/romsed.f
v10/usr/blit/src/mpx/term/romterm.nm
v10/usr/blit/src/mpx/term/task.c
v10/usr/blit/src/mpx/term/trap.c
v10/usr/blit/src/mpx/term/user.c
v10/usr/blit/src/mpx/term/windowproc.c
v10/usr/blit/src/mpx/term/x.c
v10/usr/blit/src/mpx/term/x.s
v10/usr/blit/src/mux/makefile
v10/usr/blit/src/mux/mpxstats.h
v10/usr/blit/src/mux/msgs.h
v10/usr/blit/src/mux/mux.c
v10/usr/blit/src/mux/proto/files
v10/usr/blit/src/mux/proto/makefile
v10/usr/blit/src/mux/proto/man
v10/usr/blit/src/mux/proto/packets.h
v10/usr/blit/src/mux/proto/pcheck.c
v10/usr/blit/src/mux/proto/pconfig.h
v10/usr/blit/src/mux/proto/pinit.c
v10/usr/blit/src/mux/proto/precv.c
v10/usr/blit/src/mux/proto/proto.3c
v10/usr/blit/src/mux/proto/proto.h
v10/usr/blit/src/mux/proto/psend.c
v10/usr/blit/src/mux/proto/pstats.h
v10/usr/blit/src/mux/proto/ptimeout.c
