v10/usr/blit/src/mux/term/Pl.s
v10/usr/blit/src/mux/term/Pl.template
v10/usr/blit/src/mux/term/README
v10/usr/blit/src/mux/term/bigrom.s
v10/usr/blit/src/mux/term/boot.c
v10/usr/blit/src/mux/term/comm.c
v10/usr/blit/src/mux/term/control.c
v10/usr/blit/src/mux/term/demux.c
v10/usr/blit/src/mux/term/display.c
v10/usr/blit/src/mux/term/makefile
v10/usr/blit/src/mux/term/makelocore
v10/usr/blit/src/mux/term/makelocore.q
v10/usr/blit/src/mux/term/procsize.c
v10/usr/blit/src/mux/term/procsize.s
v10/usr/blit/src/mux/term/rom.s
v10/usr/blit/src/mux/term/romroutines
v10/usr/blit/src/mux/term/romsed.f
v10/usr/blit/src/mux/term/romterm.nm
v10/usr/blit/src/mux/term/task.c
v10/usr/blit/src/mux/term/trap.c
v10/usr/blit/src/mux/term/user.c
v10/usr/blit/src/mux/term/window.c
v10/usr/blit/src/mux/term/frame/deltext.c
v10/usr/blit/src/mux/term/frame/frame.h
v10/usr/blit/src/mux/term/frame/frameop.c
v10/usr/blit/src/mux/term/frame/instext.c
v10/usr/blit/src/mux/term/frame/makefile
v10/usr/blit/src/mux/term/frame/newframe.c
v10/usr/blit/src/mux/term/frame/ptofchar.c
v10/usr/blit/src/mux/term/frame/select.c
v10/usr/blit/src/mux/term/frame/string.c
v10/usr/blit/src/ompx/README
v10/usr/blit/src/ompx/files
v10/usr/blit/src/ompx/makefile
v10/usr/blit/src/ompx/mpx.c
v10/usr/blit/src/ompx/mpxstats.h
v10/usr/blit/src/ompx/msgs.h
v10/usr/blit/src/ompx/pconvs.adb
v10/usr/blit/src/ompx/queue.c
v10/usr/blit/src/ompx/queue.h
v10/usr/blit/src/ompx/sys/dk.c
v10/usr/blit/src/ompx/sys/dtline.c
v10/usr/blit/src/ompx/sys/dz.c
v10/usr/blit/src/ompx/sys/ioctl.h
v10/usr/blit/src/ompx/sys/local.h
v10/usr/blit/src/ompx/sys/mx.h
v10/usr/blit/src/ompx/sys/mx1.c
v10/usr/blit/src/ompx/sys/mx2.c
v10/usr/blit/src/ompx/sys/readme
v10/usr/blit/src/ompx/sys/sys.c
v10/usr/blit/src/ompx/sys/ttynew.c
v10/usr/blit/src/ompx/sys/ttyold.c
v10/usr/blit/src/ompx/sys/user.h
v10/usr/blit/src/ompx/sys/4.2bsd/ioctl.h
v10/usr/blit/src/ompx/sys/4.2bsd/jioctl.h
v10/usr/blit/src/ompx/sys/4.2bsd/mpx.c
v10/usr/blit/src/ompx/sys/4.2bsd/sys_machdep.c
v10/usr/blit/src/ompx/sys/4.2bsd/tty_pty.c
v10/usr/blit/src/pads/.hcy
v10/usr/blit/src/pads/Makefile
v10/usr/blit/src/pads/pads.h
v10/usr/blit/src/pads/pads.pri
v10/usr/blit/src/pads/pads.pub
v10/usr/blit/src/pads/host/Makefile
v10/usr/blit/src/pads/host/cache.c
v10/usr/blit/src/pads/host/help.c
v10/usr/blit/src/pads/host/libC.c
v10/usr/blit/src/pads/host/menu.c
v10/usr/blit/src/pads/host/pad.c
v10/usr/blit/src/pads/host/padrcv.c
v10/usr/blit/src/pads/host/popen.c
v10/usr/blit/src/pads/host/protocol.c
v10/usr/blit/src/pads/host/remote.c
v10/usr/blit/src/pads/host/sf.c
v10/usr/blit/src/pads/host/stats.c
v10/usr/blit/src/pads/host/term.c
v10/usr/blit/src/pads/host/test.c
v10/usr/blit/src/pads/host/trace.c
v10/usr/blit/src/pads/term/.hcy
v10/usr/blit/src/pads/term/Makefile
v10/usr/blit/src/pads/term/buttons.c
v10/usr/blit/src/pads/term/cache.c
v10/usr/blit/src/pads/term/cursor.c
v10/usr/blit/src/pads/term/host.c
v10/usr/blit/src/pads/term/lib.c
v10/usr/blit/src/pads/term/lineops.c
v10/usr/blit/src/pads/term/master.c
v10/usr/blit/src/pads/term/pad.c
v10/usr/blit/src/pads/term/paint.c
v10/usr/blit/src/pads/term/protocol.c
v10/usr/blit/src/pads/term/scripthit.c
v10/usr/blit/src/pads/term/univ.h
v10/usr/blit/src/proof/comm.h
v10/usr/blit/src/proof/ocomm.h
v10/usr/blit/src/proof/proof.1
v10/usr/blit/src/proof/proof.mm
v10/usr/blit/src/proof/shipit
v10/usr/blit/src/proof/temp
v10/usr/blit/src/proof/torabbit
