v10/usr/blit/src/proof/host/conv.c
v10/usr/blit/src/proof/host/font.c
v10/usr/blit/src/proof/host/freq.c
v10/usr/blit/src/proof/host/host.h
v10/usr/blit/src/proof/host/io.c
v10/usr/blit/src/proof/host/main.c
v10/usr/blit/src/proof/host/makefile
v10/usr/blit/src/proof/host/map.c
v10/usr/blit/src/proof/host/peek.c
v10/usr/blit/src/proof/term/c.c
v10/usr/blit/src/proof/term/main.c
v10/usr/blit/src/proof/term/makefile
v10/usr/blit/src/proof/term/page.icon
v10/usr/blit/src/proof/term/r.c
v10/usr/blit/src/proof/term/scroll.c
v10/usr/blit/src/proof/term/slice.icon
v10/usr/blit/src/proof/term/term.c
v10/usr/blit/src/proof/term/term.h
v10/usr/blit/src/proof/term/troff.c
v10/usr/blit/src/proof/test/debug
v10/usr/blit/src/proof/test/t3.out
v10/usr/blit/src/proof/test/tt
v10/usr/blit/src/sys/acia.c
v10/usr/blit/src/sys/buttons.c
v10/usr/blit/src/sys/cursor.c
v10/usr/blit/src/sys/jinit.c
v10/usr/blit/src/sys/kbd.c
v10/usr/blit/src/sys/l.s
v10/usr/blit/src/sys/makefile
v10/usr/blit/src/sys/queue.c
v10/usr/blit/src/sys/resume.s
v10/usr/blit/src/sys/wait.c
v10/usr/blit/src/tek4014/MEMO
v10/usr/blit/src/tek4014/README
v10/usr/blit/src/tek4014/bigapl.c
v10/usr/blit/src/tek4014/dclip.c
v10/usr/blit/src/tek4014/dline.c
v10/usr/blit/src/tek4014/dline.h
v10/usr/blit/src/tek4014/dlsegment.c
v10/usr/blit/src/tek4014/flash.c
v10/usr/blit/src/tek4014/jdlineto.c
v10/usr/blit/src/tek4014/jek.c
v10/usr/blit/src/tek4014/makefile
v10/usr/blit/src/tek4014/tiny.c
v10/usr/blit/src/tek4014/tinyapl.c
v10/usr/blit/src/term/README
v10/usr/blit/src/term/bootrom.s
v10/usr/blit/src/term/load.s
v10/usr/blit/src/term/makefile
v10/usr/blit/src/term/makerom.sed
v10/usr/blit/src/term/rom.0
v10/usr/blit/src/term/rom.1
v10/usr/blit/src/term/rom.2
v10/usr/blit/src/term/rom.3
v10/usr/blit/src/term/rom.4
v10/usr/blit/src/term/rom.5
v10/usr/blit/src/term/romterm.nm
v10/usr/blit/src/term/romtoram
v10/usr/blit/src/term/vitty.c
v10/usr/blit/src/twid/bitmap.c
v10/usr/blit/src/twid/cursor.c
v10/usr/blit/src/twid/data.c
v10/usr/blit/src/twid/disc.c
v10/usr/blit/src/twid/discture.c
v10/usr/blit/src/twid/makefile
v10/usr/blit/src/twid/rotate.c
v10/usr/blit/src/twid/twid.c
v10/usr/blit/src/twid/twid.h
v10/usr/include/Y.h
v10/usr/include/a.out.h
v10/usr/include/ar.h
v10/usr/include/assert.h
v10/usr/include/cbt.h
v10/usr/include/cin.h
v10/usr/include/class_object.h
v10/usr/include/class_task.h
v10/usr/include/core.h
v10/usr/include/ctype.h
v10/usr/include/curses.h
v10/usr/include/db.h
v10/usr/include/dbm.h
v10/usr/include/dir.h
v10/usr/include/dk.h
v10/usr/include/dkerr.h
v10/usr/include/dkmgr.h
v10/usr/include/dkwindow.h
v10/usr/include/dumprestor.h
v10/usr/include/errno.h
v10/usr/include/execargs.h
v10/usr/include/f2c.h
v10/usr/include/fb.h
v10/usr/include/fcntl.h
v10/usr/include/fio.h
v10/usr/include/float.h
v10/usr/include/frame.h
v10/usr/include/fstab.h
v10/usr/include/ftw.h
v10/usr/include/getflags.h
v10/usr/include/grp.h
v10/usr/include/huff.h
v10/usr/include/ipc.h
v10/usr/include/iplot.h
v10/usr/include/jstructs.h
v10/usr/include/label.h
v10/usr/include/lastlog.h
v10/usr/include/libc.h
v10/usr/include/local.h
v10/usr/include/math.h
v10/usr/include/mp.h
v10/usr/include/ndir.h
v10/usr/include/nlist.h
v10/usr/include/odk.h
v10/usr/include/olddump.h
v10/usr/include/pagsiz.h
v10/usr/include/picfile.h
v10/usr/include/plot.h
v10/usr/include/pwd.h
v10/usr/include/ranlib.h
v10/usr/include/regexp.h
v10/usr/include/rf.h
v10/usr/include/saio.h
v10/usr/include/sccs.h
v10/usr/include/screen.h
v10/usr/include/scsi.h
v10/usr/include/setjmp.h
v10/usr/include/sets.h
v10/usr/include/sgtty.h
v10/usr/include/shares.h
v10/usr/include/signal.h
v10/usr/include/stab.h
v10/usr/include/stdarg.h
v10/usr/include/stdio.h
v10/usr/include/stdlib.h
v10/usr/include/string.h
v10/usr/include/sys.s
v10/usr/include/sysexits.h
v10/usr/include/time.h
v10/usr/include/tmpnam.h
v10/usr/include/tr.h
v10/usr/include/trmsg.h
v10/usr/include/unctrl.h
v10/usr/include/utmp.h
v10/usr/include/utsname.h
v10/usr/include/vadvise.h
v10/usr/include/valign.h
v10/usr/include/values.h
v10/usr/include/varargs.h
v10/usr/include/vfont.h
v10/usr/include/wait.h
