v10/usr/include/CC/Bits.h
v10/usr/include/CC/Block.h
v10/usr/include/CC/CCversion.h
v10/usr/include/CC/Map.h
v10/usr/include/CC/Pool.h
v10/usr/include/CC/assert.h
v10/usr/include/CC/bignum.h
v10/usr/include/CC/common.h
v10/usr/include/CC/complex.h
v10/usr/include/CC/ctype.h
v10/usr/include/CC/dir.h
v10/usr/include/CC/errno.h
v10/usr/include/CC/fio.h
v10/usr/include/CC/float.h
v10/usr/include/CC/fstab.h
v10/usr/include/CC/fstream.h
v10/usr/include/CC/generic.h
v10/usr/include/CC/getflags.h
v10/usr/include/CC/grp.h
v10/usr/include/CC/iomanip.h
v10/usr/include/CC/ios.h
v10/usr/include/CC/iostream.h
v10/usr/include/CC/ipc.h
v10/usr/include/CC/libc.h
v10/usr/include/CC/limits.h
v10/usr/include/CC/list.h
v10/usr/include/CC/malloc.h
v10/usr/include/CC/math.h
v10/usr/include/CC/memory.h
v10/usr/include/CC/new.h
v10/usr/include/CC/osfcn.h
v10/usr/include/CC/pipestream.h
v10/usr/include/CC/pwd.h
v10/usr/include/CC/regexp.h
v10/usr/include/CC/setjmp.h
v10/usr/include/CC/signal.h
v10/usr/include/CC/stdarg.h
v10/usr/include/CC/stddef.h
v10/usr/include/CC/stdio.h
v10/usr/include/CC/stdiostream.h
v10/usr/include/CC/stdlib.h
v10/usr/include/CC/stream.h
v10/usr/include/CC/streamdefs.h
v10/usr/include/CC/string.h
v10/usr/include/CC/strstream.h
v10/usr/include/CC/sysent.h
v10/usr/include/CC/task.h
v10/usr/include/CC/time.h
v10/usr/include/CC/types.h
v10/usr/include/CC/vector.h
v10/usr/include/CC/common/list.h
v10/usr/include/CC/common/sort.h
v10/usr/include/CC/common/table.h
v10/usr/include/CC/common/tree.h
v10/usr/include/CC/sys/stat.h
v10/usr/include/CC/sys/times.h
v10/usr/include/CC/sys/types.h
v10/usr/include/lcc/assert.h
v10/usr/include/lcc/ctype.h
v10/usr/include/lcc/errno.h
v10/usr/include/lcc/float.h
v10/usr/include/lcc/limits.h
v10/usr/include/lcc/locale.h
v10/usr/include/lcc/math.h
v10/usr/include/lcc/setjmp.h
v10/usr/include/lcc/signal.h
v10/usr/include/lcc/stdarg.h
v10/usr/include/lcc/stddef.h
v10/usr/include/lcc/stdio.h
v10/usr/include/lcc/stdlib.h
v10/usr/include/lcc/string.h
v10/usr/include/lcc/time.h
v10/usr/include/lcc/unistd.h
v10/usr/include/libc/fio.h
v10/usr/include/libc/libc.h
v10/usr/include/libc/stdio.h
v10/usr/include/libc/u.h
v10/usr/include/local/uparm.h
v10/usr/include/oCC/Block.h
v10/usr/include/oCC/CCversion.h
v10/usr/include/oCC/Map.h
v10/usr/include/oCC/common.h
v10/usr/include/oCC/complex.h
v10/usr/include/oCC/dir.h
v10/usr/include/oCC/errno.h
v10/usr/include/oCC/fio.h
v10/usr/include/oCC/generic.h
v10/usr/include/oCC/iostream.h
v10/usr/include/oCC/ipc.h
v10/usr/include/oCC/libc.h
v10/usr/include/oCC/list.h
v10/usr/include/oCC/math.h
v10/usr/include/oCC/oMap.h
v10/usr/include/oCC/oString.h
v10/usr/include/oCC/pwd.h
v10/usr/include/oCC/regexp.h
v10/usr/include/oCC/signal.h
v10/usr/include/oCC/stdarg.h
v10/usr/include/oCC/stdargs.h
v10/usr/include/oCC/stdio.h
v10/usr/include/oCC/stream.h
v10/usr/include/oCC/string.h
v10/usr/include/oCC/sysent.h
v10/usr/include/oCC/task.h
v10/usr/include/oCC/time.h
v10/usr/include/oCC/varargs.h
v10/usr/include/oCC/vector.h
v10/usr/include/oCC/common/list.h
v10/usr/include/oCC/common/sort.h
v10/usr/include/oCC/common/table.h
v10/usr/include/oCC/common/tree.h
v10/usr/include/oCC/sys/stat.h
v10/usr/include/oCC/sys/types.h
v10/usr/include/olcc/assert.h
v10/usr/include/olcc/errno.h
v10/usr/include/olcc/fio.h
v10/usr/include/olcc/libc.h
v10/usr/include/olcc/math.h
v10/usr/include/olcc/setjmp.h
v10/usr/include/olcc/stdarg.h
v10/usr/include/olcc/stddef.h
v10/usr/include/olcc/stdio.h
v10/usr/include/olcc/stdlib.h
v10/usr/include/olcc/string.h
v10/usr/include/olcc/time.h
v10/usr/include/olcc/u.h
