v10/usr/include/sys/acct.h
v10/usr/include/sys/bad144.h
v10/usr/include/sys/bda.h
v10/usr/include/sys/biaddr.h
v10/usr/include/sys/biic.h
v10/usr/include/sys/buf.h
v10/usr/include/sys/bufld.h
v10/usr/include/sys/bvp.h
v10/usr/include/sys/callout.h
v10/usr/include/sys/clock.h
v10/usr/include/sys/cmap.h
v10/usr/include/sys/cmc.h
v10/usr/include/sys/conf.h
v10/usr/include/sys/cons.h
v10/usr/include/sys/debna.h
v10/usr/include/sys/deqna.h
v10/usr/include/sys/dhv11.h
v10/usr/include/sys/dir.h
v10/usr/include/sys/diskio.h
v10/usr/include/sys/dk.h
v10/usr/include/sys/dkbad.h
v10/usr/include/sys/dkio.h
v10/usr/include/sys/dkmod.h
v10/usr/include/sys/dkp.h
v10/usr/include/sys/dkstat.h
v10/usr/include/sys/dkwindow.h
v10/usr/include/sys/dmap.h
v10/usr/include/sys/dz.h
v10/usr/include/sys/enio.h
v10/usr/include/sys/errlog.h
v10/usr/include/sys/ethernet.h
v10/usr/include/sys/fblk.h
v10/usr/include/sys/file.h
v10/usr/include/sys/filio.h
v10/usr/include/sys/filsys.h
v10/usr/include/sys/hp.h
v10/usr/include/sys/im.h
v10/usr/include/sys/inio.h
v10/usr/include/sys/ino.h
v10/usr/include/sys/inode.h
v10/usr/include/sys/kb.h
v10/usr/include/sys/kc.h
v10/usr/include/sys/kdi.h
v10/usr/include/sys/kmc.h
v10/usr/include/sys/lnode.h
v10/usr/include/sys/map.h
v10/usr/include/sys/mba.h
v10/usr/include/sys/mbaddr.h
v10/usr/include/sys/mbsts.h
v10/usr/include/sys/mesg.h
v10/usr/include/sys/meter.h
v10/usr/include/sys/mg.h
v10/usr/include/sys/mount.h
v10/usr/include/sys/mscp.h
v10/usr/include/sys/msgbuf.h
v10/usr/include/sys/mtio.h
v10/usr/include/sys/mtpr.h
v10/usr/include/sys/nbio.h
v10/usr/include/sys/neta.h
v10/usr/include/sys/netb.h
v10/usr/include/sys/nexus.h
v10/usr/include/sys/ni1010a.h
v10/usr/include/sys/nttyio.h
v10/usr/include/sys/nttyld.h
v10/usr/include/sys/nxaddr.h
v10/usr/include/sys/okb.h
v10/usr/include/sys/om.h
v10/usr/include/sys/param.h
v10/usr/include/sys/pcb.h
v10/usr/include/sys/pgio.h
v10/usr/include/sys/pioctl.h
v10/usr/include/sys/proc.h
v10/usr/include/sys/psl.h
v10/usr/include/sys/pte.h
v10/usr/include/sys/qbio.h
v10/usr/include/sys/ra.h
v10/usr/include/sys/rco.h
v10/usr/include/sys/rcocmd.h
v10/usr/include/sys/reboot.h
v10/usr/include/sys/reg.h
v10/usr/include/sys/scsi.h
v10/usr/include/sys/stat.h
v10/usr/include/sys/stream.h
v10/usr/include/sys/subaddr.h
v10/usr/include/sys/systm.h
v10/usr/include/sys/ta.h
v10/usr/include/sys/te16.h
v10/usr/include/sys/text.h
v10/usr/include/sys/timeb.h
v10/usr/include/sys/times.h
v10/usr/include/sys/trap.h
v10/usr/include/sys/trcio.h
v10/usr/include/sys/ttyio.h
v10/usr/include/sys/ttyld.h
v10/usr/include/sys/tu78.h
v10/usr/include/sys/types.h
v10/usr/include/sys/uba.h
v10/usr/include/sys/ubaddr.h
v10/usr/include/sys/uda.h
v10/usr/include/sys/udaioc.h
v10/usr/include/sys/up.h
v10/usr/include/sys/user.h
v10/usr/include/sys/vadvise.h
v10/usr/include/sys/vcmd.h
v10/usr/include/sys/vlimit.h
v10/usr/include/sys/vm.h
v10/usr/include/sys/vmmac.h
v10/usr/include/sys/vmmeter.h
v10/usr/include/sys/vmparam.h
v10/usr/include/sys/vmsystm.h
v10/usr/include/sys/vp.h
v10/usr/include/sys/vplot.h
v10/usr/include/sys/vplotcmd.h
v10/usr/include/sys/vtimes.h
v10/usr/include/sys/xkb.h
v10/usr/include/sys/xttyld.h
v10/usr/include/sys/inet/ethernet.h
v10/usr/include/sys/inet/in.h
v10/usr/include/sys/inet/ip.h
v10/usr/include/sys/inet/ip_var.h
v10/usr/include/sys/inet/tcp.h
v10/usr/include/sys/inet/tcp_fsm.h
v10/usr/include/sys/inet/tcp_seq.h
v10/usr/include/sys/inet/tcp_timer.h
v10/usr/include/sys/inet/tcp_user.h
v10/usr/include/sys/inet/tcp_var.h
v10/usr/include/sys/inet/tcpdebug.h
v10/usr/include/sys/inet/tcpip.h
v10/usr/include/sys/inet/udp.h
v10/usr/include/sys/inet/udp_user.h
v10/usr/include/sys/inet/udp_var.h
v10/usr/jerq/.blit
v10/usr/jerq/.jxerr
v10/usr/jerq/.jxout
v10/usr/jerq/.news_time
v10/usr/jerq/.profile
v10/usr/jerq/demo/mux/demo
v10/usr/jerq/demo/src/.comfile
v10/usr/jerq/demo/src/EWD.c
v10/usr/jerq/demo/src/Munch.s
v10/usr/jerq/demo/src/a.c
v10/usr/jerq/demo/src/ack.c
v10/usr/jerq/demo/src/b.c
v10/usr/jerq/demo/src/ball.c
v10/usr/jerq/demo/src/balloc.c
v10/usr/jerq/demo/src/bltdemo.c
v10/usr/jerq/demo/src/bounce.c
v10/usr/jerq/demo/src/clock.c
v10/usr/jerq/demo/src/disc.c
v10/usr/jerq/demo/src/elevator.c
v10/usr/jerq/demo/src/eyes.c
v10/usr/jerq/demo/src/fake.c
v10/usr/jerq/demo/src/fireworks.c
v10/usr/jerq/demo/src/juggle.c
v10/usr/jerq/demo/src/lunch.c
v10/usr/jerq/demo/src/m.c
v10/usr/jerq/demo/src/magnet.c
v10/usr/jerq/demo/src/makefile
v10/usr/jerq/demo/src/maxwell.c
v10/usr/jerq/demo/src/mazewar.c
v10/usr/jerq/demo/src/moire.c
v10/usr/jerq/demo/src/munch.c
v10/usr/jerq/demo/src/nball.c
v10/usr/jerq/demo/src/norm.s
v10/usr/jerq/demo/src/one.c
v10/usr/jerq/demo/src/pogo.c
v10/usr/jerq/demo/src/rae.c
v10/usr/jerq/demo/src/road.c
v10/usr/jerq/demo/src/rose.c
v10/usr/jerq/demo/src/runch.c
v10/usr/jerq/demo/src/spheres.c
v10/usr/jerq/demo/src/tracks.c
v10/usr/jerq/demo/src/weird.c
v10/usr/jerq/demo/src/win.c
v10/usr/jerq/demo/src/asteroids/PLAY_ME
v10/usr/jerq/demo/src/asteroids/a.c
v10/usr/jerq/demo/src/asteroids/batcomp.c
v10/usr/jerq/demo/src/asteroids/bomb.c
v10/usr/jerq/demo/src/asteroids/event.c
v10/usr/jerq/demo/src/asteroids/event.h
v10/usr/jerq/demo/src/asteroids/explode.c
v10/usr/jerq/demo/src/asteroids/eywords
v10/usr/jerq/demo/src/asteroids/image.c
v10/usr/jerq/demo/src/asteroids/makefile
v10/usr/jerq/demo/src/asteroids/rock.c
v10/usr/jerq/demo/src/asteroids/rock.h
v10/usr/jerq/demo/src/asteroids/ship.c
v10/usr/jerq/demo/src/asteroids/ship.h
v10/usr/jerq/demo/src/cent/Makefile
v10/usr/jerq/demo/src/cent/chk_coll.c
v10/usr/jerq/demo/src/cent/chk_mecoll.c
v10/usr/jerq/demo/src/cent/digits.c
v10/usr/jerq/demo/src/cent/error.c
v10/usr/jerq/demo/src/cent/exit_game.c
v10/usr/jerq/demo/src/cent/globals.c
v10/usr/jerq/demo/src/cent/init_game.c
v10/usr/jerq/demo/src/cent/init_round.c
v10/usr/jerq/demo/src/cent/init_scr.c
v10/usr/jerq/demo/src/cent/killplayer.c
v10/usr/jerq/demo/src/cent/personchoose.c
v10/usr/jerq/demo/src/cent/playdefs.h
v10/usr/jerq/demo/src/cent/playdisp.c
v10/usr/jerq/demo/src/cent/player.c
v10/usr/jerq/demo/src/cent/put_chunk.c
v10/usr/jerq/demo/src/cent/scorpchoose.c
v10/usr/jerq/demo/src/cent/shotchoose.c
v10/usr/jerq/demo/src/cent/slugchoose.c
v10/usr/jerq/demo/src/cent/spiderchoose.c
v10/usr/jerq/demo/src/cent/start_stuff.c
v10/usr/jerq/demo/src/cent/wormchoose.c
v10/usr/jerq/demo/src/fence/fence.c
v10/usr/jerq/demo/src/fence/fence1l
v10/usr/jerq/demo/src/fence/fence1r
v10/usr/jerq/demo/src/fence/fence2l
v10/usr/jerq/demo/src/fence/fence2r
v10/usr/jerq/demo/src/fence/fence3l
v10/usr/jerq/demo/src/fence/fence3r
v10/usr/jerq/demo/src/fence/fence4l
v10/usr/jerq/demo/src/fence/fence4r
v10/usr/jerq/demo/src/fence/makefile
