v10/usr/jerq/demo/src/pengo/Makefile
v10/usr/jerq/demo/src/pengo/README
v10/usr/jerq/demo/src/pengo/bitmap.c
v10/usr/jerq/demo/src/pengo/chars.c
v10/usr/jerq/demo/src/pengo/digits.c
v10/usr/jerq/demo/src/pengo/endgame.c
v10/usr/jerq/demo/src/pengo/event.c
v10/usr/jerq/demo/src/pengo/events.c
v10/usr/jerq/demo/src/pengo/globals.c
v10/usr/jerq/demo/src/pengo/goo1
v10/usr/jerq/demo/src/pengo/header.c
v10/usr/jerq/demo/src/pengo/init.c
v10/usr/jerq/demo/src/pengo/level.c
v10/usr/jerq/demo/src/pengo/mouse.c
v10/usr/jerq/demo/src/pengo/pengo.c
v10/usr/jerq/demo/src/pengo/pengo.h
v10/usr/jerq/demo/src/pengo/player.c
v10/usr/jerq/demo/src/pengo/score.c
v10/usr/jerq/demo/src/pengo/screen.c
v10/usr/jerq/demo/src/pengo/shapes.c
v10/usr/jerq/demo/src/pengo/sno_bee.c
v10/usr/jerq/demo/src/pengo/walrus.c
v10/usr/jerq/demo/src/pengo/water.c
v10/usr/jerq/demo/src/pengo/icons/0diamond
v10/usr/jerq/demo/src/pengo/icons/100
v10/usr/jerq/demo/src/pengo/icons/1600
v10/usr/jerq/demo/src/pengo/icons/3200
v10/usr/jerq/demo/src/pengo/icons/400
v10/usr/jerq/demo/src/pengo/icons/500
v10/usr/jerq/demo/src/pengo/icons/6400
v10/usr/jerq/demo/src/pengo/icons/bee0
v10/usr/jerq/demo/src/pengo/icons/bee1
v10/usr/jerq/demo/src/pengo/icons/beede
v10/usr/jerq/demo/src/pengo/icons/blank
v10/usr/jerq/demo/src/pengo/icons/block
v10/usr/jerq/demo/src/pengo/icons/chairl
v10/usr/jerq/demo/src/pengo/icons/chairr
v10/usr/jerq/demo/src/pengo/icons/conf1
v10/usr/jerq/demo/src/pengo/icons/conf12
v10/usr/jerq/demo/src/pengo/icons/conf2
v10/usr/jerq/demo/src/pengo/icons/dead0
v10/usr/jerq/demo/src/pengo/icons/dead1
v10/usr/jerq/demo/src/pengo/icons/egg
v10/usr/jerq/demo/src/pengo/icons/fblock
v10/usr/jerq/demo/src/pengo/icons/hula0
v10/usr/jerq/demo/src/pengo/icons/hula1
v10/usr/jerq/demo/src/pengo/icons/hula2
v10/usr/jerq/demo/src/pengo/icons/hula3
v10/usr/jerq/demo/src/pengo/icons/hula4
v10/usr/jerq/demo/src/pengo/icons/null
v10/usr/jerq/demo/src/pengo/icons/pback
v10/usr/jerq/demo/src/pengo/icons/pengo1
v10/usr/jerq/demo/src/pengo/icons/pengo2
v10/usr/jerq/demo/src/pengo/icons/pengo3
v10/usr/jerq/demo/src/pengo/icons/pengo4
v10/usr/jerq/demo/src/pengo/icons/pengo5
v10/usr/jerq/demo/src/pengo/icons/pengo6
v10/usr/jerq/demo/src/pengo/icons/pengo7
v10/usr/jerq/demo/src/pengo/icons/pengo8
v10/usr/jerq/demo/src/pengo/icons/playerl0
v10/usr/jerq/demo/src/pengo/icons/playerl1
v10/usr/jerq/demo/src/pengo/icons/playerr0
v10/usr/jerq/demo/src/pengo/icons/playerr1
v10/usr/jerq/demo/src/pengo/icons/salute
v10/usr/jerq/demo/src/pengo/icons/sq_0down
v10/usr/jerq/demo/src/pengo/icons/sq_0left
v10/usr/jerq/demo/src/pengo/icons/sq_0right
v10/usr/jerq/demo/src/pengo/icons/sq_0up
v10/usr/jerq/demo/src/pengo/icons/sq_1down
v10/usr/jerq/demo/src/pengo/icons/sq_1left
v10/usr/jerq/demo/src/pengo/icons/sq_1right
v10/usr/jerq/demo/src/pengo/icons/sq_1up
v10/usr/jerq/demo/src/pengo/icons/still
v10/usr/jerq/demo/src/pengo/icons/video0
v10/usr/jerq/demo/src/pengo/icons/wiggle0
v10/usr/jerq/demo/src/pengo/icons/wiggle1
v10/usr/jerq/demo/src/sapengo/Makefile
v10/usr/jerq/demo/src/sapengo/README
v10/usr/jerq/demo/src/sapengo/bitmap.c
v10/usr/jerq/demo/src/sapengo/chars.c
v10/usr/jerq/demo/src/sapengo/digits.c
v10/usr/jerq/demo/src/sapengo/endgame.c
v10/usr/jerq/demo/src/sapengo/event.c
v10/usr/jerq/demo/src/sapengo/events.c
v10/usr/jerq/demo/src/sapengo/globals.c
v10/usr/jerq/demo/src/sapengo/goo1
v10/usr/jerq/demo/src/sapengo/header.c
v10/usr/jerq/demo/src/sapengo/init.c
v10/usr/jerq/demo/src/sapengo/level.c
v10/usr/jerq/demo/src/sapengo/mouse.c
v10/usr/jerq/demo/src/sapengo/pengo.c
v10/usr/jerq/demo/src/sapengo/pengo.h
v10/usr/jerq/demo/src/sapengo/player.c
v10/usr/jerq/demo/src/sapengo/score.c
v10/usr/jerq/demo/src/sapengo/screen.c
v10/usr/jerq/demo/src/sapengo/shapes.c
v10/usr/jerq/demo/src/sapengo/sno_bee.c
v10/usr/jerq/demo/src/sapengo/temp
v10/usr/jerq/demo/src/sapengo/water.c
