v10/usr/jerq/icon/face48/.catalog.c
v10/usr/jerq/icon/face48/4er
v10/usr/jerq/icon/face48/ACSnet
v10/usr/jerq/icon/face48/FURUTA
v10/usr/jerq/icon/face48/MAILER-DAEMON
v10/usr/jerq/icon/face48/aap
v10/usr/jerq/icon/face48/aas
v10/usr/jerq/icon/face48/acerbi
v10/usr/jerq/icon/face48/adb
v10/usr/jerq/icon/face48/adm
v10/usr/jerq/icon/face48/adrian
v10/usr/jerq/icon/face48/adw
v10/usr/jerq/icon/face48/aef
v10/usr/jerq/icon/face48/aek
v10/usr/jerq/icon/face48/agf
v10/usr/jerq/icon/face48/ahm
v10/usr/jerq/icon/face48/ajm
v10/usr/jerq/icon/face48/ak1
v10/usr/jerq/icon/face48/alain
v10/usr/jerq/icon/face48/alan
v10/usr/jerq/icon/face48/alb
v10/usr/jerq/icon/face48/albert
v10/usr/jerq/icon/face48/allan
v10/usr/jerq/icon/face48/alon
v10/usr/jerq/icon/face48/altoun
v10/usr/jerq/icon/face48/amo
v10/usr/jerq/icon/face48/amw
v10/usr/jerq/icon/face48/amy
v10/usr/jerq/icon/face48/anand
v10/usr/jerq/icon/face48/andre.oz
v10/usr/jerq/icon/face48/andrea
v10/usr/jerq/icon/face48/andrew
v10/usr/jerq/icon/face48/andrew2
v10/usr/jerq/icon/face48/andrewt.oz
v10/usr/jerq/icon/face48/andys
v10/usr/jerq/icon/face48/anil
v10/usr/jerq/icon/face48/anita
v10/usr/jerq/icon/face48/ap
v10/usr/jerq/icon/face48/apdoo
v10/usr/jerq/icon/face48/appledone
v10/usr/jerq/icon/face48/applemore
v10/usr/jerq/icon/face48/aps
v10/usr/jerq/icon/face48/aps1135
v10/usr/jerq/icon/face48/ark
v10/usr/jerq/icon/face48/arm
v10/usr/jerq/icon/face48/aronov
v10/usr/jerq/icon/face48/aroon
v10/usr/jerq/icon/face48/arun
v10/usr/jerq/icon/face48/ato
v10/usr/jerq/icon/face48/att!cls
v10/usr/jerq/icon/face48/ava
v10/usr/jerq/icon/face48/aviva
v10/usr/jerq/icon/face48/awa
v10/usr/jerq/icon/face48/azo
v10/usr/jerq/icon/face48/bal
v10/usr/jerq/icon/face48/bala
v10/usr/jerq/icon/face48/barbh
v10/usr/jerq/icon/face48/bart
v10/usr/jerq/icon/face48/bart.wisc
v10/usr/jerq/icon/face48/bates
v10/usr/jerq/icon/face48/baudinet
v10/usr/jerq/icon/face48/bb
v10/usr/jerq/icon/face48/bbc
v10/usr/jerq/icon/face48/bbh
v10/usr/jerq/icon/face48/bc
v10/usr/jerq/icon/face48/bcr.unknown
v10/usr/jerq/icon/face48/bda
v10/usr/jerq/icon/face48/bdl
v10/usr/jerq/icon/face48/bdm
v10/usr/jerq/icon/face48/bea
v10/usr/jerq/icon/face48/beate
v10/usr/jerq/icon/face48/bem
v10/usr/jerq/icon/face48/ber
v10/usr/jerq/icon/face48/ber1
v10/usr/jerq/icon/face48/bernie
v10/usr/jerq/icon/face48/bev
v10/usr/jerq/icon/face48/bgs
v10/usr/jerq/icon/face48/bianchi
v10/usr/jerq/icon/face48/bill.schell
v10/usr/jerq/icon/face48/bin
v10/usr/jerq/icon/face48/bird
v10/usr/jerq/icon/face48/blank.face
v10/usr/jerq/icon/face48/blewett
v10/usr/jerq/icon/face48/boyd
v10/usr/jerq/icon/face48/bozo
v10/usr/jerq/icon/face48/bruce
v10/usr/jerq/icon/face48/brucee
v10/usr/jerq/icon/face48/brucee.oz
v10/usr/jerq/icon/face48/bs
v10/usr/jerq/icon/face48/bsb
v10/usr/jerq/icon/face48/bso
v10/usr/jerq/icon/face48/buergi
v10/usr/jerq/icon/face48/bwc
v10/usr/jerq/icon/face48/bwk
v10/usr/jerq/icon/face48/cacm
v10/usr/jerq/icon/face48/cad.oz
v10/usr/jerq/icon/face48/capek!win
v10/usr/jerq/icon/face48/car
v10/usr/jerq/icon/face48/caret.oz
v10/usr/jerq/icon/face48/carol
v10/usr/jerq/icon/face48/carrie
v10/usr/jerq/icon/face48/carter
v10/usr/jerq/icon/face48/cartoon
v10/usr/jerq/icon/face48/caryl
v10/usr/jerq/icon/face48/caw
v10/usr/jerq/icon/face48/cew
v10/usr/jerq/icon/face48/chaos
v10/usr/jerq/icon/face48/chen
v10/usr/jerq/icon/face48/ches
v10/usr/jerq/icon/face48/chip
v10/usr/jerq/icon/face48/chris
v10/usr/jerq/icon/face48/chris.oz
v10/usr/jerq/icon/face48/chrisp
v10/usr/jerq/icon/face48/cindy
v10/usr/jerq/icon/face48/cjc
v10/usr/jerq/icon/face48/cjp
v10/usr/jerq/icon/face48/clapper.brian
v10/usr/jerq/icon/face48/clark
v10/usr/jerq/icon/face48/clark1135
v10/usr/jerq/icon/face48/clarkson
v10/usr/jerq/icon/face48/clf
v10/usr/jerq/icon/face48/clive
v10/usr/jerq/icon/face48/clm
v10/usr/jerq/icon/face48/cls
v10/usr/jerq/icon/face48/clt
v10/usr/jerq/icon/face48/cohrs
v10/usr/jerq/icon/face48/collyer
v10/usr/jerq/icon/face48/cooper
v10/usr/jerq/icon/face48/cordery
v10/usr/jerq/icon/face48/costas
v10/usr/jerq/icon/face48/court
v10/usr/jerq/icon/face48/court.new
v10/usr/jerq/icon/face48/court.old
v10/usr/jerq/icon/face48/cow
v10/usr/jerq/icon/face48/cpc
v10/usr/jerq/icon/face48/craig
v10/usr/jerq/icon/face48/crichards
v10/usr/jerq/icon/face48/crk
v10/usr/jerq/icon/face48/crr
v10/usr/jerq/icon/face48/crs
v10/usr/jerq/icon/face48/csw
v10/usr/jerq/icon/face48/cth
v10/usr/jerq/icon/face48/ctl
v10/usr/jerq/icon/face48/cvw
v10/usr/jerq/icon/face48/cwf
v10/usr/jerq/icon/face48/cynthia
v10/usr/jerq/icon/face48/d
v10/usr/jerq/icon/face48/daa
v10/usr/jerq/icon/face48/dad
v10/usr/jerq/icon/face48/daemon
v10/usr/jerq/icon/face48/dak
v10/usr/jerq/icon/face48/dan
v10/usr/jerq/icon/face48/dar
v10/usr/jerq/icon/face48/daryl
v10/usr/jerq/icon/face48/dave
v10/usr/jerq/icon/face48/davef
v10/usr/jerq/icon/face48/david
v10/usr/jerq/icon/face48/dbk
v10/usr/jerq/icon/face48/dbl
v10/usr/jerq/icon/face48/dbm
v10/usr/jerq/icon/face48/dcb
v10/usr/jerq/icon/face48/ddl
v10/usr/jerq/icon/face48/dds
v10/usr/jerq/icon/face48/deathstar
v10/usr/jerq/icon/face48/deb
v10/usr/jerq/icon/face48/debaer
v10/usr/jerq/icon/face48/debra
v10/usr/jerq/icon/face48/dectalk
v10/usr/jerq/icon/face48/dej
v10/usr/jerq/icon/face48/dgb
v10/usr/jerq/icon/face48/dgeiger
v10/usr/jerq/icon/face48/dgf
v10/usr/jerq/icon/face48/dhn
v10/usr/jerq/icon/face48/diana
v10/usr/jerq/icon/face48/diane
v10/usr/jerq/icon/face48/diane.litman
v10/usr/jerq/icon/face48/dickson
v10/usr/jerq/icon/face48/ding
v10/usr/jerq/icon/face48/dj
v10/usr/jerq/icon/face48/djc
v10/usr/jerq/icon/face48/djg
v10/usr/jerq/icon/face48/dji
v10/usr/jerq/icon/face48/dl
v10/usr/jerq/icon/face48/dluginbu
v10/usr/jerq/icon/face48/dmd
v10/usr/jerq/icon/face48/dme
v10/usr/jerq/icon/face48/dmg
v10/usr/jerq/icon/face48/dmh
v10/usr/jerq/icon/face48/dmm
v10/usr/jerq/icon/face48/dmr
v10/usr/jerq/icon/face48/dmw
v10/usr/jerq/icon/face48/don
v10/usr/jerq/icon/face48/donna
v10/usr/jerq/icon/face48/dor
v10/usr/jerq/icon/face48/doug
v10/usr/jerq/icon/face48/doyle
v10/usr/jerq/icon/face48/dpd
v10/usr/jerq/icon/face48/drh
v10/usr/jerq/icon/face48/drichardson
v10/usr/jerq/icon/face48/dsa
v10/usr/jerq/icon/face48/dsj
v10/usr/jerq/icon/face48/dsr
v10/usr/jerq/icon/face48/dsw
v10/usr/jerq/icon/face48/dt
v10/usr/jerq/icon/face48/duba
v10/usr/jerq/icon/face48/dvk
v10/usr/jerq/icon/face48/dwh
v10/usr/jerq/icon/face48/dz
v10/usr/jerq/icon/face48/ebf
v10/usr/jerq/icon/face48/ecc
v10/usr/jerq/icon/face48/edgould
v10/usr/jerq/icon/face48/edu
v10/usr/jerq/icon/face48/eer
v10/usr/jerq/icon/face48/ees
v10/usr/jerq/icon/face48/egc
v10/usr/jerq/icon/face48/ehg
v10/usr/jerq/icon/face48/eick
v10/usr/jerq/icon/face48/ejs
v10/usr/jerq/icon/face48/ekrell
v10/usr/jerq/icon/face48/ellen
v10/usr/jerq/icon/face48/ellis
v10/usr/jerq/icon/face48/em
v10/usr/jerq/icon/face48/eom
v10/usr/jerq/icon/face48/eowyn
v10/usr/jerq/icon/face48/eric
v10/usr/jerq/icon/face48/erik
v10/usr/jerq/icon/face48/esther
v10/usr/jerq/icon/face48/esz
v10/usr/jerq/icon/face48/eth.unk
v10/usr/jerq/icon/face48/etien
v10/usr/jerq/icon/face48/ewh
v10/usr/jerq/icon/face48/ewm
v10/usr/jerq/icon/face48/eww
v10/usr/jerq/icon/face48/faber
v10/usr/jerq/icon/face48/faceS
v10/usr/jerq/icon/face48/fahim
v10/usr/jerq/icon/face48/fbg
v10/usr/jerq/icon/face48/fiv
v10/usr/jerq/icon/face48/flandren
v10/usr/jerq/icon/face48/fm
v10/usr/jerq/icon/face48/fran
v10/usr/jerq/icon/face48/fran_o
v10/usr/jerq/icon/face48/frodo
v10/usr/jerq/icon/face48/frodo.old
v10/usr/jerq/icon/face48/ftg
v10/usr/jerq/icon/face48/ftl
v10/usr/jerq/icon/face48/furrer
v10/usr/jerq/icon/face48/fw
v10/usr/jerq/icon/face48/gale
v10/usr/jerq/icon/face48/gam
v10/usr/jerq/icon/face48/gander
v10/usr/jerq/icon/face48/gar
v10/usr/jerq/icon/face48/gas
v10/usr/jerq/icon/face48/gb
v10/usr/jerq/icon/face48/gbd
v10/usr/jerq/icon/face48/gbrown
v10/usr/jerq/icon/face48/gc
v10/usr/jerq/icon/face48/geiger
v10/usr/jerq/icon/face48/george
v10/usr/jerq/icon/face48/george.oz
v10/usr/jerq/icon/face48/georges
v10/usr/jerq/icon/face48/gerard
v10/usr/jerq/icon/face48/gerard1
v10/usr/jerq/icon/face48/ggs
v10/usr/jerq/icon/face48/ghg
v10/usr/jerq/icon/face48/gjm
v10/usr/jerq/icon/face48/gks
v10/usr/jerq/icon/face48/gnelson
v10/usr/jerq/icon/face48/goemans
v10/usr/jerq/icon/face48/golub
v10/usr/jerq/icon/face48/gonzo
v10/usr/jerq/icon/face48/gopal
v10/usr/jerq/icon/face48/gre
v10/usr/jerq/icon/face48/greece
v10/usr/jerq/icon/face48/greg
v10/usr/jerq/icon/face48/greg.oz
v10/usr/jerq/icon/face48/gregr.oz
v10/usr/jerq/icon/face48/gretchen
v10/usr/jerq/icon/face48/gris.oz
v10/usr/jerq/icon/face48/gsky
v10/usr/jerq/icon/face48/gtv
v10/usr/jerq/icon/face48/gusella
v10/usr/jerq/icon/face48/gwen
v10/usr/jerq/icon/face48/gwf
v10/usr/jerq/icon/face48/gwyn
v10/usr/jerq/icon/face48/hania
v10/usr/jerq/icon/face48/hank
v10/usr/jerq/icon/face48/hari
v10/usr/jerq/icon/face48/harris
v10/usr/jerq/icon/face48/haw
v10/usr/jerq/icon/face48/hdc
v10/usr/jerq/icon/face48/helen
v10/usr/jerq/icon/face48/henk
v10/usr/jerq/icon/face48/hhg
v10/usr/jerq/icon/face48/hilde
v10/usr/jerq/icon/face48/hjb
v10/usr/jerq/icon/face48/hjchen
v10/usr/jerq/icon/face48/hmm
v10/usr/jerq/icon/face48/hobby
v10/usr/jerq/icon/face48/homer!wolf
v10/usr/jerq/icon/face48/honey
v10/usr/jerq/icon/face48/howard
v10/usr/jerq/icon/face48/hpk
v10/usr/jerq/icon/face48/hsb
v10/usr/jerq/icon/face48/hstein
v10/usr/jerq/icon/face48/hsw
v10/usr/jerq/icon/face48/htyuen
v10/usr/jerq/icon/face48/huff
v10/usr/jerq/icon/face48/hwp
v10/usr/jerq/icon/face48/hyh
v10/usr/jerq/icon/face48/ianj
v10/usr/jerq/icon/face48/illini
v10/usr/jerq/icon/face48/ilze
v10/usr/jerq/icon/face48/indy
v10/usr/jerq/icon/face48/ingrid
v10/usr/jerq/icon/face48/isabelle
v10/usr/jerq/icon/face48/isner
v10/usr/jerq/icon/face48/ivan
v10/usr/jerq/icon/face48/ivette
v10/usr/jerq/icon/face48/jaa.oz
v10/usr/jerq/icon/face48/jaap
v10/usr/jerq/icon/face48/jab
v10/usr/jerq/icon/face48/jaf
v10/usr/jerq/icon/face48/jal
v10/usr/jerq/icon/face48/janb.oz
v10/usr/jerq/icon/face48/janssen
v10/usr/jerq/icon/face48/japan
v10/usr/jerq/icon/face48/jason
v10/usr/jerq/icon/face48/jazz
v10/usr/jerq/icon/face48/jb
v10/usr/jerq/icon/face48/jb.oz
v10/usr/jerq/icon/face48/jbl
v10/usr/jerq/icon/face48/jbp
v10/usr/jerq/icon/face48/jbs
v10/usr/jerq/icon/face48/jchin
v10/usr/jerq/icon/face48/jcl
v10/usr/jerq/icon/face48/jcm
v10/usr/jerq/icon/face48/jdc
v10/usr/jerq/icon/face48/jdg
v10/usr/jerq/icon/face48/jdj
v10/usr/jerq/icon/face48/jdodds
v10/usr/jerq/icon/face48/jean
v10/usr/jerq/icon/face48/jeg
v10/usr/jerq/icon/face48/jem
v10/usr/jerq/icon/face48/jems
v10/usr/jerq/icon/face48/jer
v10/usr/jerq/icon/face48/jerq
v10/usr/jerq/icon/face48/jes
v10/usr/jerq/icon/face48/jes.ulysses
v10/usr/jerq/icon/face48/jf
v10/usr/jerq/icon/face48/jfm
v10/usr/jerq/icon/face48/jgw
v10/usr/jerq/icon/face48/jhc
v10/usr/jerq/icon/face48/jhs
v10/usr/jerq/icon/face48/jhs.old
v10/usr/jerq/icon/face48/jhv
v10/usr/jerq/icon/face48/jhw
