v10/usr/jerq/icon/face48/jim
v10/usr/jerq/icon/face48/jimt
v10/usr/jerq/icon/face48/jj
v10/usr/jerq/icon/face48/jjm
v10/usr/jerq/icon/face48/jjp
v10/usr/jerq/icon/face48/jjs
v10/usr/jerq/icon/face48/jlb
v10/usr/jerq/icon/face48/jlh
v10/usr/jerq/icon/face48/jll
v10/usr/jerq/icon/face48/jlu
v10/usr/jerq/icon/face48/jmc
v10/usr/jerq/icon/face48/jmck
v10/usr/jerq/icon/face48/jmckie
v10/usr/jerq/icon/face48/jml
v10/usr/jerq/icon/face48/jms
v10/usr/jerq/icon/face48/jnl
v10/usr/jerq/icon/face48/joann
v10/usr/jerq/icon/face48/joelle
v10/usr/jerq/icon/face48/john
v10/usr/jerq/icon/face48/john.oz
v10/usr/jerq/icon/face48/johnlp
v10/usr/jerq/icon/face48/johnn
v10/usr/jerq/icon/face48/johnz.oz
v10/usr/jerq/icon/face48/jojo
v10/usr/jerq/icon/face48/jon
v10/usr/jerq/icon/face48/jpl
v10/usr/jerq/icon/face48/jpl.nerdy
v10/usr/jerq/icon/face48/jpo
v10/usr/jerq/icon/face48/jpw
v10/usr/jerq/icon/face48/jqa
v10/usr/jerq/icon/face48/jr-all*
v10/usr/jerq/icon/face48/jrd
v10/usr/jerq/icon/face48/jre
v10/usr/jerq/icon/face48/jrr
v10/usr/jerq/icon/face48/js
v10/usr/jerq/icon/face48/jss
v10/usr/jerq/icon/face48/jsw
v10/usr/jerq/icon/face48/jtd
v10/usr/jerq/icon/face48/judy
v10/usr/jerq/icon/face48/judy2
v10/usr/jerq/icon/face48/judykay
v10/usr/jerq/icon/face48/jules
v10/usr/jerq/icon/face48/jwg
v10/usr/jerq/icon/face48/jwr
v10/usr/jerq/icon/face48/jxm
v10/usr/jerq/icon/face48/jz
v10/usr/jerq/icon/face48/kag
v10/usr/jerq/icon/face48/kahrs
v10/usr/jerq/icon/face48/kam
v10/usr/jerq/icon/face48/kanga1
v10/usr/jerq/icon/face48/kanga2
v10/usr/jerq/icon/face48/kanga3
v10/usr/jerq/icon/face48/karen
v10/usr/jerq/icon/face48/karen2
v10/usr/jerq/icon/face48/karen_p
v10/usr/jerq/icon/face48/kay
v10/usr/jerq/icon/face48/kbg
v10/usr/jerq/icon/face48/kd
v10/usr/jerq/icon/face48/kdb
v10/usr/jerq/icon/face48/kdg
v10/usr/jerq/icon/face48/kee
v10/usr/jerq/icon/face48/kee.old
v10/usr/jerq/icon/face48/kelly.tom
v10/usr/jerq/icon/face48/ken
v10/usr/jerq/icon/face48/kenf
v10/usr/jerq/icon/face48/kerry
v10/usr/jerq/icon/face48/keshav
v10/usr/jerq/icon/face48/kestrel
v10/usr/jerq/icon/face48/kfc
v10/usr/jerq/icon/face48/kgr
v10/usr/jerq/icon/face48/kim
v10/usr/jerq/icon/face48/kjo
v10/usr/jerq/icon/face48/koala
v10/usr/jerq/icon/face48/koether
v10/usr/jerq/icon/face48/kre
v10/usr/jerq/icon/face48/kruskal
v10/usr/jerq/icon/face48/ktg
v10/usr/jerq/icon/face48/kuta
v10/usr/jerq/icon/face48/kwc
v10/usr/jerq/icon/face48/kye
v10/usr/jerq/icon/face48/kzm
v10/usr/jerq/icon/face48/lac
v10/usr/jerq/icon/face48/lacy
v10/usr/jerq/icon/face48/lagarias
v10/usr/jerq/icon/face48/lalita
v10/usr/jerq/icon/face48/lam
v10/usr/jerq/icon/face48/las
v10/usr/jerq/icon/face48/lauren
v10/usr/jerq/icon/face48/law
v10/usr/jerq/icon/face48/lck
v10/usr/jerq/icon/face48/ld
v10/usr/jerq/icon/face48/lee
v10/usr/jerq/icon/face48/lee.moore
v10/usr/jerq/icon/face48/lem
v10/usr/jerq/icon/face48/lepac
v10/usr/jerq/icon/face48/lepac.old
v10/usr/jerq/icon/face48/lerner
v10/usr/jerq/icon/face48/les.oz
v10/usr/jerq/icon/face48/lesk
v10/usr/jerq/icon/face48/lhs
v10/usr/jerq/icon/face48/lil
v10/usr/jerq/icon/face48/lil.old
v10/usr/jerq/icon/face48/lil2
v10/usr/jerq/icon/face48/lila
v10/usr/jerq/icon/face48/lim
v10/usr/jerq/icon/face48/linda
v10/usr/jerq/icon/face48/linda_o
v10/usr/jerq/icon/face48/lindaca
v10/usr/jerq/icon/face48/ljh
v10/usr/jerq/icon/face48/llc
v10/usr/jerq/icon/face48/llc_o
v10/usr/jerq/icon/face48/loek
v10/usr/jerq/icon/face48/longHairKahrs
v10/usr/jerq/icon/face48/lou
v10/usr/jerq/icon/face48/low
v10/usr/jerq/icon/face48/luca
v10/usr/jerq/icon/face48/lucky
v10/usr/jerq/icon/face48/lurene.oz
v10/usr/jerq/icon/face48/lwj
v10/usr/jerq/icon/face48/maclean
v10/usr/jerq/icon/face48/mad
v10/usr/jerq/icon/face48/madagil
v10/usr/jerq/icon/face48/madany
v10/usr/jerq/icon/face48/madeline
v10/usr/jerq/icon/face48/mahsh
v10/usr/jerq/icon/face48/mandrill
v10/usr/jerq/icon/face48/mansour
v10/usr/jerq/icon/face48/marcia
v10/usr/jerq/icon/face48/margaret.oz
v10/usr/jerq/icon/face48/margo
v10/usr/jerq/icon/face48/marilyn
v10/usr/jerq/icon/face48/mario
v10/usr/jerq/icon/face48/mark
v10/usr/jerq/icon/face48/mark2
v10/usr/jerq/icon/face48/markb.oz
v10/usr/jerq/icon/face48/markg.oz
v10/usr/jerq/icon/face48/marko
v10/usr/jerq/icon/face48/marty
v10/usr/jerq/icon/face48/mary.old
v10/usr/jerq/icon/face48/mas
v10/usr/jerq/icon/face48/mb
v10/usr/jerq/icon/face48/mbakker
v10/usr/jerq/icon/face48/mcb
v10/usr/jerq/icon/face48/mcgill
v10/usr/jerq/icon/face48/mcmillan
v10/usr/jerq/icon/face48/mct
v10/usr/jerq/icon/face48/mda
v10/usr/jerq/icon/face48/mdd
v10/usr/jerq/icon/face48/meg
v10/usr/jerq/icon/face48/mem
v10/usr/jerq/icon/face48/menten
v10/usr/jerq/icon/face48/met
v10/usr/jerq/icon/face48/mff
v10/usr/jerq/icon/face48/mgcr
v10/usr/jerq/icon/face48/mhawley
v10/usr/jerq/icon/face48/mhw
v10/usr/jerq/icon/face48/mia
v10/usr/jerq/icon/face48/midi
v10/usr/jerq/icon/face48/mihalis
v10/usr/jerq/icon/face48/mike
v10/usr/jerq/icon/face48/miker
v10/usr/jerq/icon/face48/mikey
v10/usr/jerq/icon/face48/miles
v10/usr/jerq/icon/face48/mingus
v10/usr/jerq/icon/face48/mischu
v10/usr/jerq/icon/face48/mitch
v10/usr/jerq/icon/face48/mitra
v10/usr/jerq/icon/face48/mja
v10/usr/jerq/icon/face48/mjg
v10/usr/jerq/icon/face48/mjm
v10/usr/jerq/icon/face48/mjp
v10/usr/jerq/icon/face48/mjs
v10/usr/jerq/icon/face48/mlb
v10/usr/jerq/icon/face48/mm
v10/usr/jerq/icon/face48/mmdf
v10/usr/jerq/icon/face48/mml
v10/usr/jerq/icon/face48/moe
v10/usr/jerq/icon/face48/moh
v10/usr/jerq/icon/face48/mohan
v10/usr/jerq/icon/face48/mor
v10/usr/jerq/icon/face48/mozart!bala
v10/usr/jerq/icon/face48/mozart!dmm
v10/usr/jerq/icon/face48/mozart!helen
v10/usr/jerq/icon/face48/mozart!jean
v10/usr/jerq/icon/face48/mozart!jjs
v10/usr/jerq/icon/face48/mozart!jpw
v10/usr/jerq/icon/face48/mozart!kgr
v10/usr/jerq/icon/face48/mozart!lac
v10/usr/jerq/icon/face48/mozart!stan
v10/usr/jerq/icon/face48/mozart!steve
v10/usr/jerq/icon/face48/mozart!vjm
v10/usr/jerq/icon/face48/mp
v10/usr/jerq/icon/face48/mrg
v10/usr/jerq/icon/face48/msg
v10/usr/jerq/icon/face48/msgs.oz
v10/usr/jerq/icon/face48/msm
v10/usr/jerq/icon/face48/munro
v10/usr/jerq/icon/face48/mw
v10/usr/jerq/icon/face48/mwm
v10/usr/jerq/icon/face48/mxs
v10/usr/jerq/icon/face48/myl
v10/usr/jerq/icon/face48/nabi
v10/usr/jerq/icon/face48/nadc
v10/usr/jerq/icon/face48/nancy
v10/usr/jerq/icon/face48/naughton
v10/usr/jerq/icon/face48/neera
v10/usr/jerq/icon/face48/neera.old
v10/usr/jerq/icon/face48/neera_n
v10/usr/jerq/icon/face48/neilc
v10/usr/jerq/icon/face48/netlibd
v10/usr/jerq/icon/face48/ngs
v10/usr/jerq/icon/face48/nina
v10/usr/jerq/icon/face48/njit_bc
v10/usr/jerq/icon/face48/nlm
v10/usr/jerq/icon/face48/nls
v10/usr/jerq/icon/face48/nmg
v10/usr/jerq/icon/face48/nmw
v10/usr/jerq/icon/face48/nohup.out
v10/usr/jerq/icon/face48/nopaper
v10/usr/jerq/icon/face48/norman
v10/usr/jerq/icon/face48/north
v10/usr/jerq/icon/face48/npn
v10/usr/jerq/icon/face48/nrv
v10/usr/jerq/icon/face48/nuzhat
v10/usr/jerq/icon/face48/oapdoo
v10/usr/jerq/icon/face48/obart
v10/usr/jerq/icon/face48/oeth.unk
v10/usr/jerq/icon/face48/ojapan
v10/usr/jerq/icon/face48/ojb
v10/usr/jerq/icon/face48/ojudy
v10/usr/jerq/icon/face48/old.unknown
v10/usr/jerq/icon/face48/omark
v10/usr/jerq/icon/face48/omeg
v10/usr/jerq/icon/face48/oreo
v10/usr/jerq/icon/face48/oreo1
v10/usr/jerq/icon/face48/orob
v10/usr/jerq/icon/face48/osamu
v10/usr/jerq/icon/face48/otto
v10/usr/jerq/icon/face48/owl1
v10/usr/jerq/icon/face48/owl2
v10/usr/jerq/icon/face48/owl3
v10/usr/jerq/icon/face48/p.collinson
v10/usr/jerq/icon/face48/pacapodium
v10/usr/jerq/icon/face48/padovano
v10/usr/jerq/icon/face48/pal
v10/usr/jerq/icon/face48/pam
v10/usr/jerq/icon/face48/pamela
v10/usr/jerq/icon/face48/paml
v10/usr/jerq/icon/face48/pao
v10/usr/jerq/icon/face48/papa.old
v10/usr/jerq/icon/face48/pat
v10/usr/jerq/icon/face48/patp
v10/usr/jerq/icon/face48/paul
v10/usr/jerq/icon/face48/paul.old
v10/usr/jerq/icon/face48/paulm
v10/usr/jerq/icon/face48/pdm
v10/usr/jerq/icon/face48/pebr
v10/usr/jerq/icon/face48/pebr2
v10/usr/jerq/icon/face48/peg
v10/usr/jerq/icon/face48/pera
v10/usr/jerq/icon/face48/peter.oz
v10/usr/jerq/icon/face48/pew
v10/usr/jerq/icon/face48/pg
v10/usr/jerq/icon/face48/pgreenfield
v10/usr/jerq/icon/face48/pgs
v10/usr/jerq/icon/face48/phoneca
v10/usr/jerq/icon/face48/phung
v10/usr/jerq/icon/face48/phyllis
v10/usr/jerq/icon/face48/piers
v10/usr/jerq/icon/face48/pinto
v10/usr/jerq/icon/face48/pjw
v10/usr/jerq/icon/face48/pjw.quiet
v10/usr/jerq/icon/face48/plotkin
v10/usr/jerq/icon/face48/pm
v10/usr/jerq/icon/face48/pmu
v10/usr/jerq/icon/face48/pommy
v10/usr/jerq/icon/face48/popcorn
v10/usr/jerq/icon/face48/pope
v10/usr/jerq/icon/face48/postmaster
v10/usr/jerq/icon/face48/postmaster-1
v10/usr/jerq/icon/face48/presotto
v10/usr/jerq/icon/face48/prl
v10/usr/jerq/icon/face48/pru
v10/usr/jerq/icon/face48/psl
v10/usr/jerq/icon/face48/psl:83
v10/usr/jerq/icon/face48/purush
v10/usr/jerq/icon/face48/pve
v10/usr/jerq/icon/face48/pwf
v10/usr/jerq/icon/face48/pys
v10/usr/jerq/icon/face48/rab
v10/usr/jerq/icon/face48/rabbit
v10/usr/jerq/icon/face48/rac
v10/usr/jerq/icon/face48/rac.mrkos
v10/usr/jerq/icon/face48/rae
v10/usr/jerq/icon/face48/ramon
v10/usr/jerq/icon/face48/randall
v10/usr/jerq/icon/face48/randy
v10/usr/jerq/icon/face48/ravi
v10/usr/jerq/icon/face48/rbm
v10/usr/jerq/icon/face48/rc
v10/usr/jerq/icon/face48/rcr
v10/usr/jerq/icon/face48/rdf
v10/usr/jerq/icon/face48/reeds
v10/usr/jerq/icon/face48/remo.oz
v10/usr/jerq/icon/face48/renee
v10/usr/jerq/icon/face48/rep
v10/usr/jerq/icon/face48/rer
v10/usr/jerq/icon/face48/ret
v10/usr/jerq/icon/face48/rex.oz
v10/usr/jerq/icon/face48/rfc
v10/usr/jerq/icon/face48/rfw
v10/usr/jerq/icon/face48/rgk
v10/usr/jerq/icon/face48/rhh
v10/usr/jerq/icon/face48/rhm
v10/usr/jerq/icon/face48/rib
v10/usr/jerq/icon/face48/rich
v10/usr/jerq/icon/face48/rick
v10/usr/jerq/icon/face48/rick1135
v10/usr/jerq/icon/face48/rig
v10/usr/jerq/icon/face48/riley
v10/usr/jerq/icon/face48/rja
v10/usr/jerq/icon/face48/rjbu
v10/usr/jerq/icon/face48/rje
v10/usr/jerq/icon/face48/rjh
v10/usr/jerq/icon/face48/rksmith
v10/usr/jerq/icon/face48/rkummerfeld
v10/usr/jerq/icon/face48/rl
v10/usr/jerq/icon/face48/rla
v10/usr/jerq/icon/face48/rlg
v10/usr/jerq/icon/face48/rlk
v10/usr/jerq/icon/face48/rnw
v10/usr/jerq/icon/face48/rob
v10/usr/jerq/icon/face48/romano
v10/usr/jerq/icon/face48/ronnie
v10/usr/jerq/icon/face48/root
v10/usr/jerq/icon/face48/rootasd
v10/usr/jerq/icon/face48/rose
v10/usr/jerq/icon/face48/ross
v10/usr/jerq/icon/face48/roy.oz
v10/usr/jerq/icon/face48/rr
v10/usr/jerq/icon/face48/rrg
v10/usr/jerq/icon/face48/rtm
v10/usr/jerq/icon/face48/russ
v10/usr/jerq/icon/face48/russo
v10/usr/jerq/icon/face48/rvdb
v10/usr/jerq/icon/face48/rwl
v10/usr/jerq/icon/face48/rws
v10/usr/jerq/icon/face48/rye
v10/usr/jerq/icon/face48/s
v10/usr/jerq/icon/face48/saad
v10/usr/jerq/icon/face48/sable
v10/usr/jerq/icon/face48/sal
v10/usr/jerq/icon/face48/sally
v10/usr/jerq/icon/face48/sam
v10/usr/jerq/icon/face48/san
v10/usr/jerq/icon/face48/sandy
v10/usr/jerq/icon/face48/sar
v10/usr/jerq/icon/face48/sas
v10/usr/jerq/icon/face48/saul
