v10/usr/jerq/icon/face48/saz
v10/usr/jerq/icon/face48/scd
v10/usr/jerq/icon/face48/schaffer
v10/usr/jerq/icon/face48/scott
v10/usr/jerq/icon/face48/scottyv
v10/usr/jerq/icon/face48/sean
v10/usr/jerq/icon/face48/sean.old
v10/usr/jerq/icon/face48/seanq
v10/usr/jerq/icon/face48/sec
v10/usr/jerq/icon/face48/sek
v10/usr/jerq/icon/face48/seth
v10/usr/jerq/icon/face48/sew
v10/usr/jerq/icon/face48/sgc
v10/usr/jerq/icon/face48/sgt
v10/usr/jerq/icon/face48/shand.oz
v10/usr/jerq/icon/face48/sharon
v10/usr/jerq/icon/face48/shieh
v10/usr/jerq/icon/face48/ship
v10/usr/jerq/icon/face48/shoji
v10/usr/jerq/icon/face48/shopiro
v10/usr/jerq/icon/face48/shor
v10/usr/jerq/icon/face48/shr
v10/usr/jerq/icon/face48/shyu
v10/usr/jerq/icon/face48/sif
v10/usr/jerq/icon/face48/sincos
v10/usr/jerq/icon/face48/sjf
v10/usr/jerq/icon/face48/sjones
v10/usr/jerq/icon/face48/skahan
v10/usr/jerq/icon/face48/skg
v10/usr/jerq/icon/face48/slow
v10/usr/jerq/icon/face48/slv
v10/usr/jerq/icon/face48/smb
v10/usr/jerq/icon/face48/snet
v10/usr/jerq/icon/face48/sonia
v10/usr/jerq/icon/face48/sphinx
v10/usr/jerq/icon/face48/spm
v10/usr/jerq/icon/face48/sra
v10/usr/jerq/icon/face48/srd
v10/usr/jerq/icon/face48/srm
v10/usr/jerq/icon/face48/ss
v10/usr/jerq/icon/face48/ssa
v10/usr/jerq/icon/face48/ssp
v10/usr/jerq/icon/face48/stan
v10/usr/jerq/icon/face48/stand
v10/usr/jerq/icon/face48/stephenf.oz
v10/usr/jerq/icon/face48/steve
v10/usr/jerq/icon/face48/stevej.oz
v10/usr/jerq/icon/face48/stu_kurtz
v10/usr/jerq/icon/face48/sub11274
v10/usr/jerq/icon/face48/sudhir
v10/usr/jerq/icon/face48/sue
v10/usr/jerq/icon/face48/syl
v10/usr/jerq/icon/face48/sys
v10/usr/jerq/icon/face48/sysfairy
v10/usr/jerq/icon/face48/tac
v10/usr/jerq/icon/face48/tai
v10/usr/jerq/icon/face48/tal.oz
v10/usr/jerq/icon/face48/tamar
v10/usr/jerq/icon/face48/tanuki
v10/usr/jerq/icon/face48/tasman
v10/usr/jerq/icon/face48/tbl
v10/usr/jerq/icon/face48/tcw
v10/usr/jerq/icon/face48/td
v10/usr/jerq/icon/face48/tdk
v10/usr/jerq/icon/face48/techlib
v10/usr/jerq/icon/face48/temple
v10/usr/jerq/icon/face48/terp
v10/usr/jerq/icon/face48/terry
v10/usr/jerq/icon/face48/teus
v10/usr/jerq/icon/face48/texhax
v10/usr/jerq/icon/face48/tgs
v10/usr/jerq/icon/face48/thelma
v10/usr/jerq/icon/face48/theo
v10/usr/jerq/icon/face48/thy
v10/usr/jerq/icon/face48/tibs
v10/usr/jerq/icon/face48/tilly
v10/usr/jerq/icon/face48/timw
v10/usr/jerq/icon/face48/tjiang
v10/usr/jerq/icon/face48/tjk
v10/usr/jerq/icon/face48/tla
v10/usr/jerq/icon/face48/tom
v10/usr/jerq/icon/face48/torez
v10/usr/jerq/icon/face48/tpm
v10/usr/jerq/icon/face48/trevor
v10/usr/jerq/icon/face48/trevor.shaved
v10/usr/jerq/icon/face48/trewitt
v10/usr/jerq/icon/face48/ttk
v10/usr/jerq/icon/face48/turkey
v10/usr/jerq/icon/face48/turkey.recline
v10/usr/jerq/icon/face48/turkey.updown
v10/usr/jerq/icon/face48/tve
v10/usr/jerq/icon/face48/tyj
v10/usr/jerq/icon/face48/ucb.unknown
v10/usr/jerq/icon/face48/uk
v10/usr/jerq/icon/face48/ulysses!andys
v10/usr/jerq/icon/face48/uml
v10/usr/jerq/icon/face48/unknown
v10/usr/jerq/icon/face48/uucp
v10/usr/jerq/icon/face48/uucpa
v10/usr/jerq/icon/face48/va
v10/usr/jerq/icon/face48/vaidya
v10/usr/jerq/icon/face48/vav
v10/usr/jerq/icon/face48/veb
v10/usr/jerq/icon/face48/vern
v10/usr/jerq/icon/face48/vg
v10/usr/jerq/icon/face48/virus-l
v10/usr/jerq/icon/face48/vjm
v10/usr/jerq/icon/face48/vkr
v10/usr/jerq/icon/face48/vlp
v10/usr/jerq/icon/face48/vmiller
v10/usr/jerq/icon/face48/vnn
v10/usr/jerq/icon/face48/wag
v10/usr/jerq/icon/face48/wald
v10/usr/jerq/icon/face48/wayne
v10/usr/jerq/icon/face48/wbuxton
v10/usr/jerq/icon/face48/weather
v10/usr/jerq/icon/face48/wel
v10/usr/jerq/icon/face48/wilber
v10/usr/jerq/icon/face48/will
v10/usr/jerq/icon/face48/windm.mcvax-
v10/usr/jerq/icon/face48/windmill.mcvax
v10/usr/jerq/icon/face48/windmill.ut
v10/usr/jerq/icon/face48/windmill.ut-
v10/usr/jerq/icon/face48/wing
v10/usr/jerq/icon/face48/wing.kanji
v10/usr/jerq/icon/face48/wisconsin
v10/usr/jerq/icon/face48/wmc
v10/usr/jerq/icon/face48/wolf
v10/usr/jerq/icon/face48/wolit
v10/usr/jerq/icon/face48/wookie
v10/usr/jerq/icon/face48/wormack
v10/usr/jerq/icon/face48/wpt
v10/usr/jerq/icon/face48/wsc
v10/usr/jerq/icon/face48/wtm
v10/usr/jerq/icon/face48/wwc
v10/usr/jerq/icon/face48/yar.oz
v10/usr/jerq/icon/face48/yekrut
v10/usr/jerq/icon/face48/yen
v10/usr/jerq/icon/face48/yoshi
v10/usr/jerq/icon/face48/yuki
v10/usr/jerq/icon/face48/yv
v10/usr/jerq/icon/face48/zauber.loop
v10/usr/jerq/icon/face48/zauberbar
v10/usr/jerq/icon/face48/zee
v10/usr/jerq/icon/face48/zeydy
