v10/usr/jerq/demo/src/sapengo/icons/0diamond
v10/usr/jerq/demo/src/sapengo/icons/100
v10/usr/jerq/demo/src/sapengo/icons/1600
v10/usr/jerq/demo/src/sapengo/icons/3200
v10/usr/jerq/demo/src/sapengo/icons/400
v10/usr/jerq/demo/src/sapengo/icons/500
v10/usr/jerq/demo/src/sapengo/icons/6400
v10/usr/jerq/demo/src/sapengo/icons/bee0
v10/usr/jerq/demo/src/sapengo/icons/bee1
v10/usr/jerq/demo/src/sapengo/icons/beede
v10/usr/jerq/demo/src/sapengo/icons/blank
v10/usr/jerq/demo/src/sapengo/icons/block
v10/usr/jerq/demo/src/sapengo/icons/chairl
v10/usr/jerq/demo/src/sapengo/icons/chairr
v10/usr/jerq/demo/src/sapengo/icons/conf1
v10/usr/jerq/demo/src/sapengo/icons/conf12
v10/usr/jerq/demo/src/sapengo/icons/conf2
v10/usr/jerq/demo/src/sapengo/icons/dead0
v10/usr/jerq/demo/src/sapengo/icons/dead1
v10/usr/jerq/demo/src/sapengo/icons/egg
v10/usr/jerq/demo/src/sapengo/icons/fblock
v10/usr/jerq/demo/src/sapengo/icons/hula0
v10/usr/jerq/demo/src/sapengo/icons/hula1
v10/usr/jerq/demo/src/sapengo/icons/hula2
v10/usr/jerq/demo/src/sapengo/icons/hula3
v10/usr/jerq/demo/src/sapengo/icons/hula4
v10/usr/jerq/demo/src/sapengo/icons/null
v10/usr/jerq/demo/src/sapengo/icons/pback
v10/usr/jerq/demo/src/sapengo/icons/pengo1
v10/usr/jerq/demo/src/sapengo/icons/pengo2
v10/usr/jerq/demo/src/sapengo/icons/pengo3
v10/usr/jerq/demo/src/sapengo/icons/pengo4
v10/usr/jerq/demo/src/sapengo/icons/pengo5
v10/usr/jerq/demo/src/sapengo/icons/pengo6
v10/usr/jerq/demo/src/sapengo/icons/pengo7
v10/usr/jerq/demo/src/sapengo/icons/pengo8
v10/usr/jerq/demo/src/sapengo/icons/playerl0
v10/usr/jerq/demo/src/sapengo/icons/playerl1
v10/usr/jerq/demo/src/sapengo/icons/playerr0
v10/usr/jerq/demo/src/sapengo/icons/playerr1
v10/usr/jerq/demo/src/sapengo/icons/salute
v10/usr/jerq/demo/src/sapengo/icons/sq_0down
v10/usr/jerq/demo/src/sapengo/icons/sq_0left
v10/usr/jerq/demo/src/sapengo/icons/sq_0right
v10/usr/jerq/demo/src/sapengo/icons/sq_0up
v10/usr/jerq/demo/src/sapengo/icons/sq_1down
v10/usr/jerq/demo/src/sapengo/icons/sq_1left
v10/usr/jerq/demo/src/sapengo/icons/sq_1right
v10/usr/jerq/demo/src/sapengo/icons/sq_1up
v10/usr/jerq/demo/src/sapengo/icons/still
v10/usr/jerq/demo/src/sapengo/icons/video0
v10/usr/jerq/demo/src/sapengo/icons/wiggle0
v10/usr/jerq/demo/src/sapengo/icons/wiggle1
v10/usr/jerq/demo/src/swar/accel.h
v10/usr/jerq/demo/src/swar/boom.icon
v10/usr/jerq/demo/src/swar/deathstar.icon
v10/usr/jerq/demo/src/swar/makefile
v10/usr/jerq/demo/src/swar/missile.icon
v10/usr/jerq/demo/src/swar/player0.icon
v10/usr/jerq/demo/src/swar/player1.icon
v10/usr/jerq/demo/src/swar/swar.c
v10/usr/jerq/demo/stand-alone/demo
v10/usr/jerq/icon/README
v10/usr/jerq/icon/foo
v10/usr/jerq/icon/16x16/ATTinvlogo
v10/usr/jerq/icon/16x16/ATTlogo
v10/usr/jerq/icon/16x16/CATALOG
v10/usr/jerq/icon/16x16/CATALOG.c
v10/usr/jerq/icon/16x16/aim
v10/usr/jerq/icon/16x16/aim-n
v10/usr/jerq/icon/16x16/aim-p
v10/usr/jerq/icon/16x16/arrow-b
v10/usr/jerq/icon/16x16/arrow-b-double
v10/usr/jerq/icon/16x16/arrow-b-fat
v10/usr/jerq/icon/16x16/arrow-b-fat1
v10/usr/jerq/icon/16x16/arrow-b-med
v10/usr/jerq/icon/16x16/arrow-b-turn
v10/usr/jerq/icon/16x16/arrow-b-wrap
v10/usr/jerq/icon/16x16/arrow-blit
v10/usr/jerq/icon/16x16/arrow-cur1
v10/usr/jerq/icon/16x16/arrow-cur1move
v10/usr/jerq/icon/16x16/arrow-cur2
v10/usr/jerq/icon/16x16/arrow-curled
v10/usr/jerq/icon/16x16/arrow-from
v10/usr/jerq/icon/16x16/arrow-into
v10/usr/jerq/icon/16x16/arrow-move
v10/usr/jerq/icon/16x16/arrow-turn
v10/usr/jerq/icon/16x16/arrow-w-double
v10/usr/jerq/icon/16x16/arrow-w-fat
v10/usr/jerq/icon/16x16/arrow-wrap
v10/usr/jerq/icon/16x16/bell
v10/usr/jerq/icon/16x16/bitblt
v10/usr/jerq/icon/16x16/blackborder
v10/usr/jerq/icon/16x16/blah
v10/usr/jerq/icon/16x16/boot
v10/usr/jerq/icon/16x16/boundarypad
v10/usr/jerq/icon/16x16/brain
v10/usr/jerq/icon/16x16/btllogo
v10/usr/jerq/icon/16x16/bulb
v10/usr/jerq/icon/16x16/bullseye
v10/usr/jerq/icon/16x16/bunny
v10/usr/jerq/icon/16x16/bunnyface
v10/usr/jerq/icon/16x16/caret
v10/usr/jerq/icon/16x16/carnegie
v10/usr/jerq/icon/16x16/champagne
v10/usr/jerq/icon/16x16/check
v10/usr/jerq/icon/16x16/cinco
v10/usr/jerq/icon/16x16/circle
v10/usr/jerq/icon/16x16/cleanup
v10/usr/jerq/icon/16x16/clock
v10/usr/jerq/icon/16x16/cockmouse
v10/usr/jerq/icon/16x16/coffeecup
v10/usr/jerq/icon/16x16/confirm
v10/usr/jerq/icon/16x16/copier
v10/usr/jerq/icon/16x16/copydisk
v10/usr/jerq/icon/16x16/corner
v10/usr/jerq/icon/16x16/cross-n
v10/usr/jerq/icon/16x16/cross-p
v10/usr/jerq/icon/16x16/crosshairs
v10/usr/jerq/icon/16x16/cup1
v10/usr/jerq/icon/16x16/cup2
v10/usr/jerq/icon/16x16/deadflower
v10/usr/jerq/icon/16x16/deadmouse
v10/usr/jerq/icon/16x16/diagmouse
v10/usr/jerq/icon/16x16/dice1
v10/usr/jerq/icon/16x16/dice2
v10/usr/jerq/icon/16x16/dice3
v10/usr/jerq/icon/16x16/dice4
v10/usr/jerq/icon/16x16/dice5
v10/usr/jerq/icon/16x16/dice6
v10/usr/jerq/icon/16x16/die
v10/usr/jerq/icon/16x16/digitalwatch
v10/usr/jerq/icon/16x16/dominion1
v10/usr/jerq/icon/16x16/dominion2
v10/usr/jerq/icon/16x16/dont
v10/usr/jerq/icon/16x16/drawbox
v10/usr/jerq/icon/16x16/drawboxthumb
v10/usr/jerq/icon/16x16/drawcaret
v10/usr/jerq/icon/16x16/drawcelloff
v10/usr/jerq/icon/16x16/drawcellon
v10/usr/jerq/icon/16x16/drawcenter
v10/usr/jerq/icon/16x16/drawdelwindow
v10/usr/jerq/icon/16x16/drawdoublearr
v10/usr/jerq/icon/16x16/drawhalfbox
v10/usr/jerq/icon/16x16/drawidle
v10/usr/jerq/icon/16x16/drawmovewindow
v10/usr/jerq/icon/16x16/drawnewwindow
v10/usr/jerq/icon/16x16/drawsplitbox
v10/usr/jerq/icon/16x16/drawsplitwind
v10/usr/jerq/icon/16x16/drawthumb
v10/usr/jerq/icon/16x16/egg
v10/usr/jerq/icon/16x16/ellipse
v10/usr/jerq/icon/16x16/eye
v10/usr/jerq/icon/16x16/father
v10/usr/jerq/icon/16x16/firecracker
v10/usr/jerq/icon/16x16/flag1
v10/usr/jerq/icon/16x16/flag2
v10/usr/jerq/icon/16x16/flower
v10/usr/jerq/icon/16x16/frank
v10/usr/jerq/icon/16x16/ftpcursor
v10/usr/jerq/icon/16x16/ftpsquare1
v10/usr/jerq/icon/16x16/ftpsquare2
v10/usr/jerq/icon/16x16/george
v10/usr/jerq/icon/16x16/ghost
v10/usr/jerq/icon/16x16/glasses
v10/usr/jerq/icon/16x16/goaway
v10/usr/jerq/icon/16x16/grab-closed
v10/usr/jerq/icon/16x16/grab-open
v10/usr/jerq/icon/16x16/grapes
v10/usr/jerq/icon/16x16/grid
v10/usr/jerq/icon/16x16/groundhog
v10/usr/jerq/icon/16x16/guillotine
v10/usr/jerq/icon/16x16/gun
v10/usr/jerq/icon/16x16/halloween
v10/usr/jerq/icon/16x16/hand
v10/usr/jerq/icon/16x16/hand-smalltalk
v10/usr/jerq/icon/16x16/hanukah
v10/usr/jerq/icon/16x16/heart
v10/usr/jerq/icon/16x16/help
v10/usr/jerq/icon/16x16/hook
v10/usr/jerq/icon/16x16/hourglass
v10/usr/jerq/icon/16x16/hung
v10/usr/jerq/icon/16x16/ilovenewyork
v10/usr/jerq/icon/16x16/impossifork
v10/usr/jerq/icon/16x16/invert
v10/usr/jerq/icon/16x16/junction
v10/usr/jerq/icon/16x16/kitten
v10/usr/jerq/icon/16x16/libcursor
v10/usr/jerq/icon/16x16/magnify
v10/usr/jerq/icon/16x16/mayday
v10/usr/jerq/icon/16x16/mcsquare
v10/usr/jerq/icon/16x16/menu
v10/usr/jerq/icon/16x16/menu1
v10/usr/jerq/icon/16x16/menu12
v10/usr/jerq/icon/16x16/menu123
v10/usr/jerq/icon/16x16/menu13
v10/usr/jerq/icon/16x16/menu2
v10/usr/jerq/icon/16x16/menu23
v10/usr/jerq/icon/16x16/menu3
v10/usr/jerq/icon/16x16/microscope
v10/usr/jerq/icon/16x16/mit
v10/usr/jerq/icon/16x16/mother
v10/usr/jerq/icon/16x16/mouse
v10/usr/jerq/icon/16x16/mouseblue
v10/usr/jerq/icon/16x16/mousered
v10/usr/jerq/icon/16x16/mouseyellow
v10/usr/jerq/icon/16x16/norges
v10/usr/jerq/icon/16x16/note1-1
v10/usr/jerq/icon/16x16/note1-16
v10/usr/jerq/icon/16x16/note1-2
v10/usr/jerq/icon/16x16/note1-4
v10/usr/jerq/icon/16x16/note1-8
v10/usr/jerq/icon/16x16/okraplant
v10/usr/jerq/icon/16x16/oldcar
v10/usr/jerq/icon/16x16/oldcoffeecup
v10/usr/jerq/icon/16x16/oops
v10/usr/jerq/icon/16x16/pacghost-d
v10/usr/jerq/icon/16x16/pacghost-l
v10/usr/jerq/icon/16x16/pacghost-r
v10/usr/jerq/icon/16x16/pacghost-u
v10/usr/jerq/icon/16x16/page
v10/usr/jerq/icon/16x16/pageslice
v10/usr/jerq/icon/16x16/palm
v10/usr/jerq/icon/16x16/paragraph
v10/usr/jerq/icon/16x16/paragraph-move
v10/usr/jerq/icon/16x16/pen
v10/usr/jerq/icon/16x16/phone
v10/usr/jerq/icon/16x16/phonecall
v10/usr/jerq/icon/16x16/puf
v10/usr/jerq/icon/16x16/questionmark1
v10/usr/jerq/icon/16x16/questionmark2
v10/usr/jerq/icon/16x16/racecar
v10/usr/jerq/icon/16x16/readthis
v10/usr/jerq/icon/16x16/receive
v10/usr/jerq/icon/16x16/saturn1
v10/usr/jerq/icon/16x16/saturn2
v10/usr/jerq/icon/16x16/scale
v10/usr/jerq/icon/16x16/scale1
v10/usr/jerq/icon/16x16/scroll
v10/usr/jerq/icon/16x16/section
v10/usr/jerq/icon/16x16/section-move
v10/usr/jerq/icon/16x16/send
v10/usr/jerq/icon/16x16/settingsun
v10/usr/jerq/icon/16x16/sham
v10/usr/jerq/icon/16x16/shear
v10/usr/jerq/icon/16x16/ski
v10/usr/jerq/icon/16x16/skull
v10/usr/jerq/icon/16x16/sleep
v10/usr/jerq/icon/16x16/smiley
v10/usr/jerq/icon/16x16/softball
v10/usr/jerq/icon/16x16/stanford
v10/usr/jerq/icon/16x16/startrek
v10/usr/jerq/icon/16x16/stretch
v10/usr/jerq/icon/16x16/sunset
v10/usr/jerq/icon/16x16/sweep
v10/usr/jerq/icon/16x16/sweeportrack
v10/usr/jerq/icon/16x16/target
v10/usr/jerq/icon/16x16/target1
v10/usr/jerq/icon/16x16/target3
v10/usr/jerq/icon/16x16/tex
v10/usr/jerq/icon/16x16/texture
v10/usr/jerq/icon/16x16/thumbingcur
v10/usr/jerq/icon/16x16/thumbmarker
v10/usr/jerq/icon/16x16/thumbmarker1
v10/usr/jerq/icon/16x16/thumbsdown
v10/usr/jerq/icon/16x16/thumbsup
v10/usr/jerq/icon/16x16/tinymouse
v10/usr/jerq/icon/16x16/trashcan
v10/usr/jerq/icon/16x16/tree
v10/usr/jerq/icon/16x16/triangle
v10/usr/jerq/icon/16x16/turkey
v10/usr/jerq/icon/16x16/vesuvius
v10/usr/jerq/icon/16x16/virus
v10/usr/jerq/icon/16x16/window-cur
v10/usr/jerq/icon/16x16/window-del
v10/usr/jerq/icon/16x16/yum
v10/usr/jerq/icon/16x16/zot
v10/usr/jerq/icon/48x48x2/adb
v10/usr/jerq/icon/48x48x2/aek
v10/usr/jerq/icon/48x48x2/ak1
v10/usr/jerq/icon/48x48x2/alain
v10/usr/jerq/icon/48x48x2/alb
v10/usr/jerq/icon/48x48x2/anand
v10/usr/jerq/icon/48x48x2/andrew
v10/usr/jerq/icon/48x48x2/andys
v10/usr/jerq/icon/48x48x2/ark
v10/usr/jerq/icon/48x48x2/ava
v10/usr/jerq/icon/48x48x2/bart
v10/usr/jerq/icon/48x48x2/bem
v10/usr/jerq/icon/48x48x2/bev
v10/usr/jerq/icon/48x48x2/bs
v10/usr/jerq/icon/48x48x2/bwk
v10/usr/jerq/icon/48x48x2/car
v10/usr/jerq/icon/48x48x2/ches
v10/usr/jerq/icon/48x48x2/chip
v10/usr/jerq/icon/48x48x2/cjc
v10/usr/jerq/icon/48x48x2/clarkson
v10/usr/jerq/icon/48x48x2/court
v10/usr/jerq/icon/48x48x2/court.old
v10/usr/jerq/icon/48x48x2/craig
v10/usr/jerq/icon/48x48x2/crk
v10/usr/jerq/icon/48x48x2/crs
v10/usr/jerq/icon/48x48x2/cvw
v10/usr/jerq/icon/48x48x2/cwf
v10/usr/jerq/icon/48x48x2/dave
v10/usr/jerq/icon/48x48x2/ddl
v10/usr/jerq/icon/48x48x2/dhn
v10/usr/jerq/icon/48x48x2/diana
v10/usr/jerq/icon/48x48x2/dji
v10/usr/jerq/icon/48x48x2/dluginbu
v10/usr/jerq/icon/48x48x2/dmr
v10/usr/jerq/icon/48x48x2/don
v10/usr/jerq/icon/48x48x2/doug
v10/usr/jerq/icon/48x48x2/duba
v10/usr/jerq/icon/48x48x2/ehg
v10/usr/jerq/icon/48x48x2/ejs
v10/usr/jerq/icon/48x48x2/esther
v10/usr/jerq/icon/48x48x2/faber
v10/usr/jerq/icon/48x48x2/fbg
v10/usr/jerq/icon/48x48x2/frodo
v10/usr/jerq/icon/48x48x2/ftg
v10/usr/jerq/icon/48x48x2/georges
v10/usr/jerq/icon/48x48x2/gerard
v10/usr/jerq/icon/48x48x2/gtv
v10/usr/jerq/icon/48x48x2/gusella
v10/usr/jerq/icon/48x48x2/howard
v10/usr/jerq/icon/48x48x2/hsb
v10/usr/jerq/icon/48x48x2/isabelle
v10/usr/jerq/icon/48x48x2/jal
v10/usr/jerq/icon/48x48x2/jbl
v10/usr/jerq/icon/48x48x2/jchin
v10/usr/jerq/icon/48x48x2/jf
v10/usr/jerq/icon/48x48x2/jhc
v10/usr/jerq/icon/48x48x2/jhs
v10/usr/jerq/icon/48x48x2/jhv
v10/usr/jerq/icon/48x48x2/jlb
v10/usr/jerq/icon/48x48x2/jll
v10/usr/jerq/icon/48x48x2/jlu
v10/usr/jerq/icon/48x48x2/joann
v10/usr/jerq/icon/48x48x2/joelle
v10/usr/jerq/icon/48x48x2/jrr
v10/usr/jerq/icon/48x48x2/judy
v10/usr/jerq/icon/48x48x2/kahrs
v10/usr/jerq/icon/48x48x2/kam
v10/usr/jerq/icon/48x48x2/karen
v10/usr/jerq/icon/48x48x2/kee
v10/usr/jerq/icon/48x48x2/ken
v10/usr/jerq/icon/48x48x2/kestrel
v10/usr/jerq/icon/48x48x2/kzm
v10/usr/jerq/icon/48x48x2/lck
v10/usr/jerq/icon/48x48x2/lee
v10/usr/jerq/icon/48x48x2/lepac
v10/usr/jerq/icon/48x48x2/lepac.old
v10/usr/jerq/icon/48x48x2/lil
v10/usr/jerq/icon/48x48x2/lil.old
v10/usr/jerq/icon/48x48x2/mark
v10/usr/jerq/icon/48x48x2/marko
v10/usr/jerq/icon/48x48x2/mary
v10/usr/jerq/icon/48x48x2/mct
v10/usr/jerq/icon/48x48x2/mff
v10/usr/jerq/icon/48x48x2/mhawley
v10/usr/jerq/icon/48x48x2/mia
v10/usr/jerq/icon/48x48x2/michaelh
v10/usr/jerq/icon/48x48x2/mischu
v10/usr/jerq/icon/48x48x2/mjp
v10/usr/jerq/icon/48x48x2/moe
v10/usr/jerq/icon/48x48x2/neera
v10/usr/jerq/icon/48x48x2/neera.old
v10/usr/jerq/icon/48x48x2/nina
v10/usr/jerq/icon/48x48x2/nls
v10/usr/jerq/icon/48x48x2/norman
v10/usr/jerq/icon/48x48x2/oreo1
v10/usr/jerq/icon/48x48x2/pal
v10/usr/jerq/icon/48x48x2/papa
v10/usr/jerq/icon/48x48x2/pat
v10/usr/jerq/icon/48x48x2/paul
v10/usr/jerq/icon/48x48x2/pg
v10/usr/jerq/icon/48x48x2/phyllis
v10/usr/jerq/icon/48x48x2/pjw
v10/usr/jerq/icon/48x48x2/pmu
v10/usr/jerq/icon/48x48x2/pommy
v10/usr/jerq/icon/48x48x2/pope
v10/usr/jerq/icon/48x48x2/presotto
v10/usr/jerq/icon/48x48x2/purush
v10/usr/jerq/icon/48x48x2/rae
v10/usr/jerq/icon/48x48x2/ravi
v10/usr/jerq/icon/48x48x2/rjh
v10/usr/jerq/icon/48x48x2/rnw
v10/usr/jerq/icon/48x48x2/rob
v10/usr/jerq/icon/48x48x2/romano
v10/usr/jerq/icon/48x48x2/rr
v10/usr/jerq/icon/48x48x2/rrg
v10/usr/jerq/icon/48x48x2/saad
v10/usr/jerq/icon/48x48x2/sally
v10/usr/jerq/icon/48x48x2/sam
v10/usr/jerq/icon/48x48x2/sas
v10/usr/jerq/icon/48x48x2/sean
v10/usr/jerq/icon/48x48x2/sean.old
v10/usr/jerq/icon/48x48x2/seanq
v10/usr/jerq/icon/48x48x2/sharon
v10/usr/jerq/icon/48x48x2/shoji
v10/usr/jerq/icon/48x48x2/sjf
v10/usr/jerq/icon/48x48x2/sjones
v10/usr/jerq/icon/48x48x2/spm
v10/usr/jerq/icon/48x48x2/srm
v10/usr/jerq/icon/48x48x2/stan
v10/usr/jerq/icon/48x48x2/tac
v10/usr/jerq/icon/48x48x2/tasman
v10/usr/jerq/icon/48x48x2/td
v10/usr/jerq/icon/48x48x2/terry
v10/usr/jerq/icon/48x48x2/tgs
v10/usr/jerq/icon/48x48x2/timmins
v10/usr/jerq/icon/48x48x2/tjk
v10/usr/jerq/icon/48x48x2/tom
v10/usr/jerq/icon/48x48x2/va
v10/usr/jerq/icon/48x48x2/wmc
v10/usr/jerq/icon/48x48x2/wtm
v10/usr/jerq/icon/48x48x2/zeydy
v10/usr/jerq/icon/face48/mohawk/bart
v10/usr/jerq/icon/face48/old/andrew
v10/usr/jerq/icon/face48/old/pg
v10/usr/jerq/icon/face48/old/rob
v10/usr/jerq/icon/face48/safe/bart
v10/usr/jerq/icon/face48/safe/jhc
v10/usr/jerq/icon/face48/safe/pat
v10/usr/jerq/icon/large/ATT
v10/usr/jerq/icon/large/CATALOG
v10/usr/jerq/icon/large/CATALOG.c
v10/usr/jerq/icon/large/banana
v10/usr/jerq/icon/large/bigswitch1
v10/usr/jerq/icon/large/bigswitch2
v10/usr/jerq/icon/large/boss
v10/usr/jerq/icon/large/clef
v10/usr/jerq/icon/large/clef1
v10/usr/jerq/icon/large/cube
v10/usr/jerq/icon/large/cube1
v10/usr/jerq/icon/large/cube2
v10/usr/jerq/icon/large/digital
v10/usr/jerq/icon/large/digital1
v10/usr/jerq/icon/large/font
v10/usr/jerq/icon/large/fourarrows
v10/usr/jerq/icon/large/guitar
v10/usr/jerq/icon/large/letter
v10/usr/jerq/icon/large/letters
v10/usr/jerq/icon/large/menucursors
v10/usr/jerq/icon/large/nosmoking
v10/usr/jerq/icon/large/note1-1
v10/usr/jerq/icon/large/note1-16
v10/usr/jerq/icon/large/note1-2
v10/usr/jerq/icon/large/note1-32
v10/usr/jerq/icon/large/note1-4
v10/usr/jerq/icon/large/note1-8
v10/usr/jerq/icon/large/note3-16
v10/usr/jerq/icon/large/note3-32
v10/usr/jerq/icon/large/note3-4
v10/usr/jerq/icon/large/note3-8
v10/usr/jerq/icon/large/pacman2
v10/usr/jerq/icon/large/pacmen
v10/usr/jerq/icon/large/smallclef
v10/usr/jerq/icon/large/smallclef1
v10/usr/jerq/icon/large/strawberry
v10/usr/jerq/icon/large/switches
v10/usr/jerq/icon/large/tinynumbers
v10/usr/jerq/icon/large/toggle1
v10/usr/jerq/icon/large/toggle2
v10/usr/jerq/icon/large/toggle3
v10/usr/jerq/icon/texture/CATALOG
v10/usr/jerq/icon/texture/CATALOG.c
v10/usr/jerq/icon/texture/INSPECT
v10/usr/jerq/icon/texture/INSPECT.c
v10/usr/jerq/icon/texture/bats
v10/usr/jerq/icon/texture/bighex
v10/usr/jerq/icon/texture/bigweave
v10/usr/jerq/icon/texture/black
v10/usr/jerq/icon/texture/chainmail
v10/usr/jerq/icon/texture/checks
v10/usr/jerq/icon/texture/cobblestone
v10/usr/jerq/icon/texture/crabcan1
v10/usr/jerq/icon/texture/crabcan2
v10/usr/jerq/icon/texture/crabcan3
v10/usr/jerq/icon/texture/crabtweed
v10/usr/jerq/icon/texture/darkgrey
v10/usr/jerq/icon/texture/dashes
v10/usr/jerq/icon/texture/diag1:3
v10/usr/jerq/icon/texture/diag2:2
v10/usr/jerq/icon/texture/diag3:1
v10/usr/jerq/icon/texture/diagweave
v10/usr/jerq/icon/texture/eight1
v10/usr/jerq/icon/texture/eight2
v10/usr/jerq/icon/texture/el
v10/usr/jerq/icon/texture/ellipse
v10/usr/jerq/icon/texture/escherfish16
v10/usr/jerq/icon/texture/escherfish8
v10/usr/jerq/icon/texture/fence1
v10/usr/jerq/icon/texture/fence2
v10/usr/jerq/icon/texture/fence3
v10/usr/jerq/icon/texture/fishes
v10/usr/jerq/icon/texture/freckles
v10/usr/jerq/icon/texture/grey
v10/usr/jerq/icon/texture/greysun
v10/usr/jerq/icon/texture/hex
v10/usr/jerq/icon/texture/horbar1:1
v10/usr/jerq/icon/texture/inversegrey
v10/usr/jerq/icon/texture/ironcoat
v10/usr/jerq/icon/texture/kapow
v10/usr/jerq/icon/texture/lightgrey
v10/usr/jerq/icon/texture/money
v10/usr/jerq/icon/texture/plaid4:4
v10/usr/jerq/icon/texture/plaid8:8
v10/usr/jerq/icon/texture/six
v10/usr/jerq/icon/texture/small+bighex
v10/usr/jerq/icon/texture/smallhex
v10/usr/jerq/icon/texture/smile
v10/usr/jerq/icon/texture/snake
v10/usr/jerq/icon/texture/spiral
v10/usr/jerq/icon/texture/squareknot
v10/usr/jerq/icon/texture/stars
v10/usr/jerq/icon/texture/stars1
v10/usr/jerq/icon/texture/tweed
v10/usr/jerq/icon/texture/tweed+cross
v10/usr/jerq/icon/texture/tweed+plus2:2
v10/usr/jerq/icon/texture/tweed+plus4:3
v10/usr/jerq/icon/texture/tweed+plus4:4
v10/usr/jerq/icon/texture/tweed+plus5:5
v10/usr/jerq/icon/texture/tweeddish
v10/usr/jerq/icon/texture/ubalu
v10/usr/jerq/icon/texture/ubalu2
v10/usr/jerq/icon/texture/vampire
v10/usr/jerq/icon/texture/verbar1:1
v10/usr/jerq/icon/texture/verbar1:3
v10/usr/jerq/icon/texture/verbar2:2
v10/usr/jerq/icon/texture/verbar3:1
v10/usr/jerq/icon/texture/verbar4:4
v10/usr/jerq/icon/texture/vertigo
v10/usr/jerq/icon/texture/vibration
v10/usr/jerq/icon/texture/weave
v10/usr/jerq/icon/texture/weave2
v10/usr/jerq/icon/texture/white
v10/usr/jerq/icon/texture/wiggly
v10/usr/jerq/icon/texture/yin-yang
