v10/usr/jerq/sgs/as/addr1.c
v10/usr/jerq/sgs/as/addr2.c
v10/usr/jerq/sgs/as/cm4defs
v10/usr/jerq/sgs/as/cm4tvdefs
v10/usr/jerq/sgs/as/code.c
v10/usr/jerq/sgs/as/codeout.c
v10/usr/jerq/sgs/as/codeout.h
v10/usr/jerq/sgs/as/errors.c
v10/usr/jerq/sgs/as/expand.h
v10/usr/jerq/sgs/as/expand1.c
v10/usr/jerq/sgs/as/expand2.c
v10/usr/jerq/sgs/as/expand2.h
v10/usr/jerq/sgs/as/float.c
v10/usr/jerq/sgs/as/gencode.c
v10/usr/jerq/sgs/as/gendefs.h
v10/usr/jerq/sgs/as/getstab.c
v10/usr/jerq/sgs/as/instab.c
v10/usr/jerq/sgs/as/instab.h
v10/usr/jerq/sgs/as/makefile
v10/usr/jerq/sgs/as/obj.c
v10/usr/jerq/sgs/as/obj.oc
v10/usr/jerq/sgs/as/oneproc.mk
v10/usr/jerq/sgs/as/ops.out
v10/usr/jerq/sgs/as/parse.c
v10/usr/jerq/sgs/as/parse.h
v10/usr/jerq/sgs/as/parse.y
v10/usr/jerq/sgs/as/pass0.c
v10/usr/jerq/sgs/as/pass0.h
v10/usr/jerq/sgs/as/pass1.c
v10/usr/jerq/sgs/as/pass2.c
v10/usr/jerq/sgs/as/strings.c
v10/usr/jerq/sgs/as/swagen.c
v10/usr/jerq/sgs/as/symbols.c
v10/usr/jerq/sgs/as/symbols.h
v10/usr/jerq/sgs/as/symbols1.c
v10/usr/jerq/sgs/as/symbols2.c
v10/usr/jerq/sgs/as/symbols2.h
v10/usr/jerq/sgs/as/symlist.c
v10/usr/jerq/sgs/as/systems.h
v10/usr/jerq/sgs/as/u_Expand1.c
