v10/usr/jerq/sgs/comp/allo.c
v10/usr/jerq/sgs/comp/cgen.c
v10/usr/jerq/sgs/comp/cgram.c
v10/usr/jerq/sgs/comp/cgram.y
v10/usr/jerq/sgs/comp/comm1.c
v10/usr/jerq/sgs/comp/common
v10/usr/jerq/sgs/comp/cost.c
v10/usr/jerq/sgs/comp/debug.c
v10/usr/jerq/sgs/comp/dope.h
v10/usr/jerq/sgs/comp/local.c
v10/usr/jerq/sgs/comp/local2.c
v10/usr/jerq/sgs/comp/macdefs.h
v10/usr/jerq/sgs/comp/makefile
v10/usr/jerq/sgs/comp/manifest.h
v10/usr/jerq/sgs/comp/match.c
v10/usr/jerq/sgs/comp/mfile1.h
v10/usr/jerq/sgs/comp/mfile2.h
v10/usr/jerq/sgs/comp/omakefile
v10/usr/jerq/sgs/comp/optdir.c
v10/usr/jerq/sgs/comp/optim.c
v10/usr/jerq/sgs/comp/otrees.c
v10/usr/jerq/sgs/comp/pftn.c
v10/usr/jerq/sgs/comp/reader.c
v10/usr/jerq/sgs/comp/scan.c
v10/usr/jerq/sgs/comp/sdb.h
v10/usr/jerq/sgs/comp/stin
v10/usr/jerq/sgs/comp/storclass.h
