v10/usr/jerq/include/3d.h
v10/usr/jerq/include/agent.h
v10/usr/jerq/include/aouthdr.h
v10/usr/jerq/include/duart.h
v10/usr/jerq/include/filehdr.h
v10/usr/jerq/include/font.h
v10/usr/jerq/include/jerq.h
v10/usr/jerq/include/jerqio.h
v10/usr/jerq/include/jerqproc.h
v10/usr/jerq/include/jioctl.h
v10/usr/jerq/include/kbd.h
v10/usr/jerq/include/keymap.h
v10/usr/jerq/include/layer.h
v10/usr/jerq/include/line.h
v10/usr/jerq/include/linenum.h
v10/usr/jerq/include/menu.h
v10/usr/jerq/include/msgs.h
v10/usr/jerq/include/mux.h
v10/usr/jerq/include/muxpcbs.h
v10/usr/jerq/include/ojerq.h
v10/usr/jerq/include/oqueue.h
v10/usr/jerq/include/pads.pri
v10/usr/jerq/include/pads.pub
v10/usr/jerq/include/pot.pub
v10/usr/jerq/include/queue.h
v10/usr/jerq/include/reloc.h
v10/usr/jerq/include/scnhdr.h
v10/usr/jerq/include/setup.h
v10/usr/jerq/include/storclass.h
v10/usr/jerq/include/syms.h
v10/usr/jerq/include/thinkclient.h
v10/usr/jerq/include/tty.h
v10/usr/jerq/include/CC/font.h
v10/usr/jerq/include/CC/jerq.h.BE
v10/usr/jerq/include/CC/jerqio.h
v10/usr/jerq/include/CC/jerqproc.h
v10/usr/jerq/include/CC/layer.h
v10/usr/jerq/include/CC/mux.h
v10/usr/jerq/include/CC/tty.h
v10/usr/jerq/include/CC/sys/2681.h
v10/usr/jerq/include/old/font.h
v10/usr/jerq/include/old/jerq.h
v10/usr/jerq/include/old/jerqproc.h
v10/usr/jerq/include/sys/2681.h
v10/usr/jerq/include/sys/xt.h
v10/usr/jerq/include/sys/xtproto.h
v10/usr/jerq/sgs/32reloc.c
v10/usr/jerq/sgs/3cc.c
v10/usr/jerq/sgs/3nm.c
v10/usr/jerq/sgs/makefile
v10/usr/jerq/sgs/ar/ar.c
v10/usr/jerq/sgs/ar/makefile
v10/usr/jerq/sgs/compress/copy.c
v10/usr/jerq/sgs/compress/makefile
v10/usr/jerq/sgs/compress/mid.c
v10/usr/jerq/sgs/compress/pass1.c
v10/usr/jerq/sgs/compress/pass2.c
v10/usr/jerq/sgs/compress/sdp.c
v10/usr/jerq/sgs/compress/sdp1.h
v10/usr/jerq/sgs/compress/tagitem.h
v10/usr/jerq/sgs/compress/tstc.c
v10/usr/jerq/sgs/dis/bits.c
v10/usr/jerq/sgs/dis/dis.h
v10/usr/jerq/sgs/dis/dis_extn.c
v10/usr/jerq/sgs/dis/dis_main.c
v10/usr/jerq/sgs/dis/dis_utls.c
v10/usr/jerq/sgs/dis/lists.c
v10/usr/jerq/sgs/dis/makefile
v10/usr/jerq/sgs/dis/structs.h
v10/usr/jerq/sgs/dis/tables.c
v10/usr/jerq/sgs/inc/aouthdr.h
v10/usr/jerq/sgs/inc/ar.h
v10/usr/jerq/sgs/inc/bool.h
v10/usr/jerq/sgs/inc/filehdr.h
v10/usr/jerq/sgs/inc/ldfcn.h
v10/usr/jerq/sgs/inc/linenum.h
v10/usr/jerq/sgs/inc/magic.h
v10/usr/jerq/sgs/inc/makefile
v10/usr/jerq/sgs/inc/patch.h
v10/usr/jerq/sgs/inc/paths.h
v10/usr/jerq/sgs/inc/reloc.h
v10/usr/jerq/sgs/inc/scnhdr.h
v10/usr/jerq/sgs/inc/sdp2.h
v10/usr/jerq/sgs/inc/sdp3.h
v10/usr/jerq/sgs/inc/sgs.h
v10/usr/jerq/sgs/inc/sgsmacros.h
v10/usr/jerq/sgs/inc/storclass.h
v10/usr/jerq/sgs/inc/syms.h
v10/usr/jerq/sgs/inc/tv.h
v10/usr/jerq/sgs/inc/sdpsrc/hd/define2.h
v10/usr/jerq/sgs/inc/sdpsrc/hd/define3.h
v10/usr/jerq/sgs/inc/sdpsrc/hd/define4.h
v10/usr/jerq/sgs/inc/sdpsrc/hd/globals.h
v10/usr/jerq/sgs/inc/sdpsrc/hd/struct.h
v10/usr/jerq/sgs/inc/sdpsrc/hi/allocate.c
v10/usr/jerq/sgs/inc/sdpsrc/hi/change.c
v10/usr/jerq/sgs/inc/sdpsrc/hi/flush.c
v10/usr/jerq/sgs/inc/sdpsrc/hi/init.c
v10/usr/jerq/sgs/inc/sdpsrc/hi/lock.c
v10/usr/jerq/sgs/inc/sdpsrc/hi/release.c
v10/usr/jerq/sgs/inc/sdpsrc/hi/unlock.c
v10/usr/jerq/sgs/inc/sdpsrc/lo/delist.c
v10/usr/jerq/sgs/inc/sdpsrc/lo/enlist.c
v10/usr/jerq/sgs/inc/sdpsrc/lo/fatal.c
v10/usr/jerq/sgs/inc/sdpsrc/lo/getnxtpage.c
v10/usr/jerq/sgs/inc/sdpsrc/lo/readpage.c
v10/usr/jerq/sgs/inc/sdpsrc/lo/repartition.
v10/usr/jerq/sgs/inc/sdpsrc/lo/rpartition.c
v10/usr/jerq/sgs/inc/sdpsrc/lo/sojourn.c
v10/usr/jerq/sgs/inc/sdpsrc/lo/sp2or.c
v10/usr/jerq/sgs/inc/sdpsrc/lo/writeframe.c
