v10/usr/jerq/sgs/ld/alloc.c
v10/usr/jerq/sgs/ld/attributes.h
v10/usr/jerq/sgs/ld/c.c
v10/usr/jerq/sgs/ld/display.c
v10/usr/jerq/sgs/ld/dump.c
v10/usr/jerq/sgs/ld/expr0.c
v10/usr/jerq/sgs/ld/expr1.c
v10/usr/jerq/sgs/ld/extrns.h
v10/usr/jerq/sgs/ld/globs.c
v10/usr/jerq/sgs/ld/instr.c
v10/usr/jerq/sgs/ld/instr.h
v10/usr/jerq/sgs/ld/ld.lex
v10/usr/jerq/sgs/ld/ld.yac
v10/usr/jerq/sgs/ld/ld00.c
v10/usr/jerq/sgs/ld/ld01.c
v10/usr/jerq/sgs/ld/ld1.c
v10/usr/jerq/sgs/ld/ld2.c
v10/usr/jerq/sgs/ld/ldmacros.h
v10/usr/jerq/sgs/ld/ldtv.h
v10/usr/jerq/sgs/ld/list.h
v10/usr/jerq/sgs/ld/lists.c
v10/usr/jerq/sgs/ld/makefile
v10/usr/jerq/sgs/ld/maps.c
v10/usr/jerq/sgs/ld/oneproc.mk
v10/usr/jerq/sgs/ld/output.c
v10/usr/jerq/sgs/ld/params.h
v10/usr/jerq/sgs/ld/regions.c
v10/usr/jerq/sgs/ld/sdp.c
v10/usr/jerq/sgs/ld/sdp1.h
v10/usr/jerq/sgs/ld/sglobs.c
v10/usr/jerq/sgs/ld/slotvec.c
v10/usr/jerq/sgs/ld/slotvec.h
v10/usr/jerq/sgs/ld/special1.c
v10/usr/jerq/sgs/ld/special2.c
v10/usr/jerq/sgs/ld/specsyms.c
v10/usr/jerq/sgs/ld/structs.h
v10/usr/jerq/sgs/ld/syms.c
v10/usr/jerq/sgs/ld/system.h
v10/usr/jerq/sgs/ld/tv.c
v10/usr/jerq/sgs/ld/twoproc.mk
v10/usr/jerq/sgs/ld/util.c
v10/usr/jerq/sgs/ld/version.c
v10/usr/jerq/sgs/libld/allocldptr.c
v10/usr/jerq/sgs/libld/freeldptr.c
v10/usr/jerq/sgs/libld/ldaclose.c
v10/usr/jerq/sgs/libld/ldahread.c
v10/usr/jerq/sgs/libld/ldaopen.c
v10/usr/jerq/sgs/libld/ldclose.c
v10/usr/jerq/sgs/libld/lddef.h
v10/usr/jerq/sgs/libld/ldfhread.c
v10/usr/jerq/sgs/libld/ldgetname.c
v10/usr/jerq/sgs/libld/ldlread.c
v10/usr/jerq/sgs/libld/ldlseek.c
v10/usr/jerq/sgs/libld/ldnlseek.c
v10/usr/jerq/sgs/libld/ldnrseek.c
v10/usr/jerq/sgs/libld/ldnshread.c
v10/usr/jerq/sgs/libld/ldnsseek.c
v10/usr/jerq/sgs/libld/ldohseek.c
v10/usr/jerq/sgs/libld/ldopen.c
v10/usr/jerq/sgs/libld/ldrseek.c
v10/usr/jerq/sgs/libld/ldshread.c
v10/usr/jerq/sgs/libld/ldsseek.c
v10/usr/jerq/sgs/libld/ldtbindex.c
v10/usr/jerq/sgs/libld/ldtbread.c
v10/usr/jerq/sgs/libld/ldtbseek.c
v10/usr/jerq/sgs/libld/llib-lld.c
v10/usr/jerq/sgs/libld/makefile
v10/usr/jerq/sgs/libld/sgetl.c
v10/usr/jerq/sgs/libld/sputl.c
v10/usr/jerq/sgs/libld/vldldptr.c
