v10/usr/jerq/sgs/libsdp/allot.c
v10/usr/jerq/sgs/libsdp/audit.c
v10/usr/jerq/sgs/libsdp/change.c
v10/usr/jerq/sgs/libsdp/chstack.c
v10/usr/jerq/sgs/libsdp/connect.c
v10/usr/jerq/sgs/libsdp/copy.c
v10/usr/jerq/sgs/libsdp/define2.h
v10/usr/jerq/sgs/libsdp/define3.h
v10/usr/jerq/sgs/libsdp/destroy.c
v10/usr/jerq/sgs/libsdp/disconnect.c
v10/usr/jerq/sgs/libsdp/fatal.c
v10/usr/jerq/sgs/libsdp/fault.c
v10/usr/jerq/sgs/libsdp/generate.c
v10/usr/jerq/sgs/libsdp/globals.c
v10/usr/jerq/sgs/libsdp/hist.c
v10/usr/jerq/sgs/libsdp/house.c
v10/usr/jerq/sgs/libsdp/makefile
v10/usr/jerq/sgs/libsdp/pop_id.c
v10/usr/jerq/sgs/libsdp/push_id.c
v10/usr/jerq/sgs/libsdp/rdSPACE.c
v10/usr/jerq/sgs/libsdp/readpage.c
v10/usr/jerq/sgs/libsdp/redeem.c
v10/usr/jerq/sgs/libsdp/sdp.h
v10/usr/jerq/sgs/libsdp/sdplib.c
v10/usr/jerq/sgs/libsdp/search.c
v10/usr/jerq/sgs/libsdp/stats.c
v10/usr/jerq/sgs/libsdp/switch.c
v10/usr/jerq/sgs/libsdp/sync.c
v10/usr/jerq/sgs/libsdp/unuse.c
v10/usr/jerq/sgs/libsdp/use.c
v10/usr/jerq/sgs/libsdp/vacate.c
v10/usr/jerq/sgs/libsdp/writeframe.c
v10/usr/jerq/sgs/libsdp/wtSPACE.c
v10/usr/jerq/sgs/optim/defs
v10/usr/jerq/sgs/optim/func.c
v10/usr/jerq/sgs/optim/inter.c
v10/usr/jerq/sgs/optim/local.c
v10/usr/jerq/sgs/optim/makefile
v10/usr/jerq/sgs/optim/optim.c
v10/usr/jerq/sgs/optim/optim.h
v10/usr/jerq/sgs/optim/optutil.c
v10/usr/jerq/sgs/optim/optutil.h
v10/usr/jerq/sgs/optim/peep.c
v10/usr/jerq/sgs/optim/strtol.c
v10/usr/jerq/sgs/optim/w1opt.c
v10/usr/jerq/sgs/optim/w2opt.c
v10/usr/jerq/sgs/optim/w3opt.c
v10/usr/jerq/sgs/size/defs.h
v10/usr/jerq/sgs/size/fcns.c
v10/usr/jerq/sgs/size/main.c
v10/usr/jerq/sgs/size/makefile
v10/usr/jerq/sgs/size/process.c
v10/usr/jerq/sgs/size/process.h
v10/usr/jerq/sgs/strip/buildfcns.c
v10/usr/jerq/sgs/strip/buildtmp.c
v10/usr/jerq/sgs/strip/checkflags.c
v10/usr/jerq/sgs/strip/copytmp.c
v10/usr/jerq/sgs/strip/defs.h
v10/usr/jerq/sgs/strip/fcns.c
v10/usr/jerq/sgs/strip/main.c
v10/usr/jerq/sgs/strip/makefile
v10/usr/jerq/sgs/strip/process.c
v10/usr/jerq/sgs/strip/setflags.c
