v10/usr/jerq/src/56.c
v10/usr/jerq/src/crabs.c
v10/usr/jerq/src/getfont.c
v10/usr/jerq/src/hp.c
v10/usr/jerq/src/icon.c
v10/usr/jerq/src/invert.c
v10/usr/jerq/src/ismux.c
v10/usr/jerq/src/jps.c
v10/usr/jerq/src/jterm.c
v10/usr/jerq/src/m33.c
v10/usr/jerq/src/makefile
v10/usr/jerq/src/pen.c
v10/usr/jerq/src/reshape.c
v10/usr/jerq/src/ruler.c
v10/usr/jerq/src/scope.c
v10/usr/jerq/src/windows.c
v10/usr/jerq/src/32ld/32ld.c
v10/usr/jerq/src/32ld/g32ld.c
v10/usr/jerq/src/32ld/makefile
v10/usr/jerq/src/32ld/n32ld.c
v10/usr/jerq/src/32ld/o_proto.c
v10/usr/jerq/src/32ld/o_proto.h
v10/usr/jerq/src/32ld/pcheck.c
v10/usr/jerq/src/32ld/proto.c
v10/usr/jerq/src/32ld/proto.h
v10/usr/jerq/src/Xjplot/Makefile
v10/usr/jerq/src/Xjplot/driver.c
v10/usr/jerq/src/Xjplot/nmytest
v10/usr/jerq/src/Xjplot/blit/ORDER
v10/usr/jerq/src/Xjplot/blit/arc.c
v10/usr/jerq/src/Xjplot/blit/box.c
v10/usr/jerq/src/Xjplot/blit/cfill.c
v10/usr/jerq/src/Xjplot/blit/circle.c
v10/usr/jerq/src/Xjplot/blit/closepl.c
v10/usr/jerq/src/Xjplot/blit/color.c
v10/usr/jerq/src/Xjplot/blit/ctype_.c
v10/usr/jerq/src/Xjplot/blit/disc.c
v10/usr/jerq/src/Xjplot/blit/erase.c
v10/usr/jerq/src/Xjplot/blit/fill1.c
v10/usr/jerq/src/Xjplot/blit/frame.c
v10/usr/jerq/src/Xjplot/blit/grade.c
v10/usr/jerq/src/Xjplot/blit/jcom.h
v10/usr/jerq/src/Xjplot/blit/jplot.h
v10/usr/jerq/src/Xjplot/blit/move.c
v10/usr/jerq/src/Xjplot/blit/nline.c
v10/usr/jerq/src/Xjplot/blit/openpl.c
v10/usr/jerq/src/Xjplot/blit/parabola.c
v10/usr/jerq/src/Xjplot/blit/pen.c
v10/usr/jerq/src/Xjplot/blit/point.c
v10/usr/jerq/src/Xjplot/blit/poly.c
v10/usr/jerq/src/Xjplot/blit/ppause.c
v10/usr/jerq/src/Xjplot/blit/range.c
v10/usr/jerq/src/Xjplot/blit/restore.c
v10/usr/jerq/src/Xjplot/blit/rmove.c
v10/usr/jerq/src/Xjplot/blit/save.c
v10/usr/jerq/src/Xjplot/blit/sbox.c
v10/usr/jerq/src/Xjplot/blit/spline.c
v10/usr/jerq/src/Xjplot/blit/subr.c
v10/usr/jerq/src/Xjplot/blit/text.c
v10/usr/jerq/src/Xjplot/blit/whoami.c
v10/usr/jerq/src/Xjplot/inblit/ORDER
v10/usr/jerq/src/Xjplot/inblit/graphics.c
v10/usr/jerq/src/Xjplot/inblit/jcom.h
v10/usr/jerq/src/Xjplot/inblit/jfill.c
v10/usr/jerq/src/Xjplot/inblit/jjplot.h
v10/usr/jerq/src/Xjplot/inblit/nbltpar.c
v10/usr/jerq/src/Xjplot/inblit/outc.c
v10/usr/jerq/src/Xjplot/inblit/term.c
v10/usr/jerq/src/Xjplot/xplot/arc.c
v10/usr/jerq/src/Xjplot/xplot/box.c
v10/usr/jerq/src/Xjplot/xplot/cfill.c
v10/usr/jerq/src/Xjplot/xplot/circle.c
v10/usr/jerq/src/Xjplot/xplot/closepl.c
v10/usr/jerq/src/Xjplot/xplot/color.c
v10/usr/jerq/src/Xjplot/xplot/ctype_.c
v10/usr/jerq/src/Xjplot/xplot/disc.c
v10/usr/jerq/src/Xjplot/xplot/erase.c
v10/usr/jerq/src/Xjplot/xplot/fill1.c
v10/usr/jerq/src/Xjplot/xplot/frame.c
v10/usr/jerq/src/Xjplot/xplot/grade.c
v10/usr/jerq/src/Xjplot/xplot/jcom.h
v10/usr/jerq/src/Xjplot/xplot/jplot.h
v10/usr/jerq/src/Xjplot/xplot/move.c
v10/usr/jerq/src/Xjplot/xplot/nline.c
v10/usr/jerq/src/Xjplot/xplot/openpl.c
v10/usr/jerq/src/Xjplot/xplot/parabola.c
v10/usr/jerq/src/Xjplot/xplot/pen.c
v10/usr/jerq/src/Xjplot/xplot/point.c
v10/usr/jerq/src/Xjplot/xplot/poly.c
v10/usr/jerq/src/Xjplot/xplot/ppause.c
v10/usr/jerq/src/Xjplot/xplot/range.c
v10/usr/jerq/src/Xjplot/xplot/restore.c
v10/usr/jerq/src/Xjplot/xplot/rmove.c
v10/usr/jerq/src/Xjplot/xplot/save.c
v10/usr/jerq/src/Xjplot/xplot/sbox.c
v10/usr/jerq/src/Xjplot/xplot/spline.c
v10/usr/jerq/src/Xjplot/xplot/subr.c
v10/usr/jerq/src/Xjplot/xplot/text.c
v10/usr/jerq/src/Xjplot/xplot/whoami.c
v10/usr/jerq/src/apnews/.hcy
v10/usr/jerq/src/apnews/Makefile
v10/usr/jerq/src/apnews/apnews.c
v10/usr/jerq/src/apnews/apserver.c
v10/usr/jerq/src/apnews/remotestamp
v10/usr/jerq/src/blitblt/Makefile
v10/usr/jerq/src/blitblt/b202.c
v10/usr/jerq/src/blitblt/bbterm.c
v10/usr/jerq/src/blitblt/bcan.c
v10/usr/jerq/src/blitblt/bdump.c
v10/usr/jerq/src/blitblt/blitblt.c
v10/usr/jerq/src/blitblt/buttons.c
v10/usr/jerq/src/blitblt/canon.c
v10/usr/jerq/src/blitblt/flash.c
v10/usr/jerq/src/blitblt/install
v10/usr/jerq/src/blitblt/wsize.c
