v10/usr/jerq/src/brush/brush.bundle
v10/usr/jerq/src/brush/brush.c
v10/usr/jerq/src/brush/brush.h
v10/usr/jerq/src/brush/brush.sh
v10/usr/jerq/src/brush/circles.c
v10/usr/jerq/src/brush/copy.c
v10/usr/jerq/src/brush/details.c
v10/usr/jerq/src/brush/draw.c
v10/usr/jerq/src/brush/editext.c
v10/usr/jerq/src/brush/errmsg.c
v10/usr/jerq/src/brush/fastfill.c
v10/usr/jerq/src/brush/help.c
v10/usr/jerq/src/brush/icons.c
v10/usr/jerq/src/brush/image.c
v10/usr/jerq/src/brush/jmakefile
v10/usr/jerq/src/brush/makefile
v10/usr/jerq/src/brush/myjerq.h
v10/usr/jerq/src/brush/newfill.c
v10/usr/jerq/src/brush/newread.c
v10/usr/jerq/src/brush/newsend.c
v10/usr/jerq/src/brush/nohup.out
v10/usr/jerq/src/brush/options.c
v10/usr/jerq/src/brush/readmap.c
v10/usr/jerq/src/brush/shrink.c
v10/usr/jerq/src/brush/smooth.c
v10/usr/jerq/src/brush/sweeps.c
v10/usr/jerq/src/brush/text.c
v10/usr/jerq/src/brush/texture32.c
v10/usr/jerq/src/brush/type.c
v10/usr/jerq/src/brush/updown.c
v10/usr/jerq/src/brush/writemap.c
