v10/usr/jerq/src/bubble/Data/azurin
v10/usr/jerq/src/bubble/Data/azurin.sort
v10/usr/jerq/src/bubble/Data/clap.data
v10/usr/jerq/src/bubble/Data/clap.in
v10/usr/jerq/src/bubble/Data/cyt10.sort
v10/usr/jerq/src/bubble/Data/cyt5.half
v10/usr/jerq/src/bubble/Data/cyt5.sort
v10/usr/jerq/src/bubble/Data/cyto.10
v10/usr/jerq/src/bubble/Data/cyto.5
v10/usr/jerq/src/bubble/Data/doug
v10/usr/jerq/src/bubble/Data/endo
v10/usr/jerq/src/bubble/Data/hem.sort
v10/usr/jerq/src/bubble/Data/hemm
v10/usr/jerq/src/bubble/Data/ly1
v10/usr/jerq/src/bubble/Data/ly2
v10/usr/jerq/src/bubble/Data/ly3
v10/usr/jerq/src/bubble/Data/z.data
v10/usr/jerq/src/bubble/Data/z.data.1
v10/usr/jerq/src/bubble/Data/z.data.12
v10/usr/jerq/src/bubble/Data/z.data.2
v10/usr/jerq/src/bubble/Data/z.data.heta
