v10/usr/jerq/src/brush/new/brush
v10/usr/jerq/src/brush/new/brush.9
v10/usr/jerq/src/brush/new/brush.bundle
v10/usr/jerq/src/brush/new/brush.c
v10/usr/jerq/src/brush/new/brush.h
v10/usr/jerq/src/brush/new/brush.news
v10/usr/jerq/src/brush/new/circles.c
v10/usr/jerq/src/brush/new/copy.c
v10/usr/jerq/src/brush/new/details.c
v10/usr/jerq/src/brush/new/draw.c
v10/usr/jerq/src/brush/new/editext.c
v10/usr/jerq/src/brush/new/errmsg.c
v10/usr/jerq/src/brush/new/help.c
v10/usr/jerq/src/brush/new/icons.c
v10/usr/jerq/src/brush/new/jmakefile
v10/usr/jerq/src/brush/new/makefile
v10/usr/jerq/src/brush/new/myjerq.h
v10/usr/jerq/src/brush/new/newbrush.9
v10/usr/jerq/src/brush/new/newfill.c
v10/usr/jerq/src/brush/new/options.c
v10/usr/jerq/src/brush/new/readmap.c
v10/usr/jerq/src/brush/new/shrink.c
v10/usr/jerq/src/brush/new/smooth.c
v10/usr/jerq/src/brush/new/sweeps.c
v10/usr/jerq/src/brush/new/text.c
v10/usr/jerq/src/brush/new/texture32.c
v10/usr/jerq/src/brush/new/type.c
v10/usr/jerq/src/brush/new/updown.c
v10/usr/jerq/src/brush/new/writemap.c
v10/usr/jerq/src/bubble/ball.c
v10/usr/jerq/src/bubble/bubble.c
v10/usr/jerq/src/bubble/change.c
v10/usr/jerq/src/bubble/fsqrt.s
v10/usr/jerq/src/bubble/host.c
v10/usr/jerq/src/bubble/makefile
v10/usr/jerq/src/bubble/manual
v10/usr/jerq/src/bubble/newmenu.c
v10/usr/jerq/src/bubble/nodes.h
v10/usr/jerq/src/bubble/other.c
v10/usr/jerq/src/bubble/test
v10/usr/jerq/src/bubble/textures.h
v10/usr/jerq/src/c56/Makefile
v10/usr/jerq/src/c56/c56.c
v10/usr/jerq/src/c56/c56term.c
v10/usr/jerq/src/c56/struct.h
v10/usr/jerq/src/c56/subr.c
v10/usr/jerq/src/chp/3subr.c
v10/usr/jerq/src/chp/Makefile
v10/usr/jerq/src/chp/chp.c
v10/usr/jerq/src/chp/chpterm.c
v10/usr/jerq/src/chp/partial.news
v10/usr/jerq/src/chp/struct.h
v10/usr/jerq/src/chp/subr.c
