v10/usr/jerq/src/cip/buttons.c
v10/usr/jerq/src/cip/cip.c
v10/usr/jerq/src/cip/cip.h
v10/usr/jerq/src/cip/cip.sh
v10/usr/jerq/src/cip/commands.c
v10/usr/jerq/src/cip/draw.c
v10/usr/jerq/src/cip/dump.c
v10/usr/jerq/src/cip/edit.c
v10/usr/jerq/src/cip/font.c
v10/usr/jerq/src/cip/makefile
v10/usr/jerq/src/cip/menus.c
v10/usr/jerq/src/cip/near.c
v10/usr/jerq/src/cip/pic.c
v10/usr/jerq/src/cip/readPic.c
v10/usr/jerq/src/cip/space.c
v10/usr/jerq/src/cip/things.c
v10/usr/jerq/src/cip/track.c
v10/usr/jerq/src/cip/transform.c
v10/usr/jerq/src/cleave/Makefile
v10/usr/jerq/src/cleave/cleave.c
v10/usr/jerq/src/face/catalog.c
v10/usr/jerq/src/face/face.c
v10/usr/jerq/src/face/makefile
v10/usr/jerq/src/flicks/fcommon.c
v10/usr/jerq/src/flicks/fflicks.c
v10/usr/jerq/src/flicks/fjerq.c
v10/usr/jerq/src/flicks/flicks.c
v10/usr/jerq/src/flicks/jerq.c
v10/usr/jerq/src/flicks/ldither.c
v10/usr/jerq/src/flicks/ldither.data
v10/usr/jerq/src/flicks/makefile
v10/usr/jerq/src/flicks/mkfile
v10/usr/jerq/src/flicks/omakefile
v10/usr/jerq/src/flicks/piclib.c
v10/usr/jerq/src/flicks/piclib.h
v10/usr/jerq/src/flicks/preflicks.c
v10/usr/jerq/src/flicks/udither.c
v10/usr/jerq/src/flicks/udither.data
v10/usr/jerq/src/font/68to32.c
v10/usr/jerq/src/font/Makefile
v10/usr/jerq/src/font/char.h
v10/usr/jerq/src/font/conv.c
v10/usr/jerq/src/font/dtoc.c
v10/usr/jerq/src/font/finv.c
v10/usr/jerq/src/font/showbits.c
v10/usr/jerq/src/font/view.c
v10/usr/jerq/src/font/map/dump.c
v10/usr/jerq/src/font/map/imap.c
v10/usr/jerq/src/font/map/makefile
v10/usr/jerq/src/font/map/map.c
v10/usr/jerq/src/font/map/mtest.c
v10/usr/jerq/src/font/map/smap.c
v10/usr/jerq/src/font/map/spec.c
v10/usr/jerq/src/graphdraw/Aedge_ops.c
v10/usr/jerq/src/graphdraw/Animcmds.c
v10/usr/jerq/src/graphdraw/Ascale.c
v10/usr/jerq/src/graphdraw/Avert_ops.c
v10/usr/jerq/src/graphdraw/Hmain.c
v10/usr/jerq/src/graphdraw/Hreadcmd.c
v10/usr/jerq/src/graphdraw/Tmain.c
v10/usr/jerq/src/graphdraw/box.c
v10/usr/jerq/src/graphdraw/cmds.c
v10/usr/jerq/src/graphdraw/copy_vertex.c
v10/usr/jerq/src/graphdraw/defs.h
v10/usr/jerq/src/graphdraw/edge.c
v10/usr/jerq/src/graphdraw/edge_ops.c
v10/usr/jerq/src/graphdraw/edgesum.c
v10/usr/jerq/src/graphdraw/euc.c
v10/usr/jerq/src/graphdraw/file_ops.c
v10/usr/jerq/src/graphdraw/gd
v10/usr/jerq/src/graphdraw/gplib.c
v10/usr/jerq/src/graphdraw/graphdraw
v10/usr/jerq/src/graphdraw/graphics.c
v10/usr/jerq/src/graphdraw/graphicsmenu.c
v10/usr/jerq/src/graphdraw/graphpic.c
v10/usr/jerq/src/graphdraw/graphtypes.h
v10/usr/jerq/src/graphdraw/grid.c
v10/usr/jerq/src/graphdraw/gt_ops.c
v10/usr/jerq/src/graphdraw/gtypes.c
v10/usr/jerq/src/graphdraw/holdHmain.c
v10/usr/jerq/src/graphdraw/holdTmain.c
v10/usr/jerq/src/graphdraw/install
v10/usr/jerq/src/graphdraw/labels.c
v10/usr/jerq/src/graphdraw/labsmenu.c
v10/usr/jerq/src/graphdraw/list_ops.c
v10/usr/jerq/src/graphdraw/mac_ops.c
v10/usr/jerq/src/graphdraw/macrosmenu.c
v10/usr/jerq/src/graphdraw/make2
v10/usr/jerq/src/graphdraw/makefile
v10/usr/jerq/src/graphdraw/move_vertex.c
v10/usr/jerq/src/graphdraw/reshaperect.c
v10/usr/jerq/src/graphdraw/reshapeset.c
v10/usr/jerq/src/graphdraw/scale.c
v10/usr/jerq/src/graphdraw/scaleset.c
v10/usr/jerq/src/graphdraw/set_fcns.c
v10/usr/jerq/src/graphdraw/set_ops.c
v10/usr/jerq/src/graphdraw/setscale_ops.c
v10/usr/jerq/src/graphdraw/showlabels.c
v10/usr/jerq/src/graphdraw/stop.c
v10/usr/jerq/src/graphdraw/temp
v10/usr/jerq/src/graphdraw/vert_ops.c
v10/usr/jerq/src/graphdraw/vertex.c
v10/usr/jerq/src/jf/Makefile
v10/usr/jerq/src/jf/brotate.c
v10/usr/jerq/src/jf/buttons.c
v10/usr/jerq/src/jf/charsubs.c
v10/usr/jerq/src/jf/filesubs.c
v10/usr/jerq/src/jf/fontsubs.c
v10/usr/jerq/src/jf/jf.h
v10/usr/jerq/src/jf/kbdstring.c
v10/usr/jerq/src/jf/lexit3.c
v10/usr/jerq/src/jf/magnify.c
v10/usr/jerq/src/jf/main.c
v10/usr/jerq/src/jf/menuhit3.c
v10/usr/jerq/src/jf/mice.c
v10/usr/jerq/src/jf/pfont.c
v10/usr/jerq/src/jf/reshaped.c
v10/usr/jerq/src/jf/rsupport.c
v10/usr/jerq/src/jf/sizesubs.c
v10/usr/jerq/src/jf/spaceman.c
v10/usr/jerq/src/jf/strcat2.c
v10/usr/jerq/src/jim/alloc.c
v10/usr/jerq/src/jim/cyntax
v10/usr/jerq/src/jim/dojim
v10/usr/jerq/src/jim/file.c
v10/usr/jerq/src/jim/file.h
v10/usr/jerq/src/jim/gcalloc.c
v10/usr/jerq/src/jim/jim.c
v10/usr/jerq/src/jim/jim.h
v10/usr/jerq/src/jim/makefile
v10/usr/jerq/src/jim/msgs.c
v10/usr/jerq/src/jim/msgs.h
v10/usr/jerq/src/jim/pattern.c
v10/usr/jerq/src/jim/string.c
v10/usr/jerq/src/jim/unix.c
