v10/usr/jerq/src/jim/frame/deltext.c
v10/usr/jerq/src/jim/frame/fralloc.c
v10/usr/jerq/src/jim/frame/frame.h
v10/usr/jerq/src/jim/frame/frameop.c
v10/usr/jerq/src/jim/frame/instext.c
v10/usr/jerq/src/jim/frame/makefile
v10/usr/jerq/src/jim/frame/ptofchar.c
v10/usr/jerq/src/jim/term/frame.c
v10/usr/jerq/src/jim/term/frame.h
v10/usr/jerq/src/jim/term/jim.h
v10/usr/jerq/src/jim/term/main.c
v10/usr/jerq/src/jim/term/makefile
v10/usr/jerq/src/jim/term/menu.c
v10/usr/jerq/src/jim/term/menu.h
v10/usr/jerq/src/jim/term/menu.oc
v10/usr/jerq/src/jim/term/msgs.c
v10/usr/jerq/src/jim/term/msgs.h
v10/usr/jerq/src/jim/term/string.c
v10/usr/jerq/src/jplot/Makefile
v10/usr/jerq/src/jplot/driver.c
v10/usr/jerq/src/jplot/graphics.c
v10/usr/jerq/src/jplot/jcom.h
v10/usr/jerq/src/jplot/jfill.c
v10/usr/jerq/src/jplot/jjplot.h
v10/usr/jerq/src/jplot/jplot.h
v10/usr/jerq/src/jplot/nbltpar.c
v10/usr/jerq/src/jplot/nmytest
v10/usr/jerq/src/jplot/obltpar.c
v10/usr/jerq/src/jplot/odriver.c
v10/usr/jerq/src/jplot/openpl.c
v10/usr/jerq/src/jplot/poly.c
v10/usr/jerq/src/jplot/restore.c
v10/usr/jerq/src/jplot/subr.c
v10/usr/jerq/src/jplot/term.c
v10/usr/jerq/src/jplot/blit/ORDER
v10/usr/jerq/src/jplot/blit/arc.c
v10/usr/jerq/src/jplot/blit/box.c
v10/usr/jerq/src/jplot/blit/cfill.c
v10/usr/jerq/src/jplot/blit/circle.c
v10/usr/jerq/src/jplot/blit/closepl.c
v10/usr/jerq/src/jplot/blit/color.c
v10/usr/jerq/src/jplot/blit/ctype_.c
v10/usr/jerq/src/jplot/blit/disc.c
v10/usr/jerq/src/jplot/blit/erase.c
v10/usr/jerq/src/jplot/blit/fill1.c
v10/usr/jerq/src/jplot/blit/frame.c
v10/usr/jerq/src/jplot/blit/grade.c
v10/usr/jerq/src/jplot/blit/jcom.h
v10/usr/jerq/src/jplot/blit/jplot.h
v10/usr/jerq/src/jplot/blit/move.c
v10/usr/jerq/src/jplot/blit/nline.c
v10/usr/jerq/src/jplot/blit/openpl.c
v10/usr/jerq/src/jplot/blit/parabola.c
v10/usr/jerq/src/jplot/blit/pen.c
v10/usr/jerq/src/jplot/blit/point.c
v10/usr/jerq/src/jplot/blit/poly.c
v10/usr/jerq/src/jplot/blit/ppause.c
v10/usr/jerq/src/jplot/blit/range.c
v10/usr/jerq/src/jplot/blit/restore.c
v10/usr/jerq/src/jplot/blit/rmove.c
v10/usr/jerq/src/jplot/blit/save.c
v10/usr/jerq/src/jplot/blit/sbox.c
v10/usr/jerq/src/jplot/blit/spline.c
v10/usr/jerq/src/jplot/blit/subr.c
v10/usr/jerq/src/jplot/blit/text.c
v10/usr/jerq/src/jplot/blit/whoami.c
v10/usr/jerq/src/jplot/host/arc.c
v10/usr/jerq/src/jplot/host/box.c
v10/usr/jerq/src/jplot/host/cfill.c
v10/usr/jerq/src/jplot/host/circle.c
v10/usr/jerq/src/jplot/host/closepl.c
v10/usr/jerq/src/jplot/host/color.c
v10/usr/jerq/src/jplot/host/ctype_.c
v10/usr/jerq/src/jplot/host/disc.c
v10/usr/jerq/src/jplot/host/erase.c
v10/usr/jerq/src/jplot/host/fill1.c
v10/usr/jerq/src/jplot/host/frame.c
v10/usr/jerq/src/jplot/host/grade.c
v10/usr/jerq/src/jplot/host/jcom.h
v10/usr/jerq/src/jplot/host/jplot.h
v10/usr/jerq/src/jplot/host/move.c
v10/usr/jerq/src/jplot/host/nline.c
v10/usr/jerq/src/jplot/host/openpl.c
v10/usr/jerq/src/jplot/host/parabola.c
v10/usr/jerq/src/jplot/host/pen.c
v10/usr/jerq/src/jplot/host/point.c
v10/usr/jerq/src/jplot/host/poly.c
v10/usr/jerq/src/jplot/host/ppause.c
v10/usr/jerq/src/jplot/host/range.c
v10/usr/jerq/src/jplot/host/save.c
v10/usr/jerq/src/jplot/host/sbox.c
v10/usr/jerq/src/jplot/host/spline.c
v10/usr/jerq/src/jplot/host/subr.c
v10/usr/jerq/src/jplot/host/text.c
v10/usr/jerq/src/jplot/host/whoami.c
v10/usr/jerq/src/jplot/inblit/ORDER
v10/usr/jerq/src/jplot/inblit/graphics.c
v10/usr/jerq/src/jplot/inblit/jcom.h
v10/usr/jerq/src/jplot/inblit/jfill.c
v10/usr/jerq/src/jplot/inblit/jjplot.h
v10/usr/jerq/src/jplot/inblit/nbltpar.c
v10/usr/jerq/src/jplot/inblit/outc.c
v10/usr/jerq/src/jplot/inblit/term.c
v10/usr/jerq/src/jraw/box.c
v10/usr/jerq/src/jraw/box.h
v10/usr/jerq/src/jraw/dots.c
v10/usr/jerq/src/jraw/dots.h
v10/usr/jerq/src/jraw/foo.c
v10/usr/jerq/src/jraw/gates.j
v10/usr/jerq/src/jraw/inst.c
v10/usr/jerq/src/jraw/inst.h
v10/usr/jerq/src/jraw/io.c
v10/usr/jerq/src/jraw/jraw.1
v10/usr/jerq/src/jraw/jraw.h
v10/usr/jerq/src/jraw/jraw.pic
v10/usr/jerq/src/jraw/list.c
v10/usr/jerq/src/jraw/list.h
v10/usr/jerq/src/jraw/main.c
v10/usr/jerq/src/jraw/makefile
v10/usr/jerq/src/jraw/menu.c
v10/usr/jerq/src/jraw/menu.h
v10/usr/jerq/src/jraw/text.c
v10/usr/jerq/src/jraw/text.h
v10/usr/jerq/src/jraw/thing.c
v10/usr/jerq/src/jraw/thing.h
v10/usr/jerq/src/jraw/tiny.c
v10/usr/jerq/src/jraw/util.c
v10/usr/jerq/src/jraw/wire.c
v10/usr/jerq/src/jraw/wire.h
v10/usr/jerq/src/jraw/xx
v10/usr/jerq/src/jraw/net/bits.j
v10/usr/jerq/src/jraw/net/box.c
v10/usr/jerq/src/jraw/net/box.h
v10/usr/jerq/src/jraw/net/conn.c
v10/usr/jerq/src/jraw/net/conn.h
v10/usr/jerq/src/jraw/net/geom.h
v10/usr/jerq/src/jraw/net/main.c
v10/usr/jerq/src/jraw/net/makefile
v10/usr/jerq/src/jraw/net/master.c
v10/usr/jerq/src/jraw/net/master.h
v10/usr/jerq/src/jraw/net/text.c
v10/usr/jerq/src/jraw/net/text.h
v10/usr/jerq/src/jraw/net/thing.c
v10/usr/jerq/src/jraw/net/thing.h
v10/usr/jerq/src/jraw/net/wire.c
v10/usr/jerq/src/jraw/net/wire.h
v10/usr/jerq/src/jterm/Makefile
v10/usr/jerq/src/jterm/commands.h
v10/usr/jerq/src/jterm/host.c
v10/usr/jerq/src/jterm/mouse.c
v10/usr/jerq/src/jterm/spline.c
v10/usr/jerq/src/jterm/term.c
v10/usr/jerq/src/jterm/track.c
v10/usr/jerq/src/jx/comm.h
v10/usr/jerq/src/jx/jx.c
v10/usr/jerq/src/jx/makefile
v10/usr/jerq/src/jx/sysint.c
v10/usr/jerq/src/lens/lens.c
v10/usr/jerq/src/lens/mag2.c
v10/usr/jerq/src/lens/mag3.c
v10/usr/jerq/src/lens/mageven.c
v10/usr/jerq/src/lens/magn.c
v10/usr/jerq/src/lens/magodd.c
v10/usr/jerq/src/lens/magslow.c
v10/usr/jerq/src/lens/makefile
v10/usr/jerq/src/lib/C/abs.c
v10/usr/jerq/src/lib/C/atoi.c
v10/usr/jerq/src/lib/C/atol.c
v10/usr/jerq/src/lib/C/chrtab.c
v10/usr/jerq/src/lib/C/ctype.c
v10/usr/jerq/src/lib/C/index.c
v10/usr/jerq/src/lib/C/make.lo
v10/usr/jerq/src/lib/C/makefile
v10/usr/jerq/src/lib/C/qsort.c
v10/usr/jerq/src/lib/C/rand.c
v10/usr/jerq/src/lib/C/rindex.c
v10/usr/jerq/src/lib/C/strcat.c
v10/usr/jerq/src/lib/C/strchr.c
v10/usr/jerq/src/lib/C/strcmp.c
v10/usr/jerq/src/lib/C/strcpy.c
v10/usr/jerq/src/lib/C/strlen.c
v10/usr/jerq/src/lib/C/strncmp.c
v10/usr/jerq/src/lib/C/strncpy.c
v10/usr/jerq/src/lib/C/swab.c
v10/usr/jerq/src/lib/C/junk/abs.c
v10/usr/jerq/src/lib/C/junk/cerror.s
v10/usr/jerq/src/lib/C/junk/make.fw
v10/usr/jerq/src/lib/C/junk/make.lo
v10/usr/jerq/src/lib/C/junk/qsort.c
v10/usr/jerq/src/lib/C/junk/strlen.c
v10/usr/jerq/src/lib/j/disc.c
v10/usr/jerq/src/lib/j/discture.c
v10/usr/jerq/src/lib/j/display.c
v10/usr/jerq/src/lib/j/dprintf.c
v10/usr/jerq/src/lib/j/elarc.c
v10/usr/jerq/src/lib/j/eldisc.c
v10/usr/jerq/src/lib/j/ellipse.c
v10/usr/jerq/src/lib/j/exit.c
v10/usr/jerq/src/lib/j/fgets.c
v10/usr/jerq/src/lib/j/font.c
v10/usr/jerq/src/lib/j/fopen.c
v10/usr/jerq/src/lib/j/gcalloc.c
v10/usr/jerq/src/lib/j/get.c
v10/usr/jerq/src/lib/j/menuhit.c
v10/usr/jerq/src/lib/j/omenuhit.c
v10/usr/jerq/src/lib/j/orig.defont.c
v10/usr/jerq/src/lib/j/pdefont.c
v10/usr/jerq/src/lib/j/point.c
v10/usr/jerq/src/lib/j/popen.c
v10/usr/jerq/src/lib/j/printf.c
v10/usr/jerq/src/lib/j/ptinrect.c
v10/usr/jerq/src/lib/j/put.c
v10/usr/jerq/src/lib/j/rdwr.c
v10/usr/jerq/src/lib/j/rectXrect.c
v10/usr/jerq/src/lib/j/rectclip.c
v10/usr/jerq/src/lib/j/rectf.c
v10/usr/jerq/src/lib/j/rol.c
v10/usr/jerq/src/lib/j/screenswap.c
v10/usr/jerq/src/lib/j/sqrt.c
v10/usr/jerq/src/lib/j/string.c
v10/usr/jerq/src/lib/j/strwidth.c
v10/usr/jerq/src/lib/j/sysVmakefile
v10/usr/jerq/src/lib/j/test.c
v10/usr/jerq/src/lib/j/texture.c
v10/usr/jerq/src/lib/j/texture32.os
v10/usr/jerq/src/lib/j/texture32.s
v10/usr/jerq/src/lib/j/wait.c
v10/usr/jerq/src/lib/j/drek/arith.S
v10/usr/jerq/src/lib/j/drek/arith.oc
v10/usr/jerq/src/lib/j/drek/gcalloc.c
v10/usr/jerq/src/lib/j/drek/menu.c
v10/usr/jerq/src/lib/j/drek/min.S
v10/usr/jerq/src/lib/j/drek/printf.c
v10/usr/jerq/src/lib/j/drek/rect.C
v10/usr/jerq/src/lib/j/drek/rect.S
v10/usr/jerq/src/lib/j/old/jelarc.c
v10/usr/jerq/src/lib/j/old/jeldisc.c
v10/usr/jerq/src/lib/j/old/jellipse.c
v10/usr/jerq/src/lib/j/old/jstring.c
v10/usr/jerq/src/lib/j/old/makefile
v10/usr/jerq/src/lib/j/old/menuhit.c
