v10/usr/jerq/src/lib/jj/3d.c
v10/usr/jerq/src/lib/jj/c.c
v10/usr/jerq/src/lib/jj/clip.c
v10/usr/jerq/src/lib/jj/com
v10/usr/jerq/src/lib/jj/confirm.c
v10/usr/jerq/src/lib/jj/getbitmap.c
v10/usr/jerq/src/lib/jj/inbitmap.c
v10/usr/jerq/src/lib/jj/jerq.c
v10/usr/jerq/src/lib/jj/jj.ms
v10/usr/jerq/src/lib/jj/kbdstr.c
v10/usr/jerq/src/lib/jj/makefile
v10/usr/jerq/src/lib/jj/mhit.c
v10/usr/jerq/src/lib/jj/movy.c
v10/usr/jerq/src/lib/jj/op
v10/usr/jerq/src/lib/jj/outbitmap.c
v10/usr/jerq/src/lib/jj/polyture.c
v10/usr/jerq/src/lib/jj/qed.hup:aq
v10/usr/jerq/src/lib/jj/y
v10/usr/jerq/src/lib/layer/dellayer.c
v10/usr/jerq/src/lib/layer/downback.c
v10/usr/jerq/src/lib/layer/layer.h
v10/usr/jerq/src/lib/layer/layerop.c
v10/usr/jerq/src/lib/layer/lbitblt.c
v10/usr/jerq/src/lib/layer/lblt.c
v10/usr/jerq/src/lib/layer/lbox.c
v10/usr/jerq/src/lib/layer/lpoint.c
v10/usr/jerq/src/lib/layer/lrectf.c
v10/usr/jerq/src/lib/layer/lsegment.c
v10/usr/jerq/src/lib/layer/ltexture.c
v10/usr/jerq/src/lib/layer/makefile
v10/usr/jerq/src/lib/layer/newlayer.c
v10/usr/jerq/src/lib/layer/omakefile
v10/usr/jerq/src/lib/layer/setvis.c
v10/usr/jerq/src/lib/layer/upfront.c
v10/usr/jerq/src/lib/mj/arc.c
v10/usr/jerq/src/lib/mj/circle.c
v10/usr/jerq/src/lib/mj/comm.c
v10/usr/jerq/src/lib/mj/cosdeg.c
v10/usr/jerq/src/lib/mj/data.c
v10/usr/jerq/src/lib/mj/disc.c
v10/usr/jerq/src/lib/mj/discture.c
v10/usr/jerq/src/lib/mj/elarc.c
v10/usr/jerq/src/lib/mj/eldisc.c
v10/usr/jerq/src/lib/mj/ellipse.c
v10/usr/jerq/src/lib/mj/exit.c
v10/usr/jerq/src/lib/mj/fgets.c
v10/usr/jerq/src/lib/mj/font.c
v10/usr/jerq/src/lib/mj/fopen.c
v10/usr/jerq/src/lib/mj/getfont.c
v10/usr/jerq/src/lib/mj/popen.c
v10/usr/jerq/src/lib/mj/printf.c
v10/usr/jerq/src/lib/mj/put.c
v10/usr/jerq/src/lib/mj/rdwr.c
v10/usr/jerq/src/lib/mj/old/jarc.c
v10/usr/jerq/src/lib/mj/old/jeldisc.c
v10/usr/jerq/src/lib/mj/old/jellipse.c
v10/usr/jerq/src/lib/olayer/dellayer.c
v10/usr/jerq/src/lib/olayer/downback.c
v10/usr/jerq/src/lib/olayer/layer.h
v10/usr/jerq/src/lib/olayer/layerop.c
v10/usr/jerq/src/lib/olayer/lbitblt.c
v10/usr/jerq/src/lib/olayer/lblt.c
v10/usr/jerq/src/lib/olayer/lbox.c
v10/usr/jerq/src/lib/olayer/lpoint.c
v10/usr/jerq/src/lib/olayer/lrectf.c
v10/usr/jerq/src/lib/olayer/lsegment.c
v10/usr/jerq/src/lib/olayer/ltexture.c
v10/usr/jerq/src/lib/olayer/make.fw
v10/usr/jerq/src/lib/olayer/make.lo
v10/usr/jerq/src/lib/olayer/makefile
v10/usr/jerq/src/lib/olayer/newlayer.c
v10/usr/jerq/src/lib/olayer/upfront.c
v10/usr/jerq/src/lib/pot/Makefile
v10/usr/jerq/src/lib/pot/b1.icon
v10/usr/jerq/src/lib/pot/b2.icon
v10/usr/jerq/src/lib/pot/b3.icon
v10/usr/jerq/src/lib/pot/b4.icon
v10/usr/jerq/src/lib/pot/bmap.c
v10/usr/jerq/src/lib/pot/btoc.c
v10/usr/jerq/src/lib/pot/down.icon
v10/usr/jerq/src/lib/pot/elarc.c
v10/usr/jerq/src/lib/pot/globe.c
v10/usr/jerq/src/lib/pot/knob.c
v10/usr/jerq/src/lib/pot/ldown.icon
v10/usr/jerq/src/lib/pot/lup.icon
v10/usr/jerq/src/lib/pot/moved.c
v10/usr/jerq/src/lib/pot/pot.c
v10/usr/jerq/src/lib/pot/pot.h
v10/usr/jerq/src/lib/pot/pot.pri
v10/usr/jerq/src/lib/pot/pot.pri.i
v10/usr/jerq/src/lib/pot/pot.pri.t
v10/usr/jerq/src/lib/pot/pot.pub
v10/usr/jerq/src/lib/pot/pot.pub.i
v10/usr/jerq/src/lib/pot/pot.pub.t
v10/usr/jerq/src/lib/pot/rdown.icon
v10/usr/jerq/src/lib/pot/rule.c
v10/usr/jerq/src/lib/pot/rup.icon
v10/usr/jerq/src/lib/pot/tst.c
v10/usr/jerq/src/lib/pot/up.icon
v10/usr/jerq/src/lib/sys/acia.c
v10/usr/jerq/src/lib/sys/bram.c
v10/usr/jerq/src/lib/sys/buttons.c
v10/usr/jerq/src/lib/sys/cursblt.s
v10/usr/jerq/src/lib/sys/cursor.c
v10/usr/jerq/src/lib/sys/kbd.c
v10/usr/jerq/src/lib/sys/make.fw
v10/usr/jerq/src/lib/sys/make.lo
v10/usr/jerq/src/lib/sys/makefile
v10/usr/jerq/src/lib/sys/oqueue.c
v10/usr/jerq/src/lib/sys/pf.c
v10/usr/jerq/src/lib/sys/queue.c
v10/usr/jerq/src/lib/sys/setup.c
v10/usr/jerq/src/lib/sys/old/kbd.c
v10/usr/jerq/src/lib/sys/old/setup.c
v10/usr/jerq/src/lib/sys/old/wait.c
v10/usr/jerq/src/lib/u_C/_ctor.c
v10/usr/jerq/src/lib/u_C/_delete.c
v10/usr/jerq/src/lib/u_C/_dtor.c
v10/usr/jerq/src/lib/u_C/_handler.c
v10/usr/jerq/src/lib/u_C/_main.c
v10/usr/jerq/src/lib/u_C/_new.c
v10/usr/jerq/src/lib/u_C/_vec.c
v10/usr/jerq/src/lib/u_C/arith.c
v10/usr/jerq/src/lib/u_C/exit.c
v10/usr/jerq/src/lib/u_C/makefile
v10/usr/jerq/src/lib/u_C/misc.c
v10/usr/jerq/src/lib/u_C/o_vec.c
v10/usr/jerq/src/lib/u_C/omakefile
v10/usr/jerq/src/lib/u_C/old/_main.c
v10/usr/jerq/src/lib/u_C/old/_new.c
v10/usr/jerq/src/lib/u_C/old/arith.c
v10/usr/jerq/src/life/hostlife.c
v10/usr/jerq/src/life/life.sh
v10/usr/jerq/src/life/makefile
v10/usr/jerq/src/life/mlife.c
v10/usr/jerq/src/menudrop/MENUHIT.h
v10/usr/jerq/src/menudrop/Makefile
v10/usr/jerq/src/menudrop/cleanup.c
v10/usr/jerq/src/menudrop/cursor.c
v10/usr/jerq/src/menudrop/ident.c
v10/usr/jerq/src/menudrop/lalloc.c
v10/usr/jerq/src/menudrop/menudemo.c
v10/usr/jerq/src/menudrop/menudrop.c
v10/usr/jerq/src/mugs/Makefile
v10/usr/jerq/src/mugs/closepic.c
v10/usr/jerq/src/mugs/fb.h
v10/usr/jerq/src/mugs/mkfile
v10/usr/jerq/src/mugs/mugs.c
v10/usr/jerq/src/mugs/mugs.c-1
v10/usr/jerq/src/mugs/mugs.h
v10/usr/jerq/src/mugs/mugs.h-1
v10/usr/jerq/src/mugs/mugsterm.c
v10/usr/jerq/src/mugs/mugsterm.c-1
v10/usr/jerq/src/mugs/readpic.c
v10/usr/jerq/src/mux/layer.adb
v10/usr/jerq/src/mux/makefile
v10/usr/jerq/src/mux/mpxstats.h
v10/usr/jerq/src/mux/msgs.h
v10/usr/jerq/src/mux/mux.c
v10/usr/jerq/src/mux/mux.i
v10/usr/jerq/src/mux/omux.c
v10/usr/jerq/src/mux/traces
