v10/usr/jerq/src/mux/oterm/2control.c
v10/usr/jerq/src/mux/oterm/:sed
v10/usr/jerq/src/mux/oterm/:sed.comm-bss
v10/usr/jerq/src/mux/oterm/README
v10/usr/jerq/src/mux/oterm/afont.c
v10/usr/jerq/src/mux/oterm/boot.c
v10/usr/jerq/src/mux/oterm/bug.report
v10/usr/jerq/src/mux/oterm/comm.c
v10/usr/jerq/src/mux/oterm/control.c
v10/usr/jerq/src/mux/oterm/crtm.s
v10/usr/jerq/src/mux/oterm/demux.c
v10/usr/jerq/src/mux/oterm/excep.s
v10/usr/jerq/src/mux/oterm/exec.c
v10/usr/jerq/src/mux/oterm/firm.s
v10/usr/jerq/src/mux/oterm/kbd.c
v10/usr/jerq/src/mux/oterm/key.c
v10/usr/jerq/src/mux/oterm/lcontrol.c
v10/usr/jerq/src/mux/oterm/ld.map
v10/usr/jerq/src/mux/oterm/makefile
v10/usr/jerq/src/mux/oterm/makelocore
v10/usr/jerq/src/mux/oterm/makelocore.q
v10/usr/jerq/src/mux/oterm/map
v10/usr/jerq/src/mux/oterm/map.h
v10/usr/jerq/src/mux/oterm/pcbs.c
v10/usr/jerq/src/mux/oterm/pcbs.s
v10/usr/jerq/src/mux/oterm/pl.s
v10/usr/jerq/src/mux/oterm/procsize.c
v10/usr/jerq/src/mux/oterm/proctab.s
v10/usr/jerq/src/mux/oterm/rom.h
v10/usr/jerq/src/mux/oterm/rom.s
v10/usr/jerq/src/mux/oterm/safeuser.c
v10/usr/jerq/src/mux/oterm/shipped
v10/usr/jerq/src/mux/oterm/sortnm
v10/usr/jerq/src/mux/oterm/syms
v10/usr/jerq/src/mux/oterm/task.c
v10/usr/jerq/src/mux/oterm/trap.c
v10/usr/jerq/src/mux/oterm/user.c
v10/usr/jerq/src/mux/oterm/window.c
v10/usr/jerq/src/mux/oterm/frame/deltext.c
v10/usr/jerq/src/mux/oterm/frame/frame.h
v10/usr/jerq/src/mux/oterm/frame/frameop.c
v10/usr/jerq/src/mux/oterm/frame/instext.c
v10/usr/jerq/src/mux/oterm/frame/makefile
v10/usr/jerq/src/mux/oterm/frame/newframe.c
v10/usr/jerq/src/mux/oterm/frame/nselect.c
v10/usr/jerq/src/mux/oterm/frame/oselect.c
v10/usr/jerq/src/mux/oterm/frame/ptofchar.c
v10/usr/jerq/src/mux/oterm/frame/safeselect.c
v10/usr/jerq/src/mux/oterm/frame/select.c
v10/usr/jerq/src/mux/oterm/frame/string.c
v10/usr/jerq/src/mux/proto/makefile
v10/usr/jerq/src/mux/proto/packets.h
v10/usr/jerq/src/mux/proto/pcheck.c
v10/usr/jerq/src/mux/proto/pconfig.h
v10/usr/jerq/src/mux/proto/pinit.c
v10/usr/jerq/src/mux/proto/precv.c
v10/usr/jerq/src/mux/proto/proto.h
v10/usr/jerq/src/mux/proto/psend.c
v10/usr/jerq/src/mux/proto/pstats.h
v10/usr/jerq/src/mux/proto/ptimeout.c
v10/usr/jerq/src/mux/term/2control.c
v10/usr/jerq/src/mux/term/2nm.out
v10/usr/jerq/src/mux/term/:sed
v10/usr/jerq/src/mux/term/:sed.comm-bss
v10/usr/jerq/src/mux/term/README
v10/usr/jerq/src/mux/term/boot.c
v10/usr/jerq/src/mux/term/comm.c
v10/usr/jerq/src/mux/term/control.c
v10/usr/jerq/src/mux/term/crtm.s
v10/usr/jerq/src/mux/term/demux.c
v10/usr/jerq/src/mux/term/diffs
v10/usr/jerq/src/mux/term/excep.s
v10/usr/jerq/src/mux/term/exec.c
v10/usr/jerq/src/mux/term/firm.s
v10/usr/jerq/src/mux/term/key.c
v10/usr/jerq/src/mux/term/makefile
v10/usr/jerq/src/mux/term/makelocore
v10/usr/jerq/src/mux/term/makelocore.q
v10/usr/jerq/src/mux/term/map
v10/usr/jerq/src/mux/term/map.h
v10/usr/jerq/src/mux/term/nm.out
v10/usr/jerq/src/mux/term/opl.s
v10/usr/jerq/src/mux/term/pcbs.c
v10/usr/jerq/src/mux/term/pcbs.s
v10/usr/jerq/src/mux/term/pl.s
v10/usr/jerq/src/mux/term/procsize.c
v10/usr/jerq/src/mux/term/procsize.s
v10/usr/jerq/src/mux/term/proctab.s
v10/usr/jerq/src/mux/term/rom.h
v10/usr/jerq/src/mux/term/rom.s
v10/usr/jerq/src/mux/term/task.c
v10/usr/jerq/src/mux/term/trap.c
v10/usr/jerq/src/mux/term/user.c
v10/usr/jerq/src/mux/term/window.c
v10/usr/jerq/src/mux/term/x1
v10/usr/jerq/src/mux/term/xpcbs.s
v10/usr/jerq/src/mux/term/frame/deltext.c
v10/usr/jerq/src/mux/term/frame/frame.h
v10/usr/jerq/src/mux/term/frame/frameop.c
v10/usr/jerq/src/mux/term/frame/instext.c
v10/usr/jerq/src/mux/term/frame/makefile
v10/usr/jerq/src/mux/term/frame/newframe.c
v10/usr/jerq/src/mux/term/frame/nselect.c
v10/usr/jerq/src/mux/term/frame/ptofchar.c
v10/usr/jerq/src/mux/term/frame/safeselect.c
v10/usr/jerq/src/mux/term/frame/select.c
v10/usr/jerq/src/mux/term/frame/string.c
