v10/usr/jerq/src/pads/.hcy
v10/usr/jerq/src/pads/Makefile
v10/usr/jerq/src/pads/opads.pri
v10/usr/jerq/src/pads/opads.pub
v10/usr/jerq/src/pads/pads.h
v10/usr/jerq/src/pads/pads.pri
v10/usr/jerq/src/pads/pads.pub
v10/usr/jerq/src/pads/doc/.hcy
v10/usr/jerq/src/pads/doc/middle.c
v10/usr/jerq/src/pads/doc/news.c
v10/usr/jerq/src/pads/doc/now.c
v10/usr/jerq/src/pads/doc/null.c
v10/usr/jerq/src/pads/doc/story.c
v10/usr/jerq/src/pads/doc/storyopen.c
v10/usr/jerq/src/pads/host/.hcy
v10/usr/jerq/src/pads/host/Makefile
v10/usr/jerq/src/pads/host/cache.c
v10/usr/jerq/src/pads/host/extern.c
v10/usr/jerq/src/pads/host/help.c
v10/usr/jerq/src/pads/host/libC.c
v10/usr/jerq/src/pads/host/menu.c
v10/usr/jerq/src/pads/host/pad.c
v10/usr/jerq/src/pads/host/padrcv.c
v10/usr/jerq/src/pads/host/padrvc.oc
v10/usr/jerq/src/pads/host/popen.c
v10/usr/jerq/src/pads/host/protocol.c
v10/usr/jerq/src/pads/host/remote.c
v10/usr/jerq/src/pads/host/sf.c
v10/usr/jerq/src/pads/host/stats.c
v10/usr/jerq/src/pads/host/term.c
v10/usr/jerq/src/pads/host/test.c
v10/usr/jerq/src/pads/host/trace.c
v10/usr/jerq/src/pads/term/.hcy
v10/usr/jerq/src/pads/term/Makefile
v10/usr/jerq/src/pads/term/buttons.c
v10/usr/jerq/src/pads/term/cache.c
v10/usr/jerq/src/pads/term/cursor.c
v10/usr/jerq/src/pads/term/host.c
v10/usr/jerq/src/pads/term/lib.c
v10/usr/jerq/src/pads/term/lineops.c
v10/usr/jerq/src/pads/term/master.c
v10/usr/jerq/src/pads/term/pad.c
v10/usr/jerq/src/pads/term/paint.c
v10/usr/jerq/src/pads/term/protocol.c
v10/usr/jerq/src/pads/term/scripthit.c
v10/usr/jerq/src/pads/term/univ.h
v10/usr/jerq/src/paint/.paintstate
v10/usr/jerq/src/paint/Makefile
v10/usr/jerq/src/paint/bitfile.c
v10/usr/jerq/src/paint/bitfile.i
v10/usr/jerq/src/paint/fill.c
v10/usr/jerq/src/paint/image.c
v10/usr/jerq/src/paint/main.c
v10/usr/jerq/src/paint/menu.c
v10/usr/jerq/src/paint/paint.h
v10/usr/jerq/src/paint/paintfunc.c
v10/usr/jerq/src/paint/state.c
v10/usr/jerq/src/paint/util.c
v10/usr/jerq/src/ped/README
v10/usr/jerq/src/ped/makefile
v10/usr/jerq/src/ped/dped/README
v10/usr/jerq/src/ped/dped/device.h
v10/usr/jerq/src/ped/dped/jcomm.c
v10/usr/jerq/src/ped/dped/jdraw.c
v10/usr/jerq/src/ped/dped/jfill.c
v10/usr/jerq/src/ped/dped/jfont.c
v10/usr/jerq/src/ped/dped/jmain.c
v10/usr/jerq/src/ped/dped/jmenu.c
v10/usr/jerq/src/ped/dped/jmke.c
v10/usr/jerq/src/ped/dped/jmvc.c
v10/usr/jerq/src/ped/dped/jped.h
v10/usr/jerq/src/ped/dped/jplot.c
v10/usr/jerq/src/ped/dped/jresh.c
v10/usr/jerq/src/ped/dped/jscl.c
v10/usr/jerq/src/ped/dped/jsub.c
v10/usr/jerq/src/ped/dped/jtext.c
v10/usr/jerq/src/ped/dped/makefile
v10/usr/jerq/src/ped/dped/v8_to_sysv
v10/usr/jerq/src/ped/hped/README
v10/usr/jerq/src/ped/hped/Unix.h
v10/usr/jerq/src/ped/hped/aux.c
v10/usr/jerq/src/ped/hped/beauty.h
v10/usr/jerq/src/ped/hped/dep.c
v10/usr/jerq/src/ped/hped/dep.h
v10/usr/jerq/src/ped/hped/device.h
v10/usr/jerq/src/ped/hped/dmain.c
v10/usr/jerq/src/ped/hped/fspline.c
v10/usr/jerq/src/ped/hped/hblit.c
v10/usr/jerq/src/ped/hped/hbmap.c
v10/usr/jerq/src/ped/hped/hclust.c
v10/usr/jerq/src/ped/hped/hcomm.c
v10/usr/jerq/src/ped/hped/hedit.c
v10/usr/jerq/src/ped/hped/help.c
v10/usr/jerq/src/ped/hped/hfnt.c
v10/usr/jerq/src/ped/hped/hform.c
v10/usr/jerq/src/ped/hped/hped.h
v10/usr/jerq/src/ped/hped/hrange.c
v10/usr/jerq/src/ped/hped/hread.c
v10/usr/jerq/src/ped/hped/hspline.c
v10/usr/jerq/src/ped/hped/hsub.c
v10/usr/jerq/src/ped/hped/huser.c
v10/usr/jerq/src/ped/hped/hwide.c
v10/usr/jerq/src/ped/hped/hwork.c
v10/usr/jerq/src/ped/hped/hwrite.c
v10/usr/jerq/src/ped/hped/locus.h
v10/usr/jerq/src/ped/hped/makefile
v10/usr/jerq/src/ped/hped/solve.c
v10/usr/jerq/src/ped/hped/where.h
