v10/usr/jerq/src/pi/host/.depends
v10/usr/jerq/src/pi/host/.hcy
v10/usr/jerq/src/pi/host/.makefile
v10/usr/jerq/src/pi/host/Depends
v10/usr/jerq/src/pi/host/Makefile
v10/usr/jerq/src/pi/host/asm.c
v10/usr/jerq/src/pi/host/asm.h
v10/usr/jerq/src/pi/host/asm.pri
v10/usr/jerq/src/pi/host/asm.pub
v10/usr/jerq/src/pi/host/audit.c
v10/usr/jerq/src/pi/host/audit.h
v10/usr/jerq/src/pi/host/batch.c
v10/usr/jerq/src/pi/host/bpts.c
v10/usr/jerq/src/pi/host/bpts.h
v10/usr/jerq/src/pi/host/bpts.pri
v10/usr/jerq/src/pi/host/bpts.pub
v10/usr/jerq/src/pi/host/coff.h
v10/usr/jerq/src/pi/host/coffsymtab.c
v10/usr/jerq/src/pi/host/core.c
v10/usr/jerq/src/pi/host/core.h
v10/usr/jerq/src/pi/host/core.pri
v10/usr/jerq/src/pi/host/core.pub
v10/usr/jerq/src/pi/host/dmg.f
v10/usr/jerq/src/pi/host/dmg.s
v10/usr/jerq/src/pi/host/dtype.c
v10/usr/jerq/src/pi/host/dtype.h
v10/usr/jerq/src/pi/host/dtype.pri
v10/usr/jerq/src/pi/host/dtype.pub
v10/usr/jerq/src/pi/host/ed.hup
v10/usr/jerq/src/pi/host/ed8.h
v10/usr/jerq/src/pi/host/ed8symtab.c
v10/usr/jerq/src/pi/host/ed8symtab.oc
v10/usr/jerq/src/pi/host/expr.c
v10/usr/jerq/src/pi/host/expr.h
v10/usr/jerq/src/pi/host/expr.pri
v10/usr/jerq/src/pi/host/expr.pub
v10/usr/jerq/src/pi/host/format.c
v10/usr/jerq/src/pi/host/format.h
v10/usr/jerq/src/pi/host/format.pri
v10/usr/jerq/src/pi/host/format.pub
v10/usr/jerq/src/pi/host/frame.c
v10/usr/jerq/src/pi/host/frame.h
v10/usr/jerq/src/pi/host/frame.pri
v10/usr/jerq/src/pi/host/frame.pub
v10/usr/jerq/src/pi/host/gram.c
v10/usr/jerq/src/pi/host/gram.h
v10/usr/jerq/src/pi/host/gram.y
v10/usr/jerq/src/pi/host/hostcore.c
v10/usr/jerq/src/pi/host/hostcore.h
v10/usr/jerq/src/pi/host/hostmaster.c
v10/usr/jerq/src/pi/host/hostproc.c
v10/usr/jerq/src/pi/host/journal.c
v10/usr/jerq/src/pi/host/journal.h
v10/usr/jerq/src/pi/host/journal.pri
v10/usr/jerq/src/pi/host/journal.pub
v10/usr/jerq/src/pi/host/junk.c
v10/usr/jerq/src/pi/host/kerncore.c
v10/usr/jerq/src/pi/host/kernmaster.c
v10/usr/jerq/src/pi/host/kernproc.c
v10/usr/jerq/src/pi/host/lib.c
v10/usr/jerq/src/pi/host/lib.h
v10/usr/jerq/src/pi/host/m68kasm.c
v10/usr/jerq/src/pi/host/m68kasm.h
v10/usr/jerq/src/pi/host/m68kcore.c
v10/usr/jerq/src/pi/host/m68kcore.h
v10/usr/jerq/src/pi/host/m68koptab.oc
v10/usr/jerq/src/pi/host/m68koptab.oh
v10/usr/jerq/src/pi/host/mac32asm.c
v10/usr/jerq/src/pi/host/mac32asm.h
v10/usr/jerq/src/pi/host/mac32optab.oc
v10/usr/jerq/src/pi/host/main.c
v10/usr/jerq/src/pi/host/main.oc
v10/usr/jerq/src/pi/host/master.c
v10/usr/jerq/src/pi/host/master.h
v10/usr/jerq/src/pi/host/master.pri
v10/usr/jerq/src/pi/host/master.pub
v10/usr/jerq/src/pi/host/mcc.h
v10/usr/jerq/src/pi/host/mccsymtab.c
v10/usr/jerq/src/pi/host/memory.c
v10/usr/jerq/src/pi/host/memory.h
v10/usr/jerq/src/pi/host/memory.pri
v10/usr/jerq/src/pi/host/memory.pub
v10/usr/jerq/src/pi/host/mip.h
v10/usr/jerq/src/pi/host/nohup.out
v10/usr/jerq/src/pi/host/oMakefile
v10/usr/jerq/src/pi/host/op.h
v10/usr/jerq/src/pi/host/parse.c
v10/usr/jerq/src/pi/host/parse.h
v10/usr/jerq/src/pi/host/phrase.c
v10/usr/jerq/src/pi/host/phrase.h
v10/usr/jerq/src/pi/host/phrase.pri
v10/usr/jerq/src/pi/host/phrase.pub
v10/usr/jerq/src/pi/host/process.c
v10/usr/jerq/src/pi/host/process.h
v10/usr/jerq/src/pi/host/process.pri
v10/usr/jerq/src/pi/host/process.pub
v10/usr/jerq/src/pi/host/sigmask.c
v10/usr/jerq/src/pi/host/sigmask.h
v10/usr/jerq/src/pi/host/snetcore.c
v10/usr/jerq/src/pi/host/snetcore.h
v10/usr/jerq/src/pi/host/snetmaster.c
v10/usr/jerq/src/pi/host/snetproc.c
v10/usr/jerq/src/pi/host/srcdir.c
v10/usr/jerq/src/pi/host/srcdir.h
