v10/usr/jerq/src/pi/host/srctext.c
v10/usr/jerq/src/pi/host/srctext.h
v10/usr/jerq/src/pi/host/srctext.pri
v10/usr/jerq/src/pi/host/srctext.pub
v10/usr/jerq/src/pi/host/symbol.c
v10/usr/jerq/src/pi/host/symbol.h
v10/usr/jerq/src/pi/host/symtab.c
v10/usr/jerq/src/pi/host/symtab.h
v10/usr/jerq/src/pi/host/symtab.pri
v10/usr/jerq/src/pi/host/symtab.pub
v10/usr/jerq/src/pi/host/termcore.c
v10/usr/jerq/src/pi/host/termcore.h
v10/usr/jerq/src/pi/host/termmaster.c
v10/usr/jerq/src/pi/host/termproc.c
v10/usr/jerq/src/pi/host/univ.h
v10/usr/jerq/src/pi/host/user.h
v10/usr/jerq/src/pi/host/vaxasm.c
v10/usr/jerq/src/pi/host/vaxasm.h
v10/usr/jerq/src/pi/host/vaxoptab.oc
v10/usr/jerq/src/pi/host/vtbl.c
v10/usr/jerq/src/pi/host/wd.c
v10/usr/jerq/src/pi/host/wd.h
v10/usr/jerq/src/pi/host/werkcore.c
v10/usr/jerq/src/pi/host/werkmaster.c
v10/usr/jerq/src/pi/host/werkproc.c
v10/usr/jerq/src/pi/host/y.tab.h
