v10/usr/jerq/src/ped/tped/README
v10/usr/jerq/src/ped/tped/device.h
v10/usr/jerq/src/ped/tped/fspline.c
v10/usr/jerq/src/ped/tped/hped.h
v10/usr/jerq/src/ped/tped/hread.c
v10/usr/jerq/src/ped/tped/main.c
v10/usr/jerq/src/ped/tped/makefile
v10/usr/jerq/src/ped/tped/plot.c
v10/usr/jerq/src/ped/tped/rot.c
v10/usr/jerq/src/ped/tped/sub.c
v10/usr/jerq/src/pi/.hcy
v10/usr/jerq/src/pi/protocol.h
v10/usr/jerq/src/pi/term/.hcy
v10/usr/jerq/src/pi/term/Makefile
v10/usr/jerq/src/pi/term/call.c
v10/usr/jerq/src/pi/term/core.c
v10/usr/jerq/src/pi/term/cursor.c
v10/usr/jerq/src/pi/term/graphic.c
v10/usr/jerq/src/pi/term/journal.c
v10/usr/jerq/src/pi/term/jps.c
v10/usr/jerq/src/pi/term/lib.c
v10/usr/jerq/src/pi/term/main.c
v10/usr/jerq/src/pi/term/memfault.c
v10/usr/jerq/src/pi/term/protocol.c
v10/usr/jerq/src/pi/term/step.c
v10/usr/jerq/src/pi/term/term.h
v10/usr/jerq/src/pi/term/text.c
v10/usr/jerq/src/proof/comm.h
v10/usr/jerq/src/proof/freq.c
v10/usr/jerq/src/proof/makefile
v10/usr/jerq/src/proof/peek.c
v10/usr/jerq/src/proof/doc/Makefile
v10/usr/jerq/src/proof/doc/proof.1
v10/usr/jerq/src/proof/host/Makefile
v10/usr/jerq/src/proof/host/comm.h
v10/usr/jerq/src/proof/host/host.h
v10/usr/jerq/src/proof/host/io.c
v10/usr/jerq/src/proof/host/main.c
v10/usr/jerq/src/proof/host/map.c
v10/usr/jerq/src/proof/host/page.c.BE
v10/usr/jerq/src/proof/host/troff.c
v10/usr/jerq/src/proof/term/Makefile
v10/usr/jerq/src/proof/term/confirm.c
v10/usr/jerq/src/proof/term/main.c
v10/usr/jerq/src/proof/term/page.icon
v10/usr/jerq/src/proof/term/pan.c
v10/usr/jerq/src/proof/term/pkt.c
v10/usr/jerq/src/proof/term/reader.c
v10/usr/jerq/src/proof/term/slice.icon
v10/usr/jerq/src/proof/term/speed.c
v10/usr/jerq/src/proof/term/sundry.c
v10/usr/jerq/src/proof/term/temp
v10/usr/jerq/src/proof/term/term.h
v10/usr/jerq/src/proof/term/troff.c
v10/usr/jerq/src/proof/term/tterm.c
v10/usr/jerq/src/pvmon/makefile
v10/usr/jerq/src/pvmon/piclib.c
v10/usr/jerq/src/pvmon/piclib.h
v10/usr/jerq/src/pvmon/pvdither.c
v10/usr/jerq/src/pvmon/pvhost.c
v10/usr/jerq/src/pvmon/pvterm.c
v10/usr/jerq/src/rebecca/doit.c
v10/usr/jerq/src/rebecca/filler.c
v10/usr/jerq/src/rebecca/greyscale.c
v10/usr/jerq/src/rebecca/gridbutton.c
v10/usr/jerq/src/rebecca/handler.c
v10/usr/jerq/src/rebecca/instruments.c
v10/usr/jerq/src/rebecca/instruments.h
v10/usr/jerq/src/rebecca/main.c
v10/usr/jerq/src/rebecca/makefile
v10/usr/jerq/src/rebecca/mover.c
v10/usr/jerq/src/rebecca/other.c
v10/usr/jerq/src/rebecca/paint.c
v10/usr/jerq/src/rebecca/piclib.c
v10/usr/jerq/src/rebecca/piclib.h
v10/usr/jerq/src/rebecca/probe.c
v10/usr/jerq/src/rebecca/rebecca.9
v10/usr/jerq/src/rebecca/rebecca.c
v10/usr/jerq/src/rebecca/rebecca.h
v10/usr/jerq/src/rebecca/resolver.c
v10/usr/jerq/src/rebecca/screen.c
v10/usr/jerq/src/rebecca/sheet.c
v10/usr/jerq/src/rebecca/start
v10/usr/jerq/src/rebecca/textures.h
v10/usr/jerq/src/rebecca/zoom.c
v10/usr/jerq/src/sam/address.c
v10/usr/jerq/src/sam/alloc.c
v10/usr/jerq/src/sam/buffer.c
v10/usr/jerq/src/sam/cmd.c
v10/usr/jerq/src/sam/disc.c
v10/usr/jerq/src/sam/error.c
v10/usr/jerq/src/sam/errors.h
v10/usr/jerq/src/sam/file.c
v10/usr/jerq/src/sam/gcalloc.c
v10/usr/jerq/src/sam/io.c
v10/usr/jerq/src/sam/list.c
v10/usr/jerq/src/sam/makefile
v10/usr/jerq/src/sam/malloc.c
v10/usr/jerq/src/sam/mesg.c
v10/usr/jerq/src/sam/mesg.h
v10/usr/jerq/src/sam/misc.c
v10/usr/jerq/src/sam/moveto.c
v10/usr/jerq/src/sam/multi.c
v10/usr/jerq/src/sam/parse.h
v10/usr/jerq/src/sam/rasp.c
v10/usr/jerq/src/sam/regexp.c
v10/usr/jerq/src/sam/sam.c
v10/usr/jerq/src/sam/sam.h
v10/usr/jerq/src/sam/string.c
v10/usr/jerq/src/sam/sys.c
v10/usr/jerq/src/sam/unix.c
v10/usr/jerq/src/sam/xec.c
