v10/usr/jerq/src/sam/term/box.c
v10/usr/jerq/src/sam/term/cyntax
v10/usr/jerq/src/sam/term/defont.ex.h
v10/usr/jerq/src/sam/term/defont.h
v10/usr/jerq/src/sam/term/draw.c
v10/usr/jerq/src/sam/term/flayer.c
v10/usr/jerq/src/sam/term/flayer.h
v10/usr/jerq/src/sam/term/frame.h
v10/usr/jerq/src/sam/term/frdelete.c
v10/usr/jerq/src/sam/term/frinit.c
v10/usr/jerq/src/sam/term/frinsert.c
v10/usr/jerq/src/sam/term/icons.c
v10/usr/jerq/src/sam/term/main.c
v10/usr/jerq/src/sam/term/makefile
v10/usr/jerq/src/sam/term/menu.c
v10/usr/jerq/src/sam/term/mesg.c
v10/usr/jerq/src/sam/term/ptofchar.c
v10/usr/jerq/src/sam/term/rasp.c
v10/usr/jerq/src/sam/term/samterm.h
v10/usr/jerq/src/sam/term/scroll.c
v10/usr/jerq/src/sam/term/select.c
v10/usr/jerq/src/sam/term/str.c
v10/usr/jerq/src/sam/term/util.c
v10/usr/jerq/src/sgsinc/a.out.h
v10/usr/jerq/src/sgsinc/alarm.h
v10/usr/jerq/src/sgsinc/aouthdr.h
v10/usr/jerq/src/sgsinc/ar.h
v10/usr/jerq/src/sgsinc/assert.h
v10/usr/jerq/src/sgsinc/bool.h
v10/usr/jerq/src/sgsinc/bx25lib.h
v10/usr/jerq/src/sgsinc/core.h
v10/usr/jerq/src/sgsinc/ctype.h
v10/usr/jerq/src/sgsinc/dial.h
v10/usr/jerq/src/sgsinc/dumprestor.h
v10/usr/jerq/src/sgsinc/errno.h
v10/usr/jerq/src/sgsinc/execargs.h
v10/usr/jerq/src/sgsinc/fatal.h
v10/usr/jerq/src/sgsinc/fcntl.h
v10/usr/jerq/src/sgsinc/filehdr.h
v10/usr/jerq/src/sgsinc/ftw.h
v10/usr/jerq/src/sgsinc/grp.h
v10/usr/jerq/src/sgsinc/ldfcn.h
v10/usr/jerq/src/sgsinc/linenum.h
v10/usr/jerq/src/sgsinc/macros.h
v10/usr/jerq/src/sgsinc/malloc.h
v10/usr/jerq/src/sgsinc/math.h
v10/usr/jerq/src/sgsinc/math.h3b5x
v10/usr/jerq/src/sgsinc/memory.h
v10/usr/jerq/src/sgsinc/mnttab.h
v10/usr/jerq/src/sgsinc/mon.h
v10/usr/jerq/src/sgsinc/nan.h
v10/usr/jerq/src/sgsinc/nlist.h
v10/usr/jerq/src/sgsinc/patch.h
v10/usr/jerq/src/sgsinc/prof.h
v10/usr/jerq/src/sgsinc/pwd.h
v10/usr/jerq/src/sgsinc/regexp.h
v10/usr/jerq/src/sgsinc/reloc.h
v10/usr/jerq/src/sgsinc/rje.h
v10/usr/jerq/src/sgsinc/scnhdr.h
v10/usr/jerq/src/sgsinc/sdp2.h
v10/usr/jerq/src/sgsinc/sdp3.h
v10/usr/jerq/src/sgsinc/search.h
v10/usr/jerq/src/sgsinc/setjmp.h
v10/usr/jerq/src/sgsinc/sgsmacros.h
v10/usr/jerq/src/sgsinc/sgtty.h
v10/usr/jerq/src/sgsinc/signal.h
v10/usr/jerq/src/sgsinc/stand.h
v10/usr/jerq/src/sgsinc/stdio.h
v10/usr/jerq/src/sgsinc/storclass.h
v10/usr/jerq/src/sgsinc/string.h
v10/usr/jerq/src/sgsinc/symbol.h
v10/usr/jerq/src/sgsinc/syms.h
v10/usr/jerq/src/sgsinc/sys.pdp
v10/usr/jerq/src/sgsinc/sys.vax
v10/usr/jerq/src/sgsinc/termio.h
v10/usr/jerq/src/sgsinc/time.h
v10/usr/jerq/src/sgsinc/tp_defs.h
v10/usr/jerq/src/sgsinc/ustat.h
v10/usr/jerq/src/sgsinc/utmp.h
v10/usr/jerq/src/sgsinc/values.h
v10/usr/jerq/src/sgsinc/values.h3b5x
v10/usr/jerq/src/sgsinc/varargs.h
v10/usr/jerq/src/sgsinc/x25lib.h
v10/usr/jerq/src/standalone/:sed.comm-bss
v10/usr/jerq/src/standalone/foo.c
v10/usr/jerq/src/standalone/jpcbs.c
v10/usr/jerq/src/standalone/jxmap
v10/usr/jerq/src/standalone/l.s
v10/usr/jerq/src/standalone/makefile
v10/usr/jerq/src/standalone/rom.s
v10/usr/jerq/src/standalone/tty_rom_defs.h
v10/usr/jerq/src/sysmon/README
v10/usr/jerq/src/sysmon/bsd.mk
v10/usr/jerq/src/sysmon/bsddaemon.c
v10/usr/jerq/src/sysmon/calldaemon.c
v10/usr/jerq/src/sysmon/cp.c
v10/usr/jerq/src/sysmon/daemon.c
v10/usr/jerq/src/sysmon/daemon.ok.c
v10/usr/jerq/src/sysmon/defs.h
v10/usr/jerq/src/sysmon/foo.c
v10/usr/jerq/src/sysmon/from.c
v10/usr/jerq/src/sysmon/generate.c
v10/usr/jerq/src/sysmon/icon.c
v10/usr/jerq/src/sysmon/jerqmon.c
v10/usr/jerq/src/sysmon/load.h
v10/usr/jerq/src/sysmon/makefile
v10/usr/jerq/src/sysmon/menu.h
v10/usr/jerq/src/sysmon/mhit.c
v10/usr/jerq/src/sysmon/mips.mk
v10/usr/jerq/src/sysmon/mipsdaemon.c
v10/usr/jerq/src/sysmon/mkfile
v10/usr/jerq/src/sysmon/msg.h
v10/usr/jerq/src/sysmon/mytty.c
v10/usr/jerq/src/sysmon/myttymain.c
v10/usr/jerq/src/sysmon/nlist.c
v10/usr/jerq/src/sysmon/ntdkmgr.c
v10/usr/jerq/src/sysmon/ojerqmon.c
v10/usr/jerq/src/sysmon/omakefile
v10/usr/jerq/src/sysmon/osysmon.c
v10/usr/jerq/src/sysmon/sampleload.c
v10/usr/jerq/src/sysmon/scanmail.c
v10/usr/jerq/src/sysmon/scanmail.h
v10/usr/jerq/src/sysmon/smtest.c
v10/usr/jerq/src/sysmon/sname.c
v10/usr/jerq/src/sysmon/sun.mk
v10/usr/jerq/src/sysmon/sundaemon.c
v10/usr/jerq/src/sysmon/sysmon.c
v10/usr/jerq/src/sysmon/testfrom.c
v10/usr/jerq/src/sysmon/ttyslot.c
v10/usr/jerq/src/sysmon/utmp.c
v10/usr/jerq/src/sysmon/old/from.c
v10/usr/jerq/src/sysmon/old/icon.c
v10/usr/jerq/src/sysmon/old/sysmon.c
v10/usr/jerq/src/sysmon/test/myttymain.c
v10/usr/jerq/src/sysmon/test/sname.c
v10/usr/jerq/src/sysmon/test/test.c
v10/usr/jerq/src/tek4014/MEMO
v10/usr/jerq/src/tek4014/README
v10/usr/jerq/src/tek4014/bigapl.c
v10/usr/jerq/src/tek4014/dclip.c
v10/usr/jerq/src/tek4014/defont.c
v10/usr/jerq/src/tek4014/dline.c
v10/usr/jerq/src/tek4014/dline.h
v10/usr/jerq/src/tek4014/dline.s
v10/usr/jerq/src/tek4014/dlsegment.c
v10/usr/jerq/src/tek4014/escape
v10/usr/jerq/src/tek4014/flash.c
v10/usr/jerq/src/tek4014/jdlineto.c
v10/usr/jerq/src/tek4014/jek.c
v10/usr/jerq/src/tek4014/jerqreshape.c
v10/usr/jerq/src/tek4014/makefile
v10/usr/jerq/src/tek4014/noflash.c
v10/usr/jerq/src/tek4014/odline.c
v10/usr/jerq/src/tek4014/oflash.c
v10/usr/jerq/src/tek4014/tiny.c
v10/usr/jerq/src/tek4014/tinyapl.c
