v10/usr/jerq/src/thinkblt/Makefile
v10/usr/jerq/src/thinkblt/buttons.c
v10/usr/jerq/src/thinkblt/catnap.c
v10/usr/jerq/src/thinkblt/charset.c
v10/usr/jerq/src/thinkblt/flash.c
v10/usr/jerq/src/thinkblt/install
v10/usr/jerq/src/thinkblt/mice.c
v10/usr/jerq/src/thinkblt/namelink.c
v10/usr/jerq/src/thinkblt/namept.c
v10/usr/jerq/src/thinkblt/nohup.out
v10/usr/jerq/src/thinkblt/probe.c
v10/usr/jerq/src/thinkblt/reshape.c
v10/usr/jerq/src/thinkblt/think.c
v10/usr/jerq/src/thinkblt/think.h
v10/usr/jerq/src/thinkblt/thinkblt.c
v10/usr/jerq/src/thinkblt/thinkblt.h
v10/usr/jerq/src/thinkblt/thinkchar.c
v10/usr/jerq/src/thinkblt/thinkcol.c
v10/usr/jerq/src/thinkblt/thinkhost.c
v10/usr/jerq/src/thinkblt/thinkmap.c
v10/usr/jerq/src/thinkblt/thinkprint.c
v10/usr/jerq/src/thinkblt/thinkshare.c
v10/usr/jerq/src/thinkblt/thinksmall
v10/usr/jerq/src/thinkblt/thinksort.c
v10/usr/jerq/src/thinkblt/thinkterm.c
v10/usr/jerq/src/thinkblt/wrtc.c
v10/usr/jerq/src/twid/bitfile.c
v10/usr/jerq/src/twid/cursor.c
v10/usr/jerq/src/twid/data.c
v10/usr/jerq/src/twid/disc.c
v10/usr/jerq/src/twid/discture.c
v10/usr/jerq/src/twid/junk.c
v10/usr/jerq/src/twid/makefile
v10/usr/jerq/src/twid/rotate.c
v10/usr/jerq/src/twid/twid.c
v10/usr/jerq/src/twid/twid.h
v10/usr/jerq/src/xcip/WISH.LIST
v10/usr/jerq/src/xcip/bug.map.pic
v10/usr/jerq/src/xcip/buttons.c
v10/usr/jerq/src/xcip/cip.1
v10/usr/jerq/src/xcip/cip.c
v10/usr/jerq/src/xcip/cip.h
v10/usr/jerq/src/xcip/cip.sh
v10/usr/jerq/src/xcip/commands.c
v10/usr/jerq/src/xcip/draw.c
v10/usr/jerq/src/xcip/dump.c
v10/usr/jerq/src/xcip/edit.c
v10/usr/jerq/src/xcip/junk.c
v10/usr/jerq/src/xcip/logo.data
v10/usr/jerq/src/xcip/logo.pic
v10/usr/jerq/src/xcip/makefile
v10/usr/jerq/src/xcip/menus.c
v10/usr/jerq/src/xcip/nmakefile
v10/usr/jerq/src/xcip/pic.c
v10/usr/jerq/src/xcip/readPic.c
v10/usr/jerq/src/xcip/sendbitmap.c
v10/usr/jerq/src/xcip/space.c
v10/usr/jerq/src/xcip/things.c
v10/usr/jerq/src/xcip/tmenuhit.c
v10/usr/jerq/src/xcip/tmenuhit.h
v10/usr/jerq/src/xcip/track.c
v10/usr/jerq/src/xcip/transform.c
