v10/usr/man/adm/Toolkit
v10/usr/man/adm/bfile
v10/usr/man/adm/breaklinks
v10/usr/man/adm/cache
v10/usr/man/adm/cachelinks
v10/usr/man/adm/cachindex
v10/usr/man/adm/categories
v10/usr/man/adm/checkSH
v10/usr/man/adm/checkfilref
v10/usr/man/adm/checklib
v10/usr/man/adm/checkpagelist
v10/usr/man/adm/checkrefs
v10/usr/man/adm/cktopic
v10/usr/man/adm/comm.sed
v10/usr/man/adm/contmac
v10/usr/man/adm/def
v10/usr/man/adm/docontents
v10/usr/man/adm/doglossary
v10/usr/man/adm/dointro
v10/usr/man/adm/dopermind
v10/usr/man/adm/dopref
v10/usr/man/adm/dotopind
v10/usr/man/adm/dup1
v10/usr/man/adm/dup1.awk
v10/usr/man/adm/dup2.awk
v10/usr/man/adm/file_title
v10/usr/man/adm/idiff.out
v10/usr/man/adm/ignore
v10/usr/man/adm/makcont
v10/usr/man/adm/makelinks
v10/usr/man/adm/maketopic
v10/usr/man/adm/makind
v10/usr/man/adm/makind1
v10/usr/man/adm/man23.comm
v10/usr/man/adm/man23list
v10/usr/man/adm/manipermind
v10/usr/man/adm/npermindex
v10/usr/man/adm/nptxmac
v10/usr/man/adm/ntopindex
v10/usr/man/adm/numberpermind
v10/usr/man/adm/numbertopind
v10/usr/man/adm/pagecount
v10/usr/man/adm/pagelist
v10/usr/man/adm/pagenumbers
v10/usr/man/adm/pagesizes
