v10/usr/jerq/src/xcip/JPIC/arcgen.c
v10/usr/jerq/src/xcip/JPIC/blockgen.c
v10/usr/jerq/src/xcip/JPIC/boxgen.c
v10/usr/jerq/src/xcip/JPIC/circgen.c
v10/usr/jerq/src/xcip/JPIC/driver.c
v10/usr/jerq/src/xcip/JPIC/epic.c
v10/usr/jerq/src/xcip/JPIC/jp.c
v10/usr/jerq/src/xcip/JPIC/linegen.c
v10/usr/jerq/src/xcip/JPIC/main.c
v10/usr/jerq/src/xcip/JPIC/makefile
v10/usr/jerq/src/xcip/JPIC/misc.c
v10/usr/jerq/src/xcip/JPIC/movegen.c
v10/usr/jerq/src/xcip/JPIC/pic.h
v10/usr/jerq/src/xcip/JPIC/pic1.c
v10/usr/jerq/src/xcip/JPIC/pic2.c
v10/usr/jerq/src/xcip/JPIC/picl.c
v10/usr/jerq/src/xcip/JPIC/picl.l
v10/usr/jerq/src/xcip/JPIC/picy.c
v10/usr/jerq/src/xcip/JPIC/picy.y
v10/usr/jerq/src/xcip/JPIC/pltroff.c
v10/usr/jerq/src/xcip/JPIC/print.c
v10/usr/jerq/src/xcip/JPIC/symtab.c
v10/usr/jerq/src/xcip/JPIC/textgen.c
v10/usr/jerq/src/xcip/JPIC/troffgen.c
v10/usr/jerq/src/xcip/JPIC/y.tab.h
v10/usr/man/cachelinks
v10/usr/man/filnam
v10/usr/man/filref
v10/usr/man/temp
