v10/usr/man/adm/man1/snocone.1
v10/usr/man/adm/man1/sort.1
v10/usr/man/adm/man1/spell.1
v10/usr/man/adm/man1/spin.1
v10/usr/man/adm/man1/split.1
v10/usr/man/adm/man1/strings.1
v10/usr/man/adm/man1/strip.1
v10/usr/man/adm/man1/stty.1
v10/usr/man/adm/man1/sum.1
v10/usr/man/adm/man1/tabs.1
v10/usr/man/adm/man1/tail.1
v10/usr/man/adm/man1/tape.1
v10/usr/man/adm/man1/tar.1
v10/usr/man/adm/man1/tbl.1
v10/usr/man/adm/man1/tee.1
v10/usr/man/adm/man1/test.1
v10/usr/man/adm/man1/tex.1
v10/usr/man/adm/man1/time.1
v10/usr/man/adm/man1/tr.1
v10/usr/man/adm/man1/troff.1
v10/usr/man/adm/man1/true.1
v10/usr/man/adm/man1/tsort.1
v10/usr/man/adm/man1/tty.1
v10/usr/man/adm/man1/ul.1
v10/usr/man/adm/man1/uniq.1
v10/usr/man/adm/man1/uucp.1
v10/usr/man/adm/man1/uustat.1
v10/usr/man/adm/man1/uuto.1
v10/usr/man/adm/man1/uux.1
v10/usr/man/adm/man1/vi.1
v10/usr/man/adm/man1/view2d.1
v10/usr/man/adm/man1/vis.1
v10/usr/man/adm/man1/wc.1
v10/usr/man/adm/man1/who.1
v10/usr/man/adm/man1/write.1
v10/usr/man/adm/man1/wwb.1
v10/usr/man/adm/man1/wwv.1
v10/usr/man/adm/man1/xd.1
v10/usr/man/adm/man1/yacc.1
