v10/usr/man/adm/man0/contents
v10/usr/man/adm/man0/glossary
v10/usr/man/adm/man0/intro
v10/usr/man/adm/man0/npermindex
v10/usr/man/adm/man0/ntopindex
v10/usr/man/adm/man0/preface
v10/usr/man/adm/man2/access.2
v10/usr/man/adm/man2/acct.2
v10/usr/man/adm/man2/alarm.2
v10/usr/man/adm/man2/brk.2
v10/usr/man/adm/man2/chdir.2
v10/usr/man/adm/man2/chmod.2
v10/usr/man/adm/man2/deprecated.2
v10/usr/man/adm/man2/dirread.2
v10/usr/man/adm/man2/dup.2
v10/usr/man/adm/man2/exec.2
v10/usr/man/adm/man2/exit.2
v10/usr/man/adm/man2/fmount.2
v10/usr/man/adm/man2/fork.2
v10/usr/man/adm/man2/getuid.2
v10/usr/man/adm/man2/intro.2
v10/usr/man/adm/man2/ioctl.2
v10/usr/man/adm/man2/link.2
v10/usr/man/adm/man2/lseek.2
v10/usr/man/adm/man2/mkdir.2
v10/usr/man/adm/man2/mknod.2
v10/usr/man/adm/man2/nice.2
v10/usr/man/adm/man2/open.2
v10/usr/man/adm/man2/pipe.2
v10/usr/man/adm/man2/profil.2
v10/usr/man/adm/man2/read.2
v10/usr/man/adm/man2/select.2
v10/usr/man/adm/man2/signal.2
v10/usr/man/adm/man2/stat.2
v10/usr/man/adm/man2/stime.2
v10/usr/man/adm/man2/sync.2
v10/usr/man/adm/man2/syscall.2
v10/usr/man/adm/man2/time.2
v10/usr/man/adm/man2/times.2
v10/usr/man/adm/man2/umask.2
v10/usr/man/adm/man2/unlink.2
v10/usr/man/adm/man2/vtimes.2
