v10/usr/man/adm/man3/abort.3
v10/usr/man/adm/man3/arith.3
v10/usr/man/adm/man3/assert.3
v10/usr/man/adm/man3/atof.3
v10/usr/man/adm/man3/bessel.3
v10/usr/man/adm/man3/bits.3
v10/usr/man/adm/man3/block.3
v10/usr/man/adm/man3/cbt.3
v10/usr/man/adm/man3/chrtab.3
v10/usr/man/adm/man3/crypt.3
v10/usr/man/adm/man3/ctime.3
v10/usr/man/adm/man3/ctype.3
v10/usr/man/adm/man3/curses.3
v10/usr/man/adm/man3/dbm.3
v10/usr/man/adm/man3/dialout.3
v10/usr/man/adm/man3/directory.3
v10/usr/man/adm/man3/ecvt.3
v10/usr/man/adm/man3/end.3
v10/usr/man/adm/man3/erf.3
v10/usr/man/adm/man3/exit.3
v10/usr/man/adm/man3/exp.3
v10/usr/man/adm/man3/ferror.3
v10/usr/man/adm/man3/fgets.3
v10/usr/man/adm/man3/fio.3
v10/usr/man/adm/man3/floor.3
v10/usr/man/adm/man3/fopen.3
v10/usr/man/adm/man3/fread.3
v10/usr/man/adm/man3/frexp.3
v10/usr/man/adm/man3/fseek.3
v10/usr/man/adm/man3/ftw.3
v10/usr/man/adm/man3/galloc.3
v10/usr/man/adm/man3/gamma.3
v10/usr/man/adm/man3/getarg.3
v10/usr/man/adm/man3/getc.3
v10/usr/man/adm/man3/getenv.3
v10/usr/man/adm/man3/getfields.3
v10/usr/man/adm/man3/getflags.3
v10/usr/man/adm/man3/getfsent.3
v10/usr/man/adm/man3/getgrent.3
v10/usr/man/adm/man3/getlogin.3
v10/usr/man/adm/man3/getopt.3
v10/usr/man/adm/man3/getpass.3
v10/usr/man/adm/man3/getpwent.3
v10/usr/man/adm/man3/getwd.3
v10/usr/man/adm/man3/huff.3
v10/usr/man/adm/man3/hypot.3
v10/usr/man/adm/man3/internet.3
v10/usr/man/adm/man3/intro.3
v10/usr/man/adm/man3/ipc.3
v10/usr/man/adm/man3/l3tol.3
v10/usr/man/adm/man3/malloc.3
v10/usr/man/adm/man3/map.3
v10/usr/man/adm/man3/memory.3
v10/usr/man/adm/man3/mktemp.3
v10/usr/man/adm/man3/monitor.3
v10/usr/man/adm/man3/mp.3
v10/usr/man/adm/man3/nlist.3
v10/usr/man/adm/man3/perror.3
v10/usr/man/adm/man3/picfile.3
v10/usr/man/adm/man3/plot.3
v10/usr/man/adm/man3/poly.3
v10/usr/man/adm/man3/pool.3
v10/usr/man/adm/man3/popen.3
v10/usr/man/adm/man3/port.3
v10/usr/man/adm/man3/print.3
v10/usr/man/adm/man3/printf.3
v10/usr/man/adm/man3/proj.3
v10/usr/man/adm/man3/qsort.3
v10/usr/man/adm/man3/rand.3
v10/usr/man/adm/man3/re.3
v10/usr/man/adm/man3/regexp.3
v10/usr/man/adm/man3/scanf.3
v10/usr/man/adm/man3/setbuf.3
v10/usr/man/adm/man3/setjmp.3
v10/usr/man/adm/man3/sin.3
v10/usr/man/adm/man3/sinh.3
v10/usr/man/adm/man3/sleep.3
v10/usr/man/adm/man3/stdio.3
v10/usr/man/adm/man3/string.3
v10/usr/man/adm/man3/swab.3
v10/usr/man/adm/man3/system.3
v10/usr/man/adm/man3/tcp.3
v10/usr/man/adm/man3/termcap.3
v10/usr/man/adm/man3/timec.3
v10/usr/man/adm/man3/tolower.3
v10/usr/man/adm/man3/ttyname.3
v10/usr/man/adm/man3/udp.3
v10/usr/man/adm/man3/uname.3
v10/usr/man/adm/man3/ungetc.3
v10/usr/man/adm/man3/varargs.3
v10/usr/man/adm/man3/view2d.3
v10/usr/man/adm/man4/bufld.4
v10/usr/man/adm/man4/connld.4
v10/usr/man/adm/man4/console.4
v10/usr/man/adm/man4/dk.4
v10/usr/man/adm/man4/drum.4
v10/usr/man/adm/man4/ethernet.4
v10/usr/man/adm/man4/fd.4
v10/usr/man/adm/man4/intro.4
v10/usr/man/adm/man4/ip.4
v10/usr/man/adm/man4/mem.4
v10/usr/man/adm/man4/mesgld.4
v10/usr/man/adm/man4/mt.4
v10/usr/man/adm/man4/null.4
v10/usr/man/adm/man4/proc.4
v10/usr/man/adm/man4/ra.4
v10/usr/man/adm/man4/scsi.4
v10/usr/man/adm/man4/stream.4
v10/usr/man/adm/man4/tcp.4
v10/usr/man/adm/man4/tty.4
v10/usr/man/adm/man4/ttyld.4
v10/usr/man/adm/man5/a.out.5
v10/usr/man/adm/man5/acct.5
v10/usr/man/adm/man5/ar.5
v10/usr/man/adm/man5/backup.5
v10/usr/man/adm/man5/core.5
v10/usr/man/adm/man5/cpio.5
v10/usr/man/adm/man5/dir.5
v10/usr/man/adm/man5/environ.5
v10/usr/man/adm/man5/filsys.5
v10/usr/man/adm/man5/font.5
v10/usr/man/adm/man5/fstab.5
v10/usr/man/adm/man5/map.5
v10/usr/man/adm/man5/netnews.5
v10/usr/man/adm/man5/passwd.5
v10/usr/man/adm/man5/picfile.5
v10/usr/man/adm/man5/plot.5
v10/usr/man/adm/man5/poly.5
v10/usr/man/adm/man5/stab.5
v10/usr/man/adm/man5/termcap.5
v10/usr/man/adm/man5/ttys.5
v10/usr/man/adm/man5/types.5
v10/usr/man/adm/man5/utmp.5
v10/usr/man/adm/man5/view2d.5
v10/usr/man/adm/man5/whoami.5
v10/usr/man/adm/man5/worm.5
v10/usr/man/adm/man6/ascii.6
v10/usr/man/adm/man6/eqnchar.6
v10/usr/man/adm/man6/font.6
v10/usr/man/adm/man6/latex.6
v10/usr/man/adm/man6/mail.6
v10/usr/man/adm/man6/man.6
v10/usr/man/adm/man6/mbits.6
v10/usr/man/adm/man6/mcs.6
v10/usr/man/adm/man6/mpictures.6
v10/usr/man/adm/man6/mpm.6
v10/usr/man/adm/man6/ms.6
v10/usr/man/adm/man6/term.6
v10/usr/man/adm/man7/apnews.7
v10/usr/man/adm/man7/cal.7
v10/usr/man/adm/man7/dict.7
v10/usr/man/adm/man7/dkname.7
v10/usr/man/adm/man7/library.7
v10/usr/man/adm/man7/map.7
v10/usr/man/adm/man7/news.7
v10/usr/man/adm/man7/papers.7
v10/usr/man/adm/man7/poly.7
v10/usr/man/adm/man7/postnews.7
v10/usr/man/adm/man7/qns.7
v10/usr/man/adm/man7/readnews.7
v10/usr/man/adm/man7/scat.7
v10/usr/man/adm/man7/sky.7
v10/usr/man/adm/man7/tel.7
v10/usr/man/adm/man7/town.7
v10/usr/man/adm/man7/units.7
v10/usr/man/adm/man7/weather.7
