v10/usr/man/man0/Toolkit
v10/usr/man/man0/bfile
v10/usr/man/man0/breaklinks
v10/usr/man/man0/cache
v10/usr/man/man0/cachindex
v10/usr/man/man0/categories
v10/usr/man/man0/checkSH
v10/usr/man/man0/checkfilref
v10/usr/man/man0/checklib
v10/usr/man/man0/checkpagelist
v10/usr/man/man0/checkrefs
v10/usr/man/man0/cktopic
v10/usr/man/man0/comm.sed
v10/usr/man/man0/contents
v10/usr/man/man0/contmac
v10/usr/man/man0/doglossary
v10/usr/man/man0/dointro
v10/usr/man/man0/dopermind
v10/usr/man/man0/dotopind
v10/usr/man/man0/dup1
v10/usr/man/man0/dup1.awk
v10/usr/man/man0/dup2.awk
v10/usr/man/man0/file_title
v10/usr/man/man0/ignore
v10/usr/man/man0/intro
v10/usr/man/man0/junk
v10/usr/man/man0/libclist
v10/usr/man/man0/libcontents
v10/usr/man/man0/makcont
v10/usr/man/man0/makelinks
v10/usr/man/man0/maketopic
v10/usr/man/man0/makind
v10/usr/man/man0/makind1
v10/usr/man/man0/man23.comm
v10/usr/man/man0/man23list
v10/usr/man/man0/manipermind
v10/usr/man/man0/npermindex
v10/usr/man/man0/nptxmac
v10/usr/man/man0/ntopindex
v10/usr/man/man0/numberpermind
v10/usr/man/man0/numbertopind
v10/usr/man/man0/otitle
v10/usr/man/man0/pagecount
v10/usr/man/man0/pagelist
v10/usr/man/man0/pagenumbers
v10/usr/man/man0/pagesizes
