v10/usr/man/man1/2500.1
v10/usr/man/man1/=.1
v10/usr/man/man1/adb.1
v10/usr/man/man1/apply.1
v10/usr/man/man1/apsend.1
v10/usr/man/man1/ar.1
v10/usr/man/man1/as.1
v10/usr/man/man1/ascii.1
v10/usr/man/man1/at.1
v10/usr/man/man1/awk.1
v10/usr/man/man1/backup.1
v10/usr/man/man1/basename.1
v10/usr/man/man1/bc.1
v10/usr/man/man1/bcp.1
v10/usr/man/man1/bigcore.1
v10/usr/man/man1/bprint.1
v10/usr/man/man1/bundle.1
v10/usr/man/man1/c++.1
v10/usr/man/man1/calendar.1
v10/usr/man/man1/cat.1
v10/usr/man/man1/cb.1
v10/usr/man/man1/cbt.1
v10/usr/man/man1/cc.1
v10/usr/man/man1/chdate.1
v10/usr/man/man1/chmod.1
v10/usr/man/man1/cin.1
v10/usr/man/man1/cmp.1
v10/usr/man/man1/column.1
v10/usr/man/man1/comm.1
v10/usr/man/man1/con.1
v10/usr/man/man1/cp.1
v10/usr/man/man1/cpio.1
v10/usr/man/man1/crypt.1
v10/usr/man/man1/cscan.1
v10/usr/man/man1/cu.1
v10/usr/man/man1/cut.1
v10/usr/man/man1/dag.1
v10/usr/man/man1/date.1
v10/usr/man/man1/dc.1
v10/usr/man/man1/dcon.1
v10/usr/man/man1/dd.1
v10/usr/man/man1/deroff.1
v10/usr/man/man1/diff.1
v10/usr/man/man1/dired.1
v10/usr/man/man1/dist.1
v10/usr/man/man1/docgen.1
v10/usr/man/man1/docsubmit.1
v10/usr/man/man1/doctype.1
v10/usr/man/man1/du.1
v10/usr/man/man1/echo.1
v10/usr/man/man1/ed.1
v10/usr/man/man1/eqn.1
v10/usr/man/man1/expr.1
v10/usr/man/man1/f2c.1
v10/usr/man/man1/f77.1
v10/usr/man/man1/factor.1
v10/usr/man/man1/file.1
v10/usr/man/man1/find.1
v10/usr/man/man1/fmt.1
v10/usr/man/man1/ftp.1
v10/usr/man/man1/games.1
v10/usr/man/man1/getuid.1
v10/usr/man/man1/grap.1
v10/usr/man/man1/graph.1
v10/usr/man/man1/gre.1
v10/usr/man/man1/hang.1
v10/usr/man/man1/hoc.1
v10/usr/man/man1/hostname.1
v10/usr/man/man1/ideal.1
v10/usr/man/man1/idiff.1
v10/usr/man/man1/imscan.1
v10/usr/man/man1/intro.1
v10/usr/man/man1/join.1
v10/usr/man/man1/junk
v10/usr/man/man1/junk.c
v10/usr/man/man1/junk1
v10/usr/man/man1/junk1.c
v10/usr/man/man1/kill.1
v10/usr/man/man1/lab.1
v10/usr/man/man1/langs.1
v10/usr/man/man1/lcomp.1
v10/usr/man/man1/ld.1
v10/usr/man/man1/lex.1
v10/usr/man/man1/library.1
v10/usr/man/man1/lint.1
v10/usr/man/man1/load.1
v10/usr/man/man1/look.1
v10/usr/man/man1/lorder.1
v10/usr/man/man1/lp.1
v10/usr/man/man1/ls.1
v10/usr/man/man1/m4.1
v10/usr/man/man1/mail.1
v10/usr/man/man1/make.1
v10/usr/man/man1/man.1
v10/usr/man/man1/matlab.1
v10/usr/man/man1/mk.1
v10/usr/man/man1/mkdir.1
v10/usr/man/man1/mkdist.1
v10/usr/man/man1/monk.1
v10/usr/man/man1/mp.1
v10/usr/man/man1/newgrp.1
v10/usr/man/man1/nice.1
v10/usr/man/man1/nm.1
v10/usr/man/man1/ocr.1
v10/usr/man/man1/p.1
v10/usr/man/man1/pack.1
v10/usr/man/man1/passwd.1
v10/usr/man/man1/pic.1
v10/usr/man/man1/picasso.1
v10/usr/man/man1/pico.1
v10/usr/man/man1/plot.1
v10/usr/man/man1/pr.1
v10/usr/man/man1/prefer.1
v10/usr/man/man1/printenv.1
