v10/usr/man/man1/prof.1
v10/usr/man/man1/ps.1
v10/usr/man/man1/psifile.1
v10/usr/man/man1/psix.1
v10/usr/man/man1/ptx.1
v10/usr/man/man1/push.1
v10/usr/man/man1/pwd.1
v10/usr/man/man1/qsnap.1
v10/usr/man/man1/random.1
v10/usr/man/man1/rc.1
v10/usr/man/man1/rcp.1
v10/usr/man/man1/refer.1
v10/usr/man/man1/rev.1
v10/usr/man/man1/rm.1
v10/usr/man/man1/sed.1
v10/usr/man/man1/seq.1
v10/usr/man/man1/sh.1
v10/usr/man/man1/sign.1
v10/usr/man/man1/size.1
v10/usr/man/man1/sleep.1
v10/usr/man/man1/sml.1
v10/usr/man/man1/snocone.1
v10/usr/man/man1/sort.1
v10/usr/man/man1/spell.1
v10/usr/man/man1/spin.1
v10/usr/man/man1/split.1
v10/usr/man/man1/strings.1
v10/usr/man/man1/strip.1
v10/usr/man/man1/stty.1
v10/usr/man/man1/sum.1
v10/usr/man/man1/tabs.1
v10/usr/man/man1/tail.1
v10/usr/man/man1/tape.1
v10/usr/man/man1/tar.1
v10/usr/man/man1/tbl.1
v10/usr/man/man1/tdc.1
v10/usr/man/man1/tee.1
v10/usr/man/man1/test.1
v10/usr/man/man1/tex.1
v10/usr/man/man1/time.1
v10/usr/man/man1/tr.1
v10/usr/man/man1/tr2tex.1
v10/usr/man/man1/troff.1
v10/usr/man/man1/true.1
v10/usr/man/man1/tsort.1
v10/usr/man/man1/tty.1
v10/usr/man/man1/ul.1
v10/usr/man/man1/uniq.1
v10/usr/man/man1/uucp.1
v10/usr/man/man1/uustat.1
v10/usr/man/man1/uuto.1
v10/usr/man/man1/uux.1
v10/usr/man/man1/vi.1
v10/usr/man/man1/view2d.1
v10/usr/man/man1/vis.1
v10/usr/man/man1/wc.1
v10/usr/man/man1/who.1
v10/usr/man/man1/write.1
v10/usr/man/man1/wwb.1
v10/usr/man/man1/wwv.1
v10/usr/man/man1/xd.1
v10/usr/man/man1/yacc.1
v10/usr/man/man1/zero.1
