v10/usr/man/adm/man8/11.8
v10/usr/man/adm/man8/ac.8
v10/usr/man/adm/man8/arff.8
v10/usr/man/adm/man8/asd.8
v10/usr/man/adm/man8/backup.8
v10/usr/man/adm/man8/chown.8
v10/usr/man/adm/man8/chuck.8
v10/usr/man/adm/man8/clri.8
v10/usr/man/adm/man8/cpp.8
v10/usr/man/adm/man8/cron.8
v10/usr/man/adm/man8/dkmgr.8
v10/usr/man/adm/man8/dmesg.8
v10/usr/man/adm/man8/fsck.8
v10/usr/man/adm/man8/getty.8
v10/usr/man/adm/man8/icheck.8
v10/usr/man/adm/man8/init.8
v10/usr/man/adm/man8/ipconfig.8
v10/usr/man/adm/man8/kmc.8
v10/usr/man/adm/man8/ldpcs.8
v10/usr/man/adm/man8/login.8
v10/usr/man/adm/man8/makekey.8
v10/usr/man/adm/man8/mkfs.8
v10/usr/man/adm/man8/mknod.8
v10/usr/man/adm/man8/mkpkg.8
v10/usr/man/adm/man8/mount.8
v10/usr/man/adm/man8/netfs.8
v10/usr/man/adm/man8/netstat.8
v10/usr/man/adm/man8/ns.8
v10/usr/man/adm/man8/postio.8
v10/usr/man/adm/man8/postscript.8
v10/usr/man/adm/man8/pstat.8
v10/usr/man/adm/man8/quot.8
v10/usr/man/adm/man8/rarepl.8
v10/usr/man/adm/man8/rc.8
v10/usr/man/adm/man8/reboot.8
v10/usr/man/adm/man8/renice.8
v10/usr/man/adm/man8/route.8
v10/usr/man/adm/man8/sa.8
v10/usr/man/adm/man8/savecore.8
v10/usr/man/adm/man8/scsish.8
v10/usr/man/adm/man8/sendcover.8
v10/usr/man/adm/man8/ship.8
v10/usr/man/adm/man8/showq.8
v10/usr/man/adm/man8/smash.8
v10/usr/man/adm/man8/smstat.8
v10/usr/man/adm/man8/smtp.8
v10/usr/man/adm/man8/su.8
v10/usr/man/adm/man8/svcmgr.8
v10/usr/man/adm/man8/swapon.8
v10/usr/man/adm/man8/sync.8
v10/usr/man/adm/man8/tcpmgr.8
v10/usr/man/adm/man8/upas.8
v10/usr/man/adm/man8/uucico.8
v10/usr/man/adm/man8/uucleanup.8
v10/usr/man/adm/man8/vmstat.8
v10/usr/man/adm/man8/wall.8
v10/usr/man/adm/man8/worm.8
v10/usr/man/adm/man9/32ld.9
v10/usr/man/adm/man9/3cc.9
v10/usr/man/adm/man9/add.9
v10/usr/man/adm/man9/alloc.9
v10/usr/man/adm/man9/bitblt.9
v10/usr/man/adm/man9/bitfile.9
v10/usr/man/adm/man9/blitblt.9
v10/usr/man/adm/man9/brush.9
v10/usr/man/adm/man9/button.9
v10/usr/man/adm/man9/cip.9
v10/usr/man/adm/man9/circle.9
v10/usr/man/adm/man9/cos.9
v10/usr/man/adm/man9/face.9
v10/usr/man/adm/man9/faced.9
v10/usr/man/adm/man9/flickfile.9
v10/usr/man/adm/man9/flicks.9
v10/usr/man/adm/man9/font.9
v10/usr/man/adm/man9/getfont.9
v10/usr/man/adm/man9/graphdraw.9
v10/usr/man/adm/man9/icon.9
v10/usr/man/adm/man9/intro.9
v10/usr/man/adm/man9/jf.9
v10/usr/man/adm/man9/jioctl.9
v10/usr/man/adm/man9/jx.9
v10/usr/man/adm/man9/lens.9
v10/usr/man/adm/man9/libc.9
v10/usr/man/adm/man9/menuhit.9
v10/usr/man/adm/man9/mouse.9
v10/usr/man/adm/man9/movie.9
v10/usr/man/adm/man9/mux.9
v10/usr/man/adm/man9/muxstring.9
v10/usr/man/adm/man9/newlayer.9
v10/usr/man/adm/man9/newproc.9
v10/usr/man/adm/man9/pads.9
v10/usr/man/adm/man9/paint.9
v10/usr/man/adm/man9/ped.9
v10/usr/man/adm/man9/pi.9
v10/usr/man/adm/man9/proof.9
v10/usr/man/adm/man9/psi.9
v10/usr/man/adm/man9/reader.9
v10/usr/man/adm/man9/rebecca.9
v10/usr/man/adm/man9/request.9
v10/usr/man/adm/man9/ruler.9
v10/usr/man/adm/man9/sam.9
v10/usr/man/adm/man9/string.9
v10/usr/man/adm/man9/term.9
v10/usr/man/adm/man9/thinkblt.9
v10/usr/man/adm/man9/thinkclient.9
v10/usr/man/adm/man9/types.9
v10/usr/man/adm/man9/vismon.9
v10/usr/man/adm/man9/windows.9
v10/usr/man/adm/tjunk/1.comm-mach
v10/usr/man/adm/tjunk/1.comm_dev
v10/usr/man/adm/tjunk/1.comm_mach
v10/usr/man/adm/tjunk/1.comm_other
v10/usr/man/adm/tjunk/1.comm_term
v10/usr/man/adm/tjunk/1.comm_users
v10/usr/man/adm/tjunk/1.debug_tune
v10/usr/man/adm/tjunk/1.dirs
v10/usr/man/adm/tjunk/1.editor
v10/usr/man/adm/tjunk/1.files
v10/usr/man/adm/tjunk/1.filmprinte
v10/usr/man/adm/tjunk/1.games
v10/usr/man/adm/tjunk/1.graphics
v10/usr/man/adm/tjunk/1.inst_info
v10/usr/man/adm/tjunk/1.lib_obj
v10/usr/man/adm/tjunk/1.misc
v10/usr/man/adm/tjunk/1.numbers
v10/usr/man/adm/tjunk/1.proc_man
v10/usr/man/adm/tjunk/1.prog_c
v10/usr/man/adm/tjunk/1.prog_other
v10/usr/man/adm/tjunk/1.protocol
v10/usr/man/adm/tjunk/1.sa_auto
v10/usr/man/adm/tjunk/1.sa_mortals
v10/usr/man/adm/tjunk/1.sa_nonmort
v10/usr/man/adm/tjunk/1.secur
v10/usr/man/adm/tjunk/1.shell
v10/usr/man/adm/tjunk/1.time_man
v10/usr/man/adm/tjunk/1.writing_ai
v10/usr/man/adm/tjunk/1.writing_ot
v10/usr/man/adm/tjunk/1.writing_ou
v10/usr/man/adm/tjunk/1.writing_tr
v10/usr/man/adm/tjunk/2.comm_mach
v10/usr/man/adm/tjunk/2.comm_proc
v10/usr/man/adm/tjunk/2.comm_term
v10/usr/man/adm/tjunk/2.data_man
v10/usr/man/adm/tjunk/2.datatype
v10/usr/man/adm/tjunk/2.debug_tune
v10/usr/man/adm/tjunk/2.dirs
v10/usr/man/adm/tjunk/2.file_inq_c
v10/usr/man/adm/tjunk/2.file_io
v10/usr/man/adm/tjunk/2.graphics
v10/usr/man/adm/tjunk/2.math
v10/usr/man/adm/tjunk/2.mem_man
v10/usr/man/adm/tjunk/2.misc
v10/usr/man/adm/tjunk/2.proc_man
v10/usr/man/adm/tjunk/2.sa
v10/usr/man/adm/tjunk/2.secur
v10/usr/man/adm/tjunk/2.time_man
v10/usr/man/adm/tjunk/graphics.files
v10/usr/man/adm/tjunk/s1.comm-mach
v10/usr/man/adm/tjunk/s1.comm_dev
v10/usr/man/adm/tjunk/s1.comm_mach
v10/usr/man/adm/tjunk/s1.comm_other
v10/usr/man/adm/tjunk/s1.comm_term
v10/usr/man/adm/tjunk/s1.comm_users
v10/usr/man/adm/tjunk/s1.debug_tune
v10/usr/man/adm/tjunk/s1.dirs
v10/usr/man/adm/tjunk/s1.editor
v10/usr/man/adm/tjunk/s1.files
v10/usr/man/adm/tjunk/s1.filmprinte
v10/usr/man/adm/tjunk/s1.games
v10/usr/man/adm/tjunk/s1.graphics
v10/usr/man/adm/tjunk/s1.inst_info
v10/usr/man/adm/tjunk/s1.lib_obj
v10/usr/man/adm/tjunk/s1.misc
v10/usr/man/adm/tjunk/s1.numbers
v10/usr/man/adm/tjunk/s1.proc_man
v10/usr/man/adm/tjunk/s1.prog_c
v10/usr/man/adm/tjunk/s1.prog_other
v10/usr/man/adm/tjunk/s1.protocol
v10/usr/man/adm/tjunk/s1.sa_auto
v10/usr/man/adm/tjunk/s1.sa_mortals
v10/usr/man/adm/tjunk/s1.sa_nonmort
v10/usr/man/adm/tjunk/s1.secur
v10/usr/man/adm/tjunk/s1.shell
v10/usr/man/adm/tjunk/s1.time_man
v10/usr/man/adm/tjunk/s1.writing_ai
v10/usr/man/adm/tjunk/s1.writing_ot
v10/usr/man/adm/tjunk/s1.writing_ou
v10/usr/man/adm/tjunk/s1.writing_tr
v10/usr/man/adm/tjunk/s2.comm_mach
v10/usr/man/adm/tjunk/s2.comm_proc
v10/usr/man/adm/tjunk/s2.comm_term
v10/usr/man/adm/tjunk/s2.data_man
v10/usr/man/adm/tjunk/s2.datatype
v10/usr/man/adm/tjunk/s2.debug_tune
v10/usr/man/adm/tjunk/s2.dirs
v10/usr/man/adm/tjunk/s2.file_inq_c
v10/usr/man/adm/tjunk/s2.file_io
v10/usr/man/adm/tjunk/s2.graphics
v10/usr/man/adm/tjunk/s2.math
v10/usr/man/adm/tjunk/s2.mem_man
v10/usr/man/adm/tjunk/s2.misc
v10/usr/man/adm/tjunk/s2.proc_man
v10/usr/man/adm/tjunk/s2.sa
v10/usr/man/adm/tjunk/s2.secur
v10/usr/man/adm/tjunk/s2.time_man
v10/usr/man/adm/tjunk/topindex
v10/usr/man/man0/tjunk/graphics.files
