v10/usr/man/man10/29plas.10
v10/usr/man/man10/annotate.10
v10/usr/man/man10/awb.10
v10/usr/man/man10/badge.1
v10/usr/man/man10/cdl.10.5
v10/usr/man/man10/cdm.10
v10/usr/man/man10/cdmglob.10
v10/usr/man/man10/drom.10
v10/usr/man/man10/eprom.10
v10/usr/man/man10/errors.10
v10/usr/man/man10/fizz.10
v10/usr/man/man10/fizz.10.5
v10/usr/man/man10/fsm.10.5
v10/usr/man/man10/fsmc.10
v10/usr/man/man10/getparts.10
v10/usr/man/man10/graw.10
v10/usr/man/man10/graw.10.5
v10/usr/man/man10/intro.10
v10/usr/man/man10/jpkg.10
v10/usr/man/man10/jraw.10
v10/usr/man/man10/jxy.10
v10/usr/man/man10/lasm.10
v10/usr/man/man10/lde.10
v10/usr/man/man10/lde.10.5
v10/usr/man/man10/lookup.10
v10/usr/man/man10/mds.10.5
v10/usr/man/man10/minterm.10.5
v10/usr/man/man10/mkpins.10
v10/usr/man/man10/mw.10
v10/usr/man/man10/paddle.10.5
v10/usr/man/man10/pal.10
v10/usr/man/man10/quine.10
v10/usr/man/man10/rework.10
v10/usr/man/man10/smoke.10
v10/usr/man/man10/stock.10.5
v10/usr/man/man10/wcheck.10
v10/usr/man/man10/wrap.10
v10/usr/man/man10/xpal.10
v10/usr/man/man2/access.2
v10/usr/man/man2/acct.2
v10/usr/man/man2/alarm.2
v10/usr/man/man2/brk.2
v10/usr/man/man2/chdir.2
v10/usr/man/man2/chmod.2
v10/usr/man/man2/deprecated.2
v10/usr/man/man2/dirread.2
v10/usr/man/man2/dup.2
v10/usr/man/man2/exec.2
v10/usr/man/man2/exit.2
v10/usr/man/man2/fmount.2
v10/usr/man/man2/fork.2
v10/usr/man/man2/getuid.2
v10/usr/man/man2/intro.2
v10/usr/man/man2/ioctl.2
v10/usr/man/man2/link.2
v10/usr/man/man2/lseek.2
v10/usr/man/man2/mkdir.2
v10/usr/man/man2/mknod.2
v10/usr/man/man2/nice.2
v10/usr/man/man2/open.2
v10/usr/man/man2/pipe.2
v10/usr/man/man2/profil.2
v10/usr/man/man2/read.2
v10/usr/man/man2/select.2
v10/usr/man/man2/signal.2
v10/usr/man/man2/stat.2
v10/usr/man/man2/stime.2
v10/usr/man/man2/sync.2
v10/usr/man/man2/syscall.2
v10/usr/man/man2/time.2
v10/usr/man/man2/times.2
v10/usr/man/man2/umask.2
v10/usr/man/man2/unlink.2
v10/usr/man/man2/vtimes.2
v10/usr/man/man3/abort.3
v10/usr/man/man3/arith.3
v10/usr/man/man3/assert.3
v10/usr/man/man3/atof.3
v10/usr/man/man3/bessel.3
v10/usr/man/man3/bits.3
v10/usr/man/man3/block.3
v10/usr/man/man3/cbt.3
v10/usr/man/man3/chrtab.3
v10/usr/man/man3/crypt.3
v10/usr/man/man3/ctime.3
v10/usr/man/man3/ctype.3
v10/usr/man/man3/curses.3
v10/usr/man/man3/dbm.3
v10/usr/man/man3/dialout.3
v10/usr/man/man3/directory.3
v10/usr/man/man3/ecvt.3
v10/usr/man/man3/end.3
v10/usr/man/man3/erf.3
v10/usr/man/man3/exit.3
v10/usr/man/man3/exp.3
v10/usr/man/man3/ferror.3
v10/usr/man/man3/fgets.3
v10/usr/man/man3/fio.3
v10/usr/man/man3/floor.3
v10/usr/man/man3/fopen.3
v10/usr/man/man3/fread.3
v10/usr/man/man3/frexp.3
v10/usr/man/man3/fseek.3
v10/usr/man/man3/ftw.3
v10/usr/man/man3/galloc.3
v10/usr/man/man3/gamma.3
v10/usr/man/man3/getarg.3
v10/usr/man/man3/getc.3
v10/usr/man/man3/getenv.3
v10/usr/man/man3/getfields.3
v10/usr/man/man3/getflags.3
v10/usr/man/man3/getfsent.3
v10/usr/man/man3/getgrent.3
v10/usr/man/man3/getlogin.3
v10/usr/man/man3/getopt.3
v10/usr/man/man3/getpass.3
v10/usr/man/man3/getpwent.3
v10/usr/man/man3/getwd.3
v10/usr/man/man3/huff.3
v10/usr/man/man3/hypot.3
v10/usr/man/man3/internet.3
v10/usr/man/man3/intro.3
v10/usr/man/man3/ipc.3
v10/usr/man/man3/l3tol.3
v10/usr/man/man3/malloc.3
v10/usr/man/man3/map.3
v10/usr/man/man3/memory.3
v10/usr/man/man3/mktemp.3
v10/usr/man/man3/monitor.3
v10/usr/man/man3/mp.3
v10/usr/man/man3/nlist.3
v10/usr/man/man3/perror.3
v10/usr/man/man3/picfile.3
v10/usr/man/man3/plot.3
v10/usr/man/man3/poly.3
v10/usr/man/man3/pool.3
v10/usr/man/man3/popen.3
v10/usr/man/man3/port.3
v10/usr/man/man3/print.3
v10/usr/man/man3/printf.3
v10/usr/man/man3/proj.3
v10/usr/man/man3/qsort.3
v10/usr/man/man3/rand.3
v10/usr/man/man3/re.3
v10/usr/man/man3/regexp.3
v10/usr/man/man3/scanf.3
v10/usr/man/man3/setbuf.3
v10/usr/man/man3/setjmp.3
v10/usr/man/man3/sin.3
v10/usr/man/man3/sinh.3
v10/usr/man/man3/sleep.3
v10/usr/man/man3/stdio.3
v10/usr/man/man3/string.3
v10/usr/man/man3/swab.3
v10/usr/man/man3/system.3
v10/usr/man/man3/tcp.3
v10/usr/man/man3/termcap.3
v10/usr/man/man3/timec.3
v10/usr/man/man3/tolower.3
v10/usr/man/man3/ttyname.3
v10/usr/man/man3/udp.3
v10/usr/man/man3/uname.3
v10/usr/man/man3/ungetc.3
v10/usr/man/man3/varargs.3
v10/usr/man/man3/view2d.3
v10/usr/man/man4/bufld.4
v10/usr/man/man4/connld.4
v10/usr/man/man4/console.4
v10/usr/man/man4/dk.4
v10/usr/man/man4/drum.4
v10/usr/man/man4/ethernet.4
v10/usr/man/man4/fd.4
v10/usr/man/man4/intro.4
v10/usr/man/man4/ip.4
v10/usr/man/man4/mem.4
v10/usr/man/man4/mesgld.4
v10/usr/man/man4/mt.4
v10/usr/man/man4/null.4
v10/usr/man/man4/proc.4
v10/usr/man/man4/ra.4
v10/usr/man/man4/scsi.4
v10/usr/man/man4/stream.4
v10/usr/man/man4/tcp.4
v10/usr/man/man4/tty.4
v10/usr/man/man4/ttyld.4
