v10/usr/man/man5/a.out.5
v10/usr/man/man5/acct.5
v10/usr/man/man5/ar.5
v10/usr/man/man5/backup.5
v10/usr/man/man5/core.5
v10/usr/man/man5/cpio.5
v10/usr/man/man5/dir.5
v10/usr/man/man5/environ.5
v10/usr/man/man5/filsys.5
v10/usr/man/man5/font.5
v10/usr/man/man5/fstab.5
v10/usr/man/man5/map.5
v10/usr/man/man5/netnews.5
v10/usr/man/man5/passwd.5
v10/usr/man/man5/picfile.5
v10/usr/man/man5/plot.5
v10/usr/man/man5/poly.5
v10/usr/man/man5/stab.5
v10/usr/man/man5/termcap.5
v10/usr/man/man5/ttys.5
v10/usr/man/man5/types.5
v10/usr/man/man5/utmp.5
v10/usr/man/man5/view2d.5
v10/usr/man/man5/worm.5
v10/usr/man/man6/ascii.6
v10/usr/man/man6/eqnchar.6
v10/usr/man/man6/font.6
v10/usr/man/man6/latex.6
v10/usr/man/man6/mail.6
v10/usr/man/man6/man.6
v10/usr/man/man6/mbits.6
v10/usr/man/man6/mcs.6
v10/usr/man/man6/mpictures.6
v10/usr/man/man6/mpm.6
v10/usr/man/man6/ms.6
v10/usr/man/man6/term.6
v10/usr/man/man7/apnews.7
v10/usr/man/man7/cal.7
v10/usr/man/man7/dict.7
v10/usr/man/man7/dkname.7
v10/usr/man/man7/library.7
v10/usr/man/man7/map.7
v10/usr/man/man7/netlib.7
v10/usr/man/man7/news.7
v10/usr/man/man7/papers.7
v10/usr/man/man7/poly.7
v10/usr/man/man7/postnews.7
v10/usr/man/man7/pq.7
v10/usr/man/man7/qns.7
v10/usr/man/man7/readnews.7
v10/usr/man/man7/scat.7
v10/usr/man/man7/sky.7
v10/usr/man/man7/tel.7
v10/usr/man/man7/town.7
v10/usr/man/man7/units.7
v10/usr/man/man7/weather.7
v10/usr/man/man8/11.8
v10/usr/man/man8/ac.8
v10/usr/man/man8/arff.8
v10/usr/man/man8/asd.8
v10/usr/man/man8/backup.8
v10/usr/man/man8/chown.8
v10/usr/man/man8/chuck.8
v10/usr/man/man8/clri.8
v10/usr/man/man8/cpp.8
v10/usr/man/man8/cron.8
v10/usr/man/man8/dkmgr.8
v10/usr/man/man8/dmesg.8
v10/usr/man/man8/fsck.8
v10/usr/man/man8/getty.8
v10/usr/man/man8/icheck.8
v10/usr/man/man8/init.8
v10/usr/man/man8/ipconfig.8
v10/usr/man/man8/kmc.8
v10/usr/man/man8/ldpcs.8
v10/usr/man/man8/login.8
v10/usr/man/man8/makekey.8
v10/usr/man/man8/mkfs.8
v10/usr/man/man8/mknod.8
v10/usr/man/man8/mkpkg.8
v10/usr/man/man8/mount.8
v10/usr/man/man8/netfs.8
v10/usr/man/man8/netstat.8
v10/usr/man/man8/ns.8
v10/usr/man/man8/postio.8
v10/usr/man/man8/postscript.8
v10/usr/man/man8/pstat.8
v10/usr/man/man8/quot.8
v10/usr/man/man8/rarepl.8
v10/usr/man/man8/rc.8
v10/usr/man/man8/reboot.8
v10/usr/man/man8/route.8
v10/usr/man/man8/sa.8
v10/usr/man/man8/savecore.8
v10/usr/man/man8/scsish.8
v10/usr/man/man8/sendcover.8
v10/usr/man/man8/ship.8
v10/usr/man/man8/showq.8
v10/usr/man/man8/smash.8
v10/usr/man/man8/smstat.8
v10/usr/man/man8/smtp.8
v10/usr/man/man8/su.8
v10/usr/man/man8/svcmgr.8
v10/usr/man/man8/swapon.8
v10/usr/man/man8/sync.8
v10/usr/man/man8/tcpmgr.8
v10/usr/man/man8/upas.8
v10/usr/man/man8/uucico.8
v10/usr/man/man8/uucleanup.8
v10/usr/man/man8/vmstat.8
v10/usr/man/man8/wall.8
v10/usr/man/man8/worm.8
