v10/usr/man/man9/32ld.9
v10/usr/man/man9/3cc.9
v10/usr/man/man9/add.9
v10/usr/man/man9/alloc.9
v10/usr/man/man9/bitblt.9
v10/usr/man/man9/bitfile.9
v10/usr/man/man9/blitblt.9
v10/usr/man/man9/brush.9
v10/usr/man/man9/button.9
v10/usr/man/man9/cip.9
v10/usr/man/man9/circle.9
v10/usr/man/man9/cos.9
v10/usr/man/man9/face.9
v10/usr/man/man9/faced.9
v10/usr/man/man9/flickfile.9
v10/usr/man/man9/flicks.9
v10/usr/man/man9/font.9
v10/usr/man/man9/getfont.9
v10/usr/man/man9/graphdraw.9
v10/usr/man/man9/icon.9
v10/usr/man/man9/intro.9
v10/usr/man/man9/jf.9
v10/usr/man/man9/jioctl.9
v10/usr/man/man9/jx.9
v10/usr/man/man9/lens.9
v10/usr/man/man9/libc.9
v10/usr/man/man9/menuhit.9
v10/usr/man/man9/mouse.9
v10/usr/man/man9/movie.9
v10/usr/man/man9/mux.9
v10/usr/man/man9/muxstring.9
v10/usr/man/man9/newlayer.9
v10/usr/man/man9/newproc.9
v10/usr/man/man9/pads.9
v10/usr/man/man9/paint.9
v10/usr/man/man9/ped.9
v10/usr/man/man9/pi.9
v10/usr/man/man9/proof.9
v10/usr/man/man9/psi.9
v10/usr/man/man9/reader.9
v10/usr/man/man9/rebecca.9
v10/usr/man/man9/request.9
v10/usr/man/man9/ruler.9
v10/usr/man/man9/sam.9
v10/usr/man/man9/string.9
v10/usr/man/man9/term.9
v10/usr/man/man9/thinkblt.9
v10/usr/man/man9/thinkclient.9
v10/usr/man/man9/types.9
v10/usr/man/man9/vismon.9
v10/usr/man/man9/windows.9
