v10/usr/man/manb/80.out.5
v10/usr/man/manb/adduser.8
v10/usr/man/manb/aliases.5
v10/usr/man/manb/analyze.8
v10/usr/man/manb/apl.1
v10/usr/man/manb/arcv.8
v10/usr/man/manb/arff.8
v10/usr/man/manb/as80.1
v10/usr/man/manb/bdiff.1
v10/usr/man/manb/bitship.1
v10/usr/man/manb/bk.4
v10/usr/man/manb/bmd08v.1
v10/usr/man/manb/checknr.1
v10/usr/man/manb/chess.6
v10/usr/man/manb/crash.8
v10/usr/man/manb/csh.1
v10/usr/man/manb/ctags.1
v10/usr/man/manb/dcheck.8
v10/usr/man/manb/delivermail.8
v10/usr/man/manb/dh.4
v10/usr/man/manb/dump.5
v10/usr/man/manb/dump.8
v10/usr/man/manb/dumpdir.8
v10/usr/man/manb/dz.4
v10/usr/man/manb/expire.8
v10/usr/man/manb/fl.4
v10/usr/man/manb/fstat.8
v10/usr/man/manb/getdate.3
v10/usr/man/manb/gets.1
v10/usr/man/manb/gplot.1g
v10/usr/man/manb/halt.8
v10/usr/man/manb/hp.4
v10/usr/man/manb/ht.4
v10/usr/man/manb/inews.8
v10/usr/man/manb/install.8
v10/usr/man/manb/iread.3
v10/usr/man/manb/jobs.3j
v10/usr/man/manb/killpg.2j
v10/usr/man/manb/kl.4
v10/usr/man/manb/ksh.1
v10/usr/man/manb/ld80.1
v10/usr/man/manb/lp.4
v10/usr/man/manb/lsh.9
v10/usr/man/manb/me.7
v10/usr/man/manb/mkstr.1
v10/usr/man/manb/mld.9
v10/usr/man/manb/mmt.1
v10/usr/man/manb/monop.6
v10/usr/man/manb/mpx.2
v10/usr/man/manb/mpxio.5
v10/usr/man/manb/newcsh.1
v10/usr/man/manb/newscheck.1
v10/usr/man/manb/newtty.4
v10/usr/man/manb/nm80.1
v10/usr/man/manb/olint.1
v10/usr/man/manb/osh.1
v10/usr/man/manb/pins.1g
v10/usr/man/manb/plot.3x
v10/usr/man/manb/prtx.1g
v10/usr/man/manb/prtx.5g
v10/usr/man/manb/prtxfont.5g
v10/usr/man/manb/qed.1
v10/usr/man/manb/readslow.1
v10/usr/man/manb/reboot.2v
v10/usr/man/manb/recnews.8
v10/usr/man/manb/restor.8
v10/usr/man/manb/rk.4
v10/usr/man/manb/rv.4
v10/usr/man/manb/sendnews.1
v10/usr/man/manb/sendnews.8
v10/usr/man/manb/setpgrp.2j
v10/usr/man/manb/shutdown.8
v10/usr/man/manb/sigsys.2j
v10/usr/man/manb/size80.1
v10/usr/man/manb/sticky.8
v10/usr/man/manb/symorder.8
