v10/usr/man/manb/tp.5
v10/usr/man/manb/tp.8
v10/usr/man/manb/ttytype.5
v10/usr/man/manb/uname.3
v10/usr/man/manb/up.4
v10/usr/man/manb/uptime.1
v10/usr/man/manb/usgmake.1
v10/usr/man/manb/uuclean.1c
v10/usr/man/manb/uudiff.1c
v10/usr/man/manb/uuencode.1c
v10/usr/man/manb/uuencode.5
v10/usr/man/manb/uurec.1
v10/usr/man/manb/uurec.8
v10/usr/man/manb/uusend.1c
v10/usr/man/manb/va.4
v10/usr/man/manb/vadvise.2v
v10/usr/man/manb/valloc.3
v10/usr/man/manb/vfont.5
v10/usr/man/manb/vfork.2v
v10/usr/man/manb/vhangup.2v
v10/usr/man/manb/vipw.8
v10/usr/man/manb/vlimit.2v
v10/usr/man/manb/vp.4
v10/usr/man/manb/vpac.8
v10/usr/man/manb/vread.2v
v10/usr/man/manb/vswapon.2v
v10/usr/man/manb/vtimes.2v
v10/usr/man/manb/vwrite.2v
v10/usr/man/manb/w.1
v10/usr/man/manb/wait3.2j
v10/usr/man/manb/yes.1
