v10/usr/man/mana/300.1
v10/usr/man/mana/450.1
v10/usr/man/mana/Mail.1
v10/usr/man/mana/adventure.6
v10/usr/man/mana/altran.1
v10/usr/man/mana/arithmetic.6
v10/usr/man/mana/asa.1
v10/usr/man/mana/atc.6
v10/usr/man/mana/av.7
v10/usr/man/mana/avw.7
v10/usr/man/mana/back.6
v10/usr/man/mana/banner.6
v10/usr/man/mana/bcd.6
v10/usr/man/mana/bianchi.6
v10/usr/man/mana/bison.1
v10/usr/man/mana/bridge.6
v10/usr/man/mana/byteyears.1
v10/usr/man/mana/cards.6
v10/usr/man/mana/cite.1
v10/usr/man/mana/clear.1
v10/usr/man/mana/config.5
v10/usr/man/mana/config.8
v10/usr/man/mana/cospan.1
v10/usr/man/mana/crabs.9
v10/usr/man/mana/cray.1
v10/usr/man/mana/d202.1
v10/usr/man/mana/doctor.6
v10/usr/man/mana/efl.1
v10/usr/man/mana/esterel.1
v10/usr/man/mana/festoon.6
v10/usr/man/mana/filebuf.3
v10/usr/man/mana/fortune.6
v10/usr/man/mana/fstream.3
v10/usr/man/mana/gcc.1
v10/usr/man/mana/gebaca.9
v10/usr/man/mana/getopt.1
v10/usr/man/mana/hangman.6
v10/usr/man/mana/ican.1
v10/usr/man/mana/iclc.1
v10/usr/man/mana/icont.1
v10/usr/man/mana/imp.6
v10/usr/man/mana/ios.3
v10/usr/man/mana/istream.3
v10/usr/man/mana/jim.9
v10/usr/man/mana/lcoc.1
v10/usr/man/mana/lisp.1
v10/usr/man/mana/manip.3
v10/usr/man/mana/maple.1
v10/usr/man/mana/mars.6
v10/usr/man/mana/mcc.9
v10/usr/man/mana/mille.6
v10/usr/man/mana/mint.1
v10/usr/man/mana/netnews.7
v10/usr/man/mana/number.6
v10/usr/man/mana/occ.1
v10/usr/man/mana/ocdebug.1
v10/usr/man/mana/ogre.6
v10/usr/man/mana/ops5.1
v10/usr/man/mana/ostream.3
v10/usr/man/mana/paper.1
v10/usr/man/mana/pascal.1
v10/usr/man/mana/patch.1
v10/usr/man/mana/pc.1
v10/usr/man/mana/pengo.9
v10/usr/man/mana/pipebuf.3
v10/usr/man/mana/pipestream.3
v10/usr/man/mana/post.1
v10/usr/man/mana/postbgi.8
v10/usr/man/mana/postreverse.8
v10/usr/man/mana/pp.1
v10/usr/man/mana/pxp.1
v10/usr/man/mana/quiz.6
v10/usr/man/mana/ratfor.1
v10/usr/man/mana/redcode.6
v10/usr/man/mana/regex.3
v10/usr/man/mana/rscan.1
v10/usr/man/mana/samuel.9
v10/usr/man/mana/sbuf.prot.3
v10/usr/man/mana/sbuf.pub.3
v10/usr/man/mana/sdb.1
v10/usr/man/mana/snake.6
v10/usr/man/mana/sno.1
v10/usr/man/mana/soelim.1
v10/usr/man/mana/spitbol.1
v10/usr/man/mana/spline.1
v10/usr/man/mana/ssbuf.3
v10/usr/man/mana/stdiobuf.3
v10/usr/man/mana/strlic.1
v10/usr/man/mana/strstream.3
v10/usr/man/mana/struct.1
v10/usr/man/mana/telnet.1
v10/usr/man/mana/tk.1
v10/usr/man/mana/track.1
v10/usr/man/mana/tset.1
v10/usr/man/mana/twid.9
v10/usr/man/mana/twig.1
v10/usr/man/mana/usgmake.1
v10/usr/man/mana/uuencode.1
v10/usr/man/mana/visi.1
v10/usr/man/mana/warp.6
v10/usr/man/mana/wx.7
v10/usr/man/mana/xargs.1
v10/usr/man/mana/xstr.8
