v10/usr/man/manw/acro.1
v10/usr/man/manw/chunk.1
v10/usr/man/manw/dictadd.1
v10/usr/man/manw/dictplus.1
v10/usr/man/manw/double.1
v10/usr/man/manw/gram.1
v10/usr/man/manw/match.1
v10/usr/man/manw/mkstand.1
v10/usr/man/manw/mm.1
v10/usr/man/manw/org.1
v10/usr/man/manw/proofr.1
v10/usr/man/manw/prose.1
v10/usr/man/manw/punct.1
v10/usr/man/manw/sexist.1
v10/usr/man/manw/spelltell.1
v10/usr/man/manw/spellwwb.1
v10/usr/man/manw/splitrules.1
v10/usr/man/manw/syl.1
v10/usr/man/manw/worduse.1
v10/usr/man/manw/wwb.1
v10/usr/man/manw/wwbhelp.1
v10/usr/man/manw/wwbinfo.1
v10/usr/man/manw/wwbmail.1
v10/usr/man/manw/wwbstand.1
v10/usr/man/manx/basic.1
v10/usr/man/manx/blitmap.9
v10/usr/man/manx/boggle.6
v10/usr/man/manx/can.1
v10/usr/man/manx/charge.1
v10/usr/man/manx/ching.6
v10/usr/man/manx/closeshares.3
v10/usr/man/manx/courier.1
v10/usr/man/manx/demo.9
v10/usr/man/manx/dis.1
v10/usr/man/manx/getflds.3
v10/usr/man/manx/getshares.3
v10/usr/man/manx/getshput.3
v10/usr/man/manx/greek.7
v10/usr/man/manx/grep.1
v10/usr/man/manx/hier.7
v10/usr/man/manx/hp.1
v10/usr/man/manx/ipa.6
v10/usr/man/manx/learn.1
v10/usr/man/manx/lim.1
v10/usr/man/manx/limits.2
v10/usr/man/manx/lnode.5
v10/usr/man/manx/lpr.1
v10/usr/man/manx/mailx.1
v10/usr/man/manx/memo.1
v10/usr/man/manx/openshares.3
v10/usr/man/manx/opr.1
v10/usr/man/manx/pl.1
v10/usr/man/manx/putshares.3
v10/usr/man/manx/pwintf.1
v10/usr/man/manx/rates.1
v10/usr/man/manx/remshent.1
v10/usr/man/manx/server.1
v10/usr/man/manx/setlimits.3
v10/usr/man/manx/setupgroups.3
v10/usr/man/manx/setupshares.3
v10/usr/man/manx/share.5
v10/usr/man/manx/shares.5
v10/usr/man/manx/sharesfile.3
v10/usr/man/manx/shstats.1
v10/usr/man/manx/submit.7
v10/usr/man/manx/talk.1
v10/usr/man/manx/tbl.4
v10/usr/man/manx/telno.7
v10/usr/man/manx/troff.5
v10/usr/man/manx/ustats.1
v10/usr/man/manx/vc.4
v10/usr/man/manx/vsw.1
v10/usr/man/manx/whoami.5
v10/usr/man/manx/worms.6
v10/usr/src/makefile
v10/usr/src/srctotape
v10/usr/src/asm.libm/Makefile
v10/usr/src/asm.libm/acos.c
v10/usr/src/asm.libm/asin.s
v10/usr/src/asm.libm/atan.s
v10/usr/src/asm.libm/cbrt.s
v10/usr/src/asm.libm/erf.c
v10/usr/src/asm.libm/exp.s
v10/usr/src/asm.libm/floor.c
v10/usr/src/asm.libm/gamma.c
v10/usr/src/asm.libm/hypot.c
v10/usr/src/asm.libm/j0.c
v10/usr/src/asm.libm/j1.c
v10/usr/src/asm.libm/jn.c
v10/usr/src/asm.libm/log.s
v10/usr/src/asm.libm/mkfile
v10/usr/src/asm.libm/pow.c
v10/usr/src/asm.libm/sin.s
v10/usr/src/asm.libm/sinh.s
v10/usr/src/asm.libm/sqrt.s
v10/usr/src/asm.libm/tan.s
v10/usr/src/asm.libm/tanh.s
v10/usr/src/build/etc/crontab
v10/usr/src/build/etc/down
v10/usr/src/build/etc/fstab
v10/usr/src/build/etc/group
v10/usr/src/build/etc/hosts
v10/usr/src/build/etc/mklost+found
v10/usr/src/build/etc/motd
v10/usr/src/build/etc/mtab
v10/usr/src/build/etc/networks
v10/usr/src/build/etc/passwd
v10/usr/src/build/etc/profile
v10/usr/src/build/etc/rc
v10/usr/src/build/etc/services
v10/usr/src/build/etc/shutdown
v10/usr/src/build/etc/ttys
v10/usr/src/build/etc/utmp
v10/usr/src/build/etc/whoami
v10/usr/src/build/src/README
v10/usr/src/build/src/ipnx-v10.m
v10/usr/src/build/src/jump.c
v10/usr/src/build/src/local-alloc.c
v10/usr/src/build/src/nafsmnt.c
v10/usr/src/build/src/sh.local.h
v10/usr/src/build/src/streamio.c
