v10/usr/src/cmd/.patched
v10/usr/src/cmd/2621.c
v10/usr/src/cmd/300.c
v10/usr/src/cmd/300s.c
v10/usr/src/cmd/4014.c
v10/usr/src/cmd/450.c
v10/usr/src/cmd/512restor.c
v10/usr/src/cmd/AllCharges.sh
v10/usr/src/cmd/Charges.sh
v10/usr/src/cmd/ac.c
v10/usr/src/cmd/accton.c
v10/usr/src/cmd/agh.c
v10/usr/src/cmd/apnews.sh
v10/usr/src/cmd/apply.c
v10/usr/src/cmd/ar.c
v10/usr/src/cmd/arcv.c
v10/usr/src/cmd/arff.c
v10/usr/src/cmd/asa.c
v10/usr/src/cmd/ascii.c
v10/usr/src/cmd/bad144.c
v10/usr/src/cmd/basename.c
v10/usr/src/cmd/bc.y
v10/usr/src/cmd/bcd.c
v10/usr/src/cmd/bigcore.c
v10/usr/src/cmd/books.c
v10/usr/src/cmd/bundle
v10/usr/src/cmd/byteyears.c
v10/usr/src/cmd/cal.c
v10/usr/src/cmd/calendar2.c
v10/usr/src/cmd/call.c
v10/usr/src/cmd/cat.c
v10/usr/src/cmd/cc.c
v10/usr/src/cmd/cflow.sh
v10/usr/src/cmd/charge.c
v10/usr/src/cmd/chdate.c
v10/usr/src/cmd/checkeq.c
v10/usr/src/cmd/chmod.c
v10/usr/src/cmd/chown.c
v10/usr/src/cmd/clri.c
v10/usr/src/cmd/cmp.c
v10/usr/src/cmd/col.c
v10/usr/src/cmd/comm.c
v10/usr/src/cmd/coreid.c
v10/usr/src/cmd/cpio.c
v10/usr/src/cmd/cron.c
v10/usr/src/cmd/ctags.c
v10/usr/src/cmd/cu.c
v10/usr/src/cmd/cut.c
v10/usr/src/cmd/cvcrypt.c
v10/usr/src/cmd/d202.sh
v10/usr/src/cmd/date.c
v10/usr/src/cmd/dblbuf.c
v10/usr/src/cmd/dcheck.c
v10/usr/src/cmd/dd.c
v10/usr/src/cmd/deroff.c
v10/usr/src/cmd/df.c
v10/usr/src/cmd/dircmp.sh
v10/usr/src/cmd/dirname.c
v10/usr/src/cmd/dis.c
v10/usr/src/cmd/dkname.c
v10/usr/src/cmd/dkstat.c
v10/usr/src/cmd/dmesg.c
v10/usr/src/cmd/dskcpy.c
v10/usr/src/cmd/du.c
v10/usr/src/cmd/dumpcatch.c
v10/usr/src/cmd/dumpdir.c
v10/usr/src/cmd/echo.c
v10/usr/src/cmd/ed.c
v10/usr/src/cmd/expand.c
v10/usr/src/cmd/false.c
v10/usr/src/cmd/fcopy.c
v10/usr/src/cmd/fgrep.c
v10/usr/src/cmd/file.c
v10/usr/src/cmd/find.c
v10/usr/src/cmd/finddev.c
v10/usr/src/cmd/findo.c
