v10/usr/src/cmd/flcopy.c
v10/usr/src/cmd/fmt.c
v10/usr/src/cmd/fold.c
v10/usr/src/cmd/fsck.c
v10/usr/src/cmd/fsplit.c
v10/usr/src/cmd/fstat.c
v10/usr/src/cmd/getopt.c
v10/usr/src/cmd/getty.c
v10/usr/src/cmd/getuid.c
v10/usr/src/cmd/grep.c
v10/usr/src/cmd/groups.c
v10/usr/src/cmd/halt.c
v10/usr/src/cmd/hang.c
v10/usr/src/cmd/head.c
v10/usr/src/cmd/hideblock.c
v10/usr/src/cmd/hp.c
v10/usr/src/cmd/icheck.c
v10/usr/src/cmd/id.c
v10/usr/src/cmd/idiff.c
v10/usr/src/cmd/idle.c
v10/usr/src/cmd/init.c
v10/usr/src/cmd/install.sh
v10/usr/src/cmd/iostat.c
v10/usr/src/cmd/kill.c
v10/usr/src/cmd/labmake.c
v10/usr/src/cmd/last.c
v10/usr/src/cmd/ld.c
v10/usr/src/cmd/limiter.c
v10/usr/src/cmd/ln.c
v10/usr/src/cmd/log.c
v10/usr/src/cmd/logdir.c
v10/usr/src/cmd/login.c
v10/usr/src/cmd/logtty.c
v10/usr/src/cmd/look.c
v10/usr/src/cmd/ls.c
v10/usr/src/cmd/makekey.c
v10/usr/src/cmd/markbad.c
v10/usr/src/cmd/mc.c
v10/usr/src/cmd/mesg.c
v10/usr/src/cmd/mips.c
v10/usr/src/cmd/mkbitfs.c
v10/usr/src/cmd/mkdir.c
v10/usr/src/cmd/mkfs.c
v10/usr/src/cmd/mknod.c
v10/usr/src/cmd/mkstr.c
v10/usr/src/cmd/mm.sh
v10/usr/src/cmd/mmt.sh
v10/usr/src/cmd/mount.c
v10/usr/src/cmd/mt.c
v10/usr/src/cmd/mv.c
v10/usr/src/cmd/nafsmnt.c
v10/usr/src/cmd/ncheck.c
v10/usr/src/cmd/netfsbug.c
v10/usr/src/cmd/newer.c
v10/usr/src/cmd/newgrp.c
v10/usr/src/cmd/news.c
v10/usr/src/cmd/nice.c
v10/usr/src/cmd/nm.c
v10/usr/src/cmd/nohup.sh
v10/usr/src/cmd/number.c
v10/usr/src/cmd/od.c
v10/usr/src/cmd/passwd.sh
v10/usr/src/cmd/passwdx.c
v10/usr/src/cmd/paste.c
v10/usr/src/cmd/patch.c
v10/usr/src/cmd/pr.c
v10/usr/src/cmd/printenv.c
v10/usr/src/cmd/printf.c
v10/usr/src/cmd/procmount.c
v10/usr/src/cmd/prof.c
v10/usr/src/cmd/prof.old.c
v10/usr/src/cmd/pstat.c
