v10/usr/src/cmd/pti.c
v10/usr/src/cmd/ptx.c
v10/usr/src/cmd/pwd.c
v10/usr/src/cmd/quot.c
v10/usr/src/cmd/random.c
v10/usr/src/cmd/ranlib.c
v10/usr/src/cmd/readslow.c
v10/usr/src/cmd/reboot.c
v10/usr/src/cmd/reccp.c
v10/usr/src/cmd/reloc.c
v10/usr/src/cmd/renice.c
v10/usr/src/cmd/restor.c
v10/usr/src/cmd/rev.c
v10/usr/src/cmd/revpag.c
v10/usr/src/cmd/rm.c
v10/usr/src/cmd/rmdir.c
v10/usr/src/cmd/rp07dump.c
v10/usr/src/cmd/rp07rest.c
v10/usr/src/cmd/rscan.c
v10/usr/src/cmd/sa.c
v10/usr/src/cmd/savecore.c
v10/usr/src/cmd/seq.1
v10/usr/src/cmd/seq.c
v10/usr/src/cmd/setgid.c
v10/usr/src/cmd/setlog.c
v10/usr/src/cmd/setpart.c
v10/usr/src/cmd/settod.c
v10/usr/src/cmd/shares.sh
v10/usr/src/cmd/showq.c
v10/usr/src/cmd/size.c
v10/usr/src/cmd/sleep.c
v10/usr/src/cmd/smash.c
v10/usr/src/cmd/sort.c
v10/usr/src/cmd/sp.c
v10/usr/src/cmd/spline.c
v10/usr/src/cmd/split.c
v10/usr/src/cmd/stat.c
v10/usr/src/cmd/strings.c
v10/usr/src/cmd/stty.c
v10/usr/src/cmd/su.c
v10/usr/src/cmd/swapon.c
v10/usr/src/cmd/sync.c
v10/usr/src/cmd/tabs.c
v10/usr/src/cmd/tail.c
v10/usr/src/cmd/tape.c
v10/usr/src/cmd/tar.c
v10/usr/src/cmd/tee.c
v10/usr/src/cmd/telno.c
v10/usr/src/cmd/test.c
v10/usr/src/cmd/time.c
v10/usr/src/cmd/tk.c
v10/usr/src/cmd/touch.c
v10/usr/src/cmd/tpr.c
v10/usr/src/cmd/tr.c
v10/usr/src/cmd/track.c
v10/usr/src/cmd/treesum.c
v10/usr/src/cmd/true.c
v10/usr/src/cmd/tty.c
v10/usr/src/cmd/ucds.sh
v10/usr/src/cmd/umount.c
v10/usr/src/cmd/und.c
v10/usr/src/cmd/unexpand.c
v10/usr/src/cmd/uniq.c
v10/usr/src/cmd/update.c
v10/usr/src/cmd/uudecode.c
v10/usr/src/cmd/uuencode.c
v10/usr/src/cmd/v7.c
v10/usr/src/cmd/v8.c
v10/usr/src/cmd/vis.c
v10/usr/src/cmd/vmstat.c
v10/usr/src/cmd/vpr.c
v10/usr/src/cmd/wall.c
v10/usr/src/cmd/wc.c
v10/usr/src/cmd/wc.s
v10/usr/src/cmd/weather.sh
v10/usr/src/cmd/where.sh
v10/usr/src/cmd/which.sh
v10/usr/src/cmd/who.c
v10/usr/src/cmd/write.c
v10/usr/src/cmd/wwv.c
v10/usr/src/cmd/xargs.c
v10/usr/src/cmd/xd.c
v10/usr/src/cmd/yes.c
v10/usr/src/cmd/zero.c
