v10/usr/src/build/src/cmd/cc.c
v10/usr/src/build/src/cmd/fsck.c
v10/usr/src/build/src/cmd/login.c
v10/usr/src/build/src/cmd/mkbitfs.c
v10/usr/src/build/src/cmd/mv.c
v10/usr/src/build/src/include/shares.h
v10/usr/src/build/src/include/sys/lnode.h
v10/usr/src/build/src/libc/mkfile
v10/usr/src/build/src/libc/gen/atof.c
v10/usr/src/build/src/libc/gen/malloc.c
v10/usr/src/build/src/libc/gen/memmove.c
v10/usr/src/build/src/libc/gen/qsort.c
v10/usr/src/build/src/libc/stdio/_dtoa.c
v10/usr/src/build/src/libc/stdio/_fconv.c
v10/usr/src/build/src/libc/stdio/fconv.h
v10/usr/src/build/src/libc/stdio/fgets.c
v10/usr/src/build/src/libc/stdio/fprintf.c
v10/usr/src/build/src/libc/stdio/fputs.c
v10/usr/src/build/src/libc/stdio/fscanf.c
v10/usr/src/build/src/libc/stdio/printf.c
v10/usr/src/build/src/libc/stdio/rdwr.c
v10/usr/src/build/src/libc/stdio/scanf.c
v10/usr/src/build/src/libc/stdio/snprintf.c
v10/usr/src/build/src/libc/stdio/sprintf.c
v10/usr/src/build/src/libc/stdio/sscanf.c
v10/usr/src/build/src/libc/stdio/strtod.c
v10/usr/src/build/src/libc/stdio/vfprintf.c
v10/usr/src/build/src/libc/stdio/vfscanf.c
v10/usr/src/build/src/libc/stdio/vprintf.c
v10/usr/src/build/v8/README
v10/usr/src/build/v8/finddev.c
v10/usr/src/build/v8/fstat.c
v10/usr/src/build/v8/install.sh
v10/usr/src/build/v8/rp07dump.c
v10/usr/src/build/v8/rp07rest.c
v10/usr/src/cmd/2500/HOWTO
v10/usr/src/cmd/2500/INTERFACE
v10/usr/src/cmd/2500/NOTES
v10/usr/src/cmd/2500/fn.c
v10/usr/src/cmd/2500/gram.y
v10/usr/src/cmd/2500/hdr.h
v10/usr/src/cmd/2500/helptab.c
v10/usr/src/cmd/2500/lex.l
v10/usr/src/cmd/2500/main.c
v10/usr/src/cmd/2500/mkfile
v10/usr/src/cmd/2500/remote.c
v10/usr/src/cmd/2500/status.c
v10/usr/src/cmd/2500/temp
v10/usr/src/cmd/2500/time.c
v10/usr/src/cmd/2500/x.tab.h
v10/usr/src/cmd/2500/y.debug
v10/usr/src/cmd/2500/y.tab.c
v10/usr/src/cmd/2500/y.tab.h
v10/usr/src/cmd/Admin/Mk
v10/usr/src/cmd/Admin/binfiles
v10/usr/src/cmd/Admin/dest
v10/usr/src/cmd/Admin/etcfiles
v10/usr/src/cmd/Admin/large
v10/usr/src/cmd/Admin/libfiles
v10/usr/src/cmd/Admin/lookline
v10/usr/src/cmd/Admin/ulibfiles
v10/usr/src/cmd/PDP11/.force1
v10/usr/src/cmd/PDP11/.force2
v10/usr/src/cmd/PDP11/11Changelog
v10/usr/src/cmd/PDP11/11cc.c
v10/usr/src/cmd/PDP11/11cc.h
v10/usr/src/cmd/PDP11/11cc.h.skel
v10/usr/src/cmd/PDP11/11crt0.s
v10/usr/src/cmd/PDP11/11ld.c
v10/usr/src/cmd/PDP11/11nm.c
v10/usr/src/cmd/PDP11/11ranlib.c
v10/usr/src/cmd/PDP11/11reloc.c
v10/usr/src/cmd/PDP11/11size.c
v10/usr/src/cmd/PDP11/11strip.c
v10/usr/src/cmd/PDP11/Makefile
v10/usr/src/cmd/PDP11/README
v10/usr/src/cmd/PDP11/a.out.h
v10/usr/src/cmd/PDP11/t.c
v10/usr/src/cmd/PDP11/11as/Makefile
v10/usr/src/cmd/PDP11/11as/as1.h
v10/usr/src/cmd/PDP11/11as/as11.c
v10/usr/src/cmd/PDP11/11as/as12.c
v10/usr/src/cmd/PDP11/11as/as13.c
v10/usr/src/cmd/PDP11/11as/as14.c
v10/usr/src/cmd/PDP11/11as/as15.c
v10/usr/src/cmd/PDP11/11as/as16.c
v10/usr/src/cmd/PDP11/11as/as17.c
v10/usr/src/cmd/PDP11/11as/as18.c
v10/usr/src/cmd/PDP11/11as/as19.c
v10/usr/src/cmd/PDP11/11as/as2.h
v10/usr/src/cmd/PDP11/11as/as21.c
v10/usr/src/cmd/PDP11/11as/as22.c
v10/usr/src/cmd/PDP11/11as/as23.c
v10/usr/src/cmd/PDP11/11as/as24.c
v10/usr/src/cmd/PDP11/11as/as25.c
v10/usr/src/cmd/PDP11/11as/as26.c
v10/usr/src/cmd/PDP11/11as/as27.c
v10/usr/src/cmd/PDP11/11as/as28.c
v10/usr/src/cmd/PDP11/11as/as29.c
v10/usr/src/cmd/PDP11/11as/henrybug
