v10/usr/src/cmd/PDP11/11c/Makefile
v10/usr/src/cmd/PDP11/11c/c0.h
v10/usr/src/cmd/PDP11/11c/c00.c
v10/usr/src/cmd/PDP11/11c/c01.c
v10/usr/src/cmd/PDP11/11c/c02.c
v10/usr/src/cmd/PDP11/11c/c03.c
v10/usr/src/cmd/PDP11/11c/c04.c
v10/usr/src/cmd/PDP11/11c/c05.c
v10/usr/src/cmd/PDP11/11c/c1.h
v10/usr/src/cmd/PDP11/11c/c10.c
v10/usr/src/cmd/PDP11/11c/c11.c
v10/usr/src/cmd/PDP11/11c/c12.c
v10/usr/src/cmd/PDP11/11c/c13.c
v10/usr/src/cmd/PDP11/11c/c2.h
v10/usr/src/cmd/PDP11/11c/c20.c
v10/usr/src/cmd/PDP11/11c/c21.c
v10/usr/src/cmd/PDP11/11c/cvopt.c
v10/usr/src/cmd/PDP11/11c/henry
v10/usr/src/cmd/PDP11/11c/optable
v10/usr/src/cmd/PDP11/11c/tpr.c
v10/usr/src/cmd/PDP11/crt/aldiv.s
v10/usr/src/cmd/PDP11/crt/almul.s
v10/usr/src/cmd/PDP11/crt/alrem.s
v10/usr/src/cmd/PDP11/crt/auldiv.s
v10/usr/src/cmd/PDP11/crt/aulrem.s
v10/usr/src/cmd/PDP11/crt/cerror.s
v10/usr/src/cmd/PDP11/crt/csav.s
v10/usr/src/cmd/PDP11/crt/csv.s
v10/usr/src/cmd/PDP11/crt/ldiv.s
v10/usr/src/cmd/PDP11/crt/lmul.s
v10/usr/src/cmd/PDP11/crt/lrem.s
v10/usr/src/cmd/PDP11/crt/mcount.s
v10/usr/src/cmd/PDP11/crt/udiv.s
v10/usr/src/cmd/PDP11/crt/uldiv.s
v10/usr/src/cmd/PDP11/crt/ulrem.s
v10/usr/src/cmd/PDP11/fpp/Makefile
v10/usr/src/cmd/PDP11/fpp/NOTE
v10/usr/src/cmd/PDP11/fpp/README
v10/usr/src/cmd/PDP11/fpp/fpp.c
v10/usr/src/cmd/PDP11/fpp/ilongops.s
v10/usr/src/cmd/PDP11/fpp/rhccomp.c
v10/usr/src/cmd/PDP11/fpp/rhflib.s
v10/usr/src/cmd/PDP11/fpp/rhflib1.c
v10/usr/src/cmd/PDP11/fpp/rhflibFIS.s
v10/usr/src/cmd/PDP11/fpp/rhflibNOFIS.s
v10/usr/src/cmd/PDP11/fpp/rhflibp.s
v10/usr/src/cmd/PDP11/fpp/rhflibu.s
v10/usr/src/cmd/PDP11/fpp/rhpfloat.s
v10/usr/src/cmd/PDP11/fpp/rhsymtab.c
v10/usr/src/cmd/PDP11/fpp/aux/format.s
v10/usr/src/cmd/PDP11/fpp/aux/mmatof.c
v10/usr/src/cmd/PDP11/fpp/aux/rhftoa.c
v10/usr/src/cmd/PDP11/fpp/aux/rhftoa1.c
v10/usr/src/cmd/PDP11/fpp/aux/rhmath.c
v10/usr/src/cmd/PDP11/fpp/aux/rhprintf.c
v10/usr/src/cmd/PDP11/fpp/old/rhfcc.c
v10/usr/src/cmd/PDP11/fpp/old/rhflibn.s
