v10/usr/src/cmd/adb/11v/Makefile
v10/usr/src/cmd/adb/11v/a.out.h
v10/usr/src/cmd/adb/11v/hello.c
v10/usr/src/cmd/adb/11v/machine.h
v10/usr/src/cmd/adb/11v/mchframe.c
v10/usr/src/cmd/adb/11v/mchio.c
v10/usr/src/cmd/adb/11v/mchpr.c
v10/usr/src/cmd/adb/11v/mkfile
v10/usr/src/cmd/adb/11v/mtype.h
v10/usr/src/cmd/adb/11v/opset.c
v10/usr/src/cmd/adb/11v/regs.c
v10/usr/src/cmd/adb/11v/regs.h
v10/usr/src/cmd/adb/11v/setup.c
v10/usr/src/cmd/adb/11v/syminit.c
v10/usr/src/cmd/adb/68v/Makefile
v10/usr/src/cmd/adb/68v/Xsyminit.c
v10/usr/src/cmd/adb/68v/a.out.h
v10/usr/src/cmd/adb/68v/das.c
v10/usr/src/cmd/adb/68v/das.oc
v10/usr/src/cmd/adb/68v/hello.c
v10/usr/src/cmd/adb/68v/hello.s
v10/usr/src/cmd/adb/68v/machine.h
v10/usr/src/cmd/adb/68v/mchio.c
v10/usr/src/cmd/adb/68v/misc.c
v10/usr/src/cmd/adb/68v/mkfile
v10/usr/src/cmd/adb/68v/mkoptab.c
v10/usr/src/cmd/adb/68v/mtype.h
v10/usr/src/cmd/adb/68v/noptab
v10/usr/src/cmd/adb/68v/onoptab
v10/usr/src/cmd/adb/68v/optab.c
v10/usr/src/cmd/adb/68v/optab.h
v10/usr/src/cmd/adb/68v/regs.h
v10/usr/src/cmd/adb/68v/setup.c
v10/usr/src/cmd/adb/68v/syminit.c
v10/usr/src/cmd/adb/68v/syminit.oc
v10/usr/src/cmd/adb/comm/Makefile
v10/usr/src/cmd/adb/comm/access.c
v10/usr/src/cmd/adb/comm/bkpt.h
v10/usr/src/cmd/adb/comm/command.c
v10/usr/src/cmd/adb/comm/crash
v10/usr/src/cmd/adb/comm/defs.h
v10/usr/src/cmd/adb/comm/diffs
v10/usr/src/cmd/adb/comm/expr.c
v10/usr/src/cmd/adb/comm/format.c
v10/usr/src/cmd/adb/comm/input.c
v10/usr/src/cmd/adb/comm/main.c
v10/usr/src/cmd/adb/comm/map.h
v10/usr/src/cmd/adb/comm/mkfile
v10/usr/src/cmd/adb/comm/output.c
v10/usr/src/cmd/adb/comm/pcs.c
v10/usr/src/cmd/adb/comm/print.c
v10/usr/src/cmd/adb/comm/runpcs.c
v10/usr/src/cmd/adb/comm/space.h
v10/usr/src/cmd/adb/comm/sym.c
v10/usr/src/cmd/adb/comm/sym.h
v10/usr/src/cmd/adb/comm/typerules
v10/usr/src/cmd/adb/conf/Makefile
v10/usr/src/cmd/adb/conf/amkconf
v10/usr/src/cmd/adb/conf/files
v10/usr/src/cmd/adb/conf/mkconf.c
v10/usr/src/cmd/adb/conf/mkfile
v10/usr/src/cmd/adb/conf/notes
v10/usr/src/cmd/adb/conf/templ
v10/usr/src/cmd/adb/cray/Makefile
v10/usr/src/cmd/adb/cray/das.c
v10/usr/src/cmd/adb/cray/hksyminit.c
v10/usr/src/cmd/adb/cray/machine.h
v10/usr/src/cmd/adb/cray/mchframe.c
v10/usr/src/cmd/adb/cray/mchio.c
v10/usr/src/cmd/adb/cray/mchpr.c
v10/usr/src/cmd/adb/cray/mchrun.c
v10/usr/src/cmd/adb/cray/mkfile
v10/usr/src/cmd/adb/cray/mtype.h
v10/usr/src/cmd/adb/cray/opcd.c
v10/usr/src/cmd/adb/cray/ptrace.h
v10/usr/src/cmd/adb/cray/regs.c
v10/usr/src/cmd/adb/cray/regs.h
v10/usr/src/cmd/adb/cray/regtab.i
v10/usr/src/cmd/adb/cray/setup.c
v10/usr/src/cmd/adb/cray/trace.c
v10/usr/src/cmd/adb/cray/trcrun.c
v10/usr/src/cmd/adb/g/Makefile
v10/usr/src/cmd/adb/g/a.out.h
v10/usr/src/cmd/adb/g/das.c
v10/usr/src/cmd/adb/g/gtou.c
v10/usr/src/cmd/adb/g/hello.c
v10/usr/src/cmd/adb/g/machine.h
v10/usr/src/cmd/adb/g/mchframe.c
v10/usr/src/cmd/adb/g/mchio.c
v10/usr/src/cmd/adb/g/mchpr.c
v10/usr/src/cmd/adb/g/mkfile
v10/usr/src/cmd/adb/g/mkoptab.c
v10/usr/src/cmd/adb/g/mtype.h
v10/usr/src/cmd/adb/g/noptab
v10/usr/src/cmd/adb/g/o.a.out.h
v10/usr/src/cmd/adb/g/optab.c
v10/usr/src/cmd/adb/g/optab.h
v10/usr/src/cmd/adb/g/regs.c
v10/usr/src/cmd/adb/g/regs.h
v10/usr/src/cmd/adb/g/setup.c
v10/usr/src/cmd/adb/g/setup.oc
v10/usr/src/cmd/adb/g/syminit.c
v10/usr/src/cmd/adb/g/syminit.oc
v10/usr/src/cmd/adb/null/Makefile
v10/usr/src/cmd/adb/null/das.c
v10/usr/src/cmd/adb/null/mchframe.c
v10/usr/src/cmd/adb/null/mchinit.c
v10/usr/src/cmd/adb/null/mchio.c
v10/usr/src/cmd/adb/null/mchpr.c
v10/usr/src/cmd/adb/null/mchsys.c
v10/usr/src/cmd/adb/null/mkfile
v10/usr/src/cmd/adb/null/mtype.h
v10/usr/src/cmd/adb/null/regs.c
v10/usr/src/cmd/adb/null/regs.h
v10/usr/src/cmd/adb/null/setup.c
v10/usr/src/cmd/adb/null/syminit.c
v10/usr/src/cmd/adb/null/trcrun.c
v10/usr/src/cmd/adb/seq/Makefile
v10/usr/src/cmd/adb/seq/Xregs.h
v10/usr/src/cmd/adb/seq/base.h
v10/usr/src/cmd/adb/seq/das.c
v10/usr/src/cmd/adb/seq/hello.c
v10/usr/src/cmd/adb/seq/machine.h
v10/usr/src/cmd/adb/seq/mchframe.c
v10/usr/src/cmd/adb/seq/mchinit.c
v10/usr/src/cmd/adb/seq/mchpr.c
v10/usr/src/cmd/adb/seq/mchrun.c
v10/usr/src/cmd/adb/seq/mchsys.c
v10/usr/src/cmd/adb/seq/mkfile
v10/usr/src/cmd/adb/seq/module.c
v10/usr/src/cmd/adb/seq/mtype.h
v10/usr/src/cmd/adb/seq/notes
v10/usr/src/cmd/adb/seq/regs.c
v10/usr/src/cmd/adb/seq/regs.h
v10/usr/src/cmd/adb/seq/setup.c
v10/usr/src/cmd/adb/seq/syminit.c
v10/usr/src/cmd/adb/v7/gensyminit.c
v10/usr/src/cmd/adb/v7/ptrace.h
v10/usr/src/cmd/adb/v7/trace.c
v10/usr/src/cmd/adb/v7/trcrun.c
v10/usr/src/cmd/adb/v8/syminit.c
v10/usr/src/cmd/adb/v8/trcrun.c
