v10/usr/src/cmd/adb/vax/Makefile
v10/usr/src/cmd/adb/vax/base.h
v10/usr/src/cmd/adb/vax/hello.c
v10/usr/src/cmd/adb/vax/instrs
v10/usr/src/cmd/adb/vax/machine.h
v10/usr/src/cmd/adb/vax/mchframe.c
v10/usr/src/cmd/adb/vax/mchinit.c
v10/usr/src/cmd/adb/vax/mchio.c
v10/usr/src/cmd/adb/vax/mchpr.c
v10/usr/src/cmd/adb/vax/mchrun.c
v10/usr/src/cmd/adb/vax/mchsys.c
v10/usr/src/cmd/adb/vax/mkfile
v10/usr/src/cmd/adb/vax/mtype.h
v10/usr/src/cmd/adb/vax/muckfile
v10/usr/src/cmd/adb/vax/opset.c
v10/usr/src/cmd/adb/vax/optab.c
v10/usr/src/cmd/adb/vax/regs.c
v10/usr/src/cmd/adb/vax/regs.h
v10/usr/src/cmd/adb/vax/setup.c
v10/usr/src/cmd/ansi/mkfile
v10/usr/src/cmd/ansi/tr.c
v10/usr/src/cmd/ap/apkeys/apsel.c
v10/usr/src/cmd/ap/apkeys/canreach.c
v10/usr/src/cmd/ap/apkeys/deliv2.c
v10/usr/src/cmd/ap/apkeys/dist.c
v10/usr/src/cmd/ap/apkeys/dlex.l
v10/usr/src/cmd/ap/apkeys/dread.c
v10/usr/src/cmd/ap/apkeys/flist.c
v10/usr/src/cmd/ap/apkeys/fuser.c
v10/usr/src/cmd/ap/apkeys/getargs.c
v10/usr/src/cmd/ap/apkeys/key..c
v10/usr/src/cmd/ap/apkeys/keys.c
v10/usr/src/cmd/ap/apkeys/kpar.y
v10/usr/src/cmd/ap/apkeys/laserlines
v10/usr/src/cmd/ap/apkeys/makefile
v10/usr/src/cmd/ap/apkeys/mkey2.c
v10/usr/src/cmd/ap/apkeys/mkey3.c
v10/usr/src/cmd/ap/apkeys/mkfile
v10/usr/src/cmd/ap/apkeys/move.c
v10/usr/src/cmd/ap/apkeys/par.c
v10/usr/src/cmd/ap/apkeys/plex.c
v10/usr/src/cmd/ap/apkeys/plex.l
v10/usr/src/cmd/ap/apkeys/sample
v10/usr/src/cmd/ap/apkeys/shell.c
v10/usr/src/cmd/ap/apkeys/suft.c
v10/usr/src/cmd/ap/apkeys/tpos.c
v10/usr/src/cmd/ap/apnews/apnews.1
v10/usr/src/cmd/ap/apnews/apnews1.c
v10/usr/src/cmd/ap/apnews/apnews2.c
v10/usr/src/cmd/ap/apnews/apnews3.c
v10/usr/src/cmd/ap/apnews/apnews4.c
v10/usr/src/cmd/ap/apnews/apsel.c
v10/usr/src/cmd/ap/apnews/badidea1.c
v10/usr/src/cmd/ap/apnews/canreach.c
v10/usr/src/cmd/ap/apnews/deliv2.c
v10/usr/src/cmd/ap/apnews/flist.c
v10/usr/src/cmd/ap/apnews/fuser.c
v10/usr/src/cmd/ap/apnews/getargs.c
v10/usr/src/cmd/ap/apnews/key..c
v10/usr/src/cmd/ap/apnews/keys.c
v10/usr/src/cmd/ap/apnews/laserlines
v10/usr/src/cmd/ap/apnews/makefile
v10/usr/src/cmd/ap/apnews/mkey2.c
v10/usr/src/cmd/ap/apnews/mkey3.c
v10/usr/src/cmd/ap/apnews/mkfile
v10/usr/src/cmd/ap/apnews/move.c
v10/usr/src/cmd/ap/apnews/oapnews1.c
v10/usr/src/cmd/ap/apnews/osuft.c
v10/usr/src/cmd/ap/apnews/par.c
v10/usr/src/cmd/ap/apnews/sample
v10/usr/src/cmd/ap/apnews/shell.c
v10/usr/src/cmd/ap/apnews/suft.c
v10/usr/src/cmd/ap/apnews/top300
v10/usr/src/cmd/ap/apnews/tpos.c
v10/usr/src/cmd/apsend/Makefile
v10/usr/src/cmd/apsend/README
v10/usr/src/cmd/apsend/apsend
v10/usr/src/cmd/apsend/apsend.h
v10/usr/src/cmd/apsend/apsend.mkhd.c
v10/usr/src/cmd/apsend/mkfile
v10/usr/src/cmd/as/:rofix
v10/usr/src/cmd/as/Makefile
v10/usr/src/cmd/as/as.h
v10/usr/src/cmd/as/ascode.c
v10/usr/src/cmd/as/asexpr.c
v10/usr/src/cmd/as/asexpr.h
v10/usr/src/cmd/as/asio.c
v10/usr/src/cmd/as/asjxxx.c
v10/usr/src/cmd/as/asmain.c
v10/usr/src/cmd/as/asparse.c
v10/usr/src/cmd/as/aspseudo.c
v10/usr/src/cmd/as/asscan.c
v10/usr/src/cmd/as/asscan.h
v10/usr/src/cmd/as/assyms.c
v10/usr/src/cmd/as/assyms.h
v10/usr/src/cmd/as/astoks.h
v10/usr/src/cmd/as/instrs
v10/usr/src/cmd/as/mkfile
v10/usr/src/cmd/as/x.c
v10/usr/src/cmd/as/x.s
