v10/usr/src/cmd/asd/Makefile
v10/usr/src/cmd/asd/alloc.c
v10/usr/src/cmd/asd/ar.h
v10/usr/src/cmd/asd/args.c
v10/usr/src/cmd/asd/asd.h
v10/usr/src/cmd/asd/asdrcv.c
v10/usr/src/cmd/asd/chk.c
v10/usr/src/cmd/asd/closedir.c
v10/usr/src/cmd/asd/crypt.c
v10/usr/src/cmd/asd/data.c
v10/usr/src/cmd/asd/ftw.c
v10/usr/src/cmd/asd/ftw.h
v10/usr/src/cmd/asd/fullname.c
v10/usr/src/cmd/asd/gid.c
v10/usr/src/cmd/asd/header.c
v10/usr/src/cmd/asd/inspkg.c
v10/usr/src/cmd/asd/install.asd
v10/usr/src/cmd/asd/libnames
v10/usr/src/cmd/asd/mkconfig
v10/usr/src/cmd/asd/mkcsum.c
v10/usr/src/cmd/asd/mkdir.c
v10/usr/src/cmd/asd/mkfile
v10/usr/src/cmd/asd/mkpkg.c
v10/usr/src/cmd/asd/mksysname
v10/usr/src/cmd/asd/ndir.h
v10/usr/src/cmd/asd/newvers
v10/usr/src/cmd/asd/opendir.c
v10/usr/src/cmd/asd/package.c
v10/usr/src/cmd/asd/path.c
v10/usr/src/cmd/asd/pwd.c
v10/usr/src/cmd/asd/ranlib
v10/usr/src/cmd/asd/readdir.c
v10/usr/src/cmd/asd/remarks
v10/usr/src/cmd/asd/seal.c
v10/usr/src/cmd/asd/seal.h
v10/usr/src/cmd/asd/seekdir.c
v10/usr/src/cmd/asd/setown
v10/usr/src/cmd/asd/ship.sh
v10/usr/src/cmd/asd/telldir.c
v10/usr/src/cmd/asd/tmpname.c
v10/usr/src/cmd/asd/transname.c
v10/usr/src/cmd/asd/uid.c
v10/usr/src/cmd/asd/unseal.c
v10/usr/src/cmd/asd++/Makefile
v10/usr/src/cmd/asd++/cdaemon.c
v10/usr/src/cmd/asd++/checksum.c
v10/usr/src/cmd/asd++/decl.c
v10/usr/src/cmd/asd++/decl.h
v10/usr/src/cmd/asd++/dir.c
v10/usr/src/cmd/asd++/dkinstall.c
v10/usr/src/cmd/asd++/dlist
v10/usr/src/cmd/asd++/domach.c
v10/usr/src/cmd/asd++/impl.c
v10/usr/src/cmd/asd++/list.h
v10/usr/src/cmd/asd++/locksubs.c
v10/usr/src/cmd/asd++/mkfile
v10/usr/src/cmd/asd++/mkspool.c
v10/usr/src/cmd/asd++/param.c
v10/usr/src/cmd/asd++/path.c
v10/usr/src/cmd/asd++/rmlocks
v10/usr/src/cmd/asd++/ship
v10/usr/src/cmd/asd++/shipstat
v10/usr/src/cmd/asd++/udaemon.c
v10/usr/src/cmd/at/at.c
v10/usr/src/cmd/at/atrun.c
v10/usr/src/cmd/at/makefile
v10/usr/src/cmd/at/mkfile
v10/usr/src/cmd/awk/FIXES
v10/usr/src/cmd/awk/NEW
v10/usr/src/cmd/awk/README
v10/usr/src/cmd/awk/awk.1
v10/usr/src/cmd/awk/awk.g.y
v10/usr/src/cmd/awk/awk.h
v10/usr/src/cmd/awk/awk.lx.l
v10/usr/src/cmd/awk/b.c
v10/usr/src/cmd/awk/find
v10/usr/src/cmd/awk/lib.c
v10/usr/src/cmd/awk/main.c
v10/usr/src/cmd/awk/makefile
v10/usr/src/cmd/awk/maketab.c
v10/usr/src/cmd/awk/mkfile
v10/usr/src/cmd/awk/parse.c
v10/usr/src/cmd/awk/proto.h
v10/usr/src/cmd/awk/run.c
v10/usr/src/cmd/awk/tran.c
