v10/usr/src/cmd/awk/awktest/Compare
v10/usr/src/cmd/awk/awktest/Compare.1
v10/usr/src/cmd/awk/awktest/Compare.T
v10/usr/src/cmd/awk/awktest/Compare.drek
v10/usr/src/cmd/awk/awktest/Compare.tt
v10/usr/src/cmd/awk/awktest/NOTES
v10/usr/src/cmd/awk/awktest/ORDER
v10/usr/src/cmd/awk/awktest/README.TESTS
v10/usr/src/cmd/awk/awktest/REGRESS
v10/usr/src/cmd/awk/awktest/T.-f-f
v10/usr/src/cmd/awk/awktest/T.argv
v10/usr/src/cmd/awk/awktest/T.builtin
v10/usr/src/cmd/awk/awktest/T.chem
v10/usr/src/cmd/awk/awktest/T.close
v10/usr/src/cmd/awk/awktest/T.clv
v10/usr/src/cmd/awk/awktest/T.errmsg
v10/usr/src/cmd/awk/awktest/T.expr
v10/usr/src/cmd/awk/awktest/T.exprconv
v10/usr/src/cmd/awk/awktest/T.flags
v10/usr/src/cmd/awk/awktest/T.func
v10/usr/src/cmd/awk/awktest/T.main
v10/usr/src/cmd/awk/awktest/T.misc
v10/usr/src/cmd/awk/awktest/T.overflow
v10/usr/src/cmd/awk/awktest/T.re
v10/usr/src/cmd/awk/awktest/T.system
v10/usr/src/cmd/awk/awktest/bundle.awk
v10/usr/src/cmd/awk/awktest/chem.awk
v10/usr/src/cmd/awk/awktest/cleanup
v10/usr/src/cmd/awk/awktest/countries
v10/usr/src/cmd/awk/awktest/ctimes
v10/usr/src/cmd/awk/awktest/ind
v10/usr/src/cmd/awk/awktest/lsd1.p
v10/usr/src/cmd/awk/awktest/p.1
v10/usr/src/cmd/awk/awktest/p.10
v10/usr/src/cmd/awk/awktest/p.11
v10/usr/src/cmd/awk/awktest/p.12
v10/usr/src/cmd/awk/awktest/p.13
v10/usr/src/cmd/awk/awktest/p.14
v10/usr/src/cmd/awk/awktest/p.15
v10/usr/src/cmd/awk/awktest/p.16
v10/usr/src/cmd/awk/awktest/p.17
v10/usr/src/cmd/awk/awktest/p.18
v10/usr/src/cmd/awk/awktest/p.19
v10/usr/src/cmd/awk/awktest/p.2
v10/usr/src/cmd/awk/awktest/p.20
v10/usr/src/cmd/awk/awktest/p.21
v10/usr/src/cmd/awk/awktest/p.21a
v10/usr/src/cmd/awk/awktest/p.22
v10/usr/src/cmd/awk/awktest/p.23
v10/usr/src/cmd/awk/awktest/p.24
v10/usr/src/cmd/awk/awktest/p.25
v10/usr/src/cmd/awk/awktest/p.26
v10/usr/src/cmd/awk/awktest/p.26a
v10/usr/src/cmd/awk/awktest/p.27
v10/usr/src/cmd/awk/awktest/p.28
v10/usr/src/cmd/awk/awktest/p.29
v10/usr/src/cmd/awk/awktest/p.3
v10/usr/src/cmd/awk/awktest/p.30
v10/usr/src/cmd/awk/awktest/p.31
v10/usr/src/cmd/awk/awktest/p.32
v10/usr/src/cmd/awk/awktest/p.33
v10/usr/src/cmd/awk/awktest/p.34
v10/usr/src/cmd/awk/awktest/p.35
v10/usr/src/cmd/awk/awktest/p.36
v10/usr/src/cmd/awk/awktest/p.37
v10/usr/src/cmd/awk/awktest/p.38
v10/usr/src/cmd/awk/awktest/p.39
v10/usr/src/cmd/awk/awktest/p.4
v10/usr/src/cmd/awk/awktest/p.40
v10/usr/src/cmd/awk/awktest/p.41
v10/usr/src/cmd/awk/awktest/p.42
v10/usr/src/cmd/awk/awktest/p.43
v10/usr/src/cmd/awk/awktest/p.44
v10/usr/src/cmd/awk/awktest/p.45
v10/usr/src/cmd/awk/awktest/p.46
v10/usr/src/cmd/awk/awktest/p.47
v10/usr/src/cmd/awk/awktest/p.48
v10/usr/src/cmd/awk/awktest/p.48a
v10/usr/src/cmd/awk/awktest/p.48b
v10/usr/src/cmd/awk/awktest/p.49
v10/usr/src/cmd/awk/awktest/p.5
v10/usr/src/cmd/awk/awktest/p.50
v10/usr/src/cmd/awk/awktest/p.51
v10/usr/src/cmd/awk/awktest/p.52
v10/usr/src/cmd/awk/awktest/p.5a
v10/usr/src/cmd/awk/awktest/p.6
v10/usr/src/cmd/awk/awktest/p.7
v10/usr/src/cmd/awk/awktest/p.8
v10/usr/src/cmd/awk/awktest/p.9
v10/usr/src/cmd/awk/awktest/p.table
v10/usr/src/cmd/awk/awktest/penicil.p
v10/usr/src/cmd/awk/awktest/res.p
v10/usr/src/cmd/awk/awktest/t.0
v10/usr/src/cmd/awk/awktest/t.1
v10/usr/src/cmd/awk/awktest/t.2
v10/usr/src/cmd/awk/awktest/t.3
v10/usr/src/cmd/awk/awktest/t.4
v10/usr/src/cmd/awk/awktest/t.6
v10/usr/src/cmd/awk/awktest/t.6a
v10/usr/src/cmd/awk/awktest/t.6b
v10/usr/src/cmd/awk/awktest/t.8.y
v10/usr/src/cmd/awk/awktest/t.NF
v10/usr/src/cmd/awk/awktest/t.a
v10/usr/src/cmd/awk/awktest/t.addops
v10/usr/src/cmd/awk/awktest/t.aeiou
v10/usr/src/cmd/awk/awktest/t.aeiouy
v10/usr/src/cmd/awk/awktest/t.arith
v10/usr/src/cmd/awk/awktest/t.array
v10/usr/src/cmd/awk/awktest/t.array1
v10/usr/src/cmd/awk/awktest/t.array2
v10/usr/src/cmd/awk/awktest/t.assert
v10/usr/src/cmd/awk/awktest/t.avg
v10/usr/src/cmd/awk/awktest/t.be
v10/usr/src/cmd/awk/awktest/t.beginexit
v10/usr/src/cmd/awk/awktest/t.beginnext
v10/usr/src/cmd/awk/awktest/t.break
v10/usr/src/cmd/awk/awktest/t.break1
v10/usr/src/cmd/awk/awktest/t.break2
v10/usr/src/cmd/awk/awktest/t.break3
v10/usr/src/cmd/awk/awktest/t.bug1
v10/usr/src/cmd/awk/awktest/t.builtins
v10/usr/src/cmd/awk/awktest/t.cat
v10/usr/src/cmd/awk/awktest/t.cat1
v10/usr/src/cmd/awk/awktest/t.cat2
v10/usr/src/cmd/awk/awktest/t.cmp
v10/usr/src/cmd/awk/awktest/t.coerce
v10/usr/src/cmd/awk/awktest/t.coerce2
v10/usr/src/cmd/awk/awktest/t.comment
v10/usr/src/cmd/awk/awktest/t.comment1
v10/usr/src/cmd/awk/awktest/t.concat
v10/usr/src/cmd/awk/awktest/t.cond
v10/usr/src/cmd/awk/awktest/t.contin
v10/usr/src/cmd/awk/awktest/t.count
v10/usr/src/cmd/awk/awktest/t.cum
v10/usr/src/cmd/awk/awktest/t.delete
v10/usr/src/cmd/awk/awktest/t.delete1
v10/usr/src/cmd/awk/awktest/t.delete2
v10/usr/src/cmd/awk/awktest/t.delete3
v10/usr/src/cmd/awk/awktest/t.do
v10/usr/src/cmd/awk/awktest/t.e
v10/usr/src/cmd/awk/awktest/t.else
v10/usr/src/cmd/awk/awktest/t.exit
v10/usr/src/cmd/awk/awktest/t.exit1
v10/usr/src/cmd/awk/awktest/t.f
v10/usr/src/cmd/awk/awktest/t.f0
v10/usr/src/cmd/awk/awktest/t.f1
v10/usr/src/cmd/awk/awktest/t.f2
v10/usr/src/cmd/awk/awktest/t.f3
v10/usr/src/cmd/awk/awktest/t.f4
v10/usr/src/cmd/awk/awktest/t.for
v10/usr/src/cmd/awk/awktest/t.for1
v10/usr/src/cmd/awk/awktest/t.for2
v10/usr/src/cmd/awk/awktest/t.for3
v10/usr/src/cmd/awk/awktest/t.format4
v10/usr/src/cmd/awk/awktest/t.fun
v10/usr/src/cmd/awk/awktest/t.fun0
v10/usr/src/cmd/awk/awktest/t.fun1
v10/usr/src/cmd/awk/awktest/t.fun2
v10/usr/src/cmd/awk/awktest/t.fun3
v10/usr/src/cmd/awk/awktest/t.fun4
v10/usr/src/cmd/awk/awktest/t.fun5
v10/usr/src/cmd/awk/awktest/t.getline
v10/usr/src/cmd/awk/awktest/t.getval
v10/usr/src/cmd/awk/awktest/t.gsub
v10/usr/src/cmd/awk/awktest/t.gsub1
v10/usr/src/cmd/awk/awktest/t.gsub3
v10/usr/src/cmd/awk/awktest/t.gsub4
v10/usr/src/cmd/awk/awktest/t.if
v10/usr/src/cmd/awk/awktest/t.in
v10/usr/src/cmd/awk/awktest/t.in1
v10/usr/src/cmd/awk/awktest/t.in2
v10/usr/src/cmd/awk/awktest/t.in3
v10/usr/src/cmd/awk/awktest/t.incr
v10/usr/src/cmd/awk/awktest/t.incr2
v10/usr/src/cmd/awk/awktest/t.incr3
v10/usr/src/cmd/awk/awktest/t.index
v10/usr/src/cmd/awk/awktest/t.intest
v10/usr/src/cmd/awk/awktest/t.intest2
v10/usr/src/cmd/awk/awktest/t.longstr
v10/usr/src/cmd/awk/awktest/t.makef
v10/usr/src/cmd/awk/awktest/t.match
v10/usr/src/cmd/awk/awktest/t.match1
v10/usr/src/cmd/awk/awktest/t.max
v10/usr/src/cmd/awk/awktest/t.mod
v10/usr/src/cmd/awk/awktest/t.monotone
v10/usr/src/cmd/awk/awktest/t.nameval
v10/usr/src/cmd/awk/awktest/t.next
v10/usr/src/cmd/awk/awktest/t.not
v10/usr/src/cmd/awk/awktest/t.null0
v10/usr/src/cmd/awk/awktest/t.ofmt
v10/usr/src/cmd/awk/awktest/t.ofs
v10/usr/src/cmd/awk/awktest/t.ors
v10/usr/src/cmd/awk/awktest/t.pat
v10/usr/src/cmd/awk/awktest/t.pipe
v10/usr/src/cmd/awk/awktest/t.pp
v10/usr/src/cmd/awk/awktest/t.pp1
v10/usr/src/cmd/awk/awktest/t.pp2
v10/usr/src/cmd/awk/awktest/t.printf
v10/usr/src/cmd/awk/awktest/t.printf2
v10/usr/src/cmd/awk/awktest/t.quote
v10/usr/src/cmd/awk/awktest/t.randk
v10/usr/src/cmd/awk/awktest/t.re1
v10/usr/src/cmd/awk/awktest/t.re1a
v10/usr/src/cmd/awk/awktest/t.re2
v10/usr/src/cmd/awk/awktest/t.re3
v10/usr/src/cmd/awk/awktest/t.re4
v10/usr/src/cmd/awk/awktest/t.re5
v10/usr/src/cmd/awk/awktest/t.re7
v10/usr/src/cmd/awk/awktest/t.reFS
v10/usr/src/cmd/awk/awktest/t.rec
v10/usr/src/cmd/awk/awktest/t.redir
v10/usr/src/cmd/awk/awktest/t.reg
v10/usr/src/cmd/awk/awktest/t.roff
v10/usr/src/cmd/awk/awktest/t.sep
v10/usr/src/cmd/awk/awktest/t.seqno
v10/usr/src/cmd/awk/awktest/t.set0
v10/usr/src/cmd/awk/awktest/t.set0a
v10/usr/src/cmd/awk/awktest/t.set0b
v10/usr/src/cmd/awk/awktest/t.set1
v10/usr/src/cmd/awk/awktest/t.set2
v10/usr/src/cmd/awk/awktest/t.set3
v10/usr/src/cmd/awk/awktest/t.split
v10/usr/src/cmd/awk/awktest/t.split2
v10/usr/src/cmd/awk/awktest/t.split3
v10/usr/src/cmd/awk/awktest/t.split4
v10/usr/src/cmd/awk/awktest/t.split8
v10/usr/src/cmd/awk/awktest/t.split9
v10/usr/src/cmd/awk/awktest/t.split9a
v10/usr/src/cmd/awk/awktest/t.stately
v10/usr/src/cmd/awk/awktest/t.stderr
v10/usr/src/cmd/awk/awktest/t.strcmp
v10/usr/src/cmd/awk/awktest/t.strcmp1
v10/usr/src/cmd/awk/awktest/t.strnum
v10/usr/src/cmd/awk/awktest/t.sub
v10/usr/src/cmd/awk/awktest/t.sub1
v10/usr/src/cmd/awk/awktest/t.sub2
v10/usr/src/cmd/awk/awktest/t.sub3
v10/usr/src/cmd/awk/awktest/t.substr
v10/usr/src/cmd/awk/awktest/t.substr1
v10/usr/src/cmd/awk/awktest/t.time
v10/usr/src/cmd/awk/awktest/t.vf
v10/usr/src/cmd/awk/awktest/t.vf1
v10/usr/src/cmd/awk/awktest/t.vf2
v10/usr/src/cmd/awk/awktest/t.vf3
v10/usr/src/cmd/awk/awktest/td.1
v10/usr/src/cmd/awk/awktest/test.countries
v10/usr/src/cmd/awk/awktest/test.data
v10/usr/src/cmd/awk/awktest/try
v10/usr/src/cmd/awk/awktest/tt.01
v10/usr/src/cmd/awk/awktest/tt.02
v10/usr/src/cmd/awk/awktest/tt.02a
v10/usr/src/cmd/awk/awktest/tt.03
v10/usr/src/cmd/awk/awktest/tt.03a
v10/usr/src/cmd/awk/awktest/tt.04
v10/usr/src/cmd/awk/awktest/tt.05
v10/usr/src/cmd/awk/awktest/tt.06
v10/usr/src/cmd/awk/awktest/tt.07
v10/usr/src/cmd/awk/awktest/tt.08
v10/usr/src/cmd/awk/awktest/tt.09
v10/usr/src/cmd/awk/awktest/tt.10
v10/usr/src/cmd/awk/awktest/tt.10a
v10/usr/src/cmd/awk/awktest/tt.11
v10/usr/src/cmd/awk/awktest/tt.12
v10/usr/src/cmd/awk/awktest/tt.13
v10/usr/src/cmd/awk/awktest/tt.13a
v10/usr/src/cmd/awk/awktest/tt.14
v10/usr/src/cmd/awk/awktest/tt.big
v10/usr/src/cmd/awk/awktest/u.main
v10/usr/src/cmd/awk/awktest/u_T.getline
v10/usr/src/cmd/awk/awktest/u_T.redir
v10/usr/src/cmd/awk/awktest/u_T.sub
v10/usr/src/cmd/awk/awktest/unbundle.awk
v10/usr/src/cmd/awk/awktest/xc
v10/usr/src/cmd/awk/awktest/yc
v10/usr/src/cmd/awk/test/Compare
v10/usr/src/cmd/awk/test/Compare.1
v10/usr/src/cmd/awk/test/Compare.T
v10/usr/src/cmd/awk/test/Compare.tt
v10/usr/src/cmd/awk/test/ORDER
v10/usr/src/cmd/awk/test/REGRESS
v10/usr/src/cmd/awk/test/T.argv
v10/usr/src/cmd/awk/test/T.builtin
v10/usr/src/cmd/awk/test/T.chem
v10/usr/src/cmd/awk/test/T.close
v10/usr/src/cmd/awk/test/T.errmsg
v10/usr/src/cmd/awk/test/T.exprconv
v10/usr/src/cmd/awk/test/T.func
v10/usr/src/cmd/awk/test/T.misc
v10/usr/src/cmd/awk/test/T.re
v10/usr/src/cmd/awk/test/T.system
v10/usr/src/cmd/awk/test/bundle.awk
v10/usr/src/cmd/awk/test/chem.awk
v10/usr/src/cmd/awk/test/cleanup
v10/usr/src/cmd/awk/test/countries
v10/usr/src/cmd/awk/test/lsd1.p
v10/usr/src/cmd/awk/test/p.1
v10/usr/src/cmd/awk/test/p.10
v10/usr/src/cmd/awk/test/p.11
v10/usr/src/cmd/awk/test/p.12
v10/usr/src/cmd/awk/test/p.13
v10/usr/src/cmd/awk/test/p.14
v10/usr/src/cmd/awk/test/p.15
v10/usr/src/cmd/awk/test/p.16
v10/usr/src/cmd/awk/test/p.17
v10/usr/src/cmd/awk/test/p.18
v10/usr/src/cmd/awk/test/p.19
v10/usr/src/cmd/awk/test/p.2
v10/usr/src/cmd/awk/test/p.20
v10/usr/src/cmd/awk/test/p.21
v10/usr/src/cmd/awk/test/p.22
v10/usr/src/cmd/awk/test/p.23
v10/usr/src/cmd/awk/test/p.24
v10/usr/src/cmd/awk/test/p.25
v10/usr/src/cmd/awk/test/p.26
v10/usr/src/cmd/awk/test/p.26a
v10/usr/src/cmd/awk/test/p.27
v10/usr/src/cmd/awk/test/p.28
v10/usr/src/cmd/awk/test/p.29
v10/usr/src/cmd/awk/test/p.3
v10/usr/src/cmd/awk/test/p.30
v10/usr/src/cmd/awk/test/p.31
v10/usr/src/cmd/awk/test/p.32
v10/usr/src/cmd/awk/test/p.33
v10/usr/src/cmd/awk/test/p.34
v10/usr/src/cmd/awk/test/p.35
v10/usr/src/cmd/awk/test/p.36
v10/usr/src/cmd/awk/test/p.37
v10/usr/src/cmd/awk/test/p.38
v10/usr/src/cmd/awk/test/p.39
v10/usr/src/cmd/awk/test/p.4
v10/usr/src/cmd/awk/test/p.40
v10/usr/src/cmd/awk/test/p.41
v10/usr/src/cmd/awk/test/p.42
v10/usr/src/cmd/awk/test/p.43
v10/usr/src/cmd/awk/test/p.44
v10/usr/src/cmd/awk/test/p.45
v10/usr/src/cmd/awk/test/p.46
v10/usr/src/cmd/awk/test/p.47
v10/usr/src/cmd/awk/test/p.48
v10/usr/src/cmd/awk/test/p.48a
v10/usr/src/cmd/awk/test/p.48b
v10/usr/src/cmd/awk/test/p.49
v10/usr/src/cmd/awk/test/p.5
v10/usr/src/cmd/awk/test/p.50
v10/usr/src/cmd/awk/test/p.51
v10/usr/src/cmd/awk/test/p.52
v10/usr/src/cmd/awk/test/p.5a
v10/usr/src/cmd/awk/test/p.6
v10/usr/src/cmd/awk/test/p.7
v10/usr/src/cmd/awk/test/p.8
v10/usr/src/cmd/awk/test/p.9
v10/usr/src/cmd/awk/test/penicil.p
v10/usr/src/cmd/awk/test/res.p
v10/usr/src/cmd/awk/test/t.0
v10/usr/src/cmd/awk/test/t.1
v10/usr/src/cmd/awk/test/t.2
v10/usr/src/cmd/awk/test/t.3
v10/usr/src/cmd/awk/test/t.4
v10/usr/src/cmd/awk/test/t.6
v10/usr/src/cmd/awk/test/t.6a
v10/usr/src/cmd/awk/test/t.6b
v10/usr/src/cmd/awk/test/t.a
v10/usr/src/cmd/awk/test/t.addops
v10/usr/src/cmd/awk/test/t.aeiou
v10/usr/src/cmd/awk/test/t.aeiouy
v10/usr/src/cmd/awk/test/t.arith
v10/usr/src/cmd/awk/test/t.array
v10/usr/src/cmd/awk/test/t.array1
v10/usr/src/cmd/awk/test/t.array2
v10/usr/src/cmd/awk/test/t.assert
v10/usr/src/cmd/awk/test/t.avg
v10/usr/src/cmd/awk/test/t.be
v10/usr/src/cmd/awk/test/t.beginexit
v10/usr/src/cmd/awk/test/t.beginnext
v10/usr/src/cmd/awk/test/t.break
v10/usr/src/cmd/awk/test/t.break1
v10/usr/src/cmd/awk/test/t.break2
v10/usr/src/cmd/awk/test/t.break3
v10/usr/src/cmd/awk/test/t.bug1
v10/usr/src/cmd/awk/test/t.builtins
v10/usr/src/cmd/awk/test/t.cat
v10/usr/src/cmd/awk/test/t.cat1
v10/usr/src/cmd/awk/test/t.cat2
v10/usr/src/cmd/awk/test/t.cmp
v10/usr/src/cmd/awk/test/t.coerce
v10/usr/src/cmd/awk/test/t.comment
v10/usr/src/cmd/awk/test/t.comment1
v10/usr/src/cmd/awk/test/t.concat
v10/usr/src/cmd/awk/test/t.cond
v10/usr/src/cmd/awk/test/t.contin
v10/usr/src/cmd/awk/test/t.count
v10/usr/src/cmd/awk/test/t.cum
v10/usr/src/cmd/awk/test/t.delete
v10/usr/src/cmd/awk/test/t.delete2
v10/usr/src/cmd/awk/test/t.do
v10/usr/src/cmd/awk/test/t.e
v10/usr/src/cmd/awk/test/t.else
v10/usr/src/cmd/awk/test/t.exit
v10/usr/src/cmd/awk/test/t.exit1
v10/usr/src/cmd/awk/test/t.f
v10/usr/src/cmd/awk/test/t.f0
v10/usr/src/cmd/awk/test/t.f1
v10/usr/src/cmd/awk/test/t.f2
v10/usr/src/cmd/awk/test/t.f3
v10/usr/src/cmd/awk/test/t.f4
v10/usr/src/cmd/awk/test/t.for
v10/usr/src/cmd/awk/test/t.for1
v10/usr/src/cmd/awk/test/t.for2
v10/usr/src/cmd/awk/test/t.format4
v10/usr/src/cmd/awk/test/t.fun
v10/usr/src/cmd/awk/test/t.fun0
v10/usr/src/cmd/awk/test/t.fun1
v10/usr/src/cmd/awk/test/t.fun2
v10/usr/src/cmd/awk/test/t.fun3
v10/usr/src/cmd/awk/test/t.fun4
v10/usr/src/cmd/awk/test/t.fun5
v10/usr/src/cmd/awk/test/t.getline
v10/usr/src/cmd/awk/test/t.gsub
v10/usr/src/cmd/awk/test/t.gsub1
v10/usr/src/cmd/awk/test/t.gsub3
v10/usr/src/cmd/awk/test/t.gsub4
v10/usr/src/cmd/awk/test/t.if
v10/usr/src/cmd/awk/test/t.in
v10/usr/src/cmd/awk/test/t.in1
v10/usr/src/cmd/awk/test/t.in2
v10/usr/src/cmd/awk/test/t.in3
v10/usr/src/cmd/awk/test/t.incr
v10/usr/src/cmd/awk/test/t.incr2
v10/usr/src/cmd/awk/test/t.incr3
v10/usr/src/cmd/awk/test/t.index
v10/usr/src/cmd/awk/test/t.intest
v10/usr/src/cmd/awk/test/t.intest2
v10/usr/src/cmd/awk/test/t.longstr
v10/usr/src/cmd/awk/test/t.makef
v10/usr/src/cmd/awk/test/t.match
v10/usr/src/cmd/awk/test/t.match1
v10/usr/src/cmd/awk/test/t.max
v10/usr/src/cmd/awk/test/t.mod
v10/usr/src/cmd/awk/test/t.monotone
v10/usr/src/cmd/awk/test/t.nameval
v10/usr/src/cmd/awk/test/t.next
v10/usr/src/cmd/awk/test/t.not
v10/usr/src/cmd/awk/test/t.null0
v10/usr/src/cmd/awk/test/t.ofmt
v10/usr/src/cmd/awk/test/t.ofs
v10/usr/src/cmd/awk/test/t.ors
v10/usr/src/cmd/awk/test/t.pat
v10/usr/src/cmd/awk/test/t.pipe
v10/usr/src/cmd/awk/test/t.pp
v10/usr/src/cmd/awk/test/t.pp1
v10/usr/src/cmd/awk/test/t.pp2
v10/usr/src/cmd/awk/test/t.printf
v10/usr/src/cmd/awk/test/t.printf2
v10/usr/src/cmd/awk/test/t.quote
v10/usr/src/cmd/awk/test/t.randk
v10/usr/src/cmd/awk/test/t.re1
v10/usr/src/cmd/awk/test/t.re1a
v10/usr/src/cmd/awk/test/t.re2
v10/usr/src/cmd/awk/test/t.re3
v10/usr/src/cmd/awk/test/t.re4
v10/usr/src/cmd/awk/test/t.re5
v10/usr/src/cmd/awk/test/t.re7
v10/usr/src/cmd/awk/test/t.reFS
v10/usr/src/cmd/awk/test/t.rec
v10/usr/src/cmd/awk/test/t.redir
v10/usr/src/cmd/awk/test/t.reg
v10/usr/src/cmd/awk/test/t.roff
v10/usr/src/cmd/awk/test/t.sep
v10/usr/src/cmd/awk/test/t.seqno
v10/usr/src/cmd/awk/test/t.set0
v10/usr/src/cmd/awk/test/t.set0a
v10/usr/src/cmd/awk/test/t.set0b
v10/usr/src/cmd/awk/test/t.set1
v10/usr/src/cmd/awk/test/t.set2
v10/usr/src/cmd/awk/test/t.set3
v10/usr/src/cmd/awk/test/t.split
v10/usr/src/cmd/awk/test/t.split2
v10/usr/src/cmd/awk/test/t.split3
v10/usr/src/cmd/awk/test/t.split8
v10/usr/src/cmd/awk/test/t.split9
v10/usr/src/cmd/awk/test/t.split9a
v10/usr/src/cmd/awk/test/t.stately
v10/usr/src/cmd/awk/test/t.stderr
v10/usr/src/cmd/awk/test/t.strcmp
v10/usr/src/cmd/awk/test/t.strcmp1
v10/usr/src/cmd/awk/test/t.sub
v10/usr/src/cmd/awk/test/t.sub1
v10/usr/src/cmd/awk/test/t.sub2
v10/usr/src/cmd/awk/test/t.sub3
v10/usr/src/cmd/awk/test/t.substr
v10/usr/src/cmd/awk/test/t.substr1
v10/usr/src/cmd/awk/test/t.time
v10/usr/src/cmd/awk/test/t.vf
v10/usr/src/cmd/awk/test/t.vf1
v10/usr/src/cmd/awk/test/t.vf2
v10/usr/src/cmd/awk/test/t.vf3
v10/usr/src/cmd/awk/test/td.1
v10/usr/src/cmd/awk/test/test.countries
v10/usr/src/cmd/awk/test/test.data
v10/usr/src/cmd/awk/test/try
v10/usr/src/cmd/awk/test/tt.01
v10/usr/src/cmd/awk/test/tt.02
v10/usr/src/cmd/awk/test/tt.02a
v10/usr/src/cmd/awk/test/tt.03
v10/usr/src/cmd/awk/test/tt.03a
v10/usr/src/cmd/awk/test/tt.04
v10/usr/src/cmd/awk/test/tt.05
v10/usr/src/cmd/awk/test/tt.06
v10/usr/src/cmd/awk/test/tt.07
v10/usr/src/cmd/awk/test/tt.08
v10/usr/src/cmd/awk/test/tt.09
v10/usr/src/cmd/awk/test/tt.10
v10/usr/src/cmd/awk/test/tt.10a
v10/usr/src/cmd/awk/test/tt.11
v10/usr/src/cmd/awk/test/tt.12
v10/usr/src/cmd/awk/test/tt.13
v10/usr/src/cmd/awk/test/tt.13a
v10/usr/src/cmd/awk/test/u.0diveq
v10/usr/src/cmd/awk/test/u.0divide
v10/usr/src/cmd/awk/test/u.0mod
v10/usr/src/cmd/awk/test/u.0modeq
v10/usr/src/cmd/awk/test/u.arrayname
v10/usr/src/cmd/awk/test/u.badfcn
v10/usr/src/cmd/awk/test/u.badfield
v10/usr/src/cmd/awk/test/u.badfield2
v10/usr/src/cmd/awk/test/u.badnext
v10/usr/src/cmd/awk/test/u.badprintf
v10/usr/src/cmd/awk/test/u.bailout
v10/usr/src/cmd/awk/test/u.beginbreak
v10/usr/src/cmd/awk/test/u.bigpower
v10/usr/src/cmd/awk/test/u.cantopen
v10/usr/src/cmd/awk/test/u.delete
v10/usr/src/cmd/awk/test/u.duplfcn
v10/usr/src/cmd/awk/test/u.endbreak
v10/usr/src/cmd/awk/test/u.excessargs
v10/usr/src/cmd/awk/test/u.fpe
v10/usr/src/cmd/awk/test/u.hugeprintf
v10/usr/src/cmd/awk/test/u.indexre
v10/usr/src/cmd/awk/test/u.main
v10/usr/src/cmd/awk/test/u.neglog
v10/usr/src/cmd/awk/test/u.notarray
v10/usr/src/cmd/awk/test/u.notarray2
v10/usr/src/cmd/awk/test/u.nullname
v10/usr/src/cmd/awk/test/u.starprintf
v10/usr/src/cmd/awk/test/u.toomanyargs
v10/usr/src/cmd/awk/test/u.undeffcn
v10/usr/src/cmd/awk/test/u_T.getline
v10/usr/src/cmd/awk/test/u_T.redir
v10/usr/src/cmd/awk/test/unbundle.awk
v10/usr/src/cmd/backup.old/absolute.c
v10/usr/src/cmd/backup.old/act.sh
v10/usr/src/cmd/backup.old/backup.h
v10/usr/src/cmd/backup.old/backup.sh
v10/usr/src/cmd/backup.old/bcp.c
v10/usr/src/cmd/backup.old/bdir.c
v10/usr/src/cmd/backup.old/bgrep.c
v10/usr/src/cmd/backup.old/bkdb.sh
v10/usr/src/cmd/backup.old/block.c
v10/usr/src/cmd/backup.old/blog.c
v10/usr/src/cmd/backup.old/bpush.c
v10/usr/src/cmd/backup.old/bumpvolmap.sh
v10/usr/src/cmd/backup.old/conv.c
v10/usr/src/cmd/backup.old/copies.c
v10/usr/src/cmd/backup.old/cyntax
v10/usr/src/cmd/backup.old/dbupdate.c
v10/usr/src/cmd/backup.old/fail.c
v10/usr/src/cmd/backup.old/fail.h
v10/usr/src/cmd/backup.old/fakeargv.c
v10/usr/src/cmd/backup.old/fcheck.c
v10/usr/src/cmd/backup.old/fetch.c
v10/usr/src/cmd/backup.old/fileupd.c
v10/usr/src/cmd/backup.old/imp.ms
v10/usr/src/cmd/backup.old/iprint.c
v10/usr/src/cmd/backup.old/juke.h
v10/usr/src/cmd/backup.old/juke0.c
v10/usr/src/cmd/backup.old/juke1.c
v10/usr/src/cmd/backup.old/juke2.c
v10/usr/src/cmd/backup.old/jukeserver.c
v10/usr/src/cmd/backup.old/lock.c
v10/usr/src/cmd/backup.old/logger.c
v10/usr/src/cmd/backup.old/logprint.c
v10/usr/src/cmd/backup.old/logtrim.c
v10/usr/src/cmd/backup.old/machines
v10/usr/src/cmd/backup.old/mkfile
v10/usr/src/cmd/backup.old/mklock.c
v10/usr/src/cmd/backup.old/munge.sh
v10/usr/src/cmd/backup.old/new.ms
v10/usr/src/cmd/backup.old/notdone.c
v10/usr/src/cmd/backup.old/poot
v10/usr/src/cmd/backup.old/rcv.c
v10/usr/src/cmd/backup.old/recover.sh
v10/usr/src/cmd/backup.old/relay.c
v10/usr/src/cmd/backup.old/remnotdone.c
v10/usr/src/cmd/backup.old/rx.c
v10/usr/src/cmd/backup.old/ship.adm
v10/usr/src/cmd/backup.old/ship.usr
v10/usr/src/cmd/backup.old/shipwild
v10/usr/src/cmd/backup.old/startclient.c
v10/usr/src/cmd/backup.old/startmunge.c
v10/usr/src/cmd/backup.old/stats.c
v10/usr/src/cmd/backup.old/sum.c
v10/usr/src/cmd/backup.old/sweep.c
v10/usr/src/cmd/backup.old/tmp
v10/usr/src/cmd/backup.old/toworm.sh
v10/usr/src/cmd/backup.old/verify.c
v10/usr/src/cmd/backup.old/volidmap.sh
v10/usr/src/cmd/backup.old/wfetch.c
v10/usr/src/cmd/backup.old/wormdb.sh
v10/usr/src/cmd/backup.old/wormserver.c
v10/usr/src/cmd/backup.old/wormupd.c
v10/usr/src/cmd/backup.old/wormy.c
v10/usr/src/cmd/backup.old/x/0
v10/usr/src/cmd/backup.old/x/1
v10/usr/src/cmd/backup.old/x/16
v10/usr/src/cmd/backup.old/x/17
v10/usr/src/cmd/backup.old/x/2
v10/usr/src/cmd/backup.old/x/20
v10/usr/src/cmd/backup.old/x/21
v10/usr/src/cmd/backup.old/x/22
v10/usr/src/cmd/backup.old/x/24
v10/usr/src/cmd/backup.old/x/3
v10/usr/src/cmd/backup.old/x/4
v10/usr/src/cmd/backup.old/x/5
v10/usr/src/cmd/backup.old/x/6
v10/usr/src/cmd/backup.old/x/temp
