v10/usr/src/cmd/basic/basic/aputvars.c
v10/usr/src/cmd/basic/basic/atof1.c
v10/usr/src/cmd/basic/basic/bas.h
v10/usr/src/cmd/basic/basic/basic.c
v10/usr/src/cmd/basic/basic/basic.c.old
v10/usr/src/cmd/basic/basic/bed.c
v10/usr/src/cmd/basic/basic/bedutil.c
v10/usr/src/cmd/basic/basic/bedutil.c.old
v10/usr/src/cmd/basic/basic/bfiles.c
v10/usr/src/cmd/basic/basic/binops.c
v10/usr/src/cmd/basic/basic/breakpoint.c
v10/usr/src/cmd/basic/basic/bsys.c
v10/usr/src/cmd/basic/basic/bsys.c.old
v10/usr/src/cmd/basic/basic/call.c
v10/usr/src/cmd/basic/basic/class.c
v10/usr/src/cmd/basic/basic/copy.c
v10/usr/src/cmd/basic/basic/def.c
v10/usr/src/cmd/basic/basic/delete.c
v10/usr/src/cmd/basic/basic/dim.c
v10/usr/src/cmd/basic/basic/encode.c
v10/usr/src/cmd/basic/basic/encode.c.old
v10/usr/src/cmd/basic/basic/error.c
v10/usr/src/cmd/basic/basic/eval.c
v10/usr/src/cmd/basic/basic/eval.c.old
v10/usr/src/cmd/basic/basic/eval.y
v10/usr/src/cmd/basic/basic/expunge.c
v10/usr/src/cmd/basic/basic/fcntl.h
v10/usr/src/cmd/basic/basic/fetch.c
v10/usr/src/cmd/basic/basic/for.c
v10/usr/src/cmd/basic/basic/getdims.c
v10/usr/src/cmd/basic/basic/go.c
v10/usr/src/cmd/basic/basic/if.c
v10/usr/src/cmd/basic/basic/input.c
v10/usr/src/cmd/basic/basic/junkdefs.c
v10/usr/src/cmd/basic/basic/ldfcn.h
v10/usr/src/cmd/basic/basic/let.c
v10/usr/src/cmd/basic/basic/lex.c
v10/usr/src/cmd/basic/basic/list.c
v10/usr/src/cmd/basic/basic/load.c
v10/usr/src/cmd/basic/basic/makefile
v10/usr/src/cmd/basic/basic/math.h
v10/usr/src/cmd/basic/basic/mkfile
v10/usr/src/cmd/basic/basic/npredefs.c
v10/usr/src/cmd/basic/basic/npredefs.c.old
v10/usr/src/cmd/basic/basic/on.c
v10/usr/src/cmd/basic/basic/option.c
v10/usr/src/cmd/basic/basic/path.c
v10/usr/src/cmd/basic/basic/pathopen.c
v10/usr/src/cmd/basic/basic/print.c
v10/usr/src/cmd/basic/basic/prnt_using.c
v10/usr/src/cmd/basic/basic/putvars.c
v10/usr/src/cmd/basic/basic/read.c
