v10/usr/src/cmd/basic/basic/reseq.c
v10/usr/src/cmd/basic/basic/run.c
v10/usr/src/cmd/basic/basic/save.c
v10/usr/src/cmd/basic/basic/sigcatch.c
v10/usr/src/cmd/basic/basic/sigcatch.c.old
v10/usr/src/cmd/basic/basic/sing.c
v10/usr/src/cmd/basic/basic/spredefs.c
v10/usr/src/cmd/basic/basic/spredefs.c.old
v10/usr/src/cmd/basic/basic/strspace.c
v10/usr/src/cmd/basic/basic/sub.c
v10/usr/src/cmd/basic/basic/symtab.c
v10/usr/src/cmd/basic/basic/sys.c
v10/usr/src/cmd/basic/basic/sys.c.old
v10/usr/src/cmd/basic/basic/termio.h.old
v10/usr/src/cmd/basic/basic/tokens.h
v10/usr/src/cmd/basic/basic/tokens.h.old
v10/usr/src/cmd/basic/basic/update.c
v10/usr/src/cmd/basic/basic/values.h
v10/usr/src/cmd/basic/basic/while.c
v10/usr/src/cmd/basic/basic/write.c
