v10/usr/src/cmd/basic/bas/Makefile
v10/usr/src/cmd/basic/bas/XR
v10/usr/src/cmd/basic/bas/basic.h
v10/usr/src/cmd/basic/bas/cmds.c
v10/usr/src/cmd/basic/bas/def.c
v10/usr/src/cmd/basic/bas/defines.h
v10/usr/src/cmd/basic/bas/enter.s
v10/usr/src/cmd/basic/bas/expr.c
v10/usr/src/cmd/basic/bas/fns.c
v10/usr/src/cmd/basic/bas/io.c
v10/usr/src/cmd/basic/bas/main.c
v10/usr/src/cmd/basic/bas/misc.c
v10/usr/src/cmd/basic/bas/mkfile
v10/usr/src/cmd/basic/bas/plot.c
v10/usr/src/cmd/basic/bas/renum.c
v10/usr/src/cmd/basic/bas/stack.c
v10/usr/src/cmd/basic/bas/sym.c
v10/usr/src/cmd/basic/bas/sys.c
v10/usr/src/cmd/basic/bas/tokens.c
v10/usr/src/cmd/basic/bas/tokens.h
v10/usr/src/cmd/basic/bas/typedef.h
v10/usr/src/cmd/basic/bas/wlib.c
v10/usr/src/cmd/basic/basic/PW/drand48.c
v10/usr/src/cmd/basic/basic/PW/regcmp.c
v10/usr/src/cmd/basic/basic/PW/regex.c
v10/usr/src/cmd/basic/basic/PW/tmpfile.c
v10/usr/src/cmd/basic/bite/READTHIS
v10/usr/src/cmd/basic/bite/bites/life-info/bib
v10/usr/src/cmd/basic/bite/bites/life-info/rules
v10/usr/src/cmd/basic/bite/bites/life-info/t1
v10/usr/src/cmd/basic/bite/bites/life-info/t2
v10/usr/src/cmd/basic/bite/bites/life-info/t3
v10/usr/src/cmd/basic/bite/bites/life-info/t4
v10/usr/src/cmd/basic/bite/bites/life-info/t5
v10/usr/src/cmd/basic/bite/bites/life-info/t6
v10/usr/src/cmd/basic/bite/bites/life-info/tfiles
v10/usr/src/cmd/basic/bite/doc/README
v10/usr/src/cmd/basic/bite/doc/bite-inside.m
v10/usr/src/cmd/basic/bite/doc/bite-user.m
v10/usr/src/cmd/basic/bite/doc/bite.1
