v10/usr/src/cmd/bcp/Text.c
v10/usr/src/cmd/bcp/Text.h
v10/usr/src/cmd/bcp/Units.h
v10/usr/src/cmd/bcp/abort.h
v10/usr/src/cmd/bcp/bcp.1
v10/usr/src/cmd/bcp/bcp.c
v10/usr/src/cmd/bcp/bitio.h
v10/usr/src/cmd/bcp/boole.h
v10/usr/src/cmd/bcp/fioi.h
v10/usr/src/cmd/bcp/font.h
v10/usr/src/cmd/bcp/jslr.c
v10/usr/src/cmd/bcp/limits.h
v10/usr/src/cmd/bcp/makefile
v10/usr/src/cmd/bcp/mkfile
v10/usr/src/cmd/bcp/myftw.c
v10/usr/src/cmd/bcp/myftw.h
v10/usr/src/cmd/bcp/pic.h
v10/usr/src/cmd/bcp/picfile.5
v10/usr/src/cmd/bcp/piclib.c
v10/usr/src/cmd/bcp/postlib.c
v10/usr/src/cmd/bcp/rastlib.c
v10/usr/src/cmd/bcp/ric.h
v10/usr/src/cmd/bcp/riclib.c
v10/usr/src/cmd/bcp/rle.h
v10/usr/src/cmd/bcp/rlelib.c
