v10/usr/src/cmd/basic/bite/src/Makefile
v10/usr/src/cmd/basic/bite/src/Makefile.old
v10/usr/src/cmd/basic/bite/src/XR
v10/usr/src/cmd/basic/bite/src/asc.c
v10/usr/src/cmd/basic/bite/src/atof1.c
v10/usr/src/cmd/basic/bite/src/auto.c
v10/usr/src/cmd/basic/bite/src/avars.c
v10/usr/src/cmd/basic/bite/src/bas.h
v10/usr/src/cmd/basic/bite/src/basic.c
v10/usr/src/cmd/basic/bite/src/bed.c
v10/usr/src/cmd/basic/bite/src/belse.c
v10/usr/src/cmd/basic/bite/src/bfiles.c
v10/usr/src/cmd/basic/bite/src/bseek.c
v10/usr/src/cmd/basic/bite/src/bsys.c
v10/usr/src/cmd/basic/bite/src/call.c
v10/usr/src/cmd/basic/bite/src/chksec.c
v10/usr/src/cmd/basic/bite/src/chr.c
v10/usr/src/cmd/basic/bite/src/class.c
v10/usr/src/cmd/basic/bite/src/clear.c
v10/usr/src/cmd/basic/bite/src/common.c
v10/usr/src/cmd/basic/bite/src/copen.c
v10/usr/src/cmd/basic/bite/src/corleft.c
v10/usr/src/cmd/basic/bite/src/cover.c
v10/usr/src/cmd/basic/bite/src/delete.c
v10/usr/src/cmd/basic/bite/src/dim.c
v10/usr/src/cmd/basic/bite/src/encode.c
v10/usr/src/cmd/basic/bite/src/equal.c
v10/usr/src/cmd/basic/bite/src/error.c
v10/usr/src/cmd/basic/bite/src/evals.c
v10/usr/src/cmd/basic/bite/src/evalx.c
v10/usr/src/cmd/basic/bite/src/expunge.c
v10/usr/src/cmd/basic/bite/src/ext.c
v10/usr/src/cmd/basic/bite/src/f.c
v10/usr/src/cmd/basic/bite/src/fact.c
v10/usr/src/cmd/basic/bite/src/fetch.c
v10/usr/src/cmd/basic/bite/src/for.c
v10/usr/src/cmd/basic/bite/src/getdims.c
v10/usr/src/cmd/basic/bite/src/getfnam.c
v10/usr/src/cmd/basic/bite/src/gosub.c
v10/usr/src/cmd/basic/bite/src/goto.c
v10/usr/src/cmd/basic/bite/src/if.c
v10/usr/src/cmd/basic/bite/src/input.c
v10/usr/src/cmd/basic/bite/src/iprintf.c
v10/usr/src/cmd/basic/bite/src/isthere.c
v10/usr/src/cmd/basic/bite/src/left.c
v10/usr/src/cmd/basic/bite/src/len.c
v10/usr/src/cmd/basic/bite/src/let.c
v10/usr/src/cmd/basic/bite/src/list.c
v10/usr/src/cmd/basic/bite/src/lnpars.c
v10/usr/src/cmd/basic/bite/src/load.c
v10/usr/src/cmd/basic/bite/src/minus.c
v10/usr/src/cmd/basic/bite/src/mkfile
v10/usr/src/cmd/basic/bite/src/more.c
v10/usr/src/cmd/basic/bite/src/new.c
v10/usr/src/cmd/basic/bite/src/no_op.c
v10/usr/src/cmd/basic/bite/src/old.c
v10/usr/src/cmd/basic/bite/src/on.c
v10/usr/src/cmd/basic/bite/src/pathopen.c
v10/usr/src/cmd/basic/bite/src/pause.c
v10/usr/src/cmd/basic/bite/src/postb.c
v10/usr/src/cmd/basic/bite/src/print.c
v10/usr/src/cmd/basic/bite/src/put.c
v10/usr/src/cmd/basic/bite/src/rand.c
v10/usr/src/cmd/basic/bite/src/random.c
v10/usr/src/cmd/basic/bite/src/read.c
v10/usr/src/cmd/basic/bite/src/reseq.c
v10/usr/src/cmd/basic/bite/src/right.c
v10/usr/src/cmd/basic/bite/src/run.c
v10/usr/src/cmd/basic/bite/src/savars.c
v10/usr/src/cmd/basic/bite/src/save.c
v10/usr/src/cmd/basic/bite/src/sing.c
v10/usr/src/cmd/basic/bite/src/stop.c
v10/usr/src/cmd/basic/bite/src/str.c
v10/usr/src/cmd/basic/bite/src/strcat.c
v10/usr/src/cmd/basic/bite/src/string.c
v10/usr/src/cmd/basic/bite/src/sub.c
v10/usr/src/cmd/basic/bite/src/svars.c
v10/usr/src/cmd/basic/bite/src/sysls.c
v10/usr/src/cmd/basic/bite/src/sysrm.c
v10/usr/src/cmd/basic/bite/src/tags
v10/usr/src/cmd/basic/bite/src/untilcod.c
v10/usr/src/cmd/basic/bite/src/up-lo.c
v10/usr/src/cmd/basic/bite/src/update.c
v10/usr/src/cmd/basic/bite/src/val.c
v10/usr/src/cmd/basic/bite/src/variable.c
