v10/usr/src/cmd/bison/COPYING
v10/usr/src/cmd/bison/LR0.c
v10/usr/src/cmd/bison/Makefile
v10/usr/src/cmd/bison/REFERENCES
v10/usr/src/cmd/bison/allocate.c
v10/usr/src/cmd/bison/bison.1
v10/usr/src/cmd/bison/bison.cld
v10/usr/src/cmd/bison/bison.hairy
v10/usr/src/cmd/bison/bison.simple
v10/usr/src/cmd/bison/build.com
v10/usr/src/cmd/bison/closure.c
v10/usr/src/cmd/bison/conflicts.c
v10/usr/src/cmd/bison/derives.c
v10/usr/src/cmd/bison/files.c
v10/usr/src/cmd/bison/files.h
v10/usr/src/cmd/bison/getargs.c
v10/usr/src/cmd/bison/gram.c
v10/usr/src/cmd/bison/gram.h
v10/usr/src/cmd/bison/lalr.c
v10/usr/src/cmd/bison/lex.c
v10/usr/src/cmd/bison/lex.h
v10/usr/src/cmd/bison/machine.h
v10/usr/src/cmd/bison/main.c
v10/usr/src/cmd/bison/mkfile
v10/usr/src/cmd/bison/new.h
v10/usr/src/cmd/bison/nullable.c
v10/usr/src/cmd/bison/output.c
v10/usr/src/cmd/bison/print.c
v10/usr/src/cmd/bison/reader.c
v10/usr/src/cmd/bison/shipped
v10/usr/src/cmd/bison/state.h
v10/usr/src/cmd/bison/symtab.c
v10/usr/src/cmd/bison/symtab.h
v10/usr/src/cmd/bison/types.h
v10/usr/src/cmd/bison/vmsgetargs.c
v10/usr/src/cmd/bison/vmshlp.mar
v10/usr/src/cmd/bison/warshall.c
