v10/usr/src/cmd/btree/BUGS
v10/usr/src/cmd/btree/LD
v10/usr/src/cmd/btree/README
v10/usr/src/cmd/btree/bdelete.c
v10/usr/src/cmd/btree/be.h
v10/usr/src/cmd/btree/bt.c
v10/usr/src/cmd/btree/btadd.c
v10/usr/src/cmd/btree/btbuild.c
v10/usr/src/cmd/btree/btcat.c
v10/usr/src/cmd/btree/btcreat.c
v10/usr/src/cmd/btree/btdelete.c
v10/usr/src/cmd/btree/btdiag.c
v10/usr/src/cmd/btree/btexer.c
v10/usr/src/cmd/btree/btran.c
v10/usr/src/cmd/btree/btreport.c
v10/usr/src/cmd/btree/btreport.s
v10/usr/src/cmd/btree/btsquash.c
v10/usr/src/cmd/btree/bttest.c
v10/usr/src/cmd/btree/bug.btree
v10/usr/src/cmd/btree/bundled
v10/usr/src/cmd/btree/bwrite.c
v10/usr/src/cmd/btree/cbt
v10/usr/src/cmd/btree/cbt.1
v10/usr/src/cmd/btree/cbt.3
v10/usr/src/cmd/btree/cbt.h
v10/usr/src/cmd/btree/diskrd.c
v10/usr/src/cmd/btree/diskwrt.c
v10/usr/src/cmd/btree/export
v10/usr/src/cmd/btree/funcs
v10/usr/src/cmd/btree/get.c
v10/usr/src/cmd/btree/lib.c
v10/usr/src/cmd/btree/makefile
v10/usr/src/cmd/btree/memo
v10/usr/src/cmd/btree/mkfile
v10/usr/src/cmd/btree/new
v10/usr/src/cmd/btree/nodesz.c
v10/usr/src/cmd/btree/picture.out
v10/usr/src/cmd/btree/pr.h
v10/usr/src/cmd/btree/prelim.c
v10/usr/src/cmd/btree/salvage.c
v10/usr/src/cmd/btree/seek.c
v10/usr/src/cmd/btree/slvg.c
v10/usr/src/cmd/btree/slvg2.c
v10/usr/src/cmd/btree/tran.c
v10/usr/src/cmd/btree/verify
v10/usr/src/cmd/btree/gbt/README
v10/usr/src/cmd/btree/gbt/bdelete.c
v10/usr/src/cmd/btree/gbt/be.h
v10/usr/src/cmd/btree/gbt/bt.c
v10/usr/src/cmd/btree/gbt/btadd.c
v10/usr/src/cmd/btree/gbt/btbuild.c
v10/usr/src/cmd/btree/gbt/btcat.c
v10/usr/src/cmd/btree/gbt/btcreat.c
v10/usr/src/cmd/btree/gbt/btdelete.c
v10/usr/src/cmd/btree/gbt/btdiag.c
v10/usr/src/cmd/btree/gbt/btexer.c
v10/usr/src/cmd/btree/gbt/btran.c
v10/usr/src/cmd/btree/gbt/btreport.c
v10/usr/src/cmd/btree/gbt/btsquash.c
v10/usr/src/cmd/btree/gbt/bttest.c
v10/usr/src/cmd/btree/gbt/bufs.c
v10/usr/src/cmd/btree/gbt/bwrite.c
v10/usr/src/cmd/btree/gbt/cbt
v10/usr/src/cmd/btree/gbt/cbt.h
v10/usr/src/cmd/btree/gbt/diskrd.c
v10/usr/src/cmd/btree/gbt/diskwrt.c
v10/usr/src/cmd/btree/gbt/funcs
v10/usr/src/cmd/btree/gbt/get.c
v10/usr/src/cmd/btree/gbt/lib.c
v10/usr/src/cmd/btree/gbt/makefile
v10/usr/src/cmd/btree/gbt/mkfile
v10/usr/src/cmd/btree/gbt/nodesz.c
v10/usr/src/cmd/btree/gbt/pr.h
v10/usr/src/cmd/btree/gbt/prelim.c
v10/usr/src/cmd/btree/gbt/salvage.c
v10/usr/src/cmd/btree/gbt/seek.c
v10/usr/src/cmd/btree/gbt/slvg.c
v10/usr/src/cmd/btree/gbt/slvg2.c
v10/usr/src/cmd/btree/gbt/tran.c
v10/usr/src/cmd/btree/gbt/verify
v10/usr/src/cmd/c2/Makefile
v10/usr/src/cmd/c2/c2.h
v10/usr/src/cmd/c2/c20.c
v10/usr/src/cmd/c2/c21.c
v10/usr/src/cmd/c2/c22.c
v10/usr/src/cmd/c2/jfr.mail
v10/usr/src/cmd/c2/mkfile
