v10/usr/src/cmd/calendar/Makefile
v10/usr/src/cmd/calendar/calendar
v10/usr/src/cmd/calendar/calendar1.c
v10/usr/src/cmd/calendar/calendar2.c
v10/usr/src/cmd/calendar/calendar3
v10/usr/src/cmd/calendar/calendar4.c
v10/usr/src/cmd/calendar/mkfile
v10/usr/src/cmd/calendar/whereis
v10/usr/src/cmd/cb/Makefile
v10/usr/src/cmd/cb/cb.c
v10/usr/src/cmd/cb/cb.h
v10/usr/src/cmd/cb/cbtype.c
v10/usr/src/cmd/cb/cbtype.h
v10/usr/src/cmd/cb/mkfile
v10/usr/src/cmd/cb/ocb.c
v10/usr/src/cmd/cb/oocb.c
v10/usr/src/cmd/cbt/add.bug
v10/usr/src/cmd/cbt/btadd.c
v10/usr/src/cmd/cbt/btbuild.c
v10/usr/src/cmd/cbt/btcat.c
v10/usr/src/cmd/cbt/btcreat.c
v10/usr/src/cmd/cbt/btdelete.c
v10/usr/src/cmd/cbt/btlook.c
v10/usr/src/cmd/cbt/btran.c
v10/usr/src/cmd/cbt/btreport.c
v10/usr/src/cmd/cbt/btsquash.c
v10/usr/src/cmd/cbt/cbt
v10/usr/src/cmd/cbt/makefile
v10/usr/src/cmd/cbt/mkfile
v10/usr/src/cmd/cbt/verify
v10/usr/src/cmd/ccom/common/allo.c
v10/usr/src/cmd/ccom/common/catch2.c
v10/usr/src/cmd/ccom/common/cgram.y
v10/usr/src/cmd/ccom/common/common
v10/usr/src/cmd/ccom/common/common1.c
v10/usr/src/cmd/ccom/common/cost.c
v10/usr/src/cmd/ccom/common/lookup.c
v10/usr/src/cmd/ccom/common/manifest.h
v10/usr/src/cmd/ccom/common/memcpy.c
v10/usr/src/cmd/ccom/common/mfile1.h
v10/usr/src/cmd/ccom/common/mfile2.h
v10/usr/src/cmd/ccom/common/optim.c
v10/usr/src/cmd/ccom/common/pftn.c
v10/usr/src/cmd/ccom/common/pjw.c
v10/usr/src/cmd/ccom/common/prepass.c
v10/usr/src/cmd/ccom/common/printx.c
v10/usr/src/cmd/ccom/common/reader.c
v10/usr/src/cmd/ccom/common/scan.c
v10/usr/src/cmd/ccom/common/script
v10/usr/src/cmd/ccom/common/sty.y
v10/usr/src/cmd/ccom/common/t2print.c
v10/usr/src/cmd/ccom/common/trees.c
v10/usr/src/cmd/ccom/common/xdefs.c
