v10/usr/src/cmd/ccom/vax/a.c
v10/usr/src/cmd/ccom/vax/a.s
v10/usr/src/cmd/ccom/vax/bar
v10/usr/src/cmd/ccom/vax/cgram.i
v10/usr/src/cmd/ccom/vax/debug.c
v10/usr/src/cmd/ccom/vax/debug.h
v10/usr/src/cmd/ccom/vax/dimtabusage
v10/usr/src/cmd/ccom/vax/dope.h
v10/usr/src/cmd/ccom/vax/foo
v10/usr/src/cmd/ccom/vax/funcs
v10/usr/src/cmd/ccom/vax/gbug.c
v10/usr/src/cmd/ccom/vax/genaux.c
v10/usr/src/cmd/ccom/vax/gencode.c
v10/usr/src/cmd/ccom/vax/gencode.h
v10/usr/src/cmd/ccom/vax/genmore.c
v10/usr/src/cmd/ccom/vax/gentable.c
v10/usr/src/cmd/ccom/vax/lcatch2.c
v10/usr/src/cmd/ccom/vax/local.c
v10/usr/src/cmd/ccom/vax/local2.c
v10/usr/src/cmd/ccom/vax/long_name.c
v10/usr/src/cmd/ccom/vax/macdefs.h
v10/usr/src/cmd/ccom/vax/makefile
v10/usr/src/cmd/ccom/vax/memcpy.c
v10/usr/src/cmd/ccom/vax/mkfile
v10/usr/src/cmd/ccom/vax/nexit.c
v10/usr/src/cmd/ccom/vax/pftn.i
v10/usr/src/cmd/ccom/vax/printx.c
v10/usr/src/cmd/ccom/vax/reader.c
v10/usr/src/cmd/ccom/vax/reeds.bug
v10/usr/src/cmd/ccom/vax/stin
v10/usr/src/cmd/ccom/vax/y.debug
v10/usr/src/cmd/ccom/vax/y.debug.sv
v10/usr/src/cmd/ccom/vax/y.tab.h
v10/usr/src/cmd/ccom/vax/y.tab.h.old
