v10/usr/src/cmd/ccom/vax/tests/1.i
v10/usr/src/cmd/ccom/vax/tests/2.i
v10/usr/src/cmd/ccom/vax/tests/3.i
v10/usr/src/cmd/ccom/vax/tests/4.i
v10/usr/src/cmd/ccom/vax/tests/5.i
v10/usr/src/cmd/ccom/vax/tests/6.i
v10/usr/src/cmd/ccom/vax/tests/7.i
v10/usr/src/cmd/ccom/vax/tests/8.i
v10/usr/src/cmd/ccom/vax/tests/9.i
v10/usr/src/cmd/ccom/vax/tests/ARKBUG.c
v10/usr/src/cmd/ccom/vax/tests/BUG
v10/usr/src/cmd/ccom/vax/tests/BUGS
v10/usr/src/cmd/ccom/vax/tests/E.i
v10/usr/src/cmd/ccom/vax/tests/UNFIXED
v10/usr/src/cmd/ccom/vax/tests/a.i
v10/usr/src/cmd/ccom/vax/tests/b.i
v10/usr/src/cmd/ccom/vax/tests/c.i
v10/usr/src/cmd/ccom/vax/tests/d.i
v10/usr/src/cmd/ccom/vax/tests/f.i
v10/usr/src/cmd/ccom/vax/tests/g.i
v10/usr/src/cmd/ccom/vax/tests/h.i
v10/usr/src/cmd/ccom/vax/tests/i.i
v10/usr/src/cmd/ccom/vax/tests/j.i
v10/usr/src/cmd/ccom/vax/tests/k.i
v10/usr/src/cmd/ccom/vax/tests/l.i
v10/usr/src/cmd/ccom/vax/tests/m.i
v10/usr/src/cmd/ccom/vax/tests/n.i
v10/usr/src/cmd/ccom/vax/tests/o.i
v10/usr/src/cmd/ccom/vax/tests/p.i
v10/usr/src/cmd/ccom/vax/tests/q.i
v10/usr/src/cmd/ccom/vax/tests/r.i
v10/usr/src/cmd/ccom/vax/tests/s.i
v10/usr/src/cmd/ccom/vax/tests/script
v10/usr/src/cmd/ccom/vax/tests/t.i
v10/usr/src/cmd/ccom/vax/tests/u.i
v10/usr/src/cmd/ccom/vax/tests/u_A.i
v10/usr/src/cmd/ccom/vax/tests/u_B.i
v10/usr/src/cmd/ccom/vax/tests/u_C.i
v10/usr/src/cmd/ccom/vax/tests/u_D.i
v10/usr/src/cmd/ccom/vax/tests/u_F.i
v10/usr/src/cmd/ccom/vax/tests/u_G.i
v10/usr/src/cmd/ccom/vax/tests/u_H.i
v10/usr/src/cmd/ccom/vax/tests/u_I.i
v10/usr/src/cmd/ccom/vax/tests/u_J.i
v10/usr/src/cmd/ccom/vax/tests/u_K.i
v10/usr/src/cmd/ccom/vax/tests/u_L.i
v10/usr/src/cmd/ccom/vax/tests/u_M.i
v10/usr/src/cmd/ccom/vax/tests/u_N.i
v10/usr/src/cmd/ccom/vax/tests/u_O.i
v10/usr/src/cmd/ccom/vax/tests/u_P.i
v10/usr/src/cmd/ccom/vax/tests/u_Q.i
v10/usr/src/cmd/ccom/vax/tests/u_R.i
v10/usr/src/cmd/ccom/vax/tests/u_S.i
v10/usr/src/cmd/ccom/vax/tests/u_T.i
v10/usr/src/cmd/ccom/vax/tests/u_U.i
v10/usr/src/cmd/ccom/vax/tests/u_V.i
v10/usr/src/cmd/ccom/vax/tests/u_W.i
v10/usr/src/cmd/ccom/vax/tests/u_X.i
v10/usr/src/cmd/ccom/vax/tests/u_Y.i
v10/usr/src/cmd/ccom/vax/tests/u_Z.i
v10/usr/src/cmd/ccom/vax/tests/v.i
v10/usr/src/cmd/ccom/vax/tests/w.i
v10/usr/src/cmd/ccom/vax/tests/x
v10/usr/src/cmd/ccom/vax/tests/x.i
v10/usr/src/cmd/ccom/vax/tests/y
v10/usr/src/cmd/ccom/vax/tests/y.i
v10/usr/src/cmd/ccom/vax/tests/z.i
