v10/usr/src/cmd/cfront/cfront2.00/gram.y
v10/usr/src/cmd/cfront/cfront2.00/lalex.c
v10/usr/src/cmd/cfront/cfront2.00/lex.c
v10/usr/src/cmd/cfront/cfront2.00/m.1
v10/usr/src/cmd/cfront/cfront2.00/m.2
v10/usr/src/cmd/cfront/cfront2.00/m.3
v10/usr/src/cmd/cfront/cfront2.00/main.c
v10/usr/src/cmd/cfront/cfront2.00/makefile
v10/usr/src/cmd/cfront/cfront2.00/mkfile
v10/usr/src/cmd/cfront/cfront2.00/norm.c
v10/usr/src/cmd/cfront/cfront2.00/norm2.c
v10/usr/src/cmd/cfront/cfront2.00/print.c
v10/usr/src/cmd/cfront/cfront2.00/print2.c
v10/usr/src/cmd/cfront/cfront2.00/repr.c
v10/usr/src/cmd/cfront/cfront2.00/simpl.c
v10/usr/src/cmd/cfront/cfront2.00/simpl2.c
v10/usr/src/cmd/cfront/cfront2.00/size.c
v10/usr/src/cmd/cfront/cfront2.00/size.h
v10/usr/src/cmd/cfront/cfront2.00/table.c
v10/usr/src/cmd/cfront/cfront2.00/token.h
v10/usr/src/cmd/cfront/cfront2.00/tqueue.h
v10/usr/src/cmd/cfront/cfront2.00/typ.c
v10/usr/src/cmd/cfront/cfront2.00/typ2.c
v10/usr/src/cmd/cfront/cfront2.00/typedef.h
