v10/usr/src/cmd/ccom/vax/tests/all/1.i
v10/usr/src/cmd/ccom/vax/tests/all/2.i
v10/usr/src/cmd/ccom/vax/tests/all/3.i
v10/usr/src/cmd/ccom/vax/tests/all/4.i
v10/usr/src/cmd/ccom/vax/tests/all/5.i
v10/usr/src/cmd/ccom/vax/tests/all/6.i
v10/usr/src/cmd/ccom/vax/tests/all/7.i
v10/usr/src/cmd/ccom/vax/tests/all/8.i
v10/usr/src/cmd/ccom/vax/tests/all/9.i
v10/usr/src/cmd/ccom/vax/tests/all/A.i
v10/usr/src/cmd/ccom/vax/tests/all/B.i
v10/usr/src/cmd/ccom/vax/tests/all/C.i
v10/usr/src/cmd/ccom/vax/tests/all/D.i
v10/usr/src/cmd/ccom/vax/tests/all/E.i
v10/usr/src/cmd/ccom/vax/tests/all/F.i
v10/usr/src/cmd/ccom/vax/tests/all/G.i
v10/usr/src/cmd/ccom/vax/tests/all/H.i
v10/usr/src/cmd/ccom/vax/tests/all/I.i
v10/usr/src/cmd/ccom/vax/tests/all/J.i
v10/usr/src/cmd/ccom/vax/tests/all/K.i
v10/usr/src/cmd/ccom/vax/tests/all/L.i
v10/usr/src/cmd/ccom/vax/tests/all/M.i
v10/usr/src/cmd/ccom/vax/tests/all/N.i
v10/usr/src/cmd/ccom/vax/tests/all/O.i
v10/usr/src/cmd/ccom/vax/tests/all/ORDER
v10/usr/src/cmd/ccom/vax/tests/all/P.i
v10/usr/src/cmd/ccom/vax/tests/all/Q.i
v10/usr/src/cmd/ccom/vax/tests/all/R.i
v10/usr/src/cmd/ccom/vax/tests/all/S.i
v10/usr/src/cmd/ccom/vax/tests/all/T.i
v10/usr/src/cmd/ccom/vax/tests/all/U.i
v10/usr/src/cmd/ccom/vax/tests/all/V.i
v10/usr/src/cmd/ccom/vax/tests/all/W.i
v10/usr/src/cmd/ccom/vax/tests/all/X.i
v10/usr/src/cmd/ccom/vax/tests/all/Y.i
v10/usr/src/cmd/ccom/vax/tests/all/Z.i
v10/usr/src/cmd/ccom/vax/tests/all/u_a.i
v10/usr/src/cmd/ccom/vax/tests/all/u_b.i
v10/usr/src/cmd/ccom/vax/tests/all/u_c.i
v10/usr/src/cmd/ccom/vax/tests/all/u_d.i
v10/usr/src/cmd/ccom/vax/tests/all/u_f.i
v10/usr/src/cmd/ccom/vax/tests/all/u_g.i
v10/usr/src/cmd/ccom/vax/tests/all/u_h.i
v10/usr/src/cmd/ccom/vax/tests/all/u_i.i
v10/usr/src/cmd/ccom/vax/tests/all/u_j.i
v10/usr/src/cmd/ccom/vax/tests/all/u_k.i
v10/usr/src/cmd/ccom/vax/tests/all/u_l.i
v10/usr/src/cmd/ccom/vax/tests/all/u_m.i
v10/usr/src/cmd/ccom/vax/tests/all/u_n.i
v10/usr/src/cmd/ccom/vax/tests/all/u_o.i
v10/usr/src/cmd/ccom/vax/tests/all/u_p.i
v10/usr/src/cmd/ccom/vax/tests/all/u_q.i
v10/usr/src/cmd/ccom/vax/tests/all/u_r.i
v10/usr/src/cmd/ccom/vax/tests/all/u_s.i
v10/usr/src/cmd/ccom/vax/tests/all/u_t.i
v10/usr/src/cmd/ccom/vax/tests/all/u_u.i
v10/usr/src/cmd/ccom/vax/tests/all/u_v.i
v10/usr/src/cmd/ccom/vax/tests/all/u_w.i
v10/usr/src/cmd/ccom/vax/tests/all/u_x.i
v10/usr/src/cmd/ccom/vax/tests/all/u_y.i
v10/usr/src/cmd/ccom/vax/tests/all/u_z.i
v10/usr/src/cmd/cflow/Makefile
v10/usr/src/cmd/cflow/README
v10/usr/src/cmd/cflow/cf
v10/usr/src/cmd/cflow/cflow.mk
v10/usr/src/cmd/cflow/cflow.sh
v10/usr/src/cmd/cflow/dag.c
v10/usr/src/cmd/cflow/flip.c
v10/usr/src/cmd/cflow/li
v10/usr/src/cmd/cflow/lint.h
v10/usr/src/cmd/cflow/lint.sh
v10/usr/src/cmd/cflow/lpfx.c
v10/usr/src/cmd/cflow/mkfile
v10/usr/src/cmd/cflow/nmf.c
v10/usr/src/cmd/cfront/c.makefile
v10/usr/src/cmd/cfront/makefile
v10/usr/src/cmd/cfront/malloc.c
v10/usr/src/cmd/cfront/mkfile
v10/usr/src/cmd/cfront/munch.c
v10/usr/src/cmd/cfront/munch2.1.c
v10/usr/src/cmd/cfront/szal.c
v10/usr/src/cmd/cfront/szal2.1.c
v10/usr/src/cmd/cfront/demangle/String.c
v10/usr/src/cmd/cfront/demangle/String.h
v10/usr/src/cmd/cfront/demangle/args.c
v10/usr/src/cmd/cfront/demangle/c++filt.1
v10/usr/src/cmd/cfront/demangle/c++filt.c
v10/usr/src/cmd/cfront/demangle/dem.c
v10/usr/src/cmd/cfront/demangle/demangle.c
v10/usr/src/cmd/cfront/demangle/errfilt.c
v10/usr/src/cmd/cfront/demangle/makefile
v10/usr/src/cmd/cfront/demangle/mkfile
v10/usr/src/cmd/cfront/demangle/nplist.c
v10/usr/src/cmd/cfront/libC/makefile
v10/usr/src/cmd/cfront/libC/mkfile
v10/usr/src/cmd/cfront/libC/bignum/bignum.c
v10/usr/src/cmd/cfront/libC/bignum/bignum.h
v10/usr/src/cmd/cfront/libC/bignum/makefile
v10/usr/src/cmd/cfront/libC/bignum/mkfile
v10/usr/src/cmd/cfront/libC/complex/abs.c
v10/usr/src/cmd/cfront/libC/complex/arg.c
v10/usr/src/cmd/cfront/libC/complex/complex.h
v10/usr/src/cmd/cfront/libC/complex/const.h
v10/usr/src/cmd/cfront/libC/complex/cos.c
v10/usr/src/cmd/cfront/libC/complex/error.c
v10/usr/src/cmd/cfront/libC/complex/exp.c
v10/usr/src/cmd/cfront/libC/complex/io.c
v10/usr/src/cmd/cfront/libC/complex/log.c
v10/usr/src/cmd/cfront/libC/complex/makefile
v10/usr/src/cmd/cfront/libC/complex/mkfile
v10/usr/src/cmd/cfront/libC/complex/oper.c
v10/usr/src/cmd/cfront/libC/complex/polar.c
v10/usr/src/cmd/cfront/libC/complex/pow.c
v10/usr/src/cmd/cfront/libC/complex/sin.c
v10/usr/src/cmd/cfront/libC/complex/sqrt.c
v10/usr/src/cmd/cfront/libC/generic/generic.c
v10/usr/src/cmd/cfront/libC/generic/generic.h
v10/usr/src/cmd/cfront/libC/generic/makefile
v10/usr/src/cmd/cfront/libC/generic/mkfile
v10/usr/src/cmd/cfront/libC/generic/vector.h
