v10/usr/src/cmd/cfront/libC/iostream/README
v10/usr/src/cmd/cfront/libC/iostream/cstreams.c
v10/usr/src/cmd/cfront/libC/iostream/filebuf.c
v10/usr/src/cmd/cfront/libC/iostream/flt.c
v10/usr/src/cmd/cfront/libC/iostream/fstream.c
v10/usr/src/cmd/cfront/libC/iostream/fstream.h
v10/usr/src/cmd/cfront/libC/iostream/in.c
v10/usr/src/cmd/cfront/libC/iostream/intin.c
v10/usr/src/cmd/cfront/libC/iostream/iomanip.h
v10/usr/src/cmd/cfront/libC/iostream/iostream.h
v10/usr/src/cmd/cfront/libC/iostream/iostream.mk
v10/usr/src/cmd/cfront/libC/iostream/manip.c
v10/usr/src/cmd/cfront/libC/iostream/oldformat.c
v10/usr/src/cmd/cfront/libC/iostream/out.c
v10/usr/src/cmd/cfront/libC/iostream/rawin.c
v10/usr/src/cmd/cfront/libC/iostream/sbuf.dbp.c
v10/usr/src/cmd/cfront/libC/iostream/stdiobuf.c
v10/usr/src/cmd/cfront/libC/iostream/stdiostream.h
v10/usr/src/cmd/cfront/libC/iostream/stream.c
v10/usr/src/cmd/cfront/libC/iostream/stream.h
v10/usr/src/cmd/cfront/libC/iostream/streambuf.c
v10/usr/src/cmd/cfront/libC/iostream/streamdefs.h
v10/usr/src/cmd/cfront/libC/iostream/strstream.c
v10/usr/src/cmd/cfront/libC/iostream/strstream.h
v10/usr/src/cmd/cfront/libC/iostream/swstdio.c
v10/usr/src/cmd/cfront/libC/iostream/version
v10/usr/src/cmd/cfront/libC/iostream/iostream.a.D/.created
v10/usr/src/cmd/cfront/libC/misc/Bits.c
v10/usr/src/cmd/cfront/libC/misc/Pool.c
v10/usr/src/cmd/cfront/libC/misc/_ctor.c
v10/usr/src/cmd/cfront/libC/misc/_dtor.c
v10/usr/src/cmd/cfront/libC/misc/_main.c
v10/usr/src/cmd/cfront/libC/misc/dtors.c
v10/usr/src/cmd/cfront/libC/misc/makefile
v10/usr/src/cmd/cfront/libC/misc/mkfile
v10/usr/src/cmd/cfront/libC/misc/open.c
v10/usr/src/cmd/cfront/libC/misc/pure.c
v10/usr/src/cmd/cfront/libC/new/_arr_map.c
v10/usr/src/cmd/cfront/libC/new/_delete.c
v10/usr/src/cmd/cfront/libC/new/_handler.c
v10/usr/src/cmd/cfront/libC/new/_new.c
v10/usr/src/cmd/cfront/libC/new/_vec.c
v10/usr/src/cmd/cfront/libC/new/makefile
v10/usr/src/cmd/cfront/libC/new/mkfile
v10/usr/src/cmd/cfront/libC/new/place.c
v10/usr/src/cmd/cfront/libC/oiostream/README
v10/usr/src/cmd/cfront/libC/oiostream/cstreams.c
v10/usr/src/cmd/cfront/libC/oiostream/filebuf.c
v10/usr/src/cmd/cfront/libC/oiostream/flt.c
v10/usr/src/cmd/cfront/libC/oiostream/fstream.c
v10/usr/src/cmd/cfront/libC/oiostream/fstream.h
v10/usr/src/cmd/cfront/libC/oiostream/in.c
v10/usr/src/cmd/cfront/libC/oiostream/intin.c
v10/usr/src/cmd/cfront/libC/oiostream/iomanip.h
v10/usr/src/cmd/cfront/libC/oiostream/iostream.h
v10/usr/src/cmd/cfront/libC/oiostream/iostream.mk
v10/usr/src/cmd/cfront/libC/oiostream/manip.c
v10/usr/src/cmd/cfront/libC/oiostream/oldformat.c
v10/usr/src/cmd/cfront/libC/oiostream/out.c
v10/usr/src/cmd/cfront/libC/oiostream/rawin.c
v10/usr/src/cmd/cfront/libC/oiostream/sbuf.dbp.c
v10/usr/src/cmd/cfront/libC/oiostream/stdiobuf.c
v10/usr/src/cmd/cfront/libC/oiostream/stdiostream.h
v10/usr/src/cmd/cfront/libC/oiostream/stream.c
v10/usr/src/cmd/cfront/libC/oiostream/stream.h
v10/usr/src/cmd/cfront/libC/oiostream/streambuf.c
v10/usr/src/cmd/cfront/libC/oiostream/streamdefs.h
v10/usr/src/cmd/cfront/libC/oiostream/strstream.c
v10/usr/src/cmd/cfront/libC/oiostream/strstream.h
v10/usr/src/cmd/cfront/libC/oiostream/swstdio.c
v10/usr/src/cmd/cfront/libC/oiostream/version
v10/usr/src/cmd/cfront/libC/oiostream/iostream.a.D/.created
v10/usr/src/cmd/cfront/libC/ooiostream/README
v10/usr/src/cmd/cfront/libC/ooiostream/cstreams.c
v10/usr/src/cmd/cfront/libC/ooiostream/filebuf.c
v10/usr/src/cmd/cfront/libC/ooiostream/flt.c
v10/usr/src/cmd/cfront/libC/ooiostream/fstream.c
v10/usr/src/cmd/cfront/libC/ooiostream/fstream.h
v10/usr/src/cmd/cfront/libC/ooiostream/in.c
v10/usr/src/cmd/cfront/libC/ooiostream/intin.c
v10/usr/src/cmd/cfront/libC/ooiostream/iomanip.h
v10/usr/src/cmd/cfront/libC/ooiostream/ios.h
v10/usr/src/cmd/cfront/libC/ooiostream/iostream.h
v10/usr/src/cmd/cfront/libC/ooiostream/iostream.mk
v10/usr/src/cmd/cfront/libC/ooiostream/manip.c
v10/usr/src/cmd/cfront/libC/ooiostream/oldformat.c
v10/usr/src/cmd/cfront/libC/ooiostream/out.c
v10/usr/src/cmd/cfront/libC/ooiostream/rawin.c
v10/usr/src/cmd/cfront/libC/ooiostream/sbuf.dbp.c
v10/usr/src/cmd/cfront/libC/ooiostream/stdiobuf.c
v10/usr/src/cmd/cfront/libC/ooiostream/stdiostream.h
v10/usr/src/cmd/cfront/libC/ooiostream/stream.c
v10/usr/src/cmd/cfront/libC/ooiostream/stream.h
v10/usr/src/cmd/cfront/libC/ooiostream/streambuf.c
v10/usr/src/cmd/cfront/libC/ooiostream/streamdefs.h
v10/usr/src/cmd/cfront/libC/ooiostream/strstream.c
v10/usr/src/cmd/cfront/libC/ooiostream/strstream.h
v10/usr/src/cmd/cfront/libC/ooiostream/swstdio.c
v10/usr/src/cmd/cfront/libC/ooiostream/version
v10/usr/src/cmd/cfront/libC/ooiostream/iostream.a.D/.created
v10/usr/src/cmd/cfront/libC/otask/event.c
v10/usr/src/cmd/cfront/libC/otask/fudge.c
v10/usr/src/cmd/cfront/libC/otask/fudge.c.3b
v10/usr/src/cmd/cfront/libC/otask/fudge.c.68k
v10/usr/src/cmd/cfront/libC/otask/fudge.c.vax
v10/usr/src/cmd/cfront/libC/otask/makefile
v10/usr/src/cmd/cfront/libC/otask/mkfile
v10/usr/src/cmd/cfront/libC/otask/obj.c
v10/usr/src/cmd/cfront/libC/otask/qhead.c
v10/usr/src/cmd/cfront/libC/otask/qtail.c
v10/usr/src/cmd/cfront/libC/otask/sched.c
v10/usr/src/cmd/cfront/libC/otask/sim.c
v10/usr/src/cmd/cfront/libC/otask/swap.s
v10/usr/src/cmd/cfront/libC/otask/swap.s.3b
v10/usr/src/cmd/cfront/libC/otask/swap.s.68k
v10/usr/src/cmd/cfront/libC/otask/swap.s.vax
v10/usr/src/cmd/cfront/libC/otask/task.c
v10/usr/src/cmd/cfront/libC/otask/task.h
v10/usr/src/cmd/cfront/libC/otask/timer.c
