v10/usr/src/cmd/cfront/ooptcfront/Files
v10/usr/src/cmd/cfront/ooptcfront/README
v10/usr/src/cmd/cfront/ooptcfront/TAGS
v10/usr/src/cmd/cfront/ooptcfront/alloc.c
v10/usr/src/cmd/cfront/ooptcfront/cfront.h
v10/usr/src/cmd/cfront/ooptcfront/dcl.c
v10/usr/src/cmd/cfront/ooptcfront/dcl2.c
v10/usr/src/cmd/cfront/ooptcfront/dcl2.hmm
v10/usr/src/cmd/cfront/ooptcfront/dcl3.c
v10/usr/src/cmd/cfront/ooptcfront/dcl4.c
v10/usr/src/cmd/cfront/ooptcfront/del.c
v10/usr/src/cmd/cfront/ooptcfront/discrim.c
v10/usr/src/cmd/cfront/ooptcfront/doprint.c
v10/usr/src/cmd/cfront/ooptcfront/dump_tree.H
v10/usr/src/cmd/cfront/ooptcfront/dump_tree.c
v10/usr/src/cmd/cfront/ooptcfront/error.c
v10/usr/src/cmd/cfront/ooptcfront/expand.c
v10/usr/src/cmd/cfront/ooptcfront/expr.c
v10/usr/src/cmd/cfront/ooptcfront/expr.hmm
v10/usr/src/cmd/cfront/ooptcfront/expr2.c
