v10/usr/src/cmd/cfront/ooptcfront/expr3.c
v10/usr/src/cmd/cfront/ooptcfront/expr3.hmm
v10/usr/src/cmd/cfront/ooptcfront/find.c
v10/usr/src/cmd/cfront/ooptcfront/gram.y
v10/usr/src/cmd/cfront/ooptcfront/gram_utils.c
v10/usr/src/cmd/cfront/ooptcfront/hash.c
v10/usr/src/cmd/cfront/ooptcfront/hash.h
v10/usr/src/cmd/cfront/ooptcfront/ios_printf.H
v10/usr/src/cmd/cfront/ooptcfront/lalex.c
v10/usr/src/cmd/cfront/ooptcfront/lex.c
v10/usr/src/cmd/cfront/ooptcfront/main.c
v10/usr/src/cmd/cfront/ooptcfront/makefile
v10/usr/src/cmd/cfront/ooptcfront/mkfile
v10/usr/src/cmd/cfront/ooptcfront/msgbox
v10/usr/src/cmd/cfront/ooptcfront/node_classes.H
v10/usr/src/cmd/cfront/ooptcfront/norm.c
v10/usr/src/cmd/cfront/ooptcfront/norm2.c
v10/usr/src/cmd/cfront/ooptcfront/null.C
v10/usr/src/cmd/cfront/ooptcfront/odi_makefile
v10/usr/src/cmd/cfront/ooptcfront/odihash.h
v10/usr/src/cmd/cfront/ooptcfront/print.c
