v10/usr/src/cmd/cfront/ooptcfront/print2.c
v10/usr/src/cmd/cfront/ooptcfront/print2.c.rej
v10/usr/src/cmd/cfront/ooptcfront/print_self.H
v10/usr/src/cmd/cfront/ooptcfront/print_self.c
v10/usr/src/cmd/cfront/ooptcfront/repr.c
v10/usr/src/cmd/cfront/ooptcfront/simpl.c
v10/usr/src/cmd/cfront/ooptcfront/simpl2.c
v10/usr/src/cmd/cfront/ooptcfront/size.c
v10/usr/src/cmd/cfront/ooptcfront/size.h
v10/usr/src/cmd/cfront/ooptcfront/table.c
v10/usr/src/cmd/cfront/ooptcfront/template.c
v10/usr/src/cmd/cfront/ooptcfront/template.h
v10/usr/src/cmd/cfront/ooptcfront/template.h.rej
v10/usr/src/cmd/cfront/ooptcfront/token.h
v10/usr/src/cmd/cfront/ooptcfront/token_names.H
v10/usr/src/cmd/cfront/ooptcfront/tqueue.h
v10/usr/src/cmd/cfront/ooptcfront/tree_copy.H
v10/usr/src/cmd/cfront/ooptcfront/tree_copy.c
v10/usr/src/cmd/cfront/ooptcfront/tree_walk.H
v10/usr/src/cmd/cfront/ooptcfront/tree_walk.c
v10/usr/src/cmd/cfront/ooptcfront/typ.c
v10/usr/src/cmd/cfront/ooptcfront/typ2.c
v10/usr/src/cmd/cfront/ooptcfront/typedef.h
