v10/usr/src/cmd/cfront/optcfront/simpl.c
v10/usr/src/cmd/cfront/optcfront/simpl2.c
v10/usr/src/cmd/cfront/optcfront/size.c
v10/usr/src/cmd/cfront/optcfront/size.h
v10/usr/src/cmd/cfront/optcfront/table.c
v10/usr/src/cmd/cfront/optcfront/template.c
v10/usr/src/cmd/cfront/optcfront/template.h
v10/usr/src/cmd/cfront/optcfront/token.h
v10/usr/src/cmd/cfront/optcfront/token_names.h
v10/usr/src/cmd/cfront/optcfront/tqueue.h
v10/usr/src/cmd/cfront/optcfront/tree_copy.c
v10/usr/src/cmd/cfront/optcfront/tree_copy.h
v10/usr/src/cmd/cfront/optcfront/tree_dump.c
v10/usr/src/cmd/cfront/optcfront/tree_dump.h
v10/usr/src/cmd/cfront/optcfront/tree_walk.c
v10/usr/src/cmd/cfront/optcfront/tree_walk.h
v10/usr/src/cmd/cfront/optcfront/typ.c
v10/usr/src/cmd/cfront/optcfront/typ2.c
v10/usr/src/cmd/cfront/optcfront/typedef.h
v10/usr/src/cmd/cfront/optcfront/y.tab.c
v10/usr/src/cmd/cfront/optcfront/yystype.h
