v10/usr/src/cmd/cfront/ptcfront/simpl.c
v10/usr/src/cmd/cfront/ptcfront/simpl2.c
v10/usr/src/cmd/cfront/ptcfront/size.c
v10/usr/src/cmd/cfront/ptcfront/size.h
v10/usr/src/cmd/cfront/ptcfront/table.c
v10/usr/src/cmd/cfront/ptcfront/template.c
v10/usr/src/cmd/cfront/ptcfront/template.h
v10/usr/src/cmd/cfront/ptcfront/token.h
v10/usr/src/cmd/cfront/ptcfront/token_names.h
v10/usr/src/cmd/cfront/ptcfront/tqueue.h
v10/usr/src/cmd/cfront/ptcfront/tree_copy.c
v10/usr/src/cmd/cfront/ptcfront/tree_copy.h
v10/usr/src/cmd/cfront/ptcfront/tree_dump.c
v10/usr/src/cmd/cfront/ptcfront/tree_dump.h
v10/usr/src/cmd/cfront/ptcfront/tree_walk.c
v10/usr/src/cmd/cfront/ptcfront/tree_walk.h
v10/usr/src/cmd/cfront/ptcfront/typ.c
v10/usr/src/cmd/cfront/ptcfront/typ2.c
v10/usr/src/cmd/cfront/ptcfront/typedef.h
v10/usr/src/cmd/cfront/ptcfront/xBlock.h
v10/usr/src/cmd/cfront/ptcfront/y.tab.c
v10/usr/src/cmd/cfront/ptcfront/yystype.h
