v10/usr/src/cmd/cfront/xptcfront/simpl.c
v10/usr/src/cmd/cfront/xptcfront/simpl2.c
v10/usr/src/cmd/cfront/xptcfront/size.c
v10/usr/src/cmd/cfront/xptcfront/size.h
v10/usr/src/cmd/cfront/xptcfront/table.c
v10/usr/src/cmd/cfront/xptcfront/template.c
v10/usr/src/cmd/cfront/xptcfront/template.h
v10/usr/src/cmd/cfront/xptcfront/token.h
v10/usr/src/cmd/cfront/xptcfront/token_names.h
v10/usr/src/cmd/cfront/xptcfront/tqueue.h
v10/usr/src/cmd/cfront/xptcfront/tree_copy.c
v10/usr/src/cmd/cfront/xptcfront/tree_copy.h
v10/usr/src/cmd/cfront/xptcfront/tree_dump.c
v10/usr/src/cmd/cfront/xptcfront/tree_dump.h
v10/usr/src/cmd/cfront/xptcfront/tree_walk.c
v10/usr/src/cmd/cfront/xptcfront/tree_walk.h
v10/usr/src/cmd/cfront/xptcfront/typ.c
v10/usr/src/cmd/cfront/xptcfront/typ2.c
v10/usr/src/cmd/cfront/xptcfront/typedef.h
v10/usr/src/cmd/cfront/xptcfront/y.tab.c
v10/usr/src/cmd/cfront/xptcfront/yystype.h
