v10/usr/src/cmd/cfront/libC/task/erand.c
v10/usr/src/cmd/cfront/libC/task/event.c
v10/usr/src/cmd/cfront/libC/task/fudge.c
v10/usr/src/cmd/cfront/libC/task/fudge.c.386
v10/usr/src/cmd/cfront/libC/task/fudge.c.3b
v10/usr/src/cmd/cfront/libC/task/fudge.c.68k
v10/usr/src/cmd/cfront/libC/task/fudge.c.vax
v10/usr/src/cmd/cfront/libC/task/hw_stack.c
v10/usr/src/cmd/cfront/libC/task/hw_stack.h
v10/usr/src/cmd/cfront/libC/task/makefile
v10/usr/src/cmd/cfront/libC/task/mkfile
v10/usr/src/cmd/cfront/libC/task/obj.c
v10/usr/src/cmd/cfront/libC/task/qhead.c
v10/usr/src/cmd/cfront/libC/task/qtail.c
v10/usr/src/cmd/cfront/libC/task/sched.c
v10/usr/src/cmd/cfront/libC/task/sim.c
v10/usr/src/cmd/cfront/libC/task/swap.s
v10/usr/src/cmd/cfront/libC/task/swap.s.386
v10/usr/src/cmd/cfront/libC/task/swap.s.3b
v10/usr/src/cmd/cfront/libC/task/swap.s.68k
v10/usr/src/cmd/cfront/libC/task/swap.s.vax
v10/usr/src/cmd/cfront/libC/task/swap_supp.c
v10/usr/src/cmd/cfront/libC/task/task.c
v10/usr/src/cmd/cfront/libC/task/task.h
v10/usr/src/cmd/cfront/libC/task/timer.c
v10/usr/src/cmd/cfront/libstring/Memcpy.c
v10/usr/src/cmd/cfront/libstring/Regexp.c
v10/usr/src/cmd/cfront/libstring/Regexp.h
v10/usr/src/cmd/cfront/libstring/error.c
v10/usr/src/cmd/cfront/libstring/generic.c
v10/usr/src/cmd/cfront/libstring/generic.h
v10/usr/src/cmd/cfront/libstring/hey
v10/usr/src/cmd/cfront/libstring/list.c
v10/usr/src/cmd/cfront/libstring/list.h
v10/usr/src/cmd/cfront/libstring/list_sort.c
v10/usr/src/cmd/cfront/libstring/makefile
v10/usr/src/cmd/cfront/libstring/mkfile
v10/usr/src/cmd/cfront/libstring/oString.h
v10/usr/src/cmd/cfront/libstring/pair.h
v10/usr/src/cmd/cfront/libstring/pairST_list.c
v10/usr/src/cmd/cfront/libstring/pair_list.c
v10/usr/src/cmd/cfront/libstring/pair_list.h
v10/usr/src/cmd/cfront/libstring/rep.c
v10/usr/src/cmd/cfront/libstring/run
v10/usr/src/cmd/cfront/libstring/run.out
v10/usr/src/cmd/cfront/libstring/s_l_o.c
v10/usr/src/cmd/cfront/libstring/string.c
v10/usr/src/cmd/cfront/libstring/string.h
v10/usr/src/cmd/cfront/libstring/stringCtor.c
v10/usr/src/cmd/cfront/libstring/string_list.c
v10/usr/src/cmd/cfront/libstring/sysfns.c
v10/usr/src/cmd/cfront/libstring/test1.c
v10/usr/src/cmd/cfront/libstring/test10.c
v10/usr/src/cmd/cfront/libstring/test11.c
v10/usr/src/cmd/cfront/libstring/test12.c
v10/usr/src/cmd/cfront/libstring/test13.c
v10/usr/src/cmd/cfront/libstring/test14.c
v10/usr/src/cmd/cfront/libstring/test16.c
v10/usr/src/cmd/cfront/libstring/test17.c
v10/usr/src/cmd/cfront/libstring/test18.c
v10/usr/src/cmd/cfront/libstring/test2.c
v10/usr/src/cmd/cfront/libstring/test3.c
v10/usr/src/cmd/cfront/libstring/test4.c
v10/usr/src/cmd/cfront/libstring/test5.c
v10/usr/src/cmd/cfront/libstring/test6.c
v10/usr/src/cmd/cfront/libstring/test7.c
v10/usr/src/cmd/cfront/libstring/test8.c
v10/usr/src/cmd/cfront/libstring/testIt.c
v10/usr/src/cmd/cfront/libstring/testscript
v10/usr/src/cmd/cfront/libstring/u_Makefile
v10/usr/src/cmd/cfront/libstring/voidP_list.c
v10/usr/src/cmd/cfront/libstring/voidP_out.c
v10/usr/src/cmd/cfront/ooptcfront/demo/VHashAssoc.c
v10/usr/src/cmd/cfront/ooptcfront/demo/base-nested.c
v10/usr/src/cmd/cfront/ooptcfront/demo/check.h
v10/usr/src/cmd/cfront/ooptcfront/demo/class.c
v10/usr/src/cmd/cfront/ooptcfront/demo/comp-tests.c
v10/usr/src/cmd/cfront/ooptcfront/demo/deletion.c
v10/usr/src/cmd/cfront/ooptcfront/demo/field-nested.c
v10/usr/src/cmd/cfront/ooptcfront/demo/ltgt.c
v10/usr/src/cmd/cfront/ooptcfront/demo/mi.c
v10/usr/src/cmd/cfront/ooptcfront/demo/non-type.c
v10/usr/src/cmd/cfront/ooptcfront/demo/override.c
v10/usr/src/cmd/cfront/ooptcfront/demo/run
v10/usr/src/cmd/cfront/ooptcfront/demo/stat-over.c
v10/usr/src/cmd/cfront/ooptcfront/demo/vstack.c
v10/usr/src/cmd/chuck/adderr.c
v10/usr/src/cmd/chuck/check.c
v10/usr/src/cmd/chuck/dir.c
v10/usr/src/cmd/chuck/fs.h
v10/usr/src/cmd/chuck/harder.c
v10/usr/src/cmd/chuck/install
v10/usr/src/cmd/chuck/main.c
v10/usr/src/cmd/chuck/mkfile
v10/usr/src/cmd/chuck/mkfs.c
v10/usr/src/cmd/chuck/names.c
v10/usr/src/cmd/chuck/repairs.c
v10/usr/src/cmd/chuck/ship
v10/usr/src/cmd/chuck/upchuck.c
v10/usr/src/cmd/clear/Makefile
v10/usr/src/cmd/clear/clear.c
v10/usr/src/cmd/clear/mkfile
v10/usr/src/cmd/compact/Makefile
v10/usr/src/cmd/compact/ccat.sh
v10/usr/src/cmd/compact/compact.c
v10/usr/src/cmd/compact/compact.h
v10/usr/src/cmd/compact/mkfile
v10/usr/src/cmd/compact/tree.c
v10/usr/src/cmd/compact/uncompact.c
v10/usr/src/cmd/compat/Makefile
v10/usr/src/cmd/compat/Readme
v10/usr/src/cmd/compat/bcopy.c
v10/usr/src/cmd/compat/compat.s
v10/usr/src/cmd/compat/defs.h
v10/usr/src/cmd/compat/dofloat.c
v10/usr/src/cmd/compat/dosig.c
v10/usr/src/cmd/compat/memsiz.s
v10/usr/src/cmd/compat/mkfile
v10/usr/src/cmd/compat/rt11.h
v10/usr/src/cmd/compat/runcompat.c
v10/usr/src/cmd/compat/unix6sys.h
v10/usr/src/cmd/compat/unix6sysn.h
v10/usr/src/cmd/compat/unix7sys.h
v10/usr/src/cmd/compat/unix7sysn.h
v10/usr/src/cmd/compat/unixemts.c
v10/usr/src/cmd/compat/unixhdr.h
v10/usr/src/cmd/compat/unixstart.c
v10/usr/src/cmd/compat/unixtraps.c
v10/usr/src/cmd/compat/v6run.1
