v10/usr/src/cmd/compress/Makefile
v10/usr/src/cmd/compress/README
v10/usr/src/cmd/compress/README3.0
v10/usr/src/cmd/compress/atob.c
v10/usr/src/cmd/compress/btoa.1
v10/usr/src/cmd/compress/btoa.c
v10/usr/src/cmd/compress/compress.1
v10/usr/src/cmd/compress/compress.c
v10/usr/src/cmd/compress/compressdir
v10/usr/src/cmd/compress/compressdir.1
v10/usr/src/cmd/compress/mkfile
v10/usr/src/cmd/compress/tarmail
v10/usr/src/cmd/compress/uncompressdir
v10/usr/src/cmd/compress/untarmail
v10/usr/src/cmd/compress/usermem
v10/usr/src/cmd/compress/zcmp
v10/usr/src/cmd/compress/zcmp.1
v10/usr/src/cmd/compress/zdiff
v10/usr/src/cmd/compress/zmore
v10/usr/src/cmd/compress/zmore.1
v10/usr/src/cmd/config/README
v10/usr/src/cmd/config/config.5
v10/usr/src/cmd/config/config.8
v10/usr/src/cmd/config/config.h
v10/usr/src/cmd/config/config.l
v10/usr/src/cmd/config/config.y
v10/usr/src/cmd/config/main.c
v10/usr/src/cmd/config/makefile
v10/usr/src/cmd/config/mkconf.c
v10/usr/src/cmd/config/mkconf.c.sv
v10/usr/src/cmd/config/mkfile
v10/usr/src/cmd/config/mkheaders.c
v10/usr/src/cmd/config/mkioconf.c
v10/usr/src/cmd/config/mkmakefile.c
v10/usr/src/cmd/config/mkubglue.c
v10/usr/src/cmd/cp/Makefile
v10/usr/src/cmd/cp/cp.c
v10/usr/src/cmd/cp/mkfile
v10/usr/src/cmd/cpp/:rofix
v10/usr/src/cmd/cpp/:yyfix
v10/usr/src/cmd/cpp/README
v10/usr/src/cmd/cpp/cpp.c
v10/usr/src/cmd/cpp/cpy.y
v10/usr/src/cmd/cpp/mkfile
v10/usr/src/cmd/cpp/yylex.c
v10/usr/src/cmd/cref/acts.c
v10/usr/src/cmd/cref/asym
v10/usr/src/cmd/cref/atable
v10/usr/src/cmd/cref/ccmn.c
v10/usr/src/cmd/cref/crpost.c
v10/usr/src/cmd/cref/csym
v10/usr/src/cmd/cref/ctable
v10/usr/src/cmd/cref/dr.c
v10/usr/src/cmd/cref/ecmn.h
v10/usr/src/cmd/cref/econs.h
v10/usr/src/cmd/cref/esym
v10/usr/src/cmd/cref/etable
v10/usr/src/cmd/cref/ind0.c
v10/usr/src/cmd/cref/ind1.c
v10/usr/src/cmd/cref/ind2.c
v10/usr/src/cmd/cref/make.c
v10/usr/src/cmd/cref/mcons.c
v10/usr/src/cmd/cref/mtab.c
v10/usr/src/cmd/cref/put.c
v10/usr/src/cmd/cref/upost.c
v10/usr/src/cmd/ct/ct.c
v10/usr/src/cmd/ct/mkfile
v10/usr/src/cmd/cyntax/Makefile
v10/usr/src/cmd/cyntax/README
v10/usr/src/cmd/cyntax/mkfile
v10/usr/src/cmd/cyntax/cem/Doug
v10/usr/src/cmd/cyntax/cem/Makefile
v10/usr/src/cmd/cyntax/cem/bad.c
v10/usr/src/cmd/cyntax/cem/bug.c
v10/usr/src/cmd/cyntax/cem/cem.h
v10/usr/src/cmd/cyntax/cem/cyntax.c
v10/usr/src/cmd/cyntax/cem/diag.c
v10/usr/src/cmd/cyntax/cem/equiv.c
v10/usr/src/cmd/cyntax/cem/fix.c
v10/usr/src/cmd/cyntax/cem/lint.1
v10/usr/src/cmd/cyntax/cem/main.c
v10/usr/src/cmd/cyntax/cem/misc.c
v10/usr/src/cmd/cyntax/cem/mkfile
v10/usr/src/cmd/cyntax/cem/nobug.c
v10/usr/src/cmd/cyntax/cem/read.c
v10/usr/src/cmd/cyntax/cem/stdobj.h
v10/usr/src/cmd/cyntax/cem/string.c
v10/usr/src/cmd/cyntax/cem/symbol.c
v10/usr/src/cmd/cyntax/cem/symbol.h
v10/usr/src/cmd/cyntax/cem/table.c
v10/usr/src/cmd/cyntax/cem/time.c
v10/usr/src/cmd/cyntax/cem/type.c
v10/usr/src/cmd/cyntax/cem/type.h
v10/usr/src/cmd/cyntax/cem/types.h
v10/usr/src/cmd/cyntax/cem/var.c
v10/usr/src/cmd/cyntax/cem/var.h
v10/usr/src/cmd/cyntax/cem/zot.c
