v10/usr/src/cmd/cyntax/cyn/BUGS
v10/usr/src/cmd/cyntax/cyn/Makefile
v10/usr/src/cmd/cyntax/cyn/bits.c
v10/usr/src/cmd/cyntax/cyn/cnodes.h
v10/usr/src/cmd/cyntax/cyn/code_gen.c
v10/usr/src/cmd/cyntax/cyn/constant.c
v10/usr/src/cmd/cyntax/cyn/decl.c
v10/usr/src/cmd/cyntax/cyn/decl_item.c
v10/usr/src/cmd/cyntax/cyn/decl_shared.c
v10/usr/src/cmd/cyntax/cyn/defs.h
v10/usr/src/cmd/cyntax/cyn/expr.c
v10/usr/src/cmd/cyntax/cyn/f_equiv.c
v10/usr/src/cmd/cyntax/cyn/f_expr.c
v10/usr/src/cmd/cyntax/cyn/f_id.c
v10/usr/src/cmd/cyntax/cyn/f_life.c
v10/usr/src/cmd/cyntax/cyn/f_main.c
v10/usr/src/cmd/cyntax/cyn/f_sub.c
v10/usr/src/cmd/cyntax/cyn/f_trace.c
v10/usr/src/cmd/cyntax/cyn/factor.c
v10/usr/src/cmd/cyntax/cyn/find_ident.c
v10/usr/src/cmd/cyntax/cyn/find_str.c
v10/usr/src/cmd/cyntax/cyn/find_type.c
v10/usr/src/cmd/cyntax/cyn/flow.h
v10/usr/src/cmd/cyntax/cyn/func.h
v10/usr/src/cmd/cyntax/cyn/function.c
v10/usr/src/cmd/cyntax/cyn/init.c
v10/usr/src/cmd/cyntax/cyn/initi.c
v10/usr/src/cmd/cyntax/cyn/io.c
v10/usr/src/cmd/cyntax/cyn/io.h
v10/usr/src/cmd/cyntax/cyn/jump.c
v10/usr/src/cmd/cyntax/cyn/lex.c
v10/usr/src/cmd/cyntax/cyn/macdep.c
v10/usr/src/cmd/cyntax/cyn/macdep.h
v10/usr/src/cmd/cyntax/cyn/main.c
v10/usr/src/cmd/cyntax/cyn/massage.c
v10/usr/src/cmd/cyntax/cyn/memory.c
v10/usr/src/cmd/cyntax/cyn/mkfile
v10/usr/src/cmd/cyntax/cyn/objects.h
v10/usr/src/cmd/cyntax/cyn/options.h
v10/usr/src/cmd/cyntax/cyn/parse.c
v10/usr/src/cmd/cyntax/cyn/parse.h
v10/usr/src/cmd/cyntax/cyn/readonly.c
v10/usr/src/cmd/cyntax/cyn/sort.c
v10/usr/src/cmd/cyntax/cyn/sort.h
v10/usr/src/cmd/cyntax/cyn/stats.c
v10/usr/src/cmd/cyntax/cyn/stdobj.h
v10/usr/src/cmd/cyntax/cyn/suopt.c
v10/usr/src/cmd/cyntax/cyn/sutab.c
v10/usr/src/cmd/cyntax/cyn/tables.c
v10/usr/src/cmd/cyntax/cyn/tokens.h
v10/usr/src/cmd/cyntax/cyn/types.h
v10/usr/src/cmd/cyntax/cyn/void.h
v10/usr/src/cmd/cyntax/cyn/xnodes.c
v10/usr/src/cmd/cyntax/cyn/xtypes.h
v10/usr/src/cmd/cyntax/lib/Makefile
v10/usr/src/cmd/cyntax/lib/llib-lc
v10/usr/src/cmd/cyntax/lib/llib-lg
v10/usr/src/cmd/cyntax/lib/llib-lipc
v10/usr/src/cmd/cyntax/lib/llib-lj
v10/usr/src/cmd/cyntax/lib/llib-lk
v10/usr/src/cmd/cyntax/lib/llib-lq
v10/usr/src/cmd/cyntax/lib/llibc-lc
v10/usr/src/cmd/cyntax/lib/mkfile
v10/usr/src/cmd/cyntax/lib/varc
v10/usr/src/cmd/cyntax/lib/varipc
v10/usr/src/cmd/cyntax/lib/varq
v10/usr/src/cmd/cyntax/lib/x
v10/usr/src/cmd/cyntax/sets/Makefile
v10/usr/src/cmd/cyntax/sets/local-system
v10/usr/src/cmd/cyntax/sets/mkfile
v10/usr/src/cmd/cyntax/sets/sets.c
v10/usr/src/cmd/cyntax/sets/sets.h
v10/usr/src/cmd/cyntax/sets/sets.lex.c
v10/usr/src/cmd/cyntax/sets/sets.lex.l
