v10/usr/src/cmd/daemon/banner.c
v10/usr/src/cmd/daemon/daemon.c
v10/usr/src/cmd/daemon/daemon0.c
v10/usr/src/cmd/daemon/fgdemon.c
v10/usr/src/cmd/daemon/lab.c
v10/usr/src/cmd/daemon/lp0.c
v10/usr/src/cmd/daemon/lp1.c
v10/usr/src/cmd/daemon/lpd.h
v10/usr/src/cmd/daemon/m.1
v10/usr/src/cmd/daemon/m.2
v10/usr/src/cmd/daemon/makefile
v10/usr/src/cmd/daemon/mkfile
v10/usr/src/cmd/daemon/olpd.h
v10/usr/src/cmd/daemon/orig.lpd.c
v10/usr/src/cmd/daemon/orig.makefile
v10/usr/src/cmd/daemon/phone.dpd.c
v10/usr/src/cmd/daemon/phone.fgd.c
v10/usr/src/cmd/daemon/spider.dpd.c
v10/usr/src/cmd/daemon/spider.fgd.c
v10/usr/src/cmd/dag/README
v10/usr/src/cmd/dag/TrieFA.h
v10/usr/src/cmd/dag/TrieFA.ins.c
v10/usr/src/cmd/dag/cfdag.awk
v10/usr/src/cmd/dag/dag.1
v10/usr/src/cmd/dag/dag.c
v10/usr/src/cmd/dag/dag.doc
v10/usr/src/cmd/dag/dag.h
v10/usr/src/cmd/dag/dag_edge.c
v10/usr/src/cmd/dag/dag_levels.c
v10/usr/src/cmd/dag/dag_misc.c
v10/usr/src/cmd/dag/dag_pos.c
v10/usr/src/cmd/dag/dag_ranks.c
v10/usr/src/cmd/dag/dag_simplex.c
v10/usr/src/cmd/dag/dag_spline.c
v10/usr/src/cmd/dag/dag_start.c
v10/usr/src/cmd/dag/dag_stem.c
v10/usr/src/cmd/dag/daglib.pic
v10/usr/src/cmd/dag/daglib.ps
v10/usr/src/cmd/dag/dagpsjobs
v10/usr/src/cmd/dag/defaults.h
v10/usr/src/cmd/dag/draw_dag.c
v10/usr/src/cmd/dag/draw_dag.h
v10/usr/src/cmd/dag/edge_t.c
v10/usr/src/cmd/dag/emit_gd.c
v10/usr/src/cmd/dag/emit_pic.c
v10/usr/src/cmd/dag/emit_ps.c
v10/usr/src/cmd/dag/gprof2dag.awk
v10/usr/src/cmd/dag/kpvmalloc.c
v10/usr/src/cmd/dag/makefile
v10/usr/src/cmd/dag/mkfile
v10/usr/src/cmd/dag/node_t.c
v10/usr/src/cmd/dag/parsedag.c
v10/usr/src/cmd/dag/parsedag.h
v10/usr/src/cmd/dag/parsedag.y
v10/usr/src/cmd/dag/paths.h
v10/usr/src/cmd/dag/trie.c
v10/usr/src/cmd/dag/trie_input
v10/usr/src/cmd/dag/util.c
