v10/usr/src/cmd/dimpress/RASTi300
v10/usr/src/cmd/dimpress/README
v10/usr/src/cmd/dimpress/bimp.c
v10/usr/src/cmd/dimpress/buildrast.c
v10/usr/src/cmd/dimpress/buildrast.h
v10/usr/src/cmd/dimpress/dev.h
v10/usr/src/cmd/dimpress/dimpress.1
v10/usr/src/cmd/dimpress/dimpress.c
v10/usr/src/cmd/dimpress/dimpress.h
v10/usr/src/cmd/dimpress/draw.c
v10/usr/src/cmd/dimpress/editrast.c
v10/usr/src/cmd/dimpress/editrast.h
v10/usr/src/cmd/dimpress/ext.h
v10/usr/src/cmd/dimpress/gen.h
v10/usr/src/cmd/dimpress/glob.c
v10/usr/src/cmd/dimpress/glyph.h
v10/usr/src/cmd/dimpress/imPRESS.h
v10/usr/src/cmd/dimpress/impcodes.h
v10/usr/src/cmd/dimpress/impdraw.c
v10/usr/src/cmd/dimpress/init.h
v10/usr/src/cmd/dimpress/main.c
v10/usr/src/cmd/dimpress/makedev.c
v10/usr/src/cmd/dimpress/makefile
v10/usr/src/cmd/dimpress/makemap.c
v10/usr/src/cmd/dimpress/misc.c
v10/usr/src/cmd/dimpress/mkfile
v10/usr/src/cmd/dimpress/odimpress.c
v10/usr/src/cmd/dimpress/oldrast.c
v10/usr/src/cmd/dimpress/orast.c
v10/usr/src/cmd/dimpress/printrast.c
v10/usr/src/cmd/dimpress/rast.c
v10/usr/src/cmd/dimpress/rast.c.bak
v10/usr/src/cmd/dimpress/rast.h
v10/usr/src/cmd/dimpress/readrast.c
