v10/usr/src/cmd/dag/examples/abstract.dag
v10/usr/src/cmd/dag/examples/asde.dag
v10/usr/src/cmd/dag/examples/colorprof.dag
v10/usr/src/cmd/dag/examples/cpp.dag
v10/usr/src/cmd/dag/examples/dag.dag
v10/usr/src/cmd/dag/examples/dgb.dag
v10/usr/src/cmd/dag/examples/fig1.dag
v10/usr/src/cmd/dag/examples/fig2.dag
v10/usr/src/cmd/dag/examples/fig3.dag
v10/usr/src/cmd/dag/examples/fig4.dag
v10/usr/src/cmd/dag/examples/fig5.dag
v10/usr/src/cmd/dag/examples/fig6.dag
v10/usr/src/cmd/dag/examples/grabcg.dag
v10/usr/src/cmd/dag/examples/infoview.dag
v10/usr/src/cmd/dag/examples/mike.dag
v10/usr/src/cmd/dag/examples/nemos.dag
v10/usr/src/cmd/dag/examples/shadedbox.dag
v10/usr/src/cmd/dag/examples/trickey3.dag
v10/usr/src/cmd/dag/examples/vt2.dag
v10/usr/src/cmd/dag/examples/world.dag
v10/usr/src/cmd/dc/dc.c
v10/usr/src/cmd/dc/dc.h
v10/usr/src/cmd/dc/makefile
v10/usr/src/cmd/dc/mkfile
v10/usr/src/cmd/dc/osdc.c
v10/usr/src/cmd/dc/sdc.c
v10/usr/src/cmd/descrypt/CIPHERTEST
v10/usr/src/cmd/descrypt/Makefile
v10/usr/src/cmd/descrypt/README
v10/usr/src/cmd/descrypt/SP.c
v10/usr/src/cmd/descrypt/alpha.c
v10/usr/src/cmd/descrypt/crunch.c
v10/usr/src/cmd/descrypt/crypt.h
v10/usr/src/cmd/descrypt/decrypt.c
v10/usr/src/cmd/descrypt/des.c
v10/usr/src/cmd/descrypt/encrypt.c
v10/usr/src/cmd/descrypt/genSP.c
v10/usr/src/cmd/descrypt/getpass.USG
v10/usr/src/cmd/descrypt/getpass.c
v10/usr/src/cmd/descrypt/io.c
v10/usr/src/cmd/descrypt/keysetup.c
v10/usr/src/cmd/descrypt/mkfile
v10/usr/src/cmd/descrypt/newcrypt.1
v10/usr/src/cmd/descrypt/permute.c
v10/usr/src/cmd/descrypt/randblock.c
v10/usr/src/cmd/descrypt/setup.c
v10/usr/src/cmd/dict/Makefile
v10/usr/src/cmd/dict/colthlook.c
v10/usr/src/cmd/dict/colthread.c
v10/usr/src/cmd/dict/dict.sh
v10/usr/src/cmd/dict/ldefine.c
v10/usr/src/cmd/dict/mkfile
v10/usr/src/cmd/dict/namelook.c
v10/usr/src/cmd/dict/namelook1.c
v10/usr/src/cmd/dict/nameread.c
v10/usr/src/cmd/dict/odefine.c
v10/usr/src/cmd/dict/oedread.l
v10/usr/src/cmd/dict/slanglook.c
v10/usr/src/cmd/dict/wdefine.c
v10/usr/src/cmd/diction/Makefile
v10/usr/src/cmd/diction/dict.d
v10/usr/src/cmd/diction/diction.c
v10/usr/src/cmd/diction/diction.sh
v10/usr/src/cmd/diction/macs.tr
v10/usr/src/cmd/diction/mkfile
v10/usr/src/cmd/diction/rewrite.l
v10/usr/src/cmd/diction/rewrite.sh
v10/usr/src/cmd/diction/suggest.d
v10/usr/src/cmd/diction/suggest.sh
v10/usr/src/cmd/diff/DONE
v10/usr/src/cmd/diff/dead.letter
v10/usr/src/cmd/diff/diff.c
v10/usr/src/cmd/diff/diff.h
v10/usr/src/cmd/diff/diffdir.c
v10/usr/src/cmd/diff/diffh.c
v10/usr/src/cmd/diff/diffreg.c
v10/usr/src/cmd/diff/mkfile
v10/usr/src/cmd/diff3/Makefile
v10/usr/src/cmd/diff3/diff3.c
v10/usr/src/cmd/diff3/diff3.sh
v10/usr/src/cmd/diff3/mkfile
v10/usr/src/cmd/dired/dired.c
v10/usr/src/cmd/dired/dired.help
v10/usr/src/cmd/dired/makefile
v10/usr/src/cmd/dired/mkfile
v10/usr/src/cmd/dist/README
v10/usr/src/cmd/dist/TODO
v10/usr/src/cmd/dist/mkconf
v10/usr/src/cmd/dist/mkfile
v10/usr/src/cmd/dist/cmd/cleanq.c
v10/usr/src/cmd/dist/cmd/dist.sh
v10/usr/src/cmd/dist/cmd/genmail.sh
v10/usr/src/cmd/dist/cmd/insdist.sh
v10/usr/src/cmd/dist/cmd/mkdist.sh
v10/usr/src/cmd/dist/cmd/mkfile
v10/usr/src/cmd/dist/cmd/notice.c
v10/usr/src/cmd/dist/cmd/notify.c
v10/usr/src/cmd/dist/cmd/proto.h
v10/usr/src/cmd/dist/cmd/qargs.c
v10/usr/src/cmd/dist/cmd/receive.c
v10/usr/src/cmd/dist/cmd/sedsubst.sh
v10/usr/src/cmd/dist/cmd/showq.c
v10/usr/src/cmd/dist/cmd/tarc.c
v10/usr/src/cmd/dist/cmd/tarf.c
v10/usr/src/cmd/dist/cmd/tarx.c
v10/usr/src/cmd/dist/cmd/transmit.c
v10/usr/src/cmd/dist/cmd/uargs.c
v10/usr/src/cmd/dist/conf/mkconf.sgi
v10/usr/src/cmd/dist/conf/mkconf.v10
v10/usr/src/cmd/dist/conf/mkrules.sgi
v10/usr/src/cmd/dist/conf/mkrules.v10
v10/usr/src/cmd/dist/lib/chat.c
v10/usr/src/cmd/dist/lib/chkperm.c
v10/usr/src/cmd/dist/lib/crc.c
v10/usr/src/cmd/dist/lib/ftwlk.c
v10/usr/src/cmd/dist/lib/ftwlk.h
v10/usr/src/cmd/dist/lib/id.c
v10/usr/src/cmd/dist/lib/lib.h
v10/usr/src/cmd/dist/lib/mkfile
v10/usr/src/cmd/dist/lib/print.c
v10/usr/src/cmd/dist/lib/quote.c
v10/usr/src/cmd/dist/lib/scanq.c
v10/usr/src/cmd/dist/lib/sub.c
v10/usr/src/cmd/dist/lib/tarhdr.c
v10/usr/src/cmd/dist/lib/tryperm.c
v10/usr/src/cmd/dist/lib/util.c
v10/usr/src/cmd/dist/man/dist.1
v10/usr/src/cmd/dist/man/mkdist.1
v10/usr/src/cmd/dist/sgi/canonsys.c
v10/usr/src/cmd/dist/sgi/cansys.c
v10/usr/src/cmd/dist/sgi/connect.c
v10/usr/src/cmd/dist/sgi/dispatch.c
v10/usr/src/cmd/dist/sgi/lcreat.c
v10/usr/src/cmd/dist/sgi/libv.h
v10/usr/src/cmd/dist/sgi/memmove.c
v10/usr/src/cmd/dist/sgi/mkfile
v10/usr/src/cmd/dist/talk/outline
v10/usr/src/cmd/dist/talk/slide1
v10/usr/src/cmd/dist/talk/slide2
v10/usr/src/cmd/dist/talk/slide3
v10/usr/src/cmd/dist/talk/slide4
v10/usr/src/cmd/dist/talk/slide5
v10/usr/src/cmd/dist/talk/slide6
v10/usr/src/cmd/dist/talk/slide7
v10/usr/src/cmd/dist/talk/tmac
v10/usr/src/cmd/dist/v10/canonsys.c
v10/usr/src/cmd/dist/v10/cansys.c
v10/usr/src/cmd/dist/v10/connect.c
v10/usr/src/cmd/dist/v10/dispatch.c
v10/usr/src/cmd/dist/v10/hostname.sh
v10/usr/src/cmd/dist/v10/lcreat.c
v10/usr/src/cmd/dist/v10/mkfile
v10/usr/src/cmd/dist/v10/rename.c
v10/usr/src/cmd/dist/v10/lcc-incl/dirent.h
v10/usr/src/cmd/dist/v10/lcc-incl/libv.h
v10/usr/src/cmd/dist/v10/lcc-incl/unistd.h
v10/usr/src/cmd/dist/v10/lcc-incl/utime.h
