v10/usr/src/cmd/docgen/Makefile
v10/usr/src/cmd/docgen/docgen.c
v10/usr/src/cmd/docgen/getstamp.c
v10/usr/src/cmd/docgen/header.h
v10/usr/src/cmd/docgen/mcsdata
v10/usr/src/cmd/docgen/mkfile
v10/usr/src/cmd/docgen/name.sed
v10/usr/src/cmd/docgen/otrans.l
v10/usr/src/cmd/docgen/sendcover.sh
v10/usr/src/cmd/docgen/timestamp.c
v10/usr/src/cmd/docgen/trans.l
v10/usr/src/cmd/docsubmit/docsubmit.sh
v10/usr/src/cmd/docsubmit/odocsubmit
v10/usr/src/cmd/docsubmit/otroff.awk
v10/usr/src/cmd/docsubmit/tex.awk
v10/usr/src/cmd/docsubmit/troff.awk
v10/usr/src/cmd/dump/Makefile
v10/usr/src/cmd/dump/dump.h
v10/usr/src/cmd/dump/dumpitime.c
v10/usr/src/cmd/dump/dumpmain.c
v10/usr/src/cmd/dump/dumpoptr.c
v10/usr/src/cmd/dump/dumptape.c
v10/usr/src/cmd/dump/dumptraverse.c
v10/usr/src/cmd/dump/mkfile
v10/usr/src/cmd/dump/unctime.c
v10/usr/src/cmd/ed/ansi.h
v10/usr/src/cmd/ed/ed.c
v10/usr/src/cmd/ed/mkfile
v10/usr/src/cmd/ed/posix.h
v10/usr/src/cmd/efl/addr.c
v10/usr/src/cmd/efl/alloc.c
v10/usr/src/cmd/efl/blklab.c
v10/usr/src/cmd/efl/dcl.c
v10/usr/src/cmd/efl/dclgen.c
v10/usr/src/cmd/efl/defs
v10/usr/src/cmd/efl/error.c
v10/usr/src/cmd/efl/exec.c
v10/usr/src/cmd/efl/field.c
v10/usr/src/cmd/efl/fixuplex
v10/usr/src/cmd/efl/free.c
v10/usr/src/cmd/efl/gram.dcl
v10/usr/src/cmd/efl/gram.exec
v10/usr/src/cmd/efl/gram.expr
v10/usr/src/cmd/efl/gram.head
v10/usr/src/cmd/efl/icfile.c
v10/usr/src/cmd/efl/init.c
v10/usr/src/cmd/efl/io.c
v10/usr/src/cmd/efl/lex.l
v10/usr/src/cmd/efl/main.c
v10/usr/src/cmd/efl/misc.c
v10/usr/src/cmd/efl/mk.c
v10/usr/src/cmd/efl/mkfile
v10/usr/src/cmd/efl/namgen.c
v10/usr/src/cmd/efl/pass2.c
v10/usr/src/cmd/efl/print.c
v10/usr/src/cmd/efl/simple.c
v10/usr/src/cmd/efl/struct.c
v10/usr/src/cmd/efl/symtab.c
v10/usr/src/cmd/efl/tailor.c
v10/usr/src/cmd/efl/temp.c
v10/usr/src/cmd/efl/tokens
v10/usr/src/cmd/efl/efixsrc/cpt.c
v10/usr/src/cmd/efl/efixsrc/efix.h
v10/usr/src/cmd/efl/efixsrc/main.c
v10/usr/src/cmd/efl/efixsrc/mkfile
v10/usr/src/cmd/efl/efixsrc/process.c
v10/usr/src/cmd/egrep/anal.c
v10/usr/src/cmd/egrep/bm.c
v10/usr/src/cmd/egrep/dist
v10/usr/src/cmd/egrep/egrep.c
v10/usr/src/cmd/egrep/egrep.dist
v10/usr/src/cmd/egrep/gram.y
v10/usr/src/cmd/egrep/gre.1
v10/usr/src/cmd/egrep/hdr.h
v10/usr/src/cmd/egrep/main.c
v10/usr/src/cmd/egrep/mkfile
v10/usr/src/cmd/egrep/y.tab.h
