v10/usr/src/cmd/ex/OLDex.h
v10/usr/src/cmd/ex/OLDex_temp.c
v10/usr/src/cmd/ex/READ_ME
v10/usr/src/cmd/ex/asfix.c70
v10/usr/src/cmd/ex/bcopy.c
v10/usr/src/cmd/ex/ex.3b
v10/usr/src/cmd/ex/ex.c
v10/usr/src/cmd/ex/ex.h
v10/usr/src/cmd/ex/ex.news
v10/usr/src/cmd/ex/ex_addr.c
v10/usr/src/cmd/ex/ex_argv.h
v10/usr/src/cmd/ex/ex_cmds.c
v10/usr/src/cmd/ex/ex_cmds2.c
v10/usr/src/cmd/ex/ex_cmdsub.c
v10/usr/src/cmd/ex/ex_data.c
v10/usr/src/cmd/ex/ex_extern.c
v10/usr/src/cmd/ex/ex_get.c
v10/usr/src/cmd/ex/ex_io.c
v10/usr/src/cmd/ex/ex_put.c
v10/usr/src/cmd/ex/ex_re.c
v10/usr/src/cmd/ex/ex_re.h
v10/usr/src/cmd/ex/ex_set.c
v10/usr/src/cmd/ex/ex_subr.c
v10/usr/src/cmd/ex/ex_temp.c
v10/usr/src/cmd/ex/ex_temp.h
v10/usr/src/cmd/ex/ex_tty.c
v10/usr/src/cmd/ex/ex_tty.h
v10/usr/src/cmd/ex/ex_tune.h
v10/usr/src/cmd/ex/ex_unix.c
v10/usr/src/cmd/ex/ex_v.c
v10/usr/src/cmd/ex/ex_vadj.c
v10/usr/src/cmd/ex/ex_vars.h
v10/usr/src/cmd/ex/ex_vget.c
v10/usr/src/cmd/ex/ex_vis.h
v10/usr/src/cmd/ex/ex_vmain.c
v10/usr/src/cmd/ex/ex_voper.c
v10/usr/src/cmd/ex/ex_vops.c
