v10/usr/src/cmd/ex/ex_vops2.c
v10/usr/src/cmd/ex/ex_vops3.c
v10/usr/src/cmd/ex/ex_vput.c
v10/usr/src/cmd/ex/ex_vwind.c
v10/usr/src/cmd/ex/expreserve.c
v10/usr/src/cmd/ex/exrecover.c
v10/usr/src/cmd/ex/m.1
v10/usr/src/cmd/ex/m.2
v10/usr/src/cmd/ex/makeSCCS
v10/usr/src/cmd/ex/makefile
v10/usr/src/cmd/ex/makefile.370
v10/usr/src/cmd/ex/makefile.4bsd
v10/usr/src/cmd/ex/makefile.70
v10/usr/src/cmd/ex/makefile.c70
v10/usr/src/cmd/ex/makefile.u3
v10/usr/src/cmd/ex/makefile.u4
v10/usr/src/cmd/ex/makeoptions
v10/usr/src/cmd/ex/mkfile
v10/usr/src/cmd/ex/ovdoprnt.s
v10/usr/src/cmd/ex/ovprintf.c
v10/usr/src/cmd/ex/printf.c
v10/usr/src/cmd/ex/rofix
v10/usr/src/cmd/ex/tags
v10/usr/src/cmd/ex/tgoto.c
