v10/usr/src/cmd/f2c/F77a.st
v10/usr/src/cmd/f2c/I77a.st
v10/usr/src/cmd/f2c/I77test.st
v10/usr/src/cmd/f2c/Netlib.f2c
v10/usr/src/cmd/f2c/Notice
v10/usr/src/cmd/f2c/README.f2c
v10/usr/src/cmd/f2c/README.msdos
v10/usr/src/cmd/f2c/arkld
v10/usr/src/cmd/f2c/cds.c
v10/usr/src/cmd/f2c/data.c
v10/usr/src/cmd/f2c/defines.h
v10/usr/src/cmd/f2c/defs.h
v10/usr/src/cmd/f2c/dependencies
v10/usr/src/cmd/f2c/equiv.c
v10/usr/src/cmd/f2c/error.c
v10/usr/src/cmd/f2c/exec.c
v10/usr/src/cmd/f2c/expr.c
v10/usr/src/cmd/f2c/f2c.1
v10/usr/src/cmd/f2c/f2c.10
v10/usr/src/cmd/f2c/f2c.1b
v10/usr/src/cmd/f2c/f2c.1t
v10/usr/src/cmd/f2c/f2c.2
v10/usr/src/cmd/f2c/f2c.blurb
v10/usr/src/cmd/f2c/f2c.h
v10/usr/src/cmd/f2c/f2c.h0
v10/usr/src/cmd/f2c/f2c.news
v10/usr/src/cmd/f2c/f77.pyxis
v10/usr/src/cmd/f2c/f77.pyxis0
v10/usr/src/cmd/f2c/fc
