v10/usr/src/cmd/f2c/fixes
v10/usr/src/cmd/f2c/fixlog
v10/usr/src/cmd/f2c/fixmsg
v10/usr/src/cmd/f2c/foo
v10/usr/src/cmd/f2c/format.c
v10/usr/src/cmd/f2c/format.h
v10/usr/src/cmd/f2c/formatdata.c
v10/usr/src/cmd/f2c/ftypes.h
v10/usr/src/cmd/f2c/gram.c
v10/usr/src/cmd/f2c/gram.dcl
v10/usr/src/cmd/f2c/gram.exec
v10/usr/src/cmd/f2c/gram.expr
v10/usr/src/cmd/f2c/gram.head
v10/usr/src/cmd/f2c/gram.io
v10/usr/src/cmd/f2c/honorp
v10/usr/src/cmd/f2c/index
v10/usr/src/cmd/f2c/init.c
v10/usr/src/cmd/f2c/intr.c
v10/usr/src/cmd/f2c/io.c
v10/usr/src/cmd/f2c/iob.h
v10/usr/src/cmd/f2c/lex.c
