v10/usr/src/cmd/f2c/libF77.st
v10/usr/src/cmd/f2c/libF77.st0
v10/usr/src/cmd/f2c/libI77.st
v10/usr/src/cmd/f2c/libI77.st0
v10/usr/src/cmd/f2c/lt
v10/usr/src/cmd/f2c/machdefs.h
v10/usr/src/cmd/f2c/main.c
v10/usr/src/cmd/f2c/makefile
v10/usr/src/cmd/f2c/makefile.libF
v10/usr/src/cmd/f2c/makefile.libI
v10/usr/src/cmd/f2c/malloc.c
v10/usr/src/cmd/f2c/mallocdbug.c
v10/usr/src/cmd/f2c/malloczap.c
v10/usr/src/cmd/f2c/mbox
v10/usr/src/cmd/f2c/mem.c
v10/usr/src/cmd/f2c/memo
v10/usr/src/cmd/f2c/memset.c
v10/usr/src/cmd/f2c/misc.c
v10/usr/src/cmd/f2c/mkfile
v10/usr/src/cmd/f2c/mkfile.cyntax
v10/usr/src/cmd/f2c/mwm.changes
