v10/usr/src/cmd/f2c/names.c
v10/usr/src/cmd/f2c/names.h
v10/usr/src/cmd/f2c/nanzap.C
v10/usr/src/cmd/f2c/niceprintf.c
v10/usr/src/cmd/f2c/niceprintf.h
v10/usr/src/cmd/f2c/output.c
v10/usr/src/cmd/f2c/output.h
v10/usr/src/cmd/f2c/p1defs.h
v10/usr/src/cmd/f2c/p1output.c
v10/usr/src/cmd/f2c/parse.h
v10/usr/src/cmd/f2c/parse_args.c
v10/usr/src/cmd/f2c/pccdefs.h
v10/usr/src/cmd/f2c/pread.c
v10/usr/src/cmd/f2c/proc.c
v10/usr/src/cmd/f2c/put.c
v10/usr/src/cmd/f2c/putpcc.c
v10/usr/src/cmd/f2c/readme
v10/usr/src/cmd/f2c/release
v10/usr/src/cmd/f2c/rex.query
v10/usr/src/cmd/f2c/safstrncpy.c
v10/usr/src/cmd/f2c/src.index
v10/usr/src/cmd/f2c/sysdep.c
v10/usr/src/cmd/f2c/sysdep.h
v10/usr/src/cmd/f2c/tokdefs.h
v10/usr/src/cmd/f2c/tokens
v10/usr/src/cmd/f2c/usignal.h
v10/usr/src/cmd/f2c/vax.c
v10/usr/src/cmd/f2c/version.c
v10/usr/src/cmd/f2c/wishlist
v10/usr/src/cmd/f2c/xsum.c
v10/usr/src/cmd/f2c/xsum.out
v10/usr/src/cmd/f2c/xsum0.c
v10/usr/src/cmd/f2c/xsum0.out
v10/usr/src/cmd/f2c/zap
