v10/usr/src/cmd/eqn/README
v10/usr/src/cmd/eqn/diacrit.c
v10/usr/src/cmd/eqn/e.def
v10/usr/src/cmd/eqn/e.h
v10/usr/src/cmd/eqn/eqn.y
v10/usr/src/cmd/eqn/eqnbox.c
v10/usr/src/cmd/eqn/font.c
v10/usr/src/cmd/eqn/fromto.c
v10/usr/src/cmd/eqn/funny.c
v10/usr/src/cmd/eqn/glob.c
v10/usr/src/cmd/eqn/input.c
v10/usr/src/cmd/eqn/integral.c
v10/usr/src/cmd/eqn/lex.c
v10/usr/src/cmd/eqn/lookup.c
v10/usr/src/cmd/eqn/main.c
v10/usr/src/cmd/eqn/makefile
v10/usr/src/cmd/eqn/mark.c
v10/usr/src/cmd/eqn/matrix.c
v10/usr/src/cmd/eqn/mkfile
v10/usr/src/cmd/eqn/move.c
v10/usr/src/cmd/eqn/over.c
v10/usr/src/cmd/eqn/paren.c
v10/usr/src/cmd/eqn/pile.c
v10/usr/src/cmd/eqn/shift.c
v10/usr/src/cmd/eqn/size.c
v10/usr/src/cmd/eqn/sqrt.c
v10/usr/src/cmd/eqn/text.c
v10/usr/src/cmd/eqn/tuning.c
v10/usr/src/cmd/eqn/eqntest/Compare
v10/usr/src/cmd/eqn/eqntest/ORDER
v10/usr/src/cmd/eqn/eqntest/compare.t
v10/usr/src/cmd/eqn/eqntest/dg
v10/usr/src/cmd/eqn/eqntest/dg.gen
v10/usr/src/cmd/eqn/eqntest/dg0
v10/usr/src/cmd/eqn/eqntest/et.bar
v10/usr/src/cmd/eqn/eqntest/et.bcw
v10/usr/src/cmd/eqn/eqntest/et.brack
v10/usr/src/cmd/eqn/eqntest/et.cauchy
v10/usr/src/cmd/eqn/eqntest/et.compete
v10/usr/src/cmd/eqn/eqntest/et.coot
v10/usr/src/cmd/eqn/eqntest/et.cvw
v10/usr/src/cmd/eqn/eqntest/et.demo
v10/usr/src/cmd/eqn/eqntest/et.dg
v10/usr/src/cmd/eqn/eqntest/et.diac
v10/usr/src/cmd/eqn/eqntest/et.doug
v10/usr/src/cmd/eqn/eqntest/et.eqn
v10/usr/src/cmd/eqn/eqntest/et.fat
v10/usr/src/cmd/eqn/eqntest/et.gap
v10/usr/src/cmd/eqn/eqntest/et.gay
v10/usr/src/cmd/eqn/eqntest/et.gfont
v10/usr/src/cmd/eqn/eqntest/et.greek
v10/usr/src/cmd/eqn/eqntest/et.gsize
v10/usr/src/cmd/eqn/eqntest/et.int
v10/usr/src/cmd/eqn/eqntest/et.k92
v10/usr/src/cmd/eqn/eqntest/et.lax
v10/usr/src/cmd/eqn/eqntest/et.mark
v10/usr/src/cmd/eqn/eqntest/et.matrix
v10/usr/src/cmd/eqn/eqntest/et.mini
v10/usr/src/cmd/eqn/eqntest/et.motion
v10/usr/src/cmd/eqn/eqntest/et.over
v10/usr/src/cmd/eqn/eqntest/et.prime
v10/usr/src/cmd/eqn/eqntest/et.slash
v10/usr/src/cmd/eqn/eqntest/et.sqrt
v10/usr/src/cmd/eqn/eqntest/et.tune
v10/usr/src/cmd/eqn/eqntest/et.under
v10/usr/src/cmd/eqn/eqntest/et.vertbar
v10/usr/src/cmd/equal/=.c
v10/usr/src/cmd/equal/=.c-1
v10/usr/src/cmd/equal/=.c-2
v10/usr/src/cmd/equal/Makefile
v10/usr/src/cmd/equal/mkfile
v10/usr/src/cmd/error/Makefile
v10/usr/src/cmd/error/error.h
v10/usr/src/cmd/error/errorfilter.c
v10/usr/src/cmd/error/errorinput.c
v10/usr/src/cmd/error/errormain.c
v10/usr/src/cmd/error/errorpi.c
v10/usr/src/cmd/error/errorsubr.c
v10/usr/src/cmd/error/errortouch.c
v10/usr/src/cmd/error/mkfile
v10/usr/src/cmd/ether/arpconfig.c
v10/usr/src/cmd/ether/ethernet.h
v10/usr/src/cmd/ether/findslot.c
v10/usr/src/cmd/ether/ipconfig.c
v10/usr/src/cmd/ether/makefile
v10/usr/src/cmd/ether/mkfile
v10/usr/src/cmd/ether/netconfig.c
v10/usr/src/cmd/ether/order.c
v10/usr/src/cmd/ether/order.h
v10/usr/src/cmd/ex/termlib/ioctl.c
v10/usr/src/cmd/ex/termlib/makefile
v10/usr/src/cmd/ex/termlib/mkfile
v10/usr/src/cmd/ex/termlib/tc1.c
v10/usr/src/cmd/ex/termlib/tc2.c
v10/usr/src/cmd/ex/termlib/tc3.c
v10/usr/src/cmd/ex/termlib/termcap.c
v10/usr/src/cmd/ex/termlib/tgoto.c
v10/usr/src/cmd/ex/termlib/tputs.c
v10/usr/src/cmd/expr/Makefile
v10/usr/src/cmd/expr/expr.y
v10/usr/src/cmd/expr/mkfile
v10/usr/src/cmd/expr/regexp.h
