v10/usr/src/cmd/f2c/doc/appA
v10/usr/src/cmd/f2c/doc/appB.x
v10/usr/src/cmd/f2c/doc/body
v10/usr/src/cmd/f2c/doc/body0
v10/usr/src/cmd/f2c/doc/comments
v10/usr/src/cmd/f2c/doc/complete.copy
v10/usr/src/cmd/f2c/doc/cover
v10/usr/src/cmd/f2c/doc/cover0
v10/usr/src/cmd/f2c/doc/dot.c
v10/usr/src/cmd/f2c/doc/dot.f
v10/usr/src/cmd/f2c/doc/f.f
v10/usr/src/cmd/f2c/doc/i.f
v10/usr/src/cmd/f2c/doc/i0.f
v10/usr/src/cmd/f2c/doc/io.f
v10/usr/src/cmd/f2c/doc/main.c
v10/usr/src/cmd/f2c/doc/main.f
v10/usr/src/cmd/f2c/doc/makefile
v10/usr/src/cmd/f2c/doc/man1
v10/usr/src/cmd/f2c/doc/mkfile
v10/usr/src/cmd/f2c/doc/pre.release
v10/usr/src/cmd/f2c/doc/proto
v10/usr/src/cmd/f2c/doc/r.f
v10/usr/src/cmd/f2c/doc/revs
v10/usr/src/cmd/f2c/doc/sif.diff
v10/usr/src/cmd/f2c/doc/sn
v10/usr/src/cmd/f2c/doc/sn0
v10/usr/src/cmd/f2c/doc/sn1
v10/usr/src/cmd/f2c/doc/st
v10/usr/src/cmd/f2c/doc/tmac.sdisp1
v10/usr/src/cmd/f2c/doc/tmcover
v10/usr/src/cmd/f2c/doc/usage
v10/usr/src/cmd/f2c/doc/x
v10/usr/src/cmd/f2c/misc/F2C
v10/usr/src/cmd/f2c/misc/F2cargs.c
v10/usr/src/cmd/f2c/misc/cdstest.c
