v10/usr/src/cmd/f77/README
v10/usr/src/cmd/f77/compiler
v10/usr/src/cmd/f77/data.c
v10/usr/src/cmd/f77/defines
v10/usr/src/cmd/f77/defs
v10/usr/src/cmd/f77/drivedefs
v10/usr/src/cmd/f77/driver.c
v10/usr/src/cmd/f77/equiv.c
v10/usr/src/cmd/f77/error.c
v10/usr/src/cmd/f77/exec.c
v10/usr/src/cmd/f77/expr.c
v10/usr/src/cmd/f77/f77.fixes
v10/usr/src/cmd/f77/fio.h
v10/usr/src/cmd/f77/ftypes
v10/usr/src/cmd/f77/gram.c
v10/usr/src/cmd/f77/gram.dcl
v10/usr/src/cmd/f77/gram.exec
v10/usr/src/cmd/f77/gram.expr
v10/usr/src/cmd/f77/gram.head
v10/usr/src/cmd/f77/gram.io
v10/usr/src/cmd/f77/init.c
v10/usr/src/cmd/f77/intr.c
v10/usr/src/cmd/f77/io.c
v10/usr/src/cmd/f77/lex.c
v10/usr/src/cmd/f77/machdefs
v10/usr/src/cmd/f77/main.c
v10/usr/src/cmd/f77/misc.c
v10/usr/src/cmd/f77/mkfile
v10/usr/src/cmd/f77/pccdefs
v10/usr/src/cmd/f77/proc.c
v10/usr/src/cmd/f77/put.c
v10/usr/src/cmd/f77/putpcc.c
v10/usr/src/cmd/f77/signal.h
v10/usr/src/cmd/f77/tokdefs
v10/usr/src/cmd/f77/tokens
v10/usr/src/cmd/f77/vax.c
v10/usr/src/cmd/f77/vaxdefs
v10/usr/src/cmd/f77/vaxx.c
v10/usr/src/cmd/f77/zap
