v10/usr/src/cmd/f77/alt/Makefile
v10/usr/src/cmd/f77/alt/README
v10/usr/src/cmd/f77/alt/dmrdefs
v10/usr/src/cmd/f77/alt/fltused.s
v10/usr/src/cmd/f77/alt/funcs
v10/usr/src/cmd/f77/alt/m.1
v10/usr/src/cmd/f77/alt/malloc.c
v10/usr/src/cmd/f77/alt/mkfile
v10/usr/src/cmd/f77/alt/pdp11.c
v10/usr/src/cmd/f77/alt/pdp11defs
v10/usr/src/cmd/f77/alt/pdp11x.c
v10/usr/src/cmd/f77/alt/putdmr.c
v10/usr/src/cmd/f77/alt/putscj.c
v10/usr/src/cmd/f77/alt/scjdefs
v10/usr/src/cmd/f77/old/data.c
v10/usr/src/cmd/f77/old/defines
v10/usr/src/cmd/f77/old/defs
v10/usr/src/cmd/f77/old/driver.c
v10/usr/src/cmd/f77/old/error.c
v10/usr/src/cmd/f77/old/exec.c
v10/usr/src/cmd/f77/old/expr.c
v10/usr/src/cmd/f77/old/gram.dcl
v10/usr/src/cmd/f77/old/gram.exec
v10/usr/src/cmd/f77/old/gram.head
v10/usr/src/cmd/f77/old/gram.io
v10/usr/src/cmd/f77/old/intr.c
v10/usr/src/cmd/f77/old/io.c
v10/usr/src/cmd/f77/old/lex.c
v10/usr/src/cmd/f77/old/main.c
v10/usr/src/cmd/f77/old/proc.c
v10/usr/src/cmd/f77/old/put.c
v10/usr/src/cmd/f77/old/putpcc.c
v10/usr/src/cmd/face/README
v10/usr/src/cmd/face/dirent.h
v10/usr/src/cmd/face/error.c
v10/usr/src/cmd/face/faced.c
v10/usr/src/cmd/face/faced.go
v10/usr/src/cmd/face/faceproto.h
v10/usr/src/cmd/face/faces.c
v10/usr/src/cmd/face/faces.h
v10/usr/src/cmd/face/file.c
v10/usr/src/cmd/face/mkfile
v10/usr/src/cmd/face/request.c
v10/usr/src/cmd/face/scaffold.c
v10/usr/src/cmd/factor/factor.c
v10/usr/src/cmd/factor/makefile
v10/usr/src/cmd/factor/mkfile
