v10/usr/src/cmd/gcc/COPYING
v10/usr/src/cmd/gcc/INSTALL
v10/usr/src/cmd/gcc/Makefile.old
v10/usr/src/cmd/gcc/NS32K.README
v10/usr/src/cmd/gcc/PROBLEMS
v10/usr/src/cmd/gcc/PROJECTS
v10/usr/src/cmd/gcc/README
v10/usr/src/cmd/gcc/alloc.c
v10/usr/src/cmd/gcc/alloca.c
v10/usr/src/cmd/gcc/assert.h
v10/usr/src/cmd/gcc/aux-output.c
v10/usr/src/cmd/gcc/b.c
v10/usr/src/cmd/gcc/basic-block.h
v10/usr/src/cmd/gcc/c-tree.h
v10/usr/src/cmd/gcc/c.c
v10/usr/src/cmd/gcc/cccp.c
v10/usr/src/cmd/gcc/cexp.c
v10/usr/src/cmd/gcc/cexp.y
v10/usr/src/cmd/gcc/combine.c
v10/usr/src/cmd/gcc/conditions.h
v10/usr/src/cmd/gcc/config-hp9k3.h
v10/usr/src/cmd/gcc/config-m68k.h
v10/usr/src/cmd/gcc/config-ns32k.h
v10/usr/src/cmd/gcc/config-spur.h
v10/usr/src/cmd/gcc/config-vax.h
v10/usr/src/cmd/gcc/config-vms.h
v10/usr/src/cmd/gcc/config.h
v10/usr/src/cmd/gcc/cpp-1
