v10/usr/src/cmd/gcc/stupid.c
v10/usr/src/cmd/gcc/symout.c
v10/usr/src/cmd/gcc/symseg.h
v10/usr/src/cmd/gcc/temp
v10/usr/src/cmd/gcc/texinfo.tex
v10/usr/src/cmd/gcc/tm-3b1.h
v10/usr/src/cmd/gcc/tm-encore.h
v10/usr/src/cmd/gcc/tm-hp9k320.h
v10/usr/src/cmd/gcc/tm-hp9k320g.h
v10/usr/src/cmd/gcc/tm-isi68.h
v10/usr/src/cmd/gcc/tm-m68k.h
v10/usr/src/cmd/gcc/tm-news800.h
v10/usr/src/cmd/gcc/tm-ns32k.h
v10/usr/src/cmd/gcc/tm-sequent.h
v10/usr/src/cmd/gcc/tm-spur.h
v10/usr/src/cmd/gcc/tm-sun2.h
v10/usr/src/cmd/gcc/tm-sun3.h
v10/usr/src/cmd/gcc/tm-ultrix.h
v10/usr/src/cmd/gcc/tm-vax.h
v10/usr/src/cmd/gcc/tm-vms.h
