v10/usr/src/cmd/flex/COPYING
v10/usr/src/cmd/flex/Changes
v10/usr/src/cmd/flex/MISC
v10/usr/src/cmd/flex/Makefile
v10/usr/src/cmd/flex/README
v10/usr/src/cmd/flex/ccl.c
v10/usr/src/cmd/flex/dfa.c
v10/usr/src/cmd/flex/ecs.c
v10/usr/src/cmd/flex/flex.1
v10/usr/src/cmd/flex/flex.skel
v10/usr/src/cmd/flex/flexdef.h
v10/usr/src/cmd/flex/gen.c
v10/usr/src/cmd/flex/initscan.c
v10/usr/src/cmd/flex/main.c
v10/usr/src/cmd/flex/misc.c
v10/usr/src/cmd/flex/mkfile
v10/usr/src/cmd/flex/nfa.c
v10/usr/src/cmd/flex/parse.y
v10/usr/src/cmd/flex/scan.l
v10/usr/src/cmd/flex/sym.c
v10/usr/src/cmd/flex/tblcmp.c
v10/usr/src/cmd/flex/yylex.c
v10/usr/src/cmd/grap/FIXES
v10/usr/src/cmd/grap/README
v10/usr/src/cmd/grap/UNDOC
v10/usr/src/cmd/grap/WISH
v10/usr/src/cmd/grap/coord.c
v10/usr/src/cmd/grap/for.c
v10/usr/src/cmd/grap/frame.c
v10/usr/src/cmd/grap/grap.1
v10/usr/src/cmd/grap/grap.202
v10/usr/src/cmd/grap/grap.defines
v10/usr/src/cmd/grap/grap.h
v10/usr/src/cmd/grap/grap.y
v10/usr/src/cmd/grap/grapl.l
v10/usr/src/cmd/grap/input.c
v10/usr/src/cmd/grap/label.c
v10/usr/src/cmd/grap/main.c
v10/usr/src/cmd/grap/makefile
v10/usr/src/cmd/grap/misc.c
v10/usr/src/cmd/grap/mkfile
v10/usr/src/cmd/grap/plot.c
v10/usr/src/cmd/grap/print.c
v10/usr/src/cmd/grap/ticks.c
