v10/usr/src/cmd/grap/graptest/Compare
v10/usr/src/cmd/grap/graptest/Compare.p
v10/usr/src/cmd/grap/graptest/ORDER
v10/usr/src/cmd/grap/graptest/add.g
v10/usr/src/cmd/grap/graptest/aed.g
v10/usr/src/cmd/grap/graptest/aed2.g
v10/usr/src/cmd/grap/graptest/aed3.g
v10/usr/src/cmd/grap/graptest/align.g
v10/usr/src/cmd/grap/graptest/axes.g
v10/usr/src/cmd/grap/graptest/boat.g
v10/usr/src/cmd/grap/graptest/boat1.g
v10/usr/src/cmd/grap/graptest/bozo.g
v10/usr/src/cmd/grap/graptest/bug.g
v10/usr/src/cmd/grap/graptest/cars.g
v10/usr/src/cmd/grap/graptest/chess.g
v10/usr/src/cmd/grap/graptest/claire.g
v10/usr/src/cmd/grap/graptest/cray.g
v10/usr/src/cmd/grap/graptest/fig1.g
v10/usr/src/cmd/grap/graptest/fig2.g
v10/usr/src/cmd/grap/graptest/geom.g
v10/usr/src/cmd/grap/graptest/heart.g
v10/usr/src/cmd/grap/graptest/karen.g
v10/usr/src/cmd/grap/graptest/log.g
v10/usr/src/cmd/grap/graptest/mark.g
v10/usr/src/cmd/grap/graptest/misc.g
v10/usr/src/cmd/grap/graptest/nflqb.d
v10/usr/src/cmd/grap/graptest/ode1.g
v10/usr/src/cmd/grap/graptest/phone.g
v10/usr/src/cmd/grap/graptest/pie.d
v10/usr/src/cmd/grap/graptest/pop.g
v10/usr/src/cmd/grap/graptest/pop1.g
v10/usr/src/cmd/grap/graptest/popage.d
v10/usr/src/cmd/grap/graptest/popage1.g
v10/usr/src/cmd/grap/graptest/selforg.d
v10/usr/src/cmd/grap/graptest/sin.g
v10/usr/src/cmd/grap/graptest/sprintf.g
v10/usr/src/cmd/grap/graptest/states.d
v10/usr/src/cmd/grap/graptest/states.g
v10/usr/src/cmd/grap/graptest/tel.g
v10/usr/src/cmd/grap/graptest/testgraph.g
v10/usr/src/cmd/grap/graptest/tgs.g
v10/usr/src/cmd/grap/graptest/ticks.g
v10/usr/src/cmd/grap/graptest/ticktest.g
v10/usr/src/cmd/grap/graptest/trosino.g
v10/usr/src/cmd/grap/graptest/usapop.d
v10/usr/src/cmd/grap/graptest/usapop.g
v10/usr/src/cmd/grap/graptest/xy_gg.g
v10/usr/src/cmd/grap/non-ansi/FIXES
v10/usr/src/cmd/grap/non-ansi/UNDOC
v10/usr/src/cmd/grap/non-ansi/WISH
v10/usr/src/cmd/grap/non-ansi/coord.c
v10/usr/src/cmd/grap/non-ansi/for.c
v10/usr/src/cmd/grap/non-ansi/frame.c
v10/usr/src/cmd/grap/non-ansi/grap.1
v10/usr/src/cmd/grap/non-ansi/grap.202
v10/usr/src/cmd/grap/non-ansi/grap.defines
v10/usr/src/cmd/grap/non-ansi/grap.h
v10/usr/src/cmd/grap/non-ansi/grap.y
v10/usr/src/cmd/grap/non-ansi/grapl.l
v10/usr/src/cmd/grap/non-ansi/input.c
v10/usr/src/cmd/grap/non-ansi/label.c
v10/usr/src/cmd/grap/non-ansi/main.c
v10/usr/src/cmd/grap/non-ansi/makefile
v10/usr/src/cmd/grap/non-ansi/misc.c
v10/usr/src/cmd/grap/non-ansi/mkfile
v10/usr/src/cmd/grap/non-ansi/plot.c
v10/usr/src/cmd/grap/non-ansi/print.c
v10/usr/src/cmd/grap/non-ansi/ticks.c
v10/usr/src/cmd/grap/non-ansi/graptest/Compare
v10/usr/src/cmd/grap/non-ansi/graptest/ORDER
v10/usr/src/cmd/grap/non-ansi/graptest/add.g
v10/usr/src/cmd/grap/non-ansi/graptest/aed.g
v10/usr/src/cmd/grap/non-ansi/graptest/aed2.g
v10/usr/src/cmd/grap/non-ansi/graptest/aed3.g
v10/usr/src/cmd/grap/non-ansi/graptest/align.g
v10/usr/src/cmd/grap/non-ansi/graptest/boat.g
v10/usr/src/cmd/grap/non-ansi/graptest/boat1.g
v10/usr/src/cmd/grap/non-ansi/graptest/bozo.g
v10/usr/src/cmd/grap/non-ansi/graptest/bug.g
v10/usr/src/cmd/grap/non-ansi/graptest/cars.g
v10/usr/src/cmd/grap/non-ansi/graptest/chess.g
v10/usr/src/cmd/grap/non-ansi/graptest/claire.g
v10/usr/src/cmd/grap/non-ansi/graptest/cray.g
v10/usr/src/cmd/grap/non-ansi/graptest/fig1.g
v10/usr/src/cmd/grap/non-ansi/graptest/fig2.g
v10/usr/src/cmd/grap/non-ansi/graptest/geom.g
v10/usr/src/cmd/grap/non-ansi/graptest/heart.g
v10/usr/src/cmd/grap/non-ansi/graptest/karen.g
v10/usr/src/cmd/grap/non-ansi/graptest/log.g
v10/usr/src/cmd/grap/non-ansi/graptest/mark.g
v10/usr/src/cmd/grap/non-ansi/graptest/misc.g
v10/usr/src/cmd/grap/non-ansi/graptest/nflqb.d
v10/usr/src/cmd/grap/non-ansi/graptest/ode1.g
v10/usr/src/cmd/grap/non-ansi/graptest/phone.g
v10/usr/src/cmd/grap/non-ansi/graptest/pie.d
v10/usr/src/cmd/grap/non-ansi/graptest/pop.g
v10/usr/src/cmd/grap/non-ansi/graptest/pop1.g
v10/usr/src/cmd/grap/non-ansi/graptest/popage.d
v10/usr/src/cmd/grap/non-ansi/graptest/popage1.g
v10/usr/src/cmd/grap/non-ansi/graptest/selforg.d
v10/usr/src/cmd/grap/non-ansi/graptest/sin.g
v10/usr/src/cmd/grap/non-ansi/graptest/sprintf.g
v10/usr/src/cmd/grap/non-ansi/graptest/states.d
v10/usr/src/cmd/grap/non-ansi/graptest/states.g
v10/usr/src/cmd/grap/non-ansi/graptest/tel.g
v10/usr/src/cmd/grap/non-ansi/graptest/testgraph.g
v10/usr/src/cmd/grap/non-ansi/graptest/tgs.g
v10/usr/src/cmd/grap/non-ansi/graptest/ticks.g
v10/usr/src/cmd/grap/non-ansi/graptest/ticktest.g
v10/usr/src/cmd/grap/non-ansi/graptest/trosino.g
v10/usr/src/cmd/grap/non-ansi/graptest/usapop.d
v10/usr/src/cmd/grap/non-ansi/graptest/usapop.g
v10/usr/src/cmd/graph/Makefile
v10/usr/src/cmd/graph/graph.c
v10/usr/src/cmd/graph/mkfile
