v10/usr/src/cmd/gre/DEPEND
v10/usr/src/cmd/gre/README
v10/usr/src/cmd/gre/bm.c
v10/usr/src/cmd/gre/btest
v10/usr/src/cmd/gre/buf.c
v10/usr/src/cmd/gre/buffer.c
v10/usr/src/cmd/gre/cw.c
v10/usr/src/cmd/gre/cyntax
v10/usr/src/cmd/gre/deansify.awk
v10/usr/src/cmd/gre/dofgrep.c
v10/usr/src/cmd/gre/dogre.c
v10/usr/src/cmd/gre/efile.c
v10/usr/src/cmd/gre/eg.c
v10/usr/src/cmd/gre/egbr.c
v10/usr/src/cmd/gre/egcanon.c
v10/usr/src/cmd/gre/egcomp.c
v10/usr/src/cmd/gre/egcw.c
v10/usr/src/cmd/gre/egerror.c
v10/usr/src/cmd/gre/eglit.c
v10/usr/src/cmd/gre/egmatch.c
v10/usr/src/cmd/gre/egparen.c
v10/usr/src/cmd/gre/egpos.c
v10/usr/src/cmd/gre/egstate.c
v10/usr/src/cmd/gre/filex
v10/usr/src/cmd/gre/fns.c
v10/usr/src/cmd/gre/getopt.c
v10/usr/src/cmd/gre/gre.bundle
v10/usr/src/cmd/gre/gre.prop
v10/usr/src/cmd/gre/gre.reply
v10/usr/src/cmd/gre/hdr.h
v10/usr/src/cmd/gre/htest.c
v10/usr/src/cmd/gre/io.h
v10/usr/src/cmd/gre/lre.h
v10/usr/src/cmd/gre/lt1.c
v10/usr/src/cmd/gre/mailing.list
v10/usr/src/cmd/gre/main.c
v10/usr/src/cmd/gre/makefile
v10/usr/src/cmd/gre/mkfile
v10/usr/src/cmd/gre/rand.50
v10/usr/src/cmd/gre/rand.5000
v10/usr/src/cmd/gre/rand.50f
v10/usr/src/cmd/gre/re.c
v10/usr/src/cmd/gre/re.h
v10/usr/src/cmd/gre/refile.c
v10/usr/src/cmd/gre/temp
