v10/usr/src/cmd/gre/regress.d/complex
v10/usr/src/cmd/gre/regress.d/lt0.c
v10/usr/src/cmd/gre/regress.d/makefile
v10/usr/src/cmd/gre/regress.d/mkfile
v10/usr/src/cmd/gre/regress.d/regress.i
v10/usr/src/cmd/gre/regress.d/simple
v10/usr/src/cmd/gre/regress.d/t1.i
v10/usr/src/cmd/gre/regress.d/t1.out
v10/usr/src/cmd/gre/regress.d/t1.sh
v10/usr/src/cmd/gre/regress.d/t10.i
v10/usr/src/cmd/gre/regress.d/t10.out
v10/usr/src/cmd/gre/regress.d/t10.sh
v10/usr/src/cmd/gre/regress.d/t11.i
v10/usr/src/cmd/gre/regress.d/t11.out
v10/usr/src/cmd/gre/regress.d/t11.sh
v10/usr/src/cmd/gre/regress.d/t12.i
v10/usr/src/cmd/gre/regress.d/t12.out
v10/usr/src/cmd/gre/regress.d/t12.sh
v10/usr/src/cmd/gre/regress.d/t13.i
v10/usr/src/cmd/gre/regress.d/t13.out
v10/usr/src/cmd/gre/regress.d/t13.sh
v10/usr/src/cmd/gre/regress.d/t2.out
v10/usr/src/cmd/gre/regress.d/t2.sh
v10/usr/src/cmd/gre/regress.d/t3.i
v10/usr/src/cmd/gre/regress.d/t3.out
v10/usr/src/cmd/gre/regress.d/t3.sh
v10/usr/src/cmd/gre/regress.d/t4.i
v10/usr/src/cmd/gre/regress.d/t4.out
v10/usr/src/cmd/gre/regress.d/t4.sh
v10/usr/src/cmd/gre/regress.d/t5.i
v10/usr/src/cmd/gre/regress.d/t5.out
v10/usr/src/cmd/gre/regress.d/t5.sh
v10/usr/src/cmd/gre/regress.d/t6.i
v10/usr/src/cmd/gre/regress.d/t6.out
v10/usr/src/cmd/gre/regress.d/t6.pat
v10/usr/src/cmd/gre/regress.d/t6.sh
v10/usr/src/cmd/gre/regress.d/t7.i
v10/usr/src/cmd/gre/regress.d/t7.out
v10/usr/src/cmd/gre/regress.d/t7.sh
v10/usr/src/cmd/gre/regress.d/t8.i
v10/usr/src/cmd/gre/regress.d/t8.out
v10/usr/src/cmd/gre/regress.d/t8.sh
v10/usr/src/cmd/gre/regress.d/t9.i
v10/usr/src/cmd/gre/regress.d/t9.out
v10/usr/src/cmd/gre/regress.d/t9.sh
v10/usr/src/cmd/hdr/alloc.h
v10/usr/src/cmd/hdr/cnodes.h
v10/usr/src/cmd/hdr/data.h
v10/usr/src/cmd/hdr/defs.h
v10/usr/src/cmd/hdr/extern.h
v10/usr/src/cmd/hdr/flow.h
v10/usr/src/cmd/hdr/func.h
v10/usr/src/cmd/hdr/ident.h
v10/usr/src/cmd/hdr/io.h
v10/usr/src/cmd/hdr/ldata.h
v10/usr/src/cmd/hdr/macdep.h
v10/usr/src/cmd/hdr/macdep.opt.h
v10/usr/src/cmd/hdr/machine.h
v10/usr/src/cmd/hdr/obj_version.h
v10/usr/src/cmd/hdr/objects.h
v10/usr/src/cmd/hdr/optim.h
v10/usr/src/cmd/hdr/options.h
v10/usr/src/cmd/hdr/parse.h
v10/usr/src/cmd/hdr/places.h
v10/usr/src/cmd/hdr/sets.h
v10/usr/src/cmd/hdr/sort.h
v10/usr/src/cmd/hdr/stdobj.h
v10/usr/src/cmd/hdr/tokens.h
v10/usr/src/cmd/hdr/types.h
v10/usr/src/cmd/hdr/xnode.h
v10/usr/src/cmd/hdr/xnodes.h
v10/usr/src/cmd/hdr/xtypes.h
v10/usr/src/cmd/hoc/FIXES
v10/usr/src/cmd/hoc/README
v10/usr/src/cmd/hoc/code.c
v10/usr/src/cmd/hoc/hoc.1
v10/usr/src/cmd/hoc/hoc.1.orig
v10/usr/src/cmd/hoc/hoc.h
v10/usr/src/cmd/hoc/hoc.y
v10/usr/src/cmd/hoc/init.c
v10/usr/src/cmd/hoc/makefile
v10/usr/src/cmd/hoc/math.c
v10/usr/src/cmd/hoc/mkfile
v10/usr/src/cmd/hoc/permission
v10/usr/src/cmd/hoc/symbol.c
v10/usr/src/cmd/hoc/tests/ORDER
v10/usr/src/cmd/hoc/tests/ack
v10/usr/src/cmd/hoc/tests/ack1
v10/usr/src/cmd/hoc/tests/double
v10/usr/src/cmd/hoc/tests/fac
v10/usr/src/cmd/hoc/tests/fac1
v10/usr/src/cmd/hoc/tests/fac2
v10/usr/src/cmd/hoc/tests/fib
v10/usr/src/cmd/hoc/tests/fib2
v10/usr/src/cmd/hoc/tests/fibsum
v10/usr/src/cmd/hoc/tests/fibtest
v10/usr/src/cmd/icon/Makefile
v10/usr/src/cmd/icon/README
v10/usr/src/cmd/icon/mkfile
v10/usr/src/cmd/icon/bin/.placeholder
v10/usr/src/cmd/icon/book/Makefile
v10/usr/src/cmd/icon/book/README
v10/usr/src/cmd/icon/book/alpha.ls
v10/usr/src/cmd/icon/book/mkfile
v10/usr/src/cmd/icon/book/page.ls
v10/usr/src/cmd/icon/book/01/countm1.icn
v10/usr/src/cmd/icon/book/01/countm2.icn
v10/usr/src/cmd/icon/book/01/hello1.icn
v10/usr/src/cmd/icon/book/01/hello2.icn
v10/usr/src/cmd/icon/book/01/hello3.icn
v10/usr/src/cmd/icon/book/01/hello4.icn
v10/usr/src/cmd/icon/book/01/hello5.icn
v10/usr/src/cmd/icon/book/01/locate1.icn
v10/usr/src/cmd/icon/book/01/locate2.icn
v10/usr/src/cmd/icon/book/02/break1.icn
v10/usr/src/cmd/icon/book/02/break2.icn
v10/usr/src/cmd/icon/book/02/break3.icn
v10/usr/src/cmd/icon/book/02/next.icn
v10/usr/src/cmd/icon/book/04/balop.icn
v10/usr/src/cmd/icon/book/04/icwrite.icn
v10/usr/src/cmd/icon/book/04/inset1.icn
v10/usr/src/cmd/icon/book/04/inset2.icn
v10/usr/src/cmd/icon/book/04/lmark.icn
v10/usr/src/cmd/icon/book/04/minmax1.icn
v10/usr/src/cmd/icon/book/04/minmax2.icn
v10/usr/src/cmd/icon/book/04/powers.icn
v10/usr/src/cmd/icon/book/04/section.icn
v10/usr/src/cmd/icon/book/04/vbars.icn
v10/usr/src/cmd/icon/book/04/word1.icn
v10/usr/src/cmd/icon/book/04/word2.icn
v10/usr/src/cmd/icon/book/04/wordlist1.icn
v10/usr/src/cmd/icon/book/04/words1.icn
v10/usr/src/cmd/icon/book/05/array.icn
v10/usr/src/cmd/icon/book/05/get.icn
v10/usr/src/cmd/icon/book/05/tabwords1.icn
v10/usr/src/cmd/icon/book/05/wordlen.icn
v10/usr/src/cmd/icon/book/05/wordlist2.icn
v10/usr/src/cmd/icon/book/07/exor1.icn
v10/usr/src/cmd/icon/book/07/expr1.icn
v10/usr/src/cmd/icon/book/07/expr2.icn
v10/usr/src/cmd/icon/book/07/fib1.icn
v10/usr/src/cmd/icon/book/07/fib2.icn
v10/usr/src/cmd/icon/book/07/fword1.icn
v10/usr/src/cmd/icon/book/07/fword2.icn
v10/usr/src/cmd/icon/book/07/nword.icn
v10/usr/src/cmd/icon/book/08/maxel.icn
v10/usr/src/cmd/icon/book/08/words2.icn
v10/usr/src/cmd/icon/book/09/copy1.icn
v10/usr/src/cmd/icon/book/09/copy2.icn
v10/usr/src/cmd/icon/book/09/copy3.icn
v10/usr/src/cmd/icon/book/10/display.icn
v10/usr/src/cmd/icon/book/10/shuffle1.icn
v10/usr/src/cmd/icon/book/11/fibseq1.icn
v10/usr/src/cmd/icon/book/11/genword.icn
v10/usr/src/cmd/icon/book/11/mark.icn
v10/usr/src/cmd/icon/book/11/marker.icn
v10/usr/src/cmd/icon/book/11/rtl.icn
v10/usr/src/cmd/icon/book/11/to.icn
v10/usr/src/cmd/icon/book/12/tabwords2.icn
v10/usr/src/cmd/icon/book/12/words3.icn
v10/usr/src/cmd/icon/book/13/alt.icn
v10/usr/src/cmd/icon/book/13/equalseq.icn
v10/usr/src/cmd/icon/book/13/every.icn
v10/usr/src/cmd/icon/book/13/filter1.icn
v10/usr/src/cmd/icon/book/13/inter.icn
v10/usr/src/cmd/icon/book/14/8q.icn
v10/usr/src/cmd/icon/book/14/break4.icn
v10/usr/src/cmd/icon/book/14/cross1.icn
v10/usr/src/cmd/icon/book/14/cross2.icn
v10/usr/src/cmd/icon/book/14/limit1.icn
v10/usr/src/cmd/icon/book/14/limit2.icn
v10/usr/src/cmd/icon/book/14/limit3.icn
v10/usr/src/cmd/icon/book/14/posint.icn
v10/usr/src/cmd/icon/book/14/stars.icn
v10/usr/src/cmd/icon/book/15/abc.icn
v10/usr/src/cmd/icon/book/15/arb.icn
v10/usr/src/cmd/icon/book/15/arbno.icn
v10/usr/src/cmd/icon/book/15/lmatch.icn
v10/usr/src/cmd/icon/book/15/parsexp.icn
v10/usr/src/cmd/icon/book/15/rarb.icn
v10/usr/src/cmd/icon/book/15/recexp.icn
v10/usr/src/cmd/icon/book/15/shades.icn
v10/usr/src/cmd/icon/book/15/tab.icn
v10/usr/src/cmd/icon/book/16/eq.icn
v10/usr/src/cmd/icon/book/16/ldag.icn
v10/usr/src/cmd/icon/book/16/lgraph.icn
v10/usr/src/cmd/icon/book/16/ltree.icn
v10/usr/src/cmd/icon/book/16/stree.icn
v10/usr/src/cmd/icon/book/16/teq.icn
v10/usr/src/cmd/icon/book/16/visit.icn
v10/usr/src/cmd/icon/book/17/close.icn
v10/usr/src/cmd/icon/book/17/disp.icn
v10/usr/src/cmd/icon/book/17/reverse.icn
v10/usr/src/cmd/icon/book/17/shuffle2.icn
v10/usr/src/cmd/icon/book/17/swap.icn
v10/usr/src/cmd/icon/book/18/add1.icn
v10/usr/src/cmd/icon/book/18/add2.icn
v10/usr/src/cmd/icon/book/18/add3.icn
v10/usr/src/cmd/icon/book/18/mpy.icn
v10/usr/src/cmd/icon/book/19/drv.icn
v10/usr/src/cmd/icon/book/19/fix.icn
v10/usr/src/cmd/icon/book/19/form1.icn
v10/usr/src/cmd/icon/book/19/form2.icn
v10/usr/src/cmd/icon/book/19/symadd.icn
v10/usr/src/cmd/icon/book/19/symop.icn
v10/usr/src/cmd/icon/book/20/rsg1.icn
v10/usr/src/cmd/icon/book/f/8qp.icn
v10/usr/src/cmd/icon/book/f/abcd.icn
v10/usr/src/cmd/icon/book/f/acker1.icn
v10/usr/src/cmd/icon/book/f/acker2.icn
v10/usr/src/cmd/icon/book/f/ackertr.icn
v10/usr/src/cmd/icon/book/f/allbal1.icn
v10/usr/src/cmd/icon/book/f/allbal2.icn
v10/usr/src/cmd/icon/book/f/allbal3.icn
v10/usr/src/cmd/icon/book/f/aver.icn
v10/usr/src/cmd/icon/book/f/bincop.icn
v10/usr/src/cmd/icon/book/f/boldface.icn
v10/usr/src/cmd/icon/book/f/both.icn
v10/usr/src/cmd/icon/book/f/btree.icn
v10/usr/src/cmd/icon/book/f/cdigit.icn
v10/usr/src/cmd/icon/book/f/charimage.icn
v10/usr/src/cmd/icon/book/f/complex.icn
v10/usr/src/cmd/icon/book/f/dashes.icn
v10/usr/src/cmd/icon/book/f/delete1.icn
v10/usr/src/cmd/icon/book/f/delete2.icn
v10/usr/src/cmd/icon/book/f/depth.icn
v10/usr/src/cmd/icon/book/f/enrepl.icn
v10/usr/src/cmd/icon/book/f/exor2.icn
v10/usr/src/cmd/icon/book/f/fact.icn
v10/usr/src/cmd/icon/book/f/filerev.icn
v10/usr/src/cmd/icon/book/f/filter2.icn
v10/usr/src/cmd/icon/book/f/filter3.icn
v10/usr/src/cmd/icon/book/f/first.icn
v10/usr/src/cmd/icon/book/f/fixfunc.icn
v10/usr/src/cmd/icon/book/f/form3.icn
v10/usr/src/cmd/icon/book/f/gener.icn
v10/usr/src/cmd/icon/book/f/genpos.icn
v10/usr/src/cmd/icon/book/f/gensubstr.icn
v10/usr/src/cmd/icon/book/f/hexcvt.icn
v10/usr/src/cmd/icon/book/f/infix.icn
v10/usr/src/cmd/icon/book/f/large.icn
v10/usr/src/cmd/icon/book/f/lastline.icn
v10/usr/src/cmd/icon/book/f/limit4.icn
v10/usr/src/cmd/icon/book/f/locate3.icn
v10/usr/src/cmd/icon/book/f/nchars.icn
v10/usr/src/cmd/icon/book/f/oddline.icn
v10/usr/src/cmd/icon/book/f/palseq.icn
v10/usr/src/cmd/icon/book/f/pause.icn
v10/usr/src/cmd/icon/book/f/qseq.icn
v10/usr/src/cmd/icon/book/f/repalt.icn
v10/usr/src/cmd/icon/book/f/rotate.icn
v10/usr/src/cmd/icon/book/f/rsg2.icn
v10/usr/src/cmd/icon/book/f/rsg3.icn
v10/usr/src/cmd/icon/book/f/seqimage.icn
v10/usr/src/cmd/icon/book/f/space.icn
v10/usr/src/cmd/icon/book/f/symmpy.icn
v10/usr/src/cmd/icon/book/f/symsub.icn
v10/usr/src/cmd/icon/book/f/tabwords3.icn
v10/usr/src/cmd/icon/book/f/tcopy.icn
v10/usr/src/cmd/icon/book/f/uscore.icn
v10/usr/src/cmd/icon/book/f/vcount.icn
