v10/usr/src/cmd/icon/docs/Makefile
v10/usr/src/cmd/icon/docs/README
v10/usr/src/cmd/icon/docs/cover.roff
v10/usr/src/cmd/icon/docs/distpack.roff
v10/usr/src/cmd/icon/docs/icon_pi.1
v10/usr/src/cmd/icon/docs/icont.1
v10/usr/src/cmd/icon/docs/mkfile
v10/usr/src/cmd/icon/docs/tmac.tr
v10/usr/src/cmd/icon/docs/tr83-3.roff
v10/usr/src/cmd/icon/docs/tr86-10.roff
v10/usr/src/cmd/icon/docs/tr86-11.roff
v10/usr/src/cmd/icon/docs/tr86-12.roff
v10/usr/src/cmd/icon/docs/tr86-13.roff
v10/usr/src/cmd/icon/docs/trouble.roff
v10/usr/src/cmd/icon/ipl/Compile
v10/usr/src/cmd/icon/ipl/Makefile
v10/usr/src/cmd/icon/ipl/Translate
v10/usr/src/cmd/icon/ipl/mkfile
v10/usr/src/cmd/icon/ipl/procs.ls
v10/usr/src/cmd/icon/ipl/progs.ls
v10/usr/src/cmd/icon/ipl/data/cross.egg
v10/usr/src/cmd/icon/ipl/data/csgen.a2n
v10/usr/src/cmd/icon/ipl/data/csgen.abc
v10/usr/src/cmd/icon/ipl/data/csgen.abd
v10/usr/src/cmd/icon/ipl/data/csgen.an2
v10/usr/src/cmd/icon/ipl/data/darwin.txt
v10/usr/src/cmd/icon/ipl/data/dickens.txt
v10/usr/src/cmd/icon/ipl/data/gilbert.txt
v10/usr/src/cmd/icon/ipl/data/labels.add
v10/usr/src/cmd/icon/ipl/data/poe.txt
v10/usr/src/cmd/icon/ipl/data/rsg.exp
v10/usr/src/cmd/icon/ipl/data/rsg.pet
v10/usr/src/cmd/icon/ipl/data/rsg.sen
v10/usr/src/cmd/icon/ipl/data/spencer.txt
v10/usr/src/cmd/icon/ipl/procs/.placeholder
v10/usr/src/cmd/icon/ipl/progs/.placeholder
v10/usr/src/cmd/icon/ipl/source/Makefile
v10/usr/src/cmd/icon/ipl/source/bitops.icn
v10/usr/src/cmd/icon/ipl/source/bold.icn
v10/usr/src/cmd/icon/ipl/source/collate.icn
v10/usr/src/cmd/icon/ipl/source/complex.icn
v10/usr/src/cmd/icon/ipl/source/cross.icn
v10/usr/src/cmd/icon/ipl/source/csgen.icn
v10/usr/src/cmd/icon/ipl/source/deal.icn
v10/usr/src/cmd/icon/ipl/source/delam.icn
v10/usr/src/cmd/icon/ipl/source/delamc.icn
v10/usr/src/cmd/icon/ipl/source/escape.icn
v10/usr/src/cmd/icon/ipl/source/farb.icn
v10/usr/src/cmd/icon/ipl/source/gener.icn
v10/usr/src/cmd/icon/ipl/source/grpsort.icn
v10/usr/src/cmd/icon/ipl/source/image.icn
v10/usr/src/cmd/icon/ipl/source/ipsort.icn
v10/usr/src/cmd/icon/ipl/source/ipsplit.icn
v10/usr/src/cmd/icon/ipl/source/ipxref.icn
v10/usr/src/cmd/icon/ipl/source/labels.icn
v10/usr/src/cmd/icon/ipl/source/lam.icn
v10/usr/src/cmd/icon/ipl/source/ll.icn
v10/usr/src/cmd/icon/ipl/source/lmap.icn
v10/usr/src/cmd/icon/ipl/source/math.icn
v10/usr/src/cmd/icon/ipl/source/mkfile
v10/usr/src/cmd/icon/ipl/source/parens.icn
v10/usr/src/cmd/icon/ipl/source/patterns.icn
v10/usr/src/cmd/icon/ipl/source/pdae.icn
v10/usr/src/cmd/icon/ipl/source/pdco.icn
v10/usr/src/cmd/icon/ipl/source/queens.icn
v10/usr/src/cmd/icon/ipl/source/radcon.icn
v10/usr/src/cmd/icon/ipl/source/rsg.icn
v10/usr/src/cmd/icon/ipl/source/segment.icn
v10/usr/src/cmd/icon/ipl/source/seqimage.icn
v10/usr/src/cmd/icon/ipl/source/shuffile.icn
v10/usr/src/cmd/icon/ipl/source/shuffle.icn
v10/usr/src/cmd/icon/ipl/source/snapshot.icn
v10/usr/src/cmd/icon/ipl/source/structs.icn
v10/usr/src/cmd/icon/ipl/source/strutil.icn
v10/usr/src/cmd/icon/ipl/source/tablc.icn
v10/usr/src/cmd/icon/ipl/source/tablw.icn
v10/usr/src/cmd/icon/ipl/source/trim.icn
v10/usr/src/cmd/icon/ipl/source/zipsort.icn
v10/usr/src/cmd/icon/pi/Makefile
v10/usr/src/cmd/icon/pi/Pilib
v10/usr/src/cmd/icon/pi/mkfile
v10/usr/src/cmd/icon/pi/pil/Makefile
v10/usr/src/cmd/icon/pi/pil/getenv.c
v10/usr/src/cmd/icon/pi/pil/iscope.c
v10/usr/src/cmd/icon/pi/pil/math.c
v10/usr/src/cmd/icon/pi/pil/mkfile
v10/usr/src/cmd/icon/pi/pil/seek.c
v10/usr/src/cmd/icon/pi/pil/trig.c
v10/usr/src/cmd/icon/setup/Makefile
v10/usr/src/cmd/icon/setup/mkfile
v10/usr/src/cmd/icon/setup/amdahl_uts/Ranlib
v10/usr/src/cmd/icon/setup/amdahl_uts/config.trl
v10/usr/src/cmd/icon/setup/amdahl_uts/copybin.c
v10/usr/src/cmd/icon/setup/amdahl_uts/header.hdr
v10/usr/src/cmd/icon/setup/amdahl_uts/icon_pi.c
v10/usr/src/cmd/icon/setup/amdahl_uts/icont.hdr
v10/usr/src/cmd/icon/setup/amdahl_uts/iconx.hdr
v10/usr/src/cmd/icon/setup/amdahl_uts/link.hdr
v10/usr/src/cmd/icon/setup/amdahl_uts/paths.h
v10/usr/src/cmd/icon/setup/amdahl_uts/pi.hdr
v10/usr/src/cmd/icon/setup/amdahl_uts/rlocal.c
v10/usr/src/cmd/icon/setup/amdahl_uts/rover.c
v10/usr/src/cmd/icon/setup/amdahl_uts/rover.s
v10/usr/src/cmd/icon/setup/amdahl_uts/rswitch.c
v10/usr/src/cmd/icon/setup/amdahl_uts/setpath.c
v10/usr/src/cmd/icon/setup/amdahl_uts/status
v10/usr/src/cmd/icon/setup/amdahl_uts/tran.hdr
v10/usr/src/cmd/icon/setup/att3b20/Ranlib
v10/usr/src/cmd/icon/setup/att3b20/config.trl
v10/usr/src/cmd/icon/setup/att3b20/copybin.c
v10/usr/src/cmd/icon/setup/att3b20/header.hdr
v10/usr/src/cmd/icon/setup/att3b20/icon_pi.c
v10/usr/src/cmd/icon/setup/att3b20/icont.hdr
v10/usr/src/cmd/icon/setup/att3b20/iconx.hdr
v10/usr/src/cmd/icon/setup/att3b20/link.hdr
v10/usr/src/cmd/icon/setup/att3b20/paths.h
v10/usr/src/cmd/icon/setup/att3b20/pi.hdr
v10/usr/src/cmd/icon/setup/att3b20/rlocal.c
v10/usr/src/cmd/icon/setup/att3b20/rover.c
v10/usr/src/cmd/icon/setup/att3b20/rover.s
v10/usr/src/cmd/icon/setup/att3b20/rswitch.c
v10/usr/src/cmd/icon/setup/att3b20/setpath.c
v10/usr/src/cmd/icon/setup/att3b20/status
v10/usr/src/cmd/icon/setup/att3b20/tran.hdr
v10/usr/src/cmd/icon/setup/att3b5/Ranlib
v10/usr/src/cmd/icon/setup/att3b5/config.trl
v10/usr/src/cmd/icon/setup/att3b5/copybin.c
v10/usr/src/cmd/icon/setup/att3b5/header.hdr
v10/usr/src/cmd/icon/setup/att3b5/icon_pi.c
v10/usr/src/cmd/icon/setup/att3b5/icont.hdr
v10/usr/src/cmd/icon/setup/att3b5/iconx.hdr
v10/usr/src/cmd/icon/setup/att3b5/link.hdr
v10/usr/src/cmd/icon/setup/att3b5/paths.h
v10/usr/src/cmd/icon/setup/att3b5/pi.hdr
v10/usr/src/cmd/icon/setup/att3b5/rlocal.c
v10/usr/src/cmd/icon/setup/att3b5/rover.c
v10/usr/src/cmd/icon/setup/att3b5/rover.s
v10/usr/src/cmd/icon/setup/att3b5/rswitch.c
v10/usr/src/cmd/icon/setup/att3b5/setpath.c
v10/usr/src/cmd/icon/setup/att3b5/status
v10/usr/src/cmd/icon/setup/att3b5/tran.hdr
v10/usr/src/cmd/icon/setup/common/Ranlib
v10/usr/src/cmd/icon/setup/common/config.trl
v10/usr/src/cmd/icon/setup/common/copybin.c
v10/usr/src/cmd/icon/setup/common/header.hdr
v10/usr/src/cmd/icon/setup/common/icon_pi.c
v10/usr/src/cmd/icon/setup/common/icont.hdr
v10/usr/src/cmd/icon/setup/common/iconx.hdr
v10/usr/src/cmd/icon/setup/common/link.hdr
v10/usr/src/cmd/icon/setup/common/paths.h
v10/usr/src/cmd/icon/setup/common/pi.hdr
v10/usr/src/cmd/icon/setup/common/rlocal.c
v10/usr/src/cmd/icon/setup/common/rover.c
v10/usr/src/cmd/icon/setup/common/rover.s
v10/usr/src/cmd/icon/setup/common/rswitch.c
v10/usr/src/cmd/icon/setup/common/setpath.c
v10/usr/src/cmd/icon/setup/common/tran.hdr
v10/usr/src/cmd/icon/setup/generic/Makefile
v10/usr/src/cmd/icon/setup/generic/config.hdr
v10/usr/src/cmd/icon/setup/generic/config.typ
v10/usr/src/cmd/icon/setup/generic/copybin.h
v10/usr/src/cmd/icon/setup/generic/decaret.ed
v10/usr/src/cmd/icon/setup/generic/dequote.ed
v10/usr/src/cmd/icon/setup/generic/header.trl
v10/usr/src/cmd/icon/setup/generic/icon_pi.h
v10/usr/src/cmd/icon/setup/generic/icont.make
v10/usr/src/cmd/icon/setup/generic/iconx.make
v10/usr/src/cmd/icon/setup/generic/link.make
v10/usr/src/cmd/icon/setup/generic/mkfile
v10/usr/src/cmd/icon/setup/generic/pi.make
v10/usr/src/cmd/icon/setup/generic/setpath.h
v10/usr/src/cmd/icon/setup/generic/tran.make
v10/usr/src/cmd/icon/setup/hp9000/Ranlib
v10/usr/src/cmd/icon/setup/hp9000/config.h
v10/usr/src/cmd/icon/setup/hp9000/config.trl
v10/usr/src/cmd/icon/setup/hp9000/copybin.c
v10/usr/src/cmd/icon/setup/hp9000/header.hdr
v10/usr/src/cmd/icon/setup/hp9000/icon_pi.c
v10/usr/src/cmd/icon/setup/hp9000/icont.hdr
v10/usr/src/cmd/icon/setup/hp9000/iconx.hdr
v10/usr/src/cmd/icon/setup/hp9000/link.hdr
v10/usr/src/cmd/icon/setup/hp9000/paths.h
v10/usr/src/cmd/icon/setup/hp9000/pi.hdr
v10/usr/src/cmd/icon/setup/hp9000/rlocal.c
v10/usr/src/cmd/icon/setup/hp9000/rover.c
v10/usr/src/cmd/icon/setup/hp9000/rswitch.c
v10/usr/src/cmd/icon/setup/hp9000/setpath.c
v10/usr/src/cmd/icon/setup/hp9000/status
v10/usr/src/cmd/icon/setup/hp9000/tran.hdr
v10/usr/src/cmd/icon/setup/pc_pcix/Ranlib
v10/usr/src/cmd/icon/setup/pc_pcix/config.trl
v10/usr/src/cmd/icon/setup/pc_pcix/copybin.c
v10/usr/src/cmd/icon/setup/pc_pcix/header.hdr
v10/usr/src/cmd/icon/setup/pc_pcix/icon_pi.c
v10/usr/src/cmd/icon/setup/pc_pcix/icont.hdr
v10/usr/src/cmd/icon/setup/pc_pcix/iconx.hdr
v10/usr/src/cmd/icon/setup/pc_pcix/link.hdr
v10/usr/src/cmd/icon/setup/pc_pcix/paths.h
v10/usr/src/cmd/icon/setup/pc_pcix/pi.hdr
v10/usr/src/cmd/icon/setup/pc_pcix/rlocal.c
v10/usr/src/cmd/icon/setup/pc_pcix/rover.c
v10/usr/src/cmd/icon/setup/pc_pcix/rover.s
v10/usr/src/cmd/icon/setup/pc_pcix/rswitch.s
v10/usr/src/cmd/icon/setup/pc_pcix/setpath.c
v10/usr/src/cmd/icon/setup/pc_pcix/status
v10/usr/src/cmd/icon/setup/pc_pcix/tran.hdr
v10/usr/src/cmd/icon/setup/pc_xenix_smm/Ranlib
v10/usr/src/cmd/icon/setup/pc_xenix_smm/config.trl
v10/usr/src/cmd/icon/setup/pc_xenix_smm/copybin.c
v10/usr/src/cmd/icon/setup/pc_xenix_smm/header.hdr
v10/usr/src/cmd/icon/setup/pc_xenix_smm/icon_pi.c
v10/usr/src/cmd/icon/setup/pc_xenix_smm/icont.hdr
v10/usr/src/cmd/icon/setup/pc_xenix_smm/iconx.hdr
v10/usr/src/cmd/icon/setup/pc_xenix_smm/link.hdr
v10/usr/src/cmd/icon/setup/pc_xenix_smm/paths.h
v10/usr/src/cmd/icon/setup/pc_xenix_smm/pi.hdr
v10/usr/src/cmd/icon/setup/pc_xenix_smm/rlocal.c
v10/usr/src/cmd/icon/setup/pc_xenix_smm/rover.c
v10/usr/src/cmd/icon/setup/pc_xenix_smm/rover.s
v10/usr/src/cmd/icon/setup/pc_xenix_smm/rswitch.s
v10/usr/src/cmd/icon/setup/pc_xenix_smm/setpath.c
v10/usr/src/cmd/icon/setup/pc_xenix_smm/status
v10/usr/src/cmd/icon/setup/pc_xenix_smm/tran.hdr
v10/usr/src/cmd/icon/setup/pdp11_bsd/Ranlib
v10/usr/src/cmd/icon/setup/pdp11_bsd/config.trl
v10/usr/src/cmd/icon/setup/pdp11_bsd/copybin.c
v10/usr/src/cmd/icon/setup/pdp11_bsd/header.hdr
v10/usr/src/cmd/icon/setup/pdp11_bsd/icon_pi.c
v10/usr/src/cmd/icon/setup/pdp11_bsd/icont.hdr
v10/usr/src/cmd/icon/setup/pdp11_bsd/iconx.hdr
v10/usr/src/cmd/icon/setup/pdp11_bsd/link.hdr
v10/usr/src/cmd/icon/setup/pdp11_bsd/paths.h
v10/usr/src/cmd/icon/setup/pdp11_bsd/pi.hdr
v10/usr/src/cmd/icon/setup/pdp11_bsd/rlocal.c
v10/usr/src/cmd/icon/setup/pdp11_bsd/rover.c
v10/usr/src/cmd/icon/setup/pdp11_bsd/rover.s
v10/usr/src/cmd/icon/setup/pdp11_bsd/rswitch.s
v10/usr/src/cmd/icon/setup/pdp11_bsd/setpath.c
v10/usr/src/cmd/icon/setup/pdp11_bsd/status
v10/usr/src/cmd/icon/setup/pdp11_bsd/tran.hdr
v10/usr/src/cmd/icon/setup/pdp11_v7/Ranlib
v10/usr/src/cmd/icon/setup/pdp11_v7/config.trl
v10/usr/src/cmd/icon/setup/pdp11_v7/copybin.c
v10/usr/src/cmd/icon/setup/pdp11_v7/header.hdr
v10/usr/src/cmd/icon/setup/pdp11_v7/icon_pi.c
v10/usr/src/cmd/icon/setup/pdp11_v7/icont.hdr
v10/usr/src/cmd/icon/setup/pdp11_v7/iconx.hdr
v10/usr/src/cmd/icon/setup/pdp11_v7/link.hdr
v10/usr/src/cmd/icon/setup/pdp11_v7/paths.h
v10/usr/src/cmd/icon/setup/pdp11_v7/pi.hdr
v10/usr/src/cmd/icon/setup/pdp11_v7/rlocal.c
v10/usr/src/cmd/icon/setup/pdp11_v7/rover.c
v10/usr/src/cmd/icon/setup/pdp11_v7/rover.s
v10/usr/src/cmd/icon/setup/pdp11_v7/rswitch.s
v10/usr/src/cmd/icon/setup/pdp11_v7/setpath.c
v10/usr/src/cmd/icon/setup/pdp11_v7/status
v10/usr/src/cmd/icon/setup/pdp11_v7/tran.hdr
v10/usr/src/cmd/icon/setup/pyramid_bsd/Ranlib
v10/usr/src/cmd/icon/setup/pyramid_bsd/config.trl
v10/usr/src/cmd/icon/setup/pyramid_bsd/copybin.c
v10/usr/src/cmd/icon/setup/pyramid_bsd/header.hdr
v10/usr/src/cmd/icon/setup/pyramid_bsd/icon_pi.c
v10/usr/src/cmd/icon/setup/pyramid_bsd/icont.hdr
v10/usr/src/cmd/icon/setup/pyramid_bsd/iconx.hdr
v10/usr/src/cmd/icon/setup/pyramid_bsd/link.hdr
v10/usr/src/cmd/icon/setup/pyramid_bsd/paths.h
v10/usr/src/cmd/icon/setup/pyramid_bsd/pi.hdr
v10/usr/src/cmd/icon/setup/pyramid_bsd/rlocal.c
v10/usr/src/cmd/icon/setup/pyramid_bsd/rover.c
v10/usr/src/cmd/icon/setup/pyramid_bsd/rover.s
v10/usr/src/cmd/icon/setup/pyramid_bsd/rswitch.c
v10/usr/src/cmd/icon/setup/pyramid_bsd/setpath.c
v10/usr/src/cmd/icon/setup/pyramid_bsd/status
v10/usr/src/cmd/icon/setup/pyramid_bsd/tran.hdr
v10/usr/src/cmd/icon/setup/ridge/Ranlib
v10/usr/src/cmd/icon/setup/ridge/config.trl
v10/usr/src/cmd/icon/setup/ridge/copybin.c
v10/usr/src/cmd/icon/setup/ridge/header.hdr
v10/usr/src/cmd/icon/setup/ridge/icon_pi.c
v10/usr/src/cmd/icon/setup/ridge/icont.hdr
v10/usr/src/cmd/icon/setup/ridge/iconx.hdr
v10/usr/src/cmd/icon/setup/ridge/link.hdr
v10/usr/src/cmd/icon/setup/ridge/paths.h
v10/usr/src/cmd/icon/setup/ridge/pi.hdr
v10/usr/src/cmd/icon/setup/ridge/rlocal.c
v10/usr/src/cmd/icon/setup/ridge/rover.c
v10/usr/src/cmd/icon/setup/ridge/rover.s
v10/usr/src/cmd/icon/setup/ridge/rswitch.c
v10/usr/src/cmd/icon/setup/ridge/setpath.c
v10/usr/src/cmd/icon/setup/ridge/status
v10/usr/src/cmd/icon/setup/ridge/tran.hdr
v10/usr/src/cmd/icon/setup/rtpc/Ranlib
v10/usr/src/cmd/icon/setup/rtpc/config.trl
v10/usr/src/cmd/icon/setup/rtpc/copybin.c
v10/usr/src/cmd/icon/setup/rtpc/header.hdr
v10/usr/src/cmd/icon/setup/rtpc/icon_pi.c
v10/usr/src/cmd/icon/setup/rtpc/icont.hdr
v10/usr/src/cmd/icon/setup/rtpc/iconx.hdr
v10/usr/src/cmd/icon/setup/rtpc/link.hdr
v10/usr/src/cmd/icon/setup/rtpc/paths.h
v10/usr/src/cmd/icon/setup/rtpc/pi.hdr
v10/usr/src/cmd/icon/setup/rtpc/rlocal.c
v10/usr/src/cmd/icon/setup/rtpc/rover.c
v10/usr/src/cmd/icon/setup/rtpc/rover.s
v10/usr/src/cmd/icon/setup/rtpc/rswitch.c
v10/usr/src/cmd/icon/setup/rtpc/setpath.c
v10/usr/src/cmd/icon/setup/rtpc/status
v10/usr/src/cmd/icon/setup/rtpc/tran.hdr
v10/usr/src/cmd/icon/setup/sun/Ranlib
v10/usr/src/cmd/icon/setup/sun/config.trl
v10/usr/src/cmd/icon/setup/sun/copybin.c
v10/usr/src/cmd/icon/setup/sun/header.hdr
v10/usr/src/cmd/icon/setup/sun/icon_pi.c
v10/usr/src/cmd/icon/setup/sun/icont.hdr
v10/usr/src/cmd/icon/setup/sun/iconx.hdr
v10/usr/src/cmd/icon/setup/sun/link.hdr
v10/usr/src/cmd/icon/setup/sun/paths.h
v10/usr/src/cmd/icon/setup/sun/pi.hdr
v10/usr/src/cmd/icon/setup/sun/rlocal.c
v10/usr/src/cmd/icon/setup/sun/rover.c
v10/usr/src/cmd/icon/setup/sun/rover.s
v10/usr/src/cmd/icon/setup/sun/rswitch.c
v10/usr/src/cmd/icon/setup/sun/setpath.c
v10/usr/src/cmd/icon/setup/sun/status
v10/usr/src/cmd/icon/setup/sun/tran.hdr
v10/usr/src/cmd/icon/setup/unixpc/Ranlib
v10/usr/src/cmd/icon/setup/unixpc/config.trl
v10/usr/src/cmd/icon/setup/unixpc/copybin.c
v10/usr/src/cmd/icon/setup/unixpc/header.hdr
v10/usr/src/cmd/icon/setup/unixpc/icon_pi.c
v10/usr/src/cmd/icon/setup/unixpc/icont.hdr
v10/usr/src/cmd/icon/setup/unixpc/iconx.hdr
v10/usr/src/cmd/icon/setup/unixpc/link.hdr
v10/usr/src/cmd/icon/setup/unixpc/paths.h
v10/usr/src/cmd/icon/setup/unixpc/pi.hdr
v10/usr/src/cmd/icon/setup/unixpc/rlocal.c
v10/usr/src/cmd/icon/setup/unixpc/rover.c
v10/usr/src/cmd/icon/setup/unixpc/rover.s
v10/usr/src/cmd/icon/setup/unixpc/rswitch.c
v10/usr/src/cmd/icon/setup/unixpc/setpath.c
v10/usr/src/cmd/icon/setup/unixpc/status
v10/usr/src/cmd/icon/setup/unixpc/tran.hdr
v10/usr/src/cmd/icon/setup/vax_4.1bsd/Ranlib
v10/usr/src/cmd/icon/setup/vax_4.1bsd/config.trl
v10/usr/src/cmd/icon/setup/vax_4.1bsd/copybin.c
v10/usr/src/cmd/icon/setup/vax_4.1bsd/header.hdr
v10/usr/src/cmd/icon/setup/vax_4.1bsd/icon_pi.c
v10/usr/src/cmd/icon/setup/vax_4.1bsd/icont.hdr
v10/usr/src/cmd/icon/setup/vax_4.1bsd/iconx.hdr
v10/usr/src/cmd/icon/setup/vax_4.1bsd/link.hdr
v10/usr/src/cmd/icon/setup/vax_4.1bsd/paths.h
v10/usr/src/cmd/icon/setup/vax_4.1bsd/pi.hdr
v10/usr/src/cmd/icon/setup/vax_4.1bsd/rlocal.c
v10/usr/src/cmd/icon/setup/vax_4.1bsd/rover.c
v10/usr/src/cmd/icon/setup/vax_4.1bsd/rover.s
v10/usr/src/cmd/icon/setup/vax_4.1bsd/rswitch.c
v10/usr/src/cmd/icon/setup/vax_4.1bsd/setpath.c
v10/usr/src/cmd/icon/setup/vax_4.1bsd/status
v10/usr/src/cmd/icon/setup/vax_4.1bsd/tran.hdr
v10/usr/src/cmd/icon/setup/vax_bsd/Ranlib
v10/usr/src/cmd/icon/setup/vax_bsd/config.trl
v10/usr/src/cmd/icon/setup/vax_bsd/copybin.c
v10/usr/src/cmd/icon/setup/vax_bsd/header.hdr
v10/usr/src/cmd/icon/setup/vax_bsd/icon_pi.c
v10/usr/src/cmd/icon/setup/vax_bsd/icont.hdr
v10/usr/src/cmd/icon/setup/vax_bsd/iconx.hdr
v10/usr/src/cmd/icon/setup/vax_bsd/link.hdr
v10/usr/src/cmd/icon/setup/vax_bsd/paths.h
v10/usr/src/cmd/icon/setup/vax_bsd/pi.hdr
v10/usr/src/cmd/icon/setup/vax_bsd/rlocal.c
v10/usr/src/cmd/icon/setup/vax_bsd/rover.c
v10/usr/src/cmd/icon/setup/vax_bsd/rover.s
v10/usr/src/cmd/icon/setup/vax_bsd/rswitch.c
v10/usr/src/cmd/icon/setup/vax_bsd/setpath.c
v10/usr/src/cmd/icon/setup/vax_bsd/status
v10/usr/src/cmd/icon/setup/vax_bsd/tran.hdr
v10/usr/src/cmd/icon/setup/vax_sysv/Ranlib
v10/usr/src/cmd/icon/setup/vax_sysv/config.trl
v10/usr/src/cmd/icon/setup/vax_sysv/copybin.c
v10/usr/src/cmd/icon/setup/vax_sysv/header.hdr
v10/usr/src/cmd/icon/setup/vax_sysv/icon_pi.c
v10/usr/src/cmd/icon/setup/vax_sysv/icont.hdr
v10/usr/src/cmd/icon/setup/vax_sysv/iconx.hdr
v10/usr/src/cmd/icon/setup/vax_sysv/link.hdr
v10/usr/src/cmd/icon/setup/vax_sysv/paths.h
v10/usr/src/cmd/icon/setup/vax_sysv/pi.hdr
v10/usr/src/cmd/icon/setup/vax_sysv/rlocal.c
v10/usr/src/cmd/icon/setup/vax_sysv/rover.c
v10/usr/src/cmd/icon/setup/vax_sysv/rover.s
v10/usr/src/cmd/icon/setup/vax_sysv/rswitch.c
v10/usr/src/cmd/icon/setup/vax_sysv/setpath.c
v10/usr/src/cmd/icon/setup/vax_sysv/status
v10/usr/src/cmd/icon/setup/vax_sysv/tran.hdr
v10/usr/src/cmd/icon/src/Makefile
v10/usr/src/cmd/icon/src/mkfile
v10/usr/src/cmd/icon/src/h/cpuconf.h
v10/usr/src/cmd/icon/src/h/fdef.h
v10/usr/src/cmd/icon/src/h/keyword.h
v10/usr/src/cmd/icon/src/h/memsize.h
v10/usr/src/cmd/icon/src/h/opdef.h
v10/usr/src/cmd/icon/src/h/rstats.h
v10/usr/src/cmd/icon/src/h/rt.h
v10/usr/src/cmd/icon/src/h/version.h
