v10/usr/src/cmd/icon/src/icont/icont.c
v10/usr/src/cmd/icon/src/icont/ixhdr.c
v10/usr/src/cmd/icon/src/iconx/fconv.c
v10/usr/src/cmd/icon/src/iconx/fmisc.c
v10/usr/src/cmd/icon/src/iconx/fstr.c
v10/usr/src/cmd/icon/src/iconx/fstranl.c
v10/usr/src/cmd/icon/src/iconx/fstruct.c
v10/usr/src/cmd/icon/src/iconx/fsys.c
v10/usr/src/cmd/icon/src/iconx/gc.h
v10/usr/src/cmd/icon/src/iconx/idata.c
v10/usr/src/cmd/icon/src/iconx/imain.c
v10/usr/src/cmd/icon/src/iconx/interp.c
v10/usr/src/cmd/icon/src/iconx/invoke.c
v10/usr/src/cmd/icon/src/iconx/lmisc.c
v10/usr/src/cmd/icon/src/iconx/lrec.c
v10/usr/src/cmd/icon/src/iconx/lscan.c
v10/usr/src/cmd/icon/src/iconx/oarith.c
v10/usr/src/cmd/icon/src/iconx/oasgn.c
v10/usr/src/cmd/icon/src/iconx/ocat.c
v10/usr/src/cmd/icon/src/iconx/ocomp.c
v10/usr/src/cmd/icon/src/iconx/omisc.c
v10/usr/src/cmd/icon/src/iconx/oref.c
v10/usr/src/cmd/icon/src/iconx/oset.c
v10/usr/src/cmd/icon/src/iconx/ovalue.c
v10/usr/src/cmd/icon/src/iconx/rcomp.c
v10/usr/src/cmd/icon/src/iconx/rconv.c
v10/usr/src/cmd/icon/src/iconx/rdefault.c
v10/usr/src/cmd/icon/src/iconx/rdoasgn.c
v10/usr/src/cmd/icon/src/iconx/rmemmgt.c
v10/usr/src/cmd/icon/src/iconx/rmemmon.c
v10/usr/src/cmd/icon/src/iconx/rmisc.c
v10/usr/src/cmd/icon/src/iconx/rstruct.c
v10/usr/src/cmd/icon/src/iconx/rsys.c
