v10/usr/src/cmd/icon/src/link/builtin.c
v10/usr/src/cmd/icon/src/link/glob.c
v10/usr/src/cmd/icon/src/link/ilink.c
v10/usr/src/cmd/icon/src/link/ilink.h
v10/usr/src/cmd/icon/src/link/lcode.c
v10/usr/src/cmd/icon/src/link/llex.c
v10/usr/src/cmd/icon/src/link/lmem.c
v10/usr/src/cmd/icon/src/link/lsym.c
v10/usr/src/cmd/icon/src/link/opcode.c
v10/usr/src/cmd/icon/src/link/opcode.h
v10/usr/src/cmd/icon/src/tran/char.c
v10/usr/src/cmd/icon/src/tran/char.h
v10/usr/src/cmd/icon/src/tran/code.c
v10/usr/src/cmd/icon/src/tran/err.c
v10/usr/src/cmd/icon/src/tran/icon.g
v10/usr/src/cmd/icon/src/tran/itran.c
v10/usr/src/cmd/icon/src/tran/itran.h
v10/usr/src/cmd/icon/src/tran/keyword.c
v10/usr/src/cmd/icon/src/tran/keywords
v10/usr/src/cmd/icon/src/tran/lex.c
v10/usr/src/cmd/icon/src/tran/lex.h
v10/usr/src/cmd/icon/src/tran/lfile.h
v10/usr/src/cmd/icon/src/tran/lnklist.c
v10/usr/src/cmd/icon/src/tran/mem.c
v10/usr/src/cmd/icon/src/tran/mkkeytab.icn
v10/usr/src/cmd/icon/src/tran/mktoktab.icn
v10/usr/src/cmd/icon/src/tran/optab
v10/usr/src/cmd/icon/src/tran/optab.c
v10/usr/src/cmd/icon/src/tran/parse.c
v10/usr/src/cmd/icon/src/tran/pscript
v10/usr/src/cmd/icon/src/tran/sym.c
v10/usr/src/cmd/icon/src/tran/sym.h
v10/usr/src/cmd/icon/src/tran/token.h
v10/usr/src/cmd/icon/src/tran/tokens
v10/usr/src/cmd/icon/src/tran/toktab.c
v10/usr/src/cmd/icon/src/tran/tree.h
v10/usr/src/cmd/icon/src/tran/tstats.h
v10/usr/src/cmd/icon/tests/Cotest
v10/usr/src/cmd/icon/tests/Ipltest
v10/usr/src/cmd/icon/tests/Makefile
v10/usr/src/cmd/icon/tests/Pimake
v10/usr/src/cmd/icon/tests/Pitest
v10/usr/src/cmd/icon/tests/Test
v10/usr/src/cmd/icon/tests/Testd
v10/usr/src/cmd/icon/tests/btrees.dat
v10/usr/src/cmd/icon/tests/btrees.icn
v10/usr/src/cmd/icon/tests/check.icn
v10/usr/src/cmd/icon/tests/check.ls
v10/usr/src/cmd/icon/tests/coexpr.icn
v10/usr/src/cmd/icon/tests/collate.icn
v10/usr/src/cmd/icon/tests/cotest.icn
v10/usr/src/cmd/icon/tests/cross.dat
v10/usr/src/cmd/icon/tests/diffwords.dat
v10/usr/src/cmd/icon/tests/diffwords.icn
v10/usr/src/cmd/icon/tests/expr.ls
v10/usr/src/cmd/icon/tests/expr01.icn
v10/usr/src/cmd/icon/tests/expr02.icn
v10/usr/src/cmd/icon/tests/expr03.icn
v10/usr/src/cmd/icon/tests/expr04.icn
v10/usr/src/cmd/icon/tests/expr05.icn
v10/usr/src/cmd/icon/tests/expr06.icn
v10/usr/src/cmd/icon/tests/expr07.icn
v10/usr/src/cmd/icon/tests/expr08.icn
v10/usr/src/cmd/icon/tests/expr09.icn
v10/usr/src/cmd/icon/tests/expr10.icn
v10/usr/src/cmd/icon/tests/expr11.icn
v10/usr/src/cmd/icon/tests/expr12.icn
v10/usr/src/cmd/icon/tests/expr13.icn
v10/usr/src/cmd/icon/tests/expr14.icn
v10/usr/src/cmd/icon/tests/expr15.icn
v10/usr/src/cmd/icon/tests/expr16.icn
v10/usr/src/cmd/icon/tests/expr17.icn
v10/usr/src/cmd/icon/tests/expr18.icn
v10/usr/src/cmd/icon/tests/expr19.icn
v10/usr/src/cmd/icon/tests/expr20.icn
v10/usr/src/cmd/icon/tests/expr21.icn
v10/usr/src/cmd/icon/tests/expr22.icn
v10/usr/src/cmd/icon/tests/expr23.icn
v10/usr/src/cmd/icon/tests/expr24.icn
v10/usr/src/cmd/icon/tests/expr25.icn
v10/usr/src/cmd/icon/tests/expr26.icn
v10/usr/src/cmd/icon/tests/expr27.icn
v10/usr/src/cmd/icon/tests/expr28.icn
v10/usr/src/cmd/icon/tests/expr29.icn
v10/usr/src/cmd/icon/tests/expr30.icn
v10/usr/src/cmd/icon/tests/expr31.icn
v10/usr/src/cmd/icon/tests/expr32.icn
v10/usr/src/cmd/icon/tests/expr33.icn
v10/usr/src/cmd/icon/tests/expr34.icn
v10/usr/src/cmd/icon/tests/expr35.icn
v10/usr/src/cmd/icon/tests/expr36.icn
v10/usr/src/cmd/icon/tests/expr37.icn
v10/usr/src/cmd/icon/tests/expr38.icn
v10/usr/src/cmd/icon/tests/expr39.icn
v10/usr/src/cmd/icon/tests/expr40.icn
v10/usr/src/cmd/icon/tests/expr41.icn
v10/usr/src/cmd/icon/tests/expr42.icn
v10/usr/src/cmd/icon/tests/expr43.icn
v10/usr/src/cmd/icon/tests/expr44.icn
v10/usr/src/cmd/icon/tests/expr45.icn
v10/usr/src/cmd/icon/tests/expr46.icn
v10/usr/src/cmd/icon/tests/expr47.icn
v10/usr/src/cmd/icon/tests/expr48.icn
v10/usr/src/cmd/icon/tests/expr49.icn
v10/usr/src/cmd/icon/tests/expr50.icn
v10/usr/src/cmd/icon/tests/expr51.icn
v10/usr/src/cmd/icon/tests/expr52.icn
v10/usr/src/cmd/icon/tests/expr53.icn
v10/usr/src/cmd/icon/tests/expr54.icn
v10/usr/src/cmd/icon/tests/expr55.icn
v10/usr/src/cmd/icon/tests/expr56.icn
v10/usr/src/cmd/icon/tests/expr57.icn
v10/usr/src/cmd/icon/tests/expr58.icn
v10/usr/src/cmd/icon/tests/expr59.icn
v10/usr/src/cmd/icon/tests/expr60.icn
v10/usr/src/cmd/icon/tests/expr61.icn
v10/usr/src/cmd/icon/tests/expr62.icn
v10/usr/src/cmd/icon/tests/expr63.icn
v10/usr/src/cmd/icon/tests/expr64.icn
v10/usr/src/cmd/icon/tests/expr65.icn
v10/usr/src/cmd/icon/tests/expr66.icn
v10/usr/src/cmd/icon/tests/expr67.icn
v10/usr/src/cmd/icon/tests/expr68.icn
v10/usr/src/cmd/icon/tests/expr69.icn
v10/usr/src/cmd/icon/tests/expr70.icn
v10/usr/src/cmd/icon/tests/expr71.icn
v10/usr/src/cmd/icon/tests/expr72.icn
v10/usr/src/cmd/icon/tests/expr73.icn
v10/usr/src/cmd/icon/tests/expr74.icn
v10/usr/src/cmd/icon/tests/expr75.icn
v10/usr/src/cmd/icon/tests/expr76.icn
v10/usr/src/cmd/icon/tests/expr77.icn
v10/usr/src/cmd/icon/tests/expr78.icn
v10/usr/src/cmd/icon/tests/expr79.icn
v10/usr/src/cmd/icon/tests/expr80.icn
v10/usr/src/cmd/icon/tests/expr81.icn
v10/usr/src/cmd/icon/tests/expr82.icn
v10/usr/src/cmd/icon/tests/expr83.icn
v10/usr/src/cmd/icon/tests/expr84.icn
v10/usr/src/cmd/icon/tests/extra.ls
v10/usr/src/cmd/icon/tests/fdef.h
v10/usr/src/cmd/icon/tests/gc1.icn
v10/usr/src/cmd/icon/tests/gc2.icn
v10/usr/src/cmd/icon/tests/getenv.icn
v10/usr/src/cmd/icon/tests/icon.ls
v10/usr/src/cmd/icon/tests/iscope.icn
v10/usr/src/cmd/icon/tests/kross.dat
v10/usr/src/cmd/icon/tests/kross.icn
v10/usr/src/cmd/icon/tests/lcoexpr.ls
v10/usr/src/cmd/icon/tests/lgc.ls
v10/usr/src/cmd/icon/tests/lmodel.icn
v10/usr/src/cmd/icon/tests/lmodel.ls
v10/usr/src/cmd/icon/tests/math.icn
v10/usr/src/cmd/icon/tests/meander.dat
v10/usr/src/cmd/icon/tests/meander.icn
v10/usr/src/cmd/icon/tests/mem01.icn
v10/usr/src/cmd/icon/tests/mem02.icn
v10/usr/src/cmd/icon/tests/mindfa.dat
v10/usr/src/cmd/icon/tests/mindfa.icn
v10/usr/src/cmd/icon/tests/mkfile
v10/usr/src/cmd/icon/tests/over.ls
v10/usr/src/cmd/icon/tests/overa.icn
v10/usr/src/cmd/icon/tests/overm.icn
v10/usr/src/cmd/icon/tests/overs.icn
v10/usr/src/cmd/icon/tests/pdae.icn
v10/usr/src/cmd/icon/tests/pdco.icn
v10/usr/src/cmd/icon/tests/permute.dat
v10/usr/src/cmd/icon/tests/permute.icn
v10/usr/src/cmd/icon/tests/pi.ls
v10/usr/src/cmd/icon/tests/prefix.dat
v10/usr/src/cmd/icon/tests/prefix.icn
v10/usr/src/cmd/icon/tests/proto.icn
v10/usr/src/cmd/icon/tests/queens.icn
v10/usr/src/cmd/icon/tests/recogn.dat
v10/usr/src/cmd/icon/tests/recogn.icn
v10/usr/src/cmd/icon/tests/roman.dat
v10/usr/src/cmd/icon/tests/roman.icn
v10/usr/src/cmd/icon/tests/scoexpr.ls
v10/usr/src/cmd/icon/tests/seek.icn
v10/usr/src/cmd/icon/tests/seqimage.dat
v10/usr/src/cmd/icon/tests/seqimage.icn
v10/usr/src/cmd/icon/tests/seqtest.icn
v10/usr/src/cmd/icon/tests/sgc.ls
v10/usr/src/cmd/icon/tests/sieve.dat
v10/usr/src/cmd/icon/tests/sieve.icn
v10/usr/src/cmd/icon/tests/smodel.icn
v10/usr/src/cmd/icon/tests/smodel.ls
v10/usr/src/cmd/icon/tests/speller.dat
v10/usr/src/cmd/icon/tests/speller.icn
v10/usr/src/cmd/icon/tests/starbrite.icn
v10/usr/src/cmd/icon/tests/tbold.icn
v10/usr/src/cmd/icon/tests/tgener.icn
v10/usr/src/cmd/icon/tests/tracer.icn
v10/usr/src/cmd/icon/tests/trig.icn
v10/usr/src/cmd/icon/tests/wordcount.dat
v10/usr/src/cmd/icon/tests/wordcount.icn
v10/usr/src/cmd/icon/tests/work.ls
v10/usr/src/cmd/icon/tests/local/.placeholder
