v10/usr/src/cmd/icon/tests/stand/bold.out
v10/usr/src/cmd/icon/tests/stand/btrees.out
v10/usr/src/cmd/icon/tests/stand/check.out
v10/usr/src/cmd/icon/tests/stand/coexpr.out
v10/usr/src/cmd/icon/tests/stand/collate.out
v10/usr/src/cmd/icon/tests/stand/cotest.out
v10/usr/src/cmd/icon/tests/stand/cross.out
v10/usr/src/cmd/icon/tests/stand/csgen.out
v10/usr/src/cmd/icon/tests/stand/diffwords.out
v10/usr/src/cmd/icon/tests/stand/expr01.out
v10/usr/src/cmd/icon/tests/stand/expr02.out
v10/usr/src/cmd/icon/tests/stand/expr03.out
v10/usr/src/cmd/icon/tests/stand/expr04.out
v10/usr/src/cmd/icon/tests/stand/expr05.out
v10/usr/src/cmd/icon/tests/stand/expr06.out
v10/usr/src/cmd/icon/tests/stand/expr07.out
v10/usr/src/cmd/icon/tests/stand/expr08.out
v10/usr/src/cmd/icon/tests/stand/expr09.out
v10/usr/src/cmd/icon/tests/stand/expr10.out
v10/usr/src/cmd/icon/tests/stand/expr11.out
v10/usr/src/cmd/icon/tests/stand/expr12.out
v10/usr/src/cmd/icon/tests/stand/expr13.out
v10/usr/src/cmd/icon/tests/stand/expr14.out
v10/usr/src/cmd/icon/tests/stand/expr15.out
v10/usr/src/cmd/icon/tests/stand/expr16.out
v10/usr/src/cmd/icon/tests/stand/expr17.out
v10/usr/src/cmd/icon/tests/stand/expr18.out
v10/usr/src/cmd/icon/tests/stand/expr19.out
v10/usr/src/cmd/icon/tests/stand/expr20.out
v10/usr/src/cmd/icon/tests/stand/expr21.out
v10/usr/src/cmd/icon/tests/stand/expr22.out
v10/usr/src/cmd/icon/tests/stand/expr23.out
v10/usr/src/cmd/icon/tests/stand/expr24.out
v10/usr/src/cmd/icon/tests/stand/expr25.out
v10/usr/src/cmd/icon/tests/stand/expr26.out
v10/usr/src/cmd/icon/tests/stand/expr27.out
v10/usr/src/cmd/icon/tests/stand/expr28.out
v10/usr/src/cmd/icon/tests/stand/expr29.out
v10/usr/src/cmd/icon/tests/stand/expr30.out
v10/usr/src/cmd/icon/tests/stand/expr31.out
v10/usr/src/cmd/icon/tests/stand/expr32.out
v10/usr/src/cmd/icon/tests/stand/expr33.out
v10/usr/src/cmd/icon/tests/stand/expr34.out
v10/usr/src/cmd/icon/tests/stand/expr35.out
v10/usr/src/cmd/icon/tests/stand/expr36.out
v10/usr/src/cmd/icon/tests/stand/expr37.out
v10/usr/src/cmd/icon/tests/stand/expr38.out
v10/usr/src/cmd/icon/tests/stand/expr39.out
v10/usr/src/cmd/icon/tests/stand/expr40.out
v10/usr/src/cmd/icon/tests/stand/expr41.out
v10/usr/src/cmd/icon/tests/stand/expr42.out
v10/usr/src/cmd/icon/tests/stand/expr43.out
v10/usr/src/cmd/icon/tests/stand/expr44.out
v10/usr/src/cmd/icon/tests/stand/expr45.out
v10/usr/src/cmd/icon/tests/stand/expr46.out
v10/usr/src/cmd/icon/tests/stand/expr47.out
v10/usr/src/cmd/icon/tests/stand/expr48.out
v10/usr/src/cmd/icon/tests/stand/expr49.out
v10/usr/src/cmd/icon/tests/stand/expr50.out
v10/usr/src/cmd/icon/tests/stand/expr51.out
v10/usr/src/cmd/icon/tests/stand/expr52.out
v10/usr/src/cmd/icon/tests/stand/expr53.out
v10/usr/src/cmd/icon/tests/stand/expr54.out
v10/usr/src/cmd/icon/tests/stand/expr55.out
v10/usr/src/cmd/icon/tests/stand/expr56.out
v10/usr/src/cmd/icon/tests/stand/expr57.out
v10/usr/src/cmd/icon/tests/stand/expr58.out
v10/usr/src/cmd/icon/tests/stand/expr59.out
v10/usr/src/cmd/icon/tests/stand/expr60.out
v10/usr/src/cmd/icon/tests/stand/expr61.out
v10/usr/src/cmd/icon/tests/stand/expr62.out
v10/usr/src/cmd/icon/tests/stand/expr63.out
v10/usr/src/cmd/icon/tests/stand/expr64.out
v10/usr/src/cmd/icon/tests/stand/expr65.out
v10/usr/src/cmd/icon/tests/stand/expr66.out
v10/usr/src/cmd/icon/tests/stand/expr67.out
v10/usr/src/cmd/icon/tests/stand/expr68.out
v10/usr/src/cmd/icon/tests/stand/expr69.out
v10/usr/src/cmd/icon/tests/stand/expr70.out
v10/usr/src/cmd/icon/tests/stand/expr71.out
v10/usr/src/cmd/icon/tests/stand/expr72.out
v10/usr/src/cmd/icon/tests/stand/expr73.out
v10/usr/src/cmd/icon/tests/stand/expr74.out
v10/usr/src/cmd/icon/tests/stand/expr75.out
v10/usr/src/cmd/icon/tests/stand/expr76.out
v10/usr/src/cmd/icon/tests/stand/expr77.out
v10/usr/src/cmd/icon/tests/stand/expr78.out
v10/usr/src/cmd/icon/tests/stand/expr79.out
v10/usr/src/cmd/icon/tests/stand/expr80.out
v10/usr/src/cmd/icon/tests/stand/expr81.out
v10/usr/src/cmd/icon/tests/stand/expr82.out
v10/usr/src/cmd/icon/tests/stand/expr83.out
v10/usr/src/cmd/icon/tests/stand/expr84.out
v10/usr/src/cmd/icon/tests/stand/gc1.out
v10/usr/src/cmd/icon/tests/stand/gc2.out
v10/usr/src/cmd/icon/tests/stand/gener.out
v10/usr/src/cmd/icon/tests/stand/getenv.out
v10/usr/src/cmd/icon/tests/stand/iscope.out
v10/usr/src/cmd/icon/tests/stand/kross.out
v10/usr/src/cmd/icon/tests/stand/lmodel.out
v10/usr/src/cmd/icon/tests/stand/math.out
v10/usr/src/cmd/icon/tests/stand/meander.out
v10/usr/src/cmd/icon/tests/stand/mem01.out
v10/usr/src/cmd/icon/tests/stand/mem02.out
v10/usr/src/cmd/icon/tests/stand/mindfa.out
v10/usr/src/cmd/icon/tests/stand/overa.out
v10/usr/src/cmd/icon/tests/stand/overm.out
v10/usr/src/cmd/icon/tests/stand/overs.out
v10/usr/src/cmd/icon/tests/stand/pdae.out
v10/usr/src/cmd/icon/tests/stand/pdco.out
v10/usr/src/cmd/icon/tests/stand/permute.out
v10/usr/src/cmd/icon/tests/stand/prefix.out
v10/usr/src/cmd/icon/tests/stand/proto.out
v10/usr/src/cmd/icon/tests/stand/recogn.out
v10/usr/src/cmd/icon/tests/stand/roman.out
v10/usr/src/cmd/icon/tests/stand/rsg.out
v10/usr/src/cmd/icon/tests/stand/seek.out
v10/usr/src/cmd/icon/tests/stand/seqimage.out
v10/usr/src/cmd/icon/tests/stand/seqtest.out
v10/usr/src/cmd/icon/tests/stand/sieve.out
v10/usr/src/cmd/icon/tests/stand/smodel.out
v10/usr/src/cmd/icon/tests/stand/speller.out
v10/usr/src/cmd/icon/tests/stand/starbrite.out
v10/usr/src/cmd/icon/tests/stand/tracer.out
v10/usr/src/cmd/icon/tests/stand/trig.out
v10/usr/src/cmd/icon/tests/stand/wordcount.out
v10/usr/src/cmd/ideal/RAW_FORMAT
v10/usr/src/cmd/ideal/README
v10/usr/src/cmd/ideal/action.c
v10/usr/src/cmd/ideal/bldds.c
v10/usr/src/cmd/ideal/exprn.c
v10/usr/src/cmd/ideal/ideal.c
v10/usr/src/cmd/ideal/ideal.cmd
v10/usr/src/cmd/ideal/ideal.h
v10/usr/src/cmd/ideal/idlex.l
v10/usr/src/cmd/ideal/idyac.y
v10/usr/src/cmd/ideal/inter.c
v10/usr/src/cmd/ideal/makefile
v10/usr/src/cmd/ideal/manpage
v10/usr/src/cmd/ideal/memut.c
v10/usr/src/cmd/ideal/mkfile
v10/usr/src/cmd/ideal/opaque.c
v10/usr/src/cmd/ideal/opqpoly.c
v10/usr/src/cmd/ideal/piece.c
v10/usr/src/cmd/ideal/simul.c
v10/usr/src/cmd/ideal/stdas.h
v10/usr/src/cmd/ideal/util.c
v10/usr/src/cmd/ideal/y.tab.h
v10/usr/src/cmd/ideal/idfilt/202.c
v10/usr/src/cmd/ideal/idfilt/4014.c
v10/usr/src/cmd/ideal/idfilt/cv.c
v10/usr/src/cmd/ideal/idfilt/dot
v10/usr/src/cmd/ideal/idfilt/iderq.c
v10/usr/src/cmd/ideal/idfilt/idfilt.c
v10/usr/src/cmd/ideal/idfilt/idfilt.h
v10/usr/src/cmd/ideal/idfilt/idsort.c
v10/usr/src/cmd/ideal/idfilt/jdeal.c
v10/usr/src/cmd/ideal/idfilt/makefile
v10/usr/src/cmd/ideal/idfilt/mkfile
v10/usr/src/cmd/ideal/idfilt/pout.c
v10/usr/src/cmd/ideal/idfilt/texfilt.c
v10/usr/src/cmd/ideal/idfilt/tfilt.c
v10/usr/src/cmd/ideal/lib/a
v10/usr/src/cmd/ideal/lib/arc
v10/usr/src/cmd/ideal/lib/arrow
v10/usr/src/cmd/ideal/lib/bar
v10/usr/src/cmd/ideal/lib/c
v10/usr/src/cmd/ideal/lib/circle
v10/usr/src/cmd/ideal/lib/dash
v10/usr/src/cmd/ideal/lib/dashed
v10/usr/src/cmd/ideal/lib/dragfile
v10/usr/src/cmd/ideal/lib/hole
v10/usr/src/cmd/ideal/lib/rect
v10/usr/src/cmd/ideal/lib/u_ARC
v10/usr/src/cmd/ideal/lib/u_CIRCLE
v10/usr/src/cmd/ideal/lib/u_u_Arc
v10/usr/src/cmd/ideal/lib/wavy
