v10/usr/src/cmd/ideal/tests/al1.i
v10/usr/src/cmd/ideal/tests/al1.new
v10/usr/src/cmd/ideal/tests/al1.out
v10/usr/src/cmd/ideal/tests/al2.i
v10/usr/src/cmd/ideal/tests/al2.new
v10/usr/src/cmd/ideal/tests/al2.out
v10/usr/src/cmd/ideal/tests/al3.i
v10/usr/src/cmd/ideal/tests/al3.new
v10/usr/src/cmd/ideal/tests/al3.out
v10/usr/src/cmd/ideal/tests/arcs.i
v10/usr/src/cmd/ideal/tests/arcs.new
v10/usr/src/cmd/ideal/tests/arcs.out
v10/usr/src/cmd/ideal/tests/arrow.i
v10/usr/src/cmd/ideal/tests/arrow.new
v10/usr/src/cmd/ideal/tests/arrow.out
v10/usr/src/cmd/ideal/tests/boxes.i
v10/usr/src/cmd/ideal/tests/boxes.new
v10/usr/src/cmd/ideal/tests/boxes.out
v10/usr/src/cmd/ideal/tests/boxgrid.i
v10/usr/src/cmd/ideal/tests/boxgrid.new
v10/usr/src/cmd/ideal/tests/boxgrid.out
v10/usr/src/cmd/ideal/tests/bud.i
v10/usr/src/cmd/ideal/tests/bud.new
v10/usr/src/cmd/ideal/tests/bud.out
v10/usr/src/cmd/ideal/tests/buda.i
v10/usr/src/cmd/ideal/tests/buda.new
v10/usr/src/cmd/ideal/tests/buda.out
v10/usr/src/cmd/ideal/tests/camel.i
v10/usr/src/cmd/ideal/tests/camel.new
v10/usr/src/cmd/ideal/tests/camel.out
v10/usr/src/cmd/ideal/tests/circles.i
v10/usr/src/cmd/ideal/tests/circles.new
v10/usr/src/cmd/ideal/tests/circles.out
v10/usr/src/cmd/ideal/tests/fan.i
v10/usr/src/cmd/ideal/tests/fan.new
v10/usr/src/cmd/ideal/tests/fan.out
v10/usr/src/cmd/ideal/tests/horn.i
v10/usr/src/cmd/ideal/tests/horn.new
v10/usr/src/cmd/ideal/tests/horn.out
v10/usr/src/cmd/ideal/tests/horna.i
v10/usr/src/cmd/ideal/tests/horna.new
v10/usr/src/cmd/ideal/tests/horna.out
v10/usr/src/cmd/ideal/tests/norm.i
v10/usr/src/cmd/ideal/tests/norm.new
v10/usr/src/cmd/ideal/tests/norm.out
v10/usr/src/cmd/ideal/tests/opqcirc.i
v10/usr/src/cmd/ideal/tests/opqcirc.new
v10/usr/src/cmd/ideal/tests/opqcirc.out
v10/usr/src/cmd/ideal/tests/pa.i
v10/usr/src/cmd/ideal/tests/pa.new
v10/usr/src/cmd/ideal/tests/pa.out
v10/usr/src/cmd/ideal/tests/pa2.i
v10/usr/src/cmd/ideal/tests/pa2.new
v10/usr/src/cmd/ideal/tests/pa2.out
v10/usr/src/cmd/ideal/tests/pc.i
v10/usr/src/cmd/ideal/tests/pc.new
v10/usr/src/cmd/ideal/tests/pc.out
v10/usr/src/cmd/ideal/tests/pen.i
v10/usr/src/cmd/ideal/tests/pen.new
v10/usr/src/cmd/ideal/tests/pen.out
v10/usr/src/cmd/ideal/tests/pents.i
v10/usr/src/cmd/ideal/tests/pents.new
v10/usr/src/cmd/ideal/tests/pents.out
v10/usr/src/cmd/ideal/tests/pl.i
v10/usr/src/cmd/ideal/tests/pl.new
v10/usr/src/cmd/ideal/tests/pl.out
v10/usr/src/cmd/ideal/tests/rect.i
v10/usr/src/cmd/ideal/tests/rect.new
v10/usr/src/cmd/ideal/tests/rect.out
v10/usr/src/cmd/ideal/tests/regress
v10/usr/src/cmd/ideal/tests/rotsq.i
v10/usr/src/cmd/ideal/tests/rotsq.new
v10/usr/src/cmd/ideal/tests/rotsq.out
v10/usr/src/cmd/ideal/tests/tree.i
v10/usr/src/cmd/ideal/tests/tree.new
v10/usr/src/cmd/ideal/tests/tree.out
v10/usr/src/cmd/imscan/I_lut.h
v10/usr/src/cmd/imscan/imscan.c
v10/usr/src/cmd/imscan/makefile
v10/usr/src/cmd/imscan/mkfile
v10/usr/src/cmd/ipa/README
v10/usr/src/cmd/ipa/alpha-ipa.tbl
v10/usr/src/cmd/ipa/cons.tbl
v10/usr/src/cmd/ipa/english.tbl
v10/usr/src/cmd/ipa/ipa
v10/usr/src/cmd/ipa/ipa-font.tbl
v10/usr/src/cmd/ipa/ipa_input
v10/usr/src/cmd/ipa/ipa_key
v10/usr/src/cmd/ipa/ipa_trans.lex
v10/usr/src/cmd/ipa/makefile
v10/usr/src/cmd/ipa/mkfile
v10/usr/src/cmd/ipa/vow.tbl
v10/usr/src/cmd/join/join.c
v10/usr/src/cmd/join/mkfile
v10/usr/src/cmd/kasb/a.out.h
v10/usr/src/cmd/kasb/aouthdr.h
v10/usr/src/cmd/kasb/filehdr.h
v10/usr/src/cmd/kasb/kas.h
v10/usr/src/cmd/kasb/kas0.l
v10/usr/src/cmd/kasb/kas0.y
v10/usr/src/cmd/kasb/kas1.c
v10/usr/src/cmd/kasb/kas2.c
v10/usr/src/cmd/kasb/kas3.c
v10/usr/src/cmd/kasb/linenum.h
v10/usr/src/cmd/kasb/makefile
v10/usr/src/cmd/kasb/mkfile
v10/usr/src/cmd/kasb/reloc.h
v10/usr/src/cmd/kasb/scnhdr.h
v10/usr/src/cmd/kasb/storclass.h
v10/usr/src/cmd/kasb/syms.h
v10/usr/src/cmd/lcc/LOG
v10/usr/src/cmd/lcc/README
