v10/usr/src/cmd/lcc/c/c.h
v10/usr/src/cmd/lcc/c/dag.c
v10/usr/src/cmd/lcc/c/decl.c
v10/usr/src/cmd/lcc/c/enode.c
v10/usr/src/cmd/lcc/c/error.c
v10/usr/src/cmd/lcc/c/eval.c
v10/usr/src/cmd/lcc/c/expr.c
v10/usr/src/cmd/lcc/c/init.c
v10/usr/src/cmd/lcc/c/input.c
v10/usr/src/cmd/lcc/c/keywords.h
v10/usr/src/cmd/lcc/c/lex.c
v10/usr/src/cmd/lcc/c/main.c
v10/usr/src/cmd/lcc/c/makefile
v10/usr/src/cmd/lcc/c/mkfile
v10/usr/src/cmd/lcc/c/ops.h
v10/usr/src/cmd/lcc/c/ops2.h
v10/usr/src/cmd/lcc/c/output.c
v10/usr/src/cmd/lcc/c/profio.c
v10/usr/src/cmd/lcc/c/simp.c
v10/usr/src/cmd/lcc/c/stmt.c
v10/usr/src/cmd/lcc/c/string.c
v10/usr/src/cmd/lcc/c/sym.c
v10/usr/src/cmd/lcc/c/token.h
v10/usr/src/cmd/lcc/c/token2.h
v10/usr/src/cmd/lcc/c/tree.c
v10/usr/src/cmd/lcc/c/types.c
v10/usr/src/cmd/lcc/c/version.h
