v10/usr/src/cmd/lcc/etc/apebowell.c
v10/usr/src/cmd/lcc/etc/apepyxis.c
v10/usr/src/cmd/lcc/etc/apetempel.c
v10/usr/src/cmd/lcc/etc/austin.c
v10/usr/src/cmd/lcc/etc/bbexit.c
v10/usr/src/cmd/lcc/etc/bogey.c
v10/usr/src/cmd/lcc/etc/bowell.c
v10/usr/src/cmd/lcc/etc/bprint.1
v10/usr/src/cmd/lcc/etc/bprint.c
v10/usr/src/cmd/lcc/etc/cc.1
v10/usr/src/cmd/lcc/etc/cetus.c
v10/usr/src/cmd/lcc/etc/coma.c
v10/usr/src/cmd/lcc/etc/config.c
v10/usr/src/cmd/lcc/etc/cs.c
v10/usr/src/cmd/lcc/etc/decmserver.c
v10/usr/src/cmd/lcc/etc/elan.c
v10/usr/src/cmd/lcc/etc/eros.c
v10/usr/src/cmd/lcc/etc/euterp.c
v10/usr/src/cmd/lcc/etc/ffserver.c
v10/usr/src/cmd/lcc/etc/float.c
v10/usr/src/cmd/lcc/etc/hart.c
v10/usr/src/cmd/lcc/etc/hunny.c
v10/usr/src/cmd/lcc/etc/hydra.c
v10/usr/src/cmd/lcc/etc/install.tex
v10/usr/src/cmd/lcc/etc/io.c
v10/usr/src/cmd/lcc/etc/iota.c
v10/usr/src/cmd/lcc/etc/irisserver.c
v10/usr/src/cmd/lcc/etc/isavax.c
v10/usr/src/cmd/lcc/etc/k2.c
v10/usr/src/cmd/lcc/etc/keywords.c
v10/usr/src/cmd/lcc/etc/lcc.1
v10/usr/src/cmd/lcc/etc/lcc.1.bak
v10/usr/src/cmd/lcc/etc/lcc.c
v10/usr/src/cmd/lcc/etc/lotus.c
v10/usr/src/cmd/lcc/etc/makefile
v10/usr/src/cmd/lcc/etc/mc-next.c
v10/usr/src/cmd/lcc/etc/mc-sun.c
v10/usr/src/cmd/lcc/etc/mips-mips.c
v10/usr/src/cmd/lcc/etc/mips-ultrix.c
v10/usr/src/cmd/lcc/etc/mips_ultrix.c
v10/usr/src/cmd/lcc/etc/mkfile
v10/usr/src/cmd/lcc/etc/mtkato.c
v10/usr/src/cmd/lcc/etc/nassau.c
v10/usr/src/cmd/lcc/etc/nextserver.c
v10/usr/src/cmd/lcc/etc/oyoy.c
v10/usr/src/cmd/lcc/etc/phoenix.c
v10/usr/src/cmd/lcc/etc/python.c
v10/usr/src/cmd/lcc/etc/pyxis.c
v10/usr/src/cmd/lcc/etc/quetzal.c
v10/usr/src/cmd/lcc/etc/realvax.c
v10/usr/src/cmd/lcc/etc/shamash.c
v10/usr/src/cmd/lcc/etc/snowbird.c
v10/usr/src/cmd/lcc/etc/sunserver.c
v10/usr/src/cmd/lcc/etc/tempel.c
v10/usr/src/cmd/lcc/etc/thumper.c
v10/usr/src/cmd/lcc/etc/toucan.c
v10/usr/src/cmd/lcc/etc/vax-bsd.c
v10/usr/src/cmd/lcc/etc/walnut.c
v10/usr/src/cmd/lcc/etc/whitted.c
v10/usr/src/cmd/lcc/gen0/config.h
v10/usr/src/cmd/lcc/gen0/gen.c
v10/usr/src/cmd/lcc/gen0/makefile
v10/usr/src/cmd/lcc/gen0/mkfile
v10/usr/src/cmd/lcc/gen0/run
v10/usr/src/cmd/lcc/gen2/config.h
v10/usr/src/cmd/lcc/gen2/dag.s
v10/usr/src/cmd/lcc/gen2/gen.c
v10/usr/src/cmd/lcc/gen2/gen.h
v10/usr/src/cmd/lcc/gen2/makefile
v10/usr/src/cmd/lcc/gen2/mkfile
v10/usr/src/cmd/lcc/gen2/run
v10/usr/src/cmd/lcc/gen2/stabbsd.c
v10/usr/src/cmd/lcc/gen2/stabstub.c
