v10/usr/src/cmd/lcc/gen2/mc-sun/tst/8q.1.bak
v10/usr/src/cmd/lcc/gen2/mc-sun/tst/8q.2
v10/usr/src/cmd/lcc/gen2/mc-sun/tst/8q.s
v10/usr/src/cmd/lcc/gen2/mc-sun/tst/8q.s.bak
v10/usr/src/cmd/lcc/gen2/mc-sun/tst/array.1.bak
v10/usr/src/cmd/lcc/gen2/mc-sun/tst/array.2
v10/usr/src/cmd/lcc/gen2/mc-sun/tst/array.s
v10/usr/src/cmd/lcc/gen2/mc-sun/tst/array.s.bak
v10/usr/src/cmd/lcc/gen2/mc-sun/tst/cf.1.bak
v10/usr/src/cmd/lcc/gen2/mc-sun/tst/cf.2
v10/usr/src/cmd/lcc/gen2/mc-sun/tst/cf.s
v10/usr/src/cmd/lcc/gen2/mc-sun/tst/cf.s.bak
v10/usr/src/cmd/lcc/gen2/mc-sun/tst/cq.1.bak
v10/usr/src/cmd/lcc/gen2/mc-sun/tst/cq.2
v10/usr/src/cmd/lcc/gen2/mc-sun/tst/cq.s
v10/usr/src/cmd/lcc/gen2/mc-sun/tst/cq.s.bak
v10/usr/src/cmd/lcc/gen2/mc-sun/tst/cvt.1.bak
v10/usr/src/cmd/lcc/gen2/mc-sun/tst/cvt.2
v10/usr/src/cmd/lcc/gen2/mc-sun/tst/cvt.s
v10/usr/src/cmd/lcc/gen2/mc-sun/tst/cvt.s.bak
v10/usr/src/cmd/lcc/gen2/mc-sun/tst/fields.1.bak
v10/usr/src/cmd/lcc/gen2/mc-sun/tst/fields.2
v10/usr/src/cmd/lcc/gen2/mc-sun/tst/fields.s
v10/usr/src/cmd/lcc/gen2/mc-sun/tst/fields.s.bak
v10/usr/src/cmd/lcc/gen2/mc-sun/tst/front.1.bak
v10/usr/src/cmd/lcc/gen2/mc-sun/tst/front.2
v10/usr/src/cmd/lcc/gen2/mc-sun/tst/front.s
v10/usr/src/cmd/lcc/gen2/mc-sun/tst/front.s.bak
v10/usr/src/cmd/lcc/gen2/mc-sun/tst/incr.1.bak
v10/usr/src/cmd/lcc/gen2/mc-sun/tst/incr.2
v10/usr/src/cmd/lcc/gen2/mc-sun/tst/incr.s
v10/usr/src/cmd/lcc/gen2/mc-sun/tst/incr.s.bak
v10/usr/src/cmd/lcc/gen2/mc-sun/tst/init.1.bak
v10/usr/src/cmd/lcc/gen2/mc-sun/tst/init.2
v10/usr/src/cmd/lcc/gen2/mc-sun/tst/init.s
v10/usr/src/cmd/lcc/gen2/mc-sun/tst/init.s.bak
v10/usr/src/cmd/lcc/gen2/mc-sun/tst/limits.1.bak
v10/usr/src/cmd/lcc/gen2/mc-sun/tst/limits.2
v10/usr/src/cmd/lcc/gen2/mc-sun/tst/limits.s
v10/usr/src/cmd/lcc/gen2/mc-sun/tst/limits.s.bak
v10/usr/src/cmd/lcc/gen2/mc-sun/tst/paranoia.1.bak
v10/usr/src/cmd/lcc/gen2/mc-sun/tst/paranoia.2
