v10/usr/src/cmd/lcc/gen2/mc-sun/tst/paranoia.s
v10/usr/src/cmd/lcc/gen2/mc-sun/tst/paranoia.s.bak
v10/usr/src/cmd/lcc/gen2/mc-sun/tst/sort.1.bak
v10/usr/src/cmd/lcc/gen2/mc-sun/tst/sort.2
v10/usr/src/cmd/lcc/gen2/mc-sun/tst/sort.s
v10/usr/src/cmd/lcc/gen2/mc-sun/tst/sort.s.bak
v10/usr/src/cmd/lcc/gen2/mc-sun/tst/spill.1.bak
v10/usr/src/cmd/lcc/gen2/mc-sun/tst/spill.2
v10/usr/src/cmd/lcc/gen2/mc-sun/tst/spill.s
v10/usr/src/cmd/lcc/gen2/mc-sun/tst/spill.s.bak
v10/usr/src/cmd/lcc/gen2/mc-sun/tst/stdarg.1.bak
v10/usr/src/cmd/lcc/gen2/mc-sun/tst/stdarg.2
v10/usr/src/cmd/lcc/gen2/mc-sun/tst/stdarg.s
v10/usr/src/cmd/lcc/gen2/mc-sun/tst/stdarg.s.bak
v10/usr/src/cmd/lcc/gen2/mc-sun/tst/struct.1.bak
v10/usr/src/cmd/lcc/gen2/mc-sun/tst/struct.2
v10/usr/src/cmd/lcc/gen2/mc-sun/tst/struct.s
v10/usr/src/cmd/lcc/gen2/mc-sun/tst/struct.s.bak
v10/usr/src/cmd/lcc/gen2/mc-sun/tst/switch.1.bak
v10/usr/src/cmd/lcc/gen2/mc-sun/tst/switch.2
v10/usr/src/cmd/lcc/gen2/mc-sun/tst/switch.s
v10/usr/src/cmd/lcc/gen2/mc-sun/tst/switch.s.bak
v10/usr/src/cmd/lcc/gen2/mc-sun/tst/wf1.1.bak
v10/usr/src/cmd/lcc/gen2/mc-sun/tst/wf1.2
v10/usr/src/cmd/lcc/gen2/mc-sun/tst/wf1.s
v10/usr/src/cmd/lcc/gen2/mc-sun/tst/wf1.s.bak
v10/usr/src/cmd/lcc/gen2/mc-sun/tst/yacc.1.bak
v10/usr/src/cmd/lcc/gen2/mc-sun/tst/yacc.2
v10/usr/src/cmd/lcc/gen2/mc-sun/tst/yacc.s
v10/usr/src/cmd/lcc/gen2/mc-sun/tst/yacc.s.bak
