v10/usr/src/cmd/lcc/gen2/mc/tst/8q.1.bak
v10/usr/src/cmd/lcc/gen2/mc/tst/8q.s.bak
v10/usr/src/cmd/lcc/gen2/mc/tst/array.1.bak
v10/usr/src/cmd/lcc/gen2/mc/tst/array.s.bak
v10/usr/src/cmd/lcc/gen2/mc/tst/cf.1.bak
v10/usr/src/cmd/lcc/gen2/mc/tst/cf.s.bak
v10/usr/src/cmd/lcc/gen2/mc/tst/cq.1.bak
v10/usr/src/cmd/lcc/gen2/mc/tst/cq.s.bak
v10/usr/src/cmd/lcc/gen2/mc/tst/cvt.1.bak
v10/usr/src/cmd/lcc/gen2/mc/tst/cvt.s.bak
v10/usr/src/cmd/lcc/gen2/mc/tst/fields.1.bak
v10/usr/src/cmd/lcc/gen2/mc/tst/fields.s.bak
v10/usr/src/cmd/lcc/gen2/mc/tst/front.1.bak
v10/usr/src/cmd/lcc/gen2/mc/tst/front.s.bak
v10/usr/src/cmd/lcc/gen2/mc/tst/incr.1.bak
v10/usr/src/cmd/lcc/gen2/mc/tst/incr.s.bak
v10/usr/src/cmd/lcc/gen2/mc/tst/init.1.bak
v10/usr/src/cmd/lcc/gen2/mc/tst/init.s.bak
v10/usr/src/cmd/lcc/gen2/mc/tst/limits.1.bak
v10/usr/src/cmd/lcc/gen2/mc/tst/limits.s.bak
v10/usr/src/cmd/lcc/gen2/mc/tst/paranoia.1.bak
v10/usr/src/cmd/lcc/gen2/mc/tst/paranoia.s.bak
v10/usr/src/cmd/lcc/gen2/mc/tst/sort.1.bak
v10/usr/src/cmd/lcc/gen2/mc/tst/sort.s.bak
v10/usr/src/cmd/lcc/gen2/mc/tst/spill.1.bak
v10/usr/src/cmd/lcc/gen2/mc/tst/spill.s.bak
v10/usr/src/cmd/lcc/gen2/mc/tst/stdarg.1.bak
v10/usr/src/cmd/lcc/gen2/mc/tst/stdarg.s.bak
v10/usr/src/cmd/lcc/gen2/mc/tst/struct.1.bak
v10/usr/src/cmd/lcc/gen2/mc/tst/struct.s.bak
v10/usr/src/cmd/lcc/gen2/mc/tst/switch.1.bak
v10/usr/src/cmd/lcc/gen2/mc/tst/switch.s.bak
v10/usr/src/cmd/lcc/gen2/mc/tst/wf1.1.bak
v10/usr/src/cmd/lcc/gen2/mc/tst/wf1.s.bak
v10/usr/src/cmd/lcc/gen2/mc/tst/yacc.1.bak
v10/usr/src/cmd/lcc/gen2/mc/tst/yacc.s.bak
