v10/usr/src/cmd/lcc/gen2/mips-iris/tst/8q.1.bak
v10/usr/src/cmd/lcc/gen2/mips-iris/tst/8q.2
v10/usr/src/cmd/lcc/gen2/mips-iris/tst/8q.s
v10/usr/src/cmd/lcc/gen2/mips-iris/tst/8q.s.bak
v10/usr/src/cmd/lcc/gen2/mips-iris/tst/array.1.bak
v10/usr/src/cmd/lcc/gen2/mips-iris/tst/array.2
v10/usr/src/cmd/lcc/gen2/mips-iris/tst/array.s
v10/usr/src/cmd/lcc/gen2/mips-iris/tst/array.s.bak
v10/usr/src/cmd/lcc/gen2/mips-iris/tst/cf.1
v10/usr/src/cmd/lcc/gen2/mips-iris/tst/cf.1.bak
v10/usr/src/cmd/lcc/gen2/mips-iris/tst/cf.2
v10/usr/src/cmd/lcc/gen2/mips-iris/tst/cf.s
v10/usr/src/cmd/lcc/gen2/mips-iris/tst/cf.s.bak
v10/usr/src/cmd/lcc/gen2/mips-iris/tst/cq.1.bak
v10/usr/src/cmd/lcc/gen2/mips-iris/tst/cq.2
v10/usr/src/cmd/lcc/gen2/mips-iris/tst/cq.s
v10/usr/src/cmd/lcc/gen2/mips-iris/tst/cq.s.bak
v10/usr/src/cmd/lcc/gen2/mips-iris/tst/cvt.1.bak
v10/usr/src/cmd/lcc/gen2/mips-iris/tst/cvt.2
v10/usr/src/cmd/lcc/gen2/mips-iris/tst/cvt.s
v10/usr/src/cmd/lcc/gen2/mips-iris/tst/cvt.s.bak
v10/usr/src/cmd/lcc/gen2/mips-iris/tst/fields.1.bak
v10/usr/src/cmd/lcc/gen2/mips-iris/tst/fields.2
v10/usr/src/cmd/lcc/gen2/mips-iris/tst/fields.s
v10/usr/src/cmd/lcc/gen2/mips-iris/tst/fields.s.bak
v10/usr/src/cmd/lcc/gen2/mips-iris/tst/front.1.bak
v10/usr/src/cmd/lcc/gen2/mips-iris/tst/front.2
v10/usr/src/cmd/lcc/gen2/mips-iris/tst/front.s
v10/usr/src/cmd/lcc/gen2/mips-iris/tst/front.s.bak
v10/usr/src/cmd/lcc/gen2/mips-iris/tst/incr.1.bak
v10/usr/src/cmd/lcc/gen2/mips-iris/tst/incr.2
v10/usr/src/cmd/lcc/gen2/mips-iris/tst/incr.s
