v10/usr/src/cmd/lcc/gen2/mips-iris/tst/incr.s.bak
v10/usr/src/cmd/lcc/gen2/mips-iris/tst/init.1.bak
v10/usr/src/cmd/lcc/gen2/mips-iris/tst/init.2
v10/usr/src/cmd/lcc/gen2/mips-iris/tst/init.s
v10/usr/src/cmd/lcc/gen2/mips-iris/tst/init.s.bak
v10/usr/src/cmd/lcc/gen2/mips-iris/tst/limits.1.bak
v10/usr/src/cmd/lcc/gen2/mips-iris/tst/limits.2
v10/usr/src/cmd/lcc/gen2/mips-iris/tst/limits.s
v10/usr/src/cmd/lcc/gen2/mips-iris/tst/limits.s.bak
v10/usr/src/cmd/lcc/gen2/mips-iris/tst/paranoia.1
v10/usr/src/cmd/lcc/gen2/mips-iris/tst/paranoia.1.bak
v10/usr/src/cmd/lcc/gen2/mips-iris/tst/paranoia.2
v10/usr/src/cmd/lcc/gen2/mips-iris/tst/paranoia.s
v10/usr/src/cmd/lcc/gen2/mips-iris/tst/paranoia.s.bak
v10/usr/src/cmd/lcc/gen2/mips-iris/tst/sort.1.bak
v10/usr/src/cmd/lcc/gen2/mips-iris/tst/sort.2
v10/usr/src/cmd/lcc/gen2/mips-iris/tst/sort.s
v10/usr/src/cmd/lcc/gen2/mips-iris/tst/sort.s.bak
v10/usr/src/cmd/lcc/gen2/mips-iris/tst/spill.1.bak
v10/usr/src/cmd/lcc/gen2/mips-iris/tst/spill.2
v10/usr/src/cmd/lcc/gen2/mips-iris/tst/spill.s
v10/usr/src/cmd/lcc/gen2/mips-iris/tst/spill.s.bak
v10/usr/src/cmd/lcc/gen2/mips-iris/tst/stdarg.1.bak
v10/usr/src/cmd/lcc/gen2/mips-iris/tst/stdarg.2
v10/usr/src/cmd/lcc/gen2/mips-iris/tst/stdarg.s
v10/usr/src/cmd/lcc/gen2/mips-iris/tst/stdarg.s.bak
v10/usr/src/cmd/lcc/gen2/mips-iris/tst/struct.1.bak
v10/usr/src/cmd/lcc/gen2/mips-iris/tst/struct.2
v10/usr/src/cmd/lcc/gen2/mips-iris/tst/struct.s
v10/usr/src/cmd/lcc/gen2/mips-iris/tst/struct.s.bak
v10/usr/src/cmd/lcc/gen2/mips-iris/tst/switch.1.bak
v10/usr/src/cmd/lcc/gen2/mips-iris/tst/switch.2
v10/usr/src/cmd/lcc/gen2/mips-iris/tst/switch.s
v10/usr/src/cmd/lcc/gen2/mips-iris/tst/switch.s.bak
v10/usr/src/cmd/lcc/gen2/mips-iris/tst/wf1.1.bak
v10/usr/src/cmd/lcc/gen2/mips-iris/tst/wf1.2
v10/usr/src/cmd/lcc/gen2/mips-iris/tst/wf1.s
v10/usr/src/cmd/lcc/gen2/mips-iris/tst/wf1.s.bak
v10/usr/src/cmd/lcc/gen2/mips-iris/tst/yacc.1.bak
v10/usr/src/cmd/lcc/gen2/mips-iris/tst/yacc.2
v10/usr/src/cmd/lcc/gen2/mips-iris/tst/yacc.s
v10/usr/src/cmd/lcc/gen2/mips-iris/tst/yacc.s.bak
