v10/usr/src/cmd/lcc/gen2/mc68000/config.h
v10/usr/src/cmd/lcc/gen2/mc68000/decode.c
v10/usr/src/cmd/lcc/gen2/mc68000/makefile
v10/usr/src/cmd/lcc/gen2/mc68000/mkfile
v10/usr/src/cmd/lcc/gen2/mc68000/pseudos.c
v10/usr/src/cmd/lcc/gen2/mc68000/sel.c
v10/usr/src/cmd/lcc/gen2/mc68000/stab.c
v10/usr/src/cmd/lcc/gen2/mc68000/tst/8q.s.bak
v10/usr/src/cmd/lcc/gen2/mc68000/tst/array.s.bak
v10/usr/src/cmd/lcc/gen2/mc68000/tst/cf.s.bak
v10/usr/src/cmd/lcc/gen2/mc68000/tst/cq.s.bak
v10/usr/src/cmd/lcc/gen2/mc68000/tst/cvt.s.bak
v10/usr/src/cmd/lcc/gen2/mc68000/tst/fields.s.bak
v10/usr/src/cmd/lcc/gen2/mc68000/tst/front.s.bak
v10/usr/src/cmd/lcc/gen2/mc68000/tst/incr.s.bak
v10/usr/src/cmd/lcc/gen2/mc68000/tst/init.s.bak
v10/usr/src/cmd/lcc/gen2/mc68000/tst/limits.s.bak
v10/usr/src/cmd/lcc/gen2/mc68000/tst/paranoia.s.bak
v10/usr/src/cmd/lcc/gen2/mc68000/tst/sort.s.bak
v10/usr/src/cmd/lcc/gen2/mc68000/tst/spill.s.bak
v10/usr/src/cmd/lcc/gen2/mc68000/tst/stdarg.s.bak
v10/usr/src/cmd/lcc/gen2/mc68000/tst/struct.s.bak
v10/usr/src/cmd/lcc/gen2/mc68000/tst/switch.s.bak
v10/usr/src/cmd/lcc/gen2/mc68000/tst/wf1.s.bak
v10/usr/src/cmd/lcc/gen2/mc68000/tst/yacc.s.bak
v10/usr/src/cmd/lcc/gen2/mips/bemit.h
v10/usr/src/cmd/lcc/gen2/mips/config.h
v10/usr/src/cmd/lcc/gen2/mips/decode.c
v10/usr/src/cmd/lcc/gen2/mips/makefile
v10/usr/src/cmd/lcc/gen2/mips/mkfile
v10/usr/src/cmd/lcc/gen2/mips/pseudos.c
v10/usr/src/cmd/lcc/gen2/mips/sel.c
v10/usr/src/cmd/lcc/gen2/mips/stab.c
v10/usr/src/cmd/lcc/gen2/mips-iris/bind.c
