v10/usr/src/cmd/lcc/gen2/sparc-sun/tst/cq.s.bak
v10/usr/src/cmd/lcc/gen2/sparc-sun/tst/cvt.1.bak
v10/usr/src/cmd/lcc/gen2/sparc-sun/tst/cvt.2
v10/usr/src/cmd/lcc/gen2/sparc-sun/tst/cvt.s
v10/usr/src/cmd/lcc/gen2/sparc-sun/tst/cvt.s.bak
v10/usr/src/cmd/lcc/gen2/sparc-sun/tst/fields.1.bak
v10/usr/src/cmd/lcc/gen2/sparc-sun/tst/fields.2
v10/usr/src/cmd/lcc/gen2/sparc-sun/tst/fields.s
v10/usr/src/cmd/lcc/gen2/sparc-sun/tst/fields.s.bak
v10/usr/src/cmd/lcc/gen2/sparc-sun/tst/front.1.bak
v10/usr/src/cmd/lcc/gen2/sparc-sun/tst/front.2
v10/usr/src/cmd/lcc/gen2/sparc-sun/tst/front.s
v10/usr/src/cmd/lcc/gen2/sparc-sun/tst/front.s.bak
v10/usr/src/cmd/lcc/gen2/sparc-sun/tst/incr.1.bak
v10/usr/src/cmd/lcc/gen2/sparc-sun/tst/incr.2
v10/usr/src/cmd/lcc/gen2/sparc-sun/tst/incr.s
v10/usr/src/cmd/lcc/gen2/sparc-sun/tst/incr.s.bak
v10/usr/src/cmd/lcc/gen2/sparc-sun/tst/init.1.bak
v10/usr/src/cmd/lcc/gen2/sparc-sun/tst/init.2
v10/usr/src/cmd/lcc/gen2/sparc-sun/tst/init.s
v10/usr/src/cmd/lcc/gen2/sparc-sun/tst/init.s.bak
v10/usr/src/cmd/lcc/gen2/sparc-sun/tst/limits.1.bak
v10/usr/src/cmd/lcc/gen2/sparc-sun/tst/limits.2
v10/usr/src/cmd/lcc/gen2/sparc-sun/tst/limits.s
v10/usr/src/cmd/lcc/gen2/sparc-sun/tst/limits.s.bak
v10/usr/src/cmd/lcc/gen2/sparc-sun/tst/paranoia.1
v10/usr/src/cmd/lcc/gen2/sparc-sun/tst/paranoia.1.bak
v10/usr/src/cmd/lcc/gen2/sparc-sun/tst/paranoia.2
