v10/usr/src/cmd/lcc/gen2/sparc/tst/8q.1.bak
v10/usr/src/cmd/lcc/gen2/sparc/tst/8q.s.bak
v10/usr/src/cmd/lcc/gen2/sparc/tst/array.1.bak
v10/usr/src/cmd/lcc/gen2/sparc/tst/array.s.bak
v10/usr/src/cmd/lcc/gen2/sparc/tst/cf.1.bak
v10/usr/src/cmd/lcc/gen2/sparc/tst/cf.s.bak
v10/usr/src/cmd/lcc/gen2/sparc/tst/cq.1.bak
v10/usr/src/cmd/lcc/gen2/sparc/tst/cq.s.bak
v10/usr/src/cmd/lcc/gen2/sparc/tst/cvt.1.bak
v10/usr/src/cmd/lcc/gen2/sparc/tst/cvt.s.bak
v10/usr/src/cmd/lcc/gen2/sparc/tst/fields.1.bak
v10/usr/src/cmd/lcc/gen2/sparc/tst/fields.s.bak
v10/usr/src/cmd/lcc/gen2/sparc/tst/front.1.bak
v10/usr/src/cmd/lcc/gen2/sparc/tst/front.s.bak
v10/usr/src/cmd/lcc/gen2/sparc/tst/incr.1.bak
v10/usr/src/cmd/lcc/gen2/sparc/tst/incr.s.bak
v10/usr/src/cmd/lcc/gen2/sparc/tst/init.1.bak
v10/usr/src/cmd/lcc/gen2/sparc/tst/init.s.bak
v10/usr/src/cmd/lcc/gen2/sparc/tst/limits.1.bak
v10/usr/src/cmd/lcc/gen2/sparc/tst/limits.s.bak
v10/usr/src/cmd/lcc/gen2/sparc/tst/paranoia.1.bak
