v10/usr/src/cmd/lcc/gen3/tst/8q.1
v10/usr/src/cmd/lcc/gen3/tst/8q.1.bak
v10/usr/src/cmd/lcc/gen3/tst/8q.2
v10/usr/src/cmd/lcc/gen3/tst/8q.s
v10/usr/src/cmd/lcc/gen3/tst/8q.s.bak
v10/usr/src/cmd/lcc/gen3/tst/array.1
v10/usr/src/cmd/lcc/gen3/tst/array.1.bak
v10/usr/src/cmd/lcc/gen3/tst/array.2
v10/usr/src/cmd/lcc/gen3/tst/array.s
v10/usr/src/cmd/lcc/gen3/tst/array.s.bak
v10/usr/src/cmd/lcc/gen3/tst/back.1.bak
v10/usr/src/cmd/lcc/gen3/tst/back.s.bak
v10/usr/src/cmd/lcc/gen3/tst/cf.1
v10/usr/src/cmd/lcc/gen3/tst/cf.1.bak
v10/usr/src/cmd/lcc/gen3/tst/cf.2
v10/usr/src/cmd/lcc/gen3/tst/cf.s
v10/usr/src/cmd/lcc/gen3/tst/cf.s.bak
v10/usr/src/cmd/lcc/gen3/tst/cq.1
v10/usr/src/cmd/lcc/gen3/tst/cq.1.bak
v10/usr/src/cmd/lcc/gen3/tst/cq.2
v10/usr/src/cmd/lcc/gen3/tst/cq.s
