v10/usr/src/cmd/lcc/gen3/tst/cq.s.bak
v10/usr/src/cmd/lcc/gen3/tst/cvt.1
v10/usr/src/cmd/lcc/gen3/tst/cvt.1.bak
v10/usr/src/cmd/lcc/gen3/tst/cvt.2
v10/usr/src/cmd/lcc/gen3/tst/cvt.s
v10/usr/src/cmd/lcc/gen3/tst/cvt.s.bak
v10/usr/src/cmd/lcc/gen3/tst/fields.1
v10/usr/src/cmd/lcc/gen3/tst/fields.1.bak
v10/usr/src/cmd/lcc/gen3/tst/fields.2
v10/usr/src/cmd/lcc/gen3/tst/fields.s
v10/usr/src/cmd/lcc/gen3/tst/fields.s.bak
v10/usr/src/cmd/lcc/gen3/tst/front.1
v10/usr/src/cmd/lcc/gen3/tst/front.1.bak
v10/usr/src/cmd/lcc/gen3/tst/front.2
v10/usr/src/cmd/lcc/gen3/tst/front.s
v10/usr/src/cmd/lcc/gen3/tst/front.s.bak
v10/usr/src/cmd/lcc/gen3/tst/incr.1
v10/usr/src/cmd/lcc/gen3/tst/incr.1.bak
v10/usr/src/cmd/lcc/gen3/tst/incr.2
v10/usr/src/cmd/lcc/gen3/tst/incr.s
v10/usr/src/cmd/lcc/gen3/tst/incr.s.bak
v10/usr/src/cmd/lcc/gen3/tst/init.1
v10/usr/src/cmd/lcc/gen3/tst/init.1.bak
v10/usr/src/cmd/lcc/gen3/tst/init.2
v10/usr/src/cmd/lcc/gen3/tst/init.s
v10/usr/src/cmd/lcc/gen3/tst/init.s.bak
v10/usr/src/cmd/lcc/gen3/tst/lex.1.bak
