v10/usr/src/cmd/lcc/gen3/tst/paranoia.s.bak
v10/usr/src/cmd/lcc/gen3/tst/sort.1
v10/usr/src/cmd/lcc/gen3/tst/sort.1.bak
v10/usr/src/cmd/lcc/gen3/tst/sort.2
v10/usr/src/cmd/lcc/gen3/tst/sort.s
v10/usr/src/cmd/lcc/gen3/tst/sort.s.bak
v10/usr/src/cmd/lcc/gen3/tst/spill.1
v10/usr/src/cmd/lcc/gen3/tst/spill.1.bak
v10/usr/src/cmd/lcc/gen3/tst/spill.2
v10/usr/src/cmd/lcc/gen3/tst/spill.s
v10/usr/src/cmd/lcc/gen3/tst/spill.s.bak
v10/usr/src/cmd/lcc/gen3/tst/stdarg.1
v10/usr/src/cmd/lcc/gen3/tst/stdarg.1.bak
v10/usr/src/cmd/lcc/gen3/tst/stdarg.2
v10/usr/src/cmd/lcc/gen3/tst/stdarg.s
v10/usr/src/cmd/lcc/gen3/tst/stdarg.s.bak
v10/usr/src/cmd/lcc/gen3/tst/struct.1
v10/usr/src/cmd/lcc/gen3/tst/struct.1.bak
v10/usr/src/cmd/lcc/gen3/tst/struct.2
v10/usr/src/cmd/lcc/gen3/tst/struct.s
v10/usr/src/cmd/lcc/gen3/tst/struct.s.bak
v10/usr/src/cmd/lcc/gen3/tst/switch.1
v10/usr/src/cmd/lcc/gen3/tst/switch.1.bak
v10/usr/src/cmd/lcc/gen3/tst/switch.2
v10/usr/src/cmd/lcc/gen3/tst/switch.s
v10/usr/src/cmd/lcc/gen3/tst/switch.s.bak
v10/usr/src/cmd/lcc/gen3/tst/wf.1.bak
v10/usr/src/cmd/lcc/gen3/tst/wf.s.bak
v10/usr/src/cmd/lcc/gen3/tst/wf1.1
v10/usr/src/cmd/lcc/gen3/tst/wf1.1.bak
v10/usr/src/cmd/lcc/gen3/tst/wf1.2
v10/usr/src/cmd/lcc/gen3/tst/wf1.s
v10/usr/src/cmd/lcc/gen3/tst/wf1.s.bak
v10/usr/src/cmd/lcc/gen3/tst/yacc.1
v10/usr/src/cmd/lcc/gen3/tst/yacc.1.bak
v10/usr/src/cmd/lcc/gen3/tst/yacc.2
v10/usr/src/cmd/lcc/gen3/tst/yacc.s
v10/usr/src/cmd/lcc/gen3/tst/yacc.s.bak
