v10/usr/src/cmd/lcc/gen2/vax/tst/8q.1.bak
v10/usr/src/cmd/lcc/gen2/vax/tst/8q.s.bak
v10/usr/src/cmd/lcc/gen2/vax/tst/array.1.bak
v10/usr/src/cmd/lcc/gen2/vax/tst/array.s.bak
v10/usr/src/cmd/lcc/gen2/vax/tst/cf.1.bak
v10/usr/src/cmd/lcc/gen2/vax/tst/cf.s.bak
v10/usr/src/cmd/lcc/gen2/vax/tst/cq.1.bak
v10/usr/src/cmd/lcc/gen2/vax/tst/cq.s.bak
v10/usr/src/cmd/lcc/gen2/vax/tst/cvt.1.bak
v10/usr/src/cmd/lcc/gen2/vax/tst/cvt.s.bak
v10/usr/src/cmd/lcc/gen2/vax/tst/fields.1.bak
v10/usr/src/cmd/lcc/gen2/vax/tst/fields.s.bak
v10/usr/src/cmd/lcc/gen2/vax/tst/front.1.bak
v10/usr/src/cmd/lcc/gen2/vax/tst/front.s.bak
v10/usr/src/cmd/lcc/gen2/vax/tst/incr.1.bak
v10/usr/src/cmd/lcc/gen2/vax/tst/incr.s.bak
v10/usr/src/cmd/lcc/gen2/vax/tst/init.1.bak
v10/usr/src/cmd/lcc/gen2/vax/tst/init.s.bak
v10/usr/src/cmd/lcc/gen2/vax/tst/limits.1.bak
v10/usr/src/cmd/lcc/gen2/vax/tst/limits.s.bak
v10/usr/src/cmd/lcc/gen2/vax/tst/paranoia.1.bak
v10/usr/src/cmd/lcc/gen2/vax/tst/paranoia.s.bak
v10/usr/src/cmd/lcc/gen2/vax/tst/sort.1.bak
v10/usr/src/cmd/lcc/gen2/vax/tst/sort.s.bak
v10/usr/src/cmd/lcc/gen2/vax/tst/spill.1.bak
v10/usr/src/cmd/lcc/gen2/vax/tst/spill.s.bak
v10/usr/src/cmd/lcc/gen2/vax/tst/stdarg.1.bak
v10/usr/src/cmd/lcc/gen2/vax/tst/stdarg.s.bak
v10/usr/src/cmd/lcc/gen2/vax/tst/struct.1.bak
v10/usr/src/cmd/lcc/gen2/vax/tst/struct.s.bak
v10/usr/src/cmd/lcc/gen2/vax/tst/switch.1.bak
v10/usr/src/cmd/lcc/gen2/vax/tst/switch.s.bak
v10/usr/src/cmd/lcc/gen2/vax/tst/wf1.1.bak
v10/usr/src/cmd/lcc/gen2/vax/tst/wf1.s.bak
v10/usr/src/cmd/lcc/gen2/vax/tst/yacc.1.bak
v10/usr/src/cmd/lcc/gen2/vax/tst/yacc.s.bak
v10/usr/src/cmd/lcc/gen3/COPYRIGHT
v10/usr/src/cmd/lcc/gen3/config.h
v10/usr/src/cmd/lcc/gen3/gen.c
v10/usr/src/cmd/lcc/gen3/gen.h
v10/usr/src/cmd/lcc/gen3/makefile
v10/usr/src/cmd/lcc/gen3/mkfile
v10/usr/src/cmd/lcc/gen3/opcodes.h
v10/usr/src/cmd/lcc/gen3/reginfo.h
v10/usr/src/cmd/lcc/gen3/run
v10/usr/src/cmd/lcc/gen3/stab.c
v10/usr/src/cmd/lcc/include/i386_sysv/assert.h
v10/usr/src/cmd/lcc/include/i386_sysv/ctype.h
v10/usr/src/cmd/lcc/include/i386_sysv/errno.h
v10/usr/src/cmd/lcc/include/i386_sysv/float.h
v10/usr/src/cmd/lcc/include/i386_sysv/limits.h
v10/usr/src/cmd/lcc/include/i386_sysv/locale.h
v10/usr/src/cmd/lcc/include/i386_sysv/math.h
v10/usr/src/cmd/lcc/include/i386_sysv/setjmp.h
v10/usr/src/cmd/lcc/include/i386_sysv/signal.h
v10/usr/src/cmd/lcc/include/i386_sysv/stdarg.h
v10/usr/src/cmd/lcc/include/i386_sysv/stddef.h
v10/usr/src/cmd/lcc/include/i386_sysv/stdio.h
v10/usr/src/cmd/lcc/include/i386_sysv/stdlib.h
v10/usr/src/cmd/lcc/include/i386_sysv/string.h
v10/usr/src/cmd/lcc/include/i386_sysv/time.h
v10/usr/src/cmd/lcc/include/mc_sun/assert.h
v10/usr/src/cmd/lcc/include/mc_sun/ctype.h
v10/usr/src/cmd/lcc/include/mc_sun/errno.h
v10/usr/src/cmd/lcc/include/mc_sun/float.h
v10/usr/src/cmd/lcc/include/mc_sun/limits.h
v10/usr/src/cmd/lcc/include/mc_sun/locale.h
v10/usr/src/cmd/lcc/include/mc_sun/math.h
v10/usr/src/cmd/lcc/include/mc_sun/setjmp.h
v10/usr/src/cmd/lcc/include/mc_sun/signal.h
v10/usr/src/cmd/lcc/include/mc_sun/stdarg.h
v10/usr/src/cmd/lcc/include/mc_sun/stddef.h
v10/usr/src/cmd/lcc/include/mc_sun/stdio.h
v10/usr/src/cmd/lcc/include/mc_sun/stdlib.h
v10/usr/src/cmd/lcc/include/mc_sun/string.h
v10/usr/src/cmd/lcc/include/mc_sun/time.h
v10/usr/src/cmd/lcc/include/mips_iris/assert.h
v10/usr/src/cmd/lcc/include/mips_iris/ctype.h
v10/usr/src/cmd/lcc/include/mips_iris/errno.h
v10/usr/src/cmd/lcc/include/mips_iris/float.h
v10/usr/src/cmd/lcc/include/mips_iris/limits.h
v10/usr/src/cmd/lcc/include/mips_iris/locale.h
v10/usr/src/cmd/lcc/include/mips_iris/math.h
v10/usr/src/cmd/lcc/include/mips_iris/setjmp.h
v10/usr/src/cmd/lcc/include/mips_iris/signal.h
v10/usr/src/cmd/lcc/include/mips_iris/stdarg.h
v10/usr/src/cmd/lcc/include/mips_iris/stddef.h
v10/usr/src/cmd/lcc/include/mips_iris/stdio.h
v10/usr/src/cmd/lcc/include/mips_iris/stdlib.h
v10/usr/src/cmd/lcc/include/mips_iris/string.h
v10/usr/src/cmd/lcc/include/mips_iris/time.h
v10/usr/src/cmd/lcc/include/mips_mips/assert.h
v10/usr/src/cmd/lcc/include/mips_mips/ctype.h
v10/usr/src/cmd/lcc/include/mips_mips/errno.h
v10/usr/src/cmd/lcc/include/mips_mips/float.h
v10/usr/src/cmd/lcc/include/mips_mips/limits.h
v10/usr/src/cmd/lcc/include/mips_mips/locale.h
v10/usr/src/cmd/lcc/include/mips_mips/math.h
v10/usr/src/cmd/lcc/include/mips_mips/setjmp.h
v10/usr/src/cmd/lcc/include/mips_mips/signal.h
v10/usr/src/cmd/lcc/include/mips_mips/stdarg.h
v10/usr/src/cmd/lcc/include/mips_mips/stddef.h
v10/usr/src/cmd/lcc/include/mips_mips/stdio.h
v10/usr/src/cmd/lcc/include/mips_mips/stdlib.h
v10/usr/src/cmd/lcc/include/mips_mips/string.h
v10/usr/src/cmd/lcc/include/mips_mips/time.h
v10/usr/src/cmd/lcc/include/mips_ultrix/assert.h
v10/usr/src/cmd/lcc/include/mips_ultrix/ctype.h
v10/usr/src/cmd/lcc/include/mips_ultrix/errno.h
v10/usr/src/cmd/lcc/include/mips_ultrix/float.h
v10/usr/src/cmd/lcc/include/mips_ultrix/limits.h
v10/usr/src/cmd/lcc/include/mips_ultrix/locale.h
v10/usr/src/cmd/lcc/include/mips_ultrix/math.h
v10/usr/src/cmd/lcc/include/mips_ultrix/setjmp.h
v10/usr/src/cmd/lcc/include/mips_ultrix/signal.h
v10/usr/src/cmd/lcc/include/mips_ultrix/stdarg.h
v10/usr/src/cmd/lcc/include/mips_ultrix/stddef.h
v10/usr/src/cmd/lcc/include/mips_ultrix/stdio.h
v10/usr/src/cmd/lcc/include/mips_ultrix/stdlib.h
v10/usr/src/cmd/lcc/include/mips_ultrix/string.h
v10/usr/src/cmd/lcc/include/mips_ultrix/time.h
v10/usr/src/cmd/lcc/include/sparc_sun/assert.h
v10/usr/src/cmd/lcc/include/sparc_sun/ctype.h
v10/usr/src/cmd/lcc/include/sparc_sun/errno.h
v10/usr/src/cmd/lcc/include/sparc_sun/float.h
v10/usr/src/cmd/lcc/include/sparc_sun/limits.h
v10/usr/src/cmd/lcc/include/sparc_sun/locale.h
v10/usr/src/cmd/lcc/include/sparc_sun/math.h
v10/usr/src/cmd/lcc/include/sparc_sun/setjmp.h
v10/usr/src/cmd/lcc/include/sparc_sun/signal.h
v10/usr/src/cmd/lcc/include/sparc_sun/stdarg.h
v10/usr/src/cmd/lcc/include/sparc_sun/stddef.h
v10/usr/src/cmd/lcc/include/sparc_sun/stdio.h
v10/usr/src/cmd/lcc/include/sparc_sun/stdlib.h
v10/usr/src/cmd/lcc/include/sparc_sun/string.h
v10/usr/src/cmd/lcc/include/sparc_sun/time.h
v10/usr/src/cmd/lcc/include/vax_bsd/assert.h
v10/usr/src/cmd/lcc/include/vax_bsd/ctype.h
v10/usr/src/cmd/lcc/include/vax_bsd/errno.h
v10/usr/src/cmd/lcc/include/vax_bsd/float.h
v10/usr/src/cmd/lcc/include/vax_bsd/limits.h
v10/usr/src/cmd/lcc/include/vax_bsd/locale.h
v10/usr/src/cmd/lcc/include/vax_bsd/math.h
v10/usr/src/cmd/lcc/include/vax_bsd/setjmp.h
v10/usr/src/cmd/lcc/include/vax_bsd/signal.h
v10/usr/src/cmd/lcc/include/vax_bsd/stdarg.h
v10/usr/src/cmd/lcc/include/vax_bsd/stddef.h
v10/usr/src/cmd/lcc/include/vax_bsd/stdio.h
v10/usr/src/cmd/lcc/include/vax_bsd/stdlib.h
v10/usr/src/cmd/lcc/include/vax_bsd/string.h
v10/usr/src/cmd/lcc/include/vax_bsd/time.h
v10/usr/src/cmd/lcc/include/vax_ultrix/assert.h
v10/usr/src/cmd/lcc/include/vax_ultrix/ctype.h
v10/usr/src/cmd/lcc/include/vax_ultrix/errno.h
v10/usr/src/cmd/lcc/include/vax_ultrix/float.h
v10/usr/src/cmd/lcc/include/vax_ultrix/limits.h
v10/usr/src/cmd/lcc/include/vax_ultrix/locale.h
v10/usr/src/cmd/lcc/include/vax_ultrix/math.h
v10/usr/src/cmd/lcc/include/vax_ultrix/setjmp.h
v10/usr/src/cmd/lcc/include/vax_ultrix/signal.h
v10/usr/src/cmd/lcc/include/vax_ultrix/stdarg.h
v10/usr/src/cmd/lcc/include/vax_ultrix/stddef.h
v10/usr/src/cmd/lcc/include/vax_ultrix/stdio.h
v10/usr/src/cmd/lcc/include/vax_ultrix/stdlib.h
v10/usr/src/cmd/lcc/include/vax_ultrix/string.h
v10/usr/src/cmd/lcc/include/vax_ultrix/time.h
