v10/usr/src/cmd/lcc/ph/andif.c
v10/usr/src/cmd/lcc/ph/assign.c
v10/usr/src/cmd/lcc/ph/avalue.h
v10/usr/src/cmd/lcc/ph/b2.h
v10/usr/src/cmd/lcc/ph/b22411.h
v10/usr/src/cmd/lcc/ph/b22412.h
v10/usr/src/cmd/lcc/ph/b22413.h
v10/usr/src/cmd/lcc/ph/b22414.h
v10/usr/src/cmd/lcc/ph/b22415.h
v10/usr/src/cmd/lcc/ph/b22416.h
v10/usr/src/cmd/lcc/ph/b22417.h
v10/usr/src/cmd/lcc/ph/b22418.h
v10/usr/src/cmd/lcc/ph/band.c
v10/usr/src/cmd/lcc/ph/bandeq.c
v10/usr/src/cmd/lcc/ph/bug.c
v10/usr/src/cmd/lcc/ph/c31.c
v10/usr/src/cmd/lcc/ph/c3134.h
v10/usr/src/cmd/lcc/ph/c318.h
v10/usr/src/cmd/lcc/ph/c31h.h
v10/usr/src/cmd/lcc/ph/c31sco.h
v10/usr/src/cmd/lcc/ph/c32.c
v10/usr/src/cmd/lcc/ph/c32.c.bak
v10/usr/src/cmd/lcc/ph/c33a.c
v10/usr/src/cmd/lcc/ph/c33b.c
v10/usr/src/cmd/lcc/ph/c33c.c
v10/usr/src/cmd/lcc/ph/c34.c
v10/usr/src/cmd/lcc/ph/c35.c
v10/usr/src/cmd/lcc/ph/c35b.c
v10/usr/src/cmd/lcc/ph/c36.c
v10/usr/src/cmd/lcc/ph/c37.c
v10/usr/src/cmd/lcc/ph/c38.c
v10/usr/src/cmd/lcc/ph/c381.h
v10/usr/src/cmd/lcc/ph/c382a.h
v10/usr/src/cmd/lcc/ph/c382b.h
v10/usr/src/cmd/lcc/ph/c386.h
v10/usr/src/cmd/lcc/ph/capacity.c
v10/usr/src/cmd/lcc/ph/cast.c
v10/usr/src/cmd/lcc/ph/clib.h
v10/usr/src/cmd/lcc/ph/comment.h
v10/usr/src/cmd/lcc/ph/compil.h
v10/usr/src/cmd/lcc/ph/compl.c
v10/usr/src/cmd/lcc/ph/d41.c
v10/usr/src/cmd/lcc/ph/d410.c
v10/usr/src/cmd/lcc/ph/d411.c
v10/usr/src/cmd/lcc/ph/d411b.c
v10/usr/src/cmd/lcc/ph/d412.c
v10/usr/src/cmd/lcc/ph/d41a.c
v10/usr/src/cmd/lcc/ph/d41b.c
v10/usr/src/cmd/lcc/ph/d41c.c
