v10/usr/src/cmd/lcc/ph/d41d.c
v10/usr/src/cmd/lcc/ph/d42.c
v10/usr/src/cmd/lcc/ph/d42a.c
v10/usr/src/cmd/lcc/ph/d43.c
v10/usr/src/cmd/lcc/ph/d43h.h
v10/usr/src/cmd/lcc/ph/d44.c
v10/usr/src/cmd/lcc/ph/d45.c
v10/usr/src/cmd/lcc/ph/d46.c
v10/usr/src/cmd/lcc/ph/d47.c
v10/usr/src/cmd/lcc/ph/d47b.c
v10/usr/src/cmd/lcc/ph/d48.c
v10/usr/src/cmd/lcc/ph/d49.c
v10/usr/src/cmd/lcc/ph/d49a.c
v10/usr/src/cmd/lcc/ph/defs.h
v10/usr/src/cmd/lcc/ph/div.c
v10/usr/src/cmd/lcc/ph/diveq1.c
v10/usr/src/cmd/lcc/ph/diveq2.c
v10/usr/src/cmd/lcc/ph/diveq3.c
v10/usr/src/cmd/lcc/ph/diveq4.c
v10/usr/src/cmd/lcc/ph/environ.c
v10/usr/src/cmd/lcc/ph/eq.c
v10/usr/src/cmd/lcc/ph/flags.h
v10/usr/src/cmd/lcc/ph/ge.c
v10/usr/src/cmd/lcc/ph/gt.c
v10/usr/src/cmd/lcc/ph/int1.c
v10/usr/src/cmd/lcc/ph/int10.c
v10/usr/src/cmd/lcc/ph/int11.c
v10/usr/src/cmd/lcc/ph/int12.c
v10/usr/src/cmd/lcc/ph/int13.c
v10/usr/src/cmd/lcc/ph/int2.c
v10/usr/src/cmd/lcc/ph/int3.c
v10/usr/src/cmd/lcc/ph/int4.c
v10/usr/src/cmd/lcc/ph/int5.c
v10/usr/src/cmd/lcc/ph/int6.c
v10/usr/src/cmd/lcc/ph/int7.c
v10/usr/src/cmd/lcc/ph/int8.c
v10/usr/src/cmd/lcc/ph/int9.c
v10/usr/src/cmd/lcc/ph/junk
v10/usr/src/cmd/lcc/ph/lang.c
v10/usr/src/cmd/lcc/ph/le.c
v10/usr/src/cmd/lcc/ph/lib.c
v10/usr/src/cmd/lcc/ph/libfrst.c
v10/usr/src/cmd/lcc/ph/license.h
v10/usr/src/cmd/lcc/ph/lsh.c
v10/usr/src/cmd/lcc/ph/lsheq.c
v10/usr/src/cmd/lcc/ph/lt.c
v10/usr/src/cmd/lcc/ph/m.h
v10/usr/src/cmd/lcc/ph/m31001.c
v10/usr/src/cmd/lcc/ph/m31002.c
v10/usr/src/cmd/lcc/ph/m31003.c
v10/usr/src/cmd/lcc/ph/m31004.c
v10/usr/src/cmd/lcc/ph/m31005.c
v10/usr/src/cmd/lcc/ph/m31006.c
v10/usr/src/cmd/lcc/ph/m31006.log
v10/usr/src/cmd/lcc/ph/m31007.c
v10/usr/src/cmd/lcc/ph/m31008.c
v10/usr/src/cmd/lcc/ph/m31009.c
v10/usr/src/cmd/lcc/ph/m31010.c
v10/usr/src/cmd/lcc/ph/m31011.c
v10/usr/src/cmd/lcc/ph/m31012.c
v10/usr/src/cmd/lcc/ph/m31013.c
v10/usr/src/cmd/lcc/ph/m31014.c
v10/usr/src/cmd/lcc/ph/m31015.c
v10/usr/src/cmd/lcc/ph/m31016.c
v10/usr/src/cmd/lcc/ph/m31017.c
