v10/usr/src/cmd/lcc/ph/m31018.c
v10/usr/src/cmd/lcc/ph/m31019.c
v10/usr/src/cmd/lcc/ph/m31020.c
v10/usr/src/cmd/lcc/ph/m31021.c
v10/usr/src/cmd/lcc/ph/m31022.c
v10/usr/src/cmd/lcc/ph/m31023.c
v10/usr/src/cmd/lcc/ph/m31024.c
v10/usr/src/cmd/lcc/ph/m31025.c
v10/usr/src/cmd/lcc/ph/m31026.c
v10/usr/src/cmd/lcc/ph/m31027.c
v10/usr/src/cmd/lcc/ph/m31028.c
v10/usr/src/cmd/lcc/ph/m31029.c
v10/usr/src/cmd/lcc/ph/m31030.c
v10/usr/src/cmd/lcc/ph/m31031.c
v10/usr/src/cmd/lcc/ph/m31032.c
v10/usr/src/cmd/lcc/ph/m33001.c
v10/usr/src/cmd/lcc/ph/m33002.c
v10/usr/src/cmd/lcc/ph/m33003.c
v10/usr/src/cmd/lcc/ph/m33004.c
v10/usr/src/cmd/lcc/ph/m33005.c
v10/usr/src/cmd/lcc/ph/m33006.c
v10/usr/src/cmd/lcc/ph/m33007.c
v10/usr/src/cmd/lcc/ph/m33008.c
v10/usr/src/cmd/lcc/ph/m33009.c
v10/usr/src/cmd/lcc/ph/m33010.c
v10/usr/src/cmd/lcc/ph/m33011.c
v10/usr/src/cmd/lcc/ph/m33012.c
v10/usr/src/cmd/lcc/ph/m33013.c
v10/usr/src/cmd/lcc/ph/m33014.c
v10/usr/src/cmd/lcc/ph/m33015.c
v10/usr/src/cmd/lcc/ph/m33016.c
v10/usr/src/cmd/lcc/ph/m33017.c
v10/usr/src/cmd/lcc/ph/m33018.c
v10/usr/src/cmd/lcc/ph/m33019.c
v10/usr/src/cmd/lcc/ph/m33020.c
v10/usr/src/cmd/lcc/ph/m33021.c
v10/usr/src/cmd/lcc/ph/m33022.c
v10/usr/src/cmd/lcc/ph/m33023.c
v10/usr/src/cmd/lcc/ph/m33024.c
v10/usr/src/cmd/lcc/ph/m33025.c
v10/usr/src/cmd/lcc/ph/m33026.c
v10/usr/src/cmd/lcc/ph/m33027.c
v10/usr/src/cmd/lcc/ph/m33028.c
v10/usr/src/cmd/lcc/ph/m33029.c
v10/usr/src/cmd/lcc/ph/m33030.c
v10/usr/src/cmd/lcc/ph/m33031.c
v10/usr/src/cmd/lcc/ph/m33032.c
v10/usr/src/cmd/lcc/ph/m33033.c
v10/usr/src/cmd/lcc/ph/m33034.c
v10/usr/src/cmd/lcc/ph/m33035.c
v10/usr/src/cmd/lcc/ph/m33036.c
v10/usr/src/cmd/lcc/ph/m33037.c
v10/usr/src/cmd/lcc/ph/m33038.c
v10/usr/src/cmd/lcc/ph/m33039.c
v10/usr/src/cmd/lcc/ph/m33040.c
v10/usr/src/cmd/lcc/ph/m33041.c
v10/usr/src/cmd/lcc/ph/m33042.c
v10/usr/src/cmd/lcc/ph/m33043.c
v10/usr/src/cmd/lcc/ph/m33044.c
v10/usr/src/cmd/lcc/ph/m33045.c
v10/usr/src/cmd/lcc/ph/m33046.c
v10/usr/src/cmd/lcc/ph/m33047.c
v10/usr/src/cmd/lcc/ph/m33048.c
v10/usr/src/cmd/lcc/ph/m33049.c
v10/usr/src/cmd/lcc/ph/m33050.c
v10/usr/src/cmd/lcc/ph/m33051.c
v10/usr/src/cmd/lcc/ph/m33052.c
v10/usr/src/cmd/lcc/ph/m33053.c
v10/usr/src/cmd/lcc/ph/m33054.c
v10/usr/src/cmd/lcc/ph/m33055.c
v10/usr/src/cmd/lcc/ph/m33056.c
v10/usr/src/cmd/lcc/ph/m33057.c
v10/usr/src/cmd/lcc/ph/m33058.c
v10/usr/src/cmd/lcc/ph/m33059.c
v10/usr/src/cmd/lcc/ph/m33060.c
v10/usr/src/cmd/lcc/ph/m33061.c
v10/usr/src/cmd/lcc/ph/m33062.c
v10/usr/src/cmd/lcc/ph/m33063.c
v10/usr/src/cmd/lcc/ph/m33064.c
v10/usr/src/cmd/lcc/ph/m33065.c
v10/usr/src/cmd/lcc/ph/m33066.c
v10/usr/src/cmd/lcc/ph/m33067.c
v10/usr/src/cmd/lcc/ph/m33068.c
v10/usr/src/cmd/lcc/ph/m33069.c
v10/usr/src/cmd/lcc/ph/m34001.c
v10/usr/src/cmd/lcc/ph/m34002.c
v10/usr/src/cmd/lcc/ph/m34003.c
v10/usr/src/cmd/lcc/ph/m34004.c
v10/usr/src/cmd/lcc/ph/m34005.c
v10/usr/src/cmd/lcc/ph/m35001.c
v10/usr/src/cmd/lcc/ph/m35002.c
v10/usr/src/cmd/lcc/ph/m35003.c
v10/usr/src/cmd/lcc/ph/m35004.c
v10/usr/src/cmd/lcc/ph/m35005.c
v10/usr/src/cmd/lcc/ph/m35006.c
v10/usr/src/cmd/lcc/ph/m35007.c
v10/usr/src/cmd/lcc/ph/m35008.c
v10/usr/src/cmd/lcc/ph/m35009.c
v10/usr/src/cmd/lcc/ph/m35010.c
v10/usr/src/cmd/lcc/ph/m35011.c
v10/usr/src/cmd/lcc/ph/m35012.c
v10/usr/src/cmd/lcc/ph/m35013.c
v10/usr/src/cmd/lcc/ph/m35014.c
v10/usr/src/cmd/lcc/ph/m35015.c
v10/usr/src/cmd/lcc/ph/m35016.c
v10/usr/src/cmd/lcc/ph/m35017.c
v10/usr/src/cmd/lcc/ph/m35018.c
v10/usr/src/cmd/lcc/ph/m35019.c
v10/usr/src/cmd/lcc/ph/m35020.c
v10/usr/src/cmd/lcc/ph/m35021.c
v10/usr/src/cmd/lcc/ph/m35022.c
v10/usr/src/cmd/lcc/ph/m35023.c
v10/usr/src/cmd/lcc/ph/m35024.c
v10/usr/src/cmd/lcc/ph/m35025.c
v10/usr/src/cmd/lcc/ph/m35026.c
v10/usr/src/cmd/lcc/ph/m35027.c
v10/usr/src/cmd/lcc/ph/m35028.c
v10/usr/src/cmd/lcc/ph/m35029.c
v10/usr/src/cmd/lcc/ph/m35030.c
v10/usr/src/cmd/lcc/ph/m35031.c
v10/usr/src/cmd/lcc/ph/m35032.c
v10/usr/src/cmd/lcc/ph/m35033.c
v10/usr/src/cmd/lcc/ph/m35034.c
v10/usr/src/cmd/lcc/ph/m35035.c
v10/usr/src/cmd/lcc/ph/m35036.c
v10/usr/src/cmd/lcc/ph/m35037.c
v10/usr/src/cmd/lcc/ph/m35038.c
v10/usr/src/cmd/lcc/ph/m35039.c
v10/usr/src/cmd/lcc/ph/m35040.c
v10/usr/src/cmd/lcc/ph/m35041.c
v10/usr/src/cmd/lcc/ph/m35042.c
v10/usr/src/cmd/lcc/ph/m35043.c
v10/usr/src/cmd/lcc/ph/m35044.c
v10/usr/src/cmd/lcc/ph/m35045.c
v10/usr/src/cmd/lcc/ph/m35046.c
v10/usr/src/cmd/lcc/ph/m35047.c
v10/usr/src/cmd/lcc/ph/m35048.c
v10/usr/src/cmd/lcc/ph/m35049.c
v10/usr/src/cmd/lcc/ph/m35050.c
v10/usr/src/cmd/lcc/ph/m35051.c
v10/usr/src/cmd/lcc/ph/m35052.c
v10/usr/src/cmd/lcc/ph/m35053.c
v10/usr/src/cmd/lcc/ph/m35054.c
v10/usr/src/cmd/lcc/ph/m35055.c
v10/usr/src/cmd/lcc/ph/m35056.c
v10/usr/src/cmd/lcc/ph/m35057.c
v10/usr/src/cmd/lcc/ph/m35058.c
v10/usr/src/cmd/lcc/ph/m35059.c
v10/usr/src/cmd/lcc/ph/m35060.c
v10/usr/src/cmd/lcc/ph/m35061.c
v10/usr/src/cmd/lcc/ph/m35062.c
v10/usr/src/cmd/lcc/ph/m35063.c
v10/usr/src/cmd/lcc/ph/m35064.c
v10/usr/src/cmd/lcc/ph/m35065.c
v10/usr/src/cmd/lcc/ph/m35066.c
v10/usr/src/cmd/lcc/ph/m35067.c
v10/usr/src/cmd/lcc/ph/m35068.c
v10/usr/src/cmd/lcc/ph/m35069.c
v10/usr/src/cmd/lcc/ph/m35070.c
v10/usr/src/cmd/lcc/ph/m35071.c
v10/usr/src/cmd/lcc/ph/m35072.c
v10/usr/src/cmd/lcc/ph/m35073.c
v10/usr/src/cmd/lcc/ph/m35074.c
v10/usr/src/cmd/lcc/ph/m35075.c
v10/usr/src/cmd/lcc/ph/m35076.c
v10/usr/src/cmd/lcc/ph/m35077.c
v10/usr/src/cmd/lcc/ph/m36001.c
v10/usr/src/cmd/lcc/ph/m36002.c
v10/usr/src/cmd/lcc/ph/m36003.c
v10/usr/src/cmd/lcc/ph/m36004.c
v10/usr/src/cmd/lcc/ph/m36005.c
v10/usr/src/cmd/lcc/ph/m36006.c
v10/usr/src/cmd/lcc/ph/m36007.c
v10/usr/src/cmd/lcc/ph/m36008.c
v10/usr/src/cmd/lcc/ph/m36009.c
v10/usr/src/cmd/lcc/ph/m36010.c
v10/usr/src/cmd/lcc/ph/m36011.c
v10/usr/src/cmd/lcc/ph/m36012.c
v10/usr/src/cmd/lcc/ph/m36013.c
v10/usr/src/cmd/lcc/ph/m36014.c
v10/usr/src/cmd/lcc/ph/m36015.c
v10/usr/src/cmd/lcc/ph/m36016.c
v10/usr/src/cmd/lcc/ph/m36017.c
v10/usr/src/cmd/lcc/ph/m36018.c
v10/usr/src/cmd/lcc/ph/m36019.c
v10/usr/src/cmd/lcc/ph/m36020.c
v10/usr/src/cmd/lcc/ph/m36021.c
v10/usr/src/cmd/lcc/ph/m36022.c
v10/usr/src/cmd/lcc/ph/m36023.c
v10/usr/src/cmd/lcc/ph/m36024.c
v10/usr/src/cmd/lcc/ph/m37001.c
v10/usr/src/cmd/lcc/ph/m37002.c
v10/usr/src/cmd/lcc/ph/m37003.c
v10/usr/src/cmd/lcc/ph/m37004.c
v10/usr/src/cmd/lcc/ph/m37005.c
v10/usr/src/cmd/lcc/ph/m37006.c
v10/usr/src/cmd/lcc/ph/m37007.c
v10/usr/src/cmd/lcc/ph/m37008.c
v10/usr/src/cmd/lcc/ph/m37009.c
v10/usr/src/cmd/lcc/ph/m37010.c
v10/usr/src/cmd/lcc/ph/m37011.c
v10/usr/src/cmd/lcc/ph/m37012.c
v10/usr/src/cmd/lcc/ph/m37013.c
v10/usr/src/cmd/lcc/ph/m37014.c
v10/usr/src/cmd/lcc/ph/m37015.c
v10/usr/src/cmd/lcc/ph/m37016.c
v10/usr/src/cmd/lcc/ph/m37017.c
v10/usr/src/cmd/lcc/ph/m38001.c
v10/usr/src/cmd/lcc/ph/m38002.c
v10/usr/src/cmd/lcc/ph/m38003.c
v10/usr/src/cmd/lcc/ph/m38004.c
v10/usr/src/cmd/lcc/ph/m38005.c
v10/usr/src/cmd/lcc/ph/m38006.c
v10/usr/src/cmd/lcc/ph/m38007.c
v10/usr/src/cmd/lcc/ph/m38008.c
v10/usr/src/cmd/lcc/ph/m38009.c
v10/usr/src/cmd/lcc/ph/m38010.c
v10/usr/src/cmd/lcc/ph/m38011.c
v10/usr/src/cmd/lcc/ph/m38012.c
v10/usr/src/cmd/lcc/ph/m38013.c
v10/usr/src/cmd/lcc/ph/m38014.c
v10/usr/src/cmd/lcc/ph/m38015.c
v10/usr/src/cmd/lcc/ph/m38016.c
v10/usr/src/cmd/lcc/ph/m38017.c
v10/usr/src/cmd/lcc/ph/m38018.c
v10/usr/src/cmd/lcc/ph/m38019.c
v10/usr/src/cmd/lcc/ph/m38020.c
v10/usr/src/cmd/lcc/ph/m38021.c
v10/usr/src/cmd/lcc/ph/m38022.c
v10/usr/src/cmd/lcc/ph/m38023.c
v10/usr/src/cmd/lcc/ph/m38024.c
v10/usr/src/cmd/lcc/ph/m38025.c
v10/usr/src/cmd/lcc/ph/m38026.c
v10/usr/src/cmd/lcc/ph/m38027.c
v10/usr/src/cmd/lcc/ph/m38028.c
v10/usr/src/cmd/lcc/ph/m38029.c
v10/usr/src/cmd/lcc/ph/m38030.c
v10/usr/src/cmd/lcc/ph/m38031.c
v10/usr/src/cmd/lcc/ph/m38032.c
v10/usr/src/cmd/lcc/ph/m38033.c
v10/usr/src/cmd/lcc/ph/m38034.c
v10/usr/src/cmd/lcc/ph/m38035.c
v10/usr/src/cmd/lcc/ph/m38036.c
v10/usr/src/cmd/lcc/ph/m38037.c
v10/usr/src/cmd/lcc/ph/m38038.c
v10/usr/src/cmd/lcc/ph/m38039.c
v10/usr/src/cmd/lcc/ph/machin.h
v10/usr/src/cmd/lcc/ph/mineq1.c
v10/usr/src/cmd/lcc/ph/mineq2.c
v10/usr/src/cmd/lcc/ph/mineq3.c
v10/usr/src/cmd/lcc/ph/mineq4.c
v10/usr/src/cmd/lcc/ph/minus.c
v10/usr/src/cmd/lcc/ph/mix1.c
v10/usr/src/cmd/lcc/ph/mix10.c
v10/usr/src/cmd/lcc/ph/mix11.c
v10/usr/src/cmd/lcc/ph/mix12.c
v10/usr/src/cmd/lcc/ph/mix13.c
v10/usr/src/cmd/lcc/ph/mix2.c
v10/usr/src/cmd/lcc/ph/mix3.c
v10/usr/src/cmd/lcc/ph/mix4.c
v10/usr/src/cmd/lcc/ph/mix5.c
v10/usr/src/cmd/lcc/ph/mix6.c
v10/usr/src/cmd/lcc/ph/mix7.c
v10/usr/src/cmd/lcc/ph/mix8.c
v10/usr/src/cmd/lcc/ph/mix9.c
v10/usr/src/cmd/lcc/ph/mkfile
v10/usr/src/cmd/lcc/ph/n.h
v10/usr/src/cmd/lcc/ph/ne.c
v10/usr/src/cmd/lcc/ph/not.c
v10/usr/src/cmd/lcc/ph/o.h
v10/usr/src/cmd/lcc/ph/or.c
v10/usr/src/cmd/lcc/ph/orelse.c
v10/usr/src/cmd/lcc/ph/oreq.c
v10/usr/src/cmd/lcc/ph/plueq1.c
v10/usr/src/cmd/lcc/ph/plueq2.c
v10/usr/src/cmd/lcc/ph/plueq3.c
