v10/usr/src/cmd/lcc/ph/plueq4.c
v10/usr/src/cmd/lcc/ph/plus.c
v10/usr/src/cmd/lcc/ph/postdec.c
v10/usr/src/cmd/lcc/ph/prec1.c
v10/usr/src/cmd/lcc/ph/prec1a.c
v10/usr/src/cmd/lcc/ph/prec1b.c
v10/usr/src/cmd/lcc/ph/prec1c.c
v10/usr/src/cmd/lcc/ph/prec2.c
v10/usr/src/cmd/lcc/ph/prec2a.c
v10/usr/src/cmd/lcc/ph/prec2b.c
v10/usr/src/cmd/lcc/ph/prec2c.c
v10/usr/src/cmd/lcc/ph/preinc.c
v10/usr/src/cmd/lcc/ph/printf.tbl
v10/usr/src/cmd/lcc/ph/quest.c
v10/usr/src/cmd/lcc/ph/rdconf
v10/usr/src/cmd/lcc/ph/rdexprt
v10/usr/src/cmd/lcc/ph/readme
v10/usr/src/cmd/lcc/ph/real1.c
v10/usr/src/cmd/lcc/ph/real10.c
v10/usr/src/cmd/lcc/ph/real11.c
v10/usr/src/cmd/lcc/ph/real12.c
v10/usr/src/cmd/lcc/ph/real13.c
v10/usr/src/cmd/lcc/ph/real2.c
v10/usr/src/cmd/lcc/ph/real3.c
v10/usr/src/cmd/lcc/ph/real4.c
v10/usr/src/cmd/lcc/ph/real5.c
v10/usr/src/cmd/lcc/ph/real6.c
v10/usr/src/cmd/lcc/ph/real7.c
v10/usr/src/cmd/lcc/ph/real8.c
v10/usr/src/cmd/lcc/ph/real9.c
v10/usr/src/cmd/lcc/ph/remain.c
v10/usr/src/cmd/lcc/ph/remeq.c
v10/usr/src/cmd/lcc/ph/rsh.c
v10/usr/src/cmd/lcc/ph/rsheq.c
v10/usr/src/cmd/lcc/ph/scanf.tbl
v10/usr/src/cmd/lcc/ph/sdutil.h
v10/usr/src/cmd/lcc/ph/timeq1.c
v10/usr/src/cmd/lcc/ph/timeq2.c
v10/usr/src/cmd/lcc/ph/timeq3.c
v10/usr/src/cmd/lcc/ph/timeq4.c
