v10/usr/src/cmd/lcc/port.bak/LOG
v10/usr/src/cmd/lcc/port.bak/a0des0.c
v10/usr/src/cmd/lcc/port.bak/a0des0.f
v10/usr/src/cmd/lcc/port.bak/a0dese.c
v10/usr/src/cmd/lcc/port.bak/a0dese.f
v10/usr/src/cmd/lcc/port.bak/a0desg.c
v10/usr/src/cmd/lcc/port.bak/a0desg.f
v10/usr/src/cmd/lcc/port.bak/a0desl.c
v10/usr/src/cmd/lcc/port.bak/a0desl.f
v10/usr/src/cmd/lcc/port.bak/a0desp_com.c
v10/usr/src/cmd/lcc/port.bak/a0desq_com.c
v10/usr/src/cmd/lcc/port.bak/a0desr.c
v10/usr/src/cmd/lcc/port.bak/a0desr.f
v10/usr/src/cmd/lcc/port.bak/a0desu.c
v10/usr/src/cmd/lcc/port.bak/a0desu.f
v10/usr/src/cmd/lcc/port.bak/a0xtrp.c
v10/usr/src/cmd/lcc/port.bak/a0xtrp.f
v10/usr/src/cmd/lcc/port.bak/a10der_com.c
v10/usr/src/cmd/lcc/port.bak/a10det_com.c
v10/usr/src/cmd/lcc/port.bak/a10dex.c
v10/usr/src/cmd/lcc/port.bak/a10dex.f
v10/usr/src/cmd/lcc/port.bak/a10dey_com.c
v10/usr/src/cmd/lcc/port.bak/a1odee.c
v10/usr/src/cmd/lcc/port.bak/a1odee.f
v10/usr/src/cmd/lcc/port.bak/a1odef_com.c
v10/usr/src/cmd/lcc/port.bak/a1odeg_com.c
v10/usr/src/cmd/lcc/port.bak/a1odeh.c
v10/usr/src/cmd/lcc/port.bak/a1odeh.f
v10/usr/src/cmd/lcc/port.bak/a1odel_com.c
v10/usr/src/cmd/lcc/port.bak/a1odem_com.c
v10/usr/src/cmd/lcc/port.bak/a1oden.c
v10/usr/src/cmd/lcc/port.bak/a1oden.f
v10/usr/src/cmd/lcc/port.bak/a1odeo.c
v10/usr/src/cmd/lcc/port.bak/a1odeo.f
v10/usr/src/cmd/lcc/port.bak/a1odep.c
v10/usr/src/cmd/lcc/port.bak/a1odep.f
v10/usr/src/cmd/lcc/port.bak/a1odes_com.c
v10/usr/src/cmd/lcc/port.bak/a1odex.c
v10/usr/src/cmd/lcc/port.bak/a1odex.f
v10/usr/src/cmd/lcc/port.bak/a4ssod.c
v10/usr/src/cmd/lcc/port.bak/a4ssod.f
v10/usr/src/cmd/lcc/port.bak/a4ssoe.c
v10/usr/src/cmd/lcc/port.bak/a4ssoe.f
v10/usr/src/cmd/lcc/port.bak/a4ssoi.c
v10/usr/src/cmd/lcc/port.bak/a4ssoi.f
v10/usr/src/cmd/lcc/port.bak/a4ssol.c
v10/usr/src/cmd/lcc/port.bak/a4ssol.f
v10/usr/src/cmd/lcc/port.bak/a4ssom.c
v10/usr/src/cmd/lcc/port.bak/a4ssom.f
v10/usr/src/cmd/lcc/port.bak/a4ssoo.c
v10/usr/src/cmd/lcc/port.bak/a4ssoo.f
v10/usr/src/cmd/lcc/port.bak/a4ssor.c
v10/usr/src/cmd/lcc/port.bak/a4ssor.f
v10/usr/src/cmd/lcc/port.bak/a4ssox.c
v10/usr/src/cmd/lcc/port.bak/a4ssox.f
v10/usr/src/cmd/lcc/port.bak/a8xtrd.c
v10/usr/src/cmd/lcc/port.bak/a8xtrd.f
v10/usr/src/cmd/lcc/port.bak/a8xtrl.c
v10/usr/src/cmd/lcc/port.bak/a8xtrl.f
v10/usr/src/cmd/lcc/port.bak/a8xtro.c
v10/usr/src/cmd/lcc/port.bak/a8xtro.f
v10/usr/src/cmd/lcc/port.bak/a8xtrp.c
v10/usr/src/cmd/lcc/port.bak/a8xtrp.f
v10/usr/src/cmd/lcc/port.bak/a9rntc.c
v10/usr/src/cmd/lcc/port.bak/a9rntc.f
v10/usr/src/cmd/lcc/port.bak/a9rntd.c
v10/usr/src/cmd/lcc/port.bak/a9rntd.f
v10/usr/src/cmd/lcc/port.bak/a9rnti.c
v10/usr/src/cmd/lcc/port.bak/a9rnti.f
v10/usr/src/cmd/lcc/port.bak/a9rntl.c
v10/usr/src/cmd/lcc/port.bak/a9rntl.f
v10/usr/src/cmd/lcc/port.bak/a9rntr.c
v10/usr/src/cmd/lcc/port.bak/a9rntr.f
v10/usr/src/cmd/lcc/port.bak/a9xtrp_com.c
v10/usr/src/cmd/lcc/port.bak/ceil.c
v10/usr/src/cmd/lcc/port.bak/ceil.f
v10/usr/src/cmd/lcc/port.bak/cstak_com.c
v10/usr/src/cmd/lcc/port.bak/d0des0.c
v10/usr/src/cmd/lcc/port.bak/d0des0.f
v10/usr/src/cmd/lcc/port.bak/d0dese.c
v10/usr/src/cmd/lcc/port.bak/d0dese.f
v10/usr/src/cmd/lcc/port.bak/d0desg.c
v10/usr/src/cmd/lcc/port.bak/d0desg.f
v10/usr/src/cmd/lcc/port.bak/d0desl.c
v10/usr/src/cmd/lcc/port.bak/d0desl.f
v10/usr/src/cmd/lcc/port.bak/d0desp_com.c
v10/usr/src/cmd/lcc/port.bak/d0desq_com.c
v10/usr/src/cmd/lcc/port.bak/d0desr.c
v10/usr/src/cmd/lcc/port.bak/d0desr.f
v10/usr/src/cmd/lcc/port.bak/d0desu.c
v10/usr/src/cmd/lcc/port.bak/d0desu.f
v10/usr/src/cmd/lcc/port.bak/d0xtrp.c
v10/usr/src/cmd/lcc/port.bak/d0xtrp.f
v10/usr/src/cmd/lcc/port.bak/d10der_com.c
v10/usr/src/cmd/lcc/port.bak/d10det_com.c
v10/usr/src/cmd/lcc/port.bak/d10dex.c
v10/usr/src/cmd/lcc/port.bak/d10dex.f
v10/usr/src/cmd/lcc/port.bak/d10dey_com.c
v10/usr/src/cmd/lcc/port.bak/d1mach.c
v10/usr/src/cmd/lcc/port.bak/d1mach.f
v10/usr/src/cmd/lcc/port.bak/d1odee.c
v10/usr/src/cmd/lcc/port.bak/d1odee.f
v10/usr/src/cmd/lcc/port.bak/d1odef_com.c
v10/usr/src/cmd/lcc/port.bak/d1odeg_com.c
v10/usr/src/cmd/lcc/port.bak/d1odeh.c
v10/usr/src/cmd/lcc/port.bak/d1odeh.f
v10/usr/src/cmd/lcc/port.bak/d1odel_com.c
v10/usr/src/cmd/lcc/port.bak/d1odem_com.c
v10/usr/src/cmd/lcc/port.bak/d1oden.c
v10/usr/src/cmd/lcc/port.bak/d1oden.f
v10/usr/src/cmd/lcc/port.bak/d1odeo.c
v10/usr/src/cmd/lcc/port.bak/d1odeo.f
v10/usr/src/cmd/lcc/port.bak/d1odep.c
v10/usr/src/cmd/lcc/port.bak/d1odep.f
v10/usr/src/cmd/lcc/port.bak/d1odes_com.c
v10/usr/src/cmd/lcc/port.bak/d1odex.c
v10/usr/src/cmd/lcc/port.bak/d1odex.f
v10/usr/src/cmd/lcc/port.bak/d4ssod.c
v10/usr/src/cmd/lcc/port.bak/d4ssod.f
v10/usr/src/cmd/lcc/port.bak/d4ssoe.c
v10/usr/src/cmd/lcc/port.bak/d4ssoe.f
v10/usr/src/cmd/lcc/port.bak/d4ssoi.c
v10/usr/src/cmd/lcc/port.bak/d4ssoi.f
v10/usr/src/cmd/lcc/port.bak/d4ssol.c
v10/usr/src/cmd/lcc/port.bak/d4ssol.f
v10/usr/src/cmd/lcc/port.bak/d4ssom.c
v10/usr/src/cmd/lcc/port.bak/d4ssom.f
v10/usr/src/cmd/lcc/port.bak/d4ssoo.c
v10/usr/src/cmd/lcc/port.bak/d4ssoo.f
v10/usr/src/cmd/lcc/port.bak/d4ssor.c
v10/usr/src/cmd/lcc/port.bak/d4ssor.f
v10/usr/src/cmd/lcc/port.bak/d4ssox.c
v10/usr/src/cmd/lcc/port.bak/d4ssox.f
v10/usr/src/cmd/lcc/port.bak/d5fcm_com.c
v10/usr/src/cmd/lcc/port.bak/d8xtrd.c
v10/usr/src/cmd/lcc/port.bak/d8xtrd.f
v10/usr/src/cmd/lcc/port.bak/d8xtrl.c
v10/usr/src/cmd/lcc/port.bak/d8xtrl.f
v10/usr/src/cmd/lcc/port.bak/d8xtro.c
v10/usr/src/cmd/lcc/port.bak/d8xtro.f
