v10/usr/src/cmd/lcc/port.bak/d8xtrp.c
v10/usr/src/cmd/lcc/port.bak/d8xtrp.f
v10/usr/src/cmd/lcc/port.bak/d9xtrp_com.c
v10/usr/src/cmd/lcc/port.bak/dceil.c
v10/usr/src/cmd/lcc/port.bak/dceil.f
v10/usr/src/cmd/lcc/port.bak/dd5fcm_com.c
v10/usr/src/cmd/lcc/port.bak/dflr.c
v10/usr/src/cmd/lcc/port.bak/dflr.f
v10/usr/src/cmd/lcc/port.bak/diode.c
v10/usr/src/cmd/lcc/port.bak/diode.f
v10/usr/src/cmd/lcc/port.bak/diode1.c
v10/usr/src/cmd/lcc/port.bak/diode1.f
v10/usr/src/cmd/lcc/port.bak/diode2.c
v10/usr/src/cmd/lcc/port.bak/diode2.f
v10/usr/src/cmd/lcc/port.bak/diode3.c
v10/usr/src/cmd/lcc/port.bak/diode3.f
v10/usr/src/cmd/lcc/port.bak/diode4.c
v10/usr/src/cmd/lcc/port.bak/diode4.f
v10/usr/src/cmd/lcc/port.bak/dioded.c
v10/usr/src/cmd/lcc/port.bak/dioded.f
v10/usr/src/cmd/lcc/port.bak/diodee.c
v10/usr/src/cmd/lcc/port.bak/diodee.f
v10/usr/src/cmd/lcc/port.bak/diodef_com.c
v10/usr/src/cmd/lcc/port.bak/diodeg.c
v10/usr/src/cmd/lcc/port.bak/diodeg.f
v10/usr/src/cmd/lcc/port.bak/diodeh.c
v10/usr/src/cmd/lcc/port.bak/diodeh.f
v10/usr/src/cmd/lcc/port.bak/diodej_com.c
v10/usr/src/cmd/lcc/port.bak/dioden.c
v10/usr/src/cmd/lcc/port.bak/dioden.f
v10/usr/src/cmd/lcc/port.bak/dioder.c
v10/usr/src/cmd/lcc/port.bak/dioder.f
v10/usr/src/cmd/lcc/port.bak/diodes.c
v10/usr/src/cmd/lcc/port.bak/diodes.f
v10/usr/src/cmd/lcc/port.bak/diodev.c
v10/usr/src/cmd/lcc/port.bak/diodev.f
v10/usr/src/cmd/lcc/port.bak/diodex.c
v10/usr/src/cmd/lcc/port.bak/diodex.f
v10/usr/src/cmd/lcc/port.bak/dl5com_com.c
v10/usr/src/cmd/lcc/port.bak/dodes.c
v10/usr/src/cmd/lcc/port.bak/dodes.f
v10/usr/src/cmd/lcc/port.bak/dodes1.c
v10/usr/src/cmd/lcc/port.bak/dodes1.f
v10/usr/src/cmd/lcc/port.bak/dodes2.c
v10/usr/src/cmd/lcc/port.bak/dodes2.f
v10/usr/src/cmd/lcc/port.bak/dodese.c
v10/usr/src/cmd/lcc/port.bak/dodese.f
v10/usr/src/cmd/lcc/port.bak/dodesf_com.c
v10/usr/src/cmd/lcc/port.bak/dodesh.c
v10/usr/src/cmd/lcc/port.bak/dodesh.f
v10/usr/src/cmd/lcc/port.bak/dodesm_com.c
v10/usr/src/cmd/lcc/port.bak/dodesq.c
v10/usr/src/cmd/lcc/port.bak/dodesq.f
v10/usr/src/cmd/lcc/port.bak/dqrd.c
v10/usr/src/cmd/lcc/port.bak/dqrd.f
v10/usr/src/cmd/lcc/port.bak/dqrqtb.c
v10/usr/src/cmd/lcc/port.bak/dqrqtb.f
v10/usr/src/cmd/lcc/port.bak/drcsb.c
v10/usr/src/cmd/lcc/port.bak/drcsb.f
v10/usr/src/cmd/lcc/port.bak/drcsc.c
v10/usr/src/cmd/lcc/port.bak/drcsc.f
v10/usr/src/cmd/lcc/port.bak/drcss.c
v10/usr/src/cmd/lcc/port.bak/drcss.f
v10/usr/src/cmd/lcc/port.bak/drcsx.c
v10/usr/src/cmd/lcc/port.bak/drcsx.f
v10/usr/src/cmd/lcc/port.bak/dsxtrp.c
v10/usr/src/cmd/lcc/port.bak/dsxtrp.f
v10/usr/src/cmd/lcc/port.bak/dxtrap.c
v10/usr/src/cmd/lcc/port.bak/dxtrap.f
v10/usr/src/cmd/lcc/port.bak/e9rint.c
v10/usr/src/cmd/lcc/port.bak/e9rint.f
v10/usr/src/cmd/lcc/port.bak/enter.c
v10/usr/src/cmd/lcc/port.bak/enter.f
v10/usr/src/cmd/lcc/port.bak/entsrc.c
v10/usr/src/cmd/lcc/port.bak/entsrc.f
v10/usr/src/cmd/lcc/port.bak/eprint.c
v10/usr/src/cmd/lcc/port.bak/eprint.f
v10/usr/src/cmd/lcc/port.bak/erroff.c
v10/usr/src/cmd/lcc/port.bak/erroff.f
v10/usr/src/cmd/lcc/port.bak/fdump.c
v10/usr/src/cmd/lcc/port.bak/fdump.f
v10/usr/src/cmd/lcc/port.bak/flr.c
v10/usr/src/cmd/lcc/port.bak/flr.f
v10/usr/src/cmd/lcc/port.bak/frmatd.c
v10/usr/src/cmd/lcc/port.bak/frmatd.f
v10/usr/src/cmd/lcc/port.bak/frmati.c
v10/usr/src/cmd/lcc/port.bak/frmati.f
v10/usr/src/cmd/lcc/port.bak/frmatr.c
v10/usr/src/cmd/lcc/port.bak/frmatr.f
v10/usr/src/cmd/lcc/port.bak/i0tk00.c
v10/usr/src/cmd/lcc/port.bak/i0tk00.f
v10/usr/src/cmd/lcc/port.bak/i10wid.c
v10/usr/src/cmd/lcc/port.bak/i10wid.f
v10/usr/src/cmd/lcc/port.bak/i1mach.c
v10/usr/src/cmd/lcc/port.bak/i1mach.f
v10/usr/src/cmd/lcc/port.bak/i8save.c
v10/usr/src/cmd/lcc/port.bak/i8save.f
v10/usr/src/cmd/lcc/port.bak/i8tsel.c
v10/usr/src/cmd/lcc/port.bak/i8tsel.f
v10/usr/src/cmd/lcc/port.bak/iceil.c
v10/usr/src/cmd/lcc/port.bak/iceil.f
v10/usr/src/cmd/lcc/port.bak/idceil.c
v10/usr/src/cmd/lcc/port.bak/idceil.f
v10/usr/src/cmd/lcc/port.bak/idflr.c
v10/usr/src/cmd/lcc/port.bak/idflr.f
v10/usr/src/cmd/lcc/port.bak/iflr.c
v10/usr/src/cmd/lcc/port.bak/iflr.f
v10/usr/src/cmd/lcc/port.bak/iode.c
v10/usr/src/cmd/lcc/port.bak/iode.f
v10/usr/src/cmd/lcc/port.bak/iode1.c
v10/usr/src/cmd/lcc/port.bak/iode1.f
v10/usr/src/cmd/lcc/port.bak/iode2.c
v10/usr/src/cmd/lcc/port.bak/iode2.f
v10/usr/src/cmd/lcc/port.bak/iode3.c
v10/usr/src/cmd/lcc/port.bak/iode3.f
v10/usr/src/cmd/lcc/port.bak/iode4.c
v10/usr/src/cmd/lcc/port.bak/iode4.f
v10/usr/src/cmd/lcc/port.bak/ioded.c
