v10/usr/src/cmd/lcc/port.bak/ioded.f
v10/usr/src/cmd/lcc/port.bak/iodee.c
v10/usr/src/cmd/lcc/port.bak/iodee.f
v10/usr/src/cmd/lcc/port.bak/iodef_com.c
v10/usr/src/cmd/lcc/port.bak/iodeg.c
v10/usr/src/cmd/lcc/port.bak/iodeg.f
v10/usr/src/cmd/lcc/port.bak/iodeh.c
v10/usr/src/cmd/lcc/port.bak/iodeh.f
v10/usr/src/cmd/lcc/port.bak/iodej_com.c
v10/usr/src/cmd/lcc/port.bak/ioden.c
v10/usr/src/cmd/lcc/port.bak/ioden.f
v10/usr/src/cmd/lcc/port.bak/ioder.c
v10/usr/src/cmd/lcc/port.bak/ioder.f
v10/usr/src/cmd/lcc/port.bak/iodes.c
v10/usr/src/cmd/lcc/port.bak/iodes.f
v10/usr/src/cmd/lcc/port.bak/iodev.c
v10/usr/src/cmd/lcc/port.bak/iodev.f
v10/usr/src/cmd/lcc/port.bak/iodex.c
v10/usr/src/cmd/lcc/port.bak/iodex.f
v10/usr/src/cmd/lcc/port.bak/istkgt.c
v10/usr/src/cmd/lcc/port.bak/istkgt.f
v10/usr/src/cmd/lcc/port.bak/istkin.c
v10/usr/src/cmd/lcc/port.bak/istkin.f
v10/usr/src/cmd/lcc/port.bak/istkmd.c
v10/usr/src/cmd/lcc/port.bak/istkmd.f
v10/usr/src/cmd/lcc/port.bak/istkqu.c
v10/usr/src/cmd/lcc/port.bak/istkqu.f
v10/usr/src/cmd/lcc/port.bak/istkrl.c
v10/usr/src/cmd/lcc/port.bak/istkrl.f
v10/usr/src/cmd/lcc/port.bak/istkst.c
v10/usr/src/cmd/lcc/port.bak/istkst.f
v10/usr/src/cmd/lcc/port.bak/l5com_com.c
v10/usr/src/cmd/lcc/port.bak/leave.c
v10/usr/src/cmd/lcc/port.bak/leave.f
v10/usr/src/cmd/lcc/port.bak/n5err.c
v10/usr/src/cmd/lcc/port.bak/n5err.f
v10/usr/src/cmd/lcc/port.bak/nerror.c
v10/usr/src/cmd/lcc/port.bak/nerror.f
v10/usr/src/cmd/lcc/port.bak/odes.c
v10/usr/src/cmd/lcc/port.bak/odes.f
v10/usr/src/cmd/lcc/port.bak/odes1.c
v10/usr/src/cmd/lcc/port.bak/odes1.f
v10/usr/src/cmd/lcc/port.bak/odes2.c
v10/usr/src/cmd/lcc/port.bak/odes2.f
v10/usr/src/cmd/lcc/port.bak/odese.c
v10/usr/src/cmd/lcc/port.bak/odese.f
v10/usr/src/cmd/lcc/port.bak/odesf_com.c
v10/usr/src/cmd/lcc/port.bak/odesh.c
v10/usr/src/cmd/lcc/port.bak/odesh.f
v10/usr/src/cmd/lcc/port.bak/odesm_com.c
v10/usr/src/cmd/lcc/port.bak/odesq.c
v10/usr/src/cmd/lcc/port.bak/odesq.f
v10/usr/src/cmd/lcc/port.bak/qrd.c
v10/usr/src/cmd/lcc/port.bak/qrd.f
v10/usr/src/cmd/lcc/port.bak/qrqtb.c
v10/usr/src/cmd/lcc/port.bak/qrqtb.f
v10/usr/src/cmd/lcc/port.bak/r1mach.c
v10/usr/src/cmd/lcc/port.bak/r1mach.f
v10/usr/src/cmd/lcc/port.bak/rcsb.c
v10/usr/src/cmd/lcc/port.bak/rcsb.f
v10/usr/src/cmd/lcc/port.bak/rcsc.c
v10/usr/src/cmd/lcc/port.bak/rcsc.f
v10/usr/src/cmd/lcc/port.bak/rcss.c
v10/usr/src/cmd/lcc/port.bak/rcss.f
v10/usr/src/cmd/lcc/port.bak/rcsx.c
v10/usr/src/cmd/lcc/port.bak/rcsx.f
v10/usr/src/cmd/lcc/port.bak/retsrc.c
v10/usr/src/cmd/lcc/port.bak/retsrc.f
v10/usr/src/cmd/lcc/port.bak/run
v10/usr/src/cmd/lcc/port.bak/run1
v10/usr/src/cmd/lcc/port.bak/s1mach.c
v10/usr/src/cmd/lcc/port.bak/s1mach.f
v10/usr/src/cmd/lcc/port.bak/s2mach.c
v10/usr/src/cmd/lcc/port.bak/s2mach.f
v10/usr/src/cmd/lcc/port.bak/s3mach.c
v10/usr/src/cmd/lcc/port.bak/s3mach.f
v10/usr/src/cmd/lcc/port.bak/s88fmt.c
v10/usr/src/cmd/lcc/port.bak/s88fmt.f
v10/usr/src/cmd/lcc/port.bak/sdump.c
v10/usr/src/cmd/lcc/port.bak/sdump.f
v10/usr/src/cmd/lcc/port.bak/seterr.c
v10/usr/src/cmd/lcc/port.bak/seterr.f
v10/usr/src/cmd/lcc/port.bak/stkdmp.c
v10/usr/src/cmd/lcc/port.bak/stkdmp.f
v10/usr/src/cmd/lcc/port.bak/sxtrp.c
v10/usr/src/cmd/lcc/port.bak/sxtrp.f
v10/usr/src/cmd/lcc/port.bak/u9dmp.c
v10/usr/src/cmd/lcc/port.bak/u9dmp.f
v10/usr/src/cmd/lcc/port.bak/xtrap.c
v10/usr/src/cmd/lcc/port.bak/xtrap.f
