v10/usr/src/cmd/lcc/port/LOG
v10/usr/src/cmd/lcc/port/run
v10/usr/src/cmd/lcc/port/run1
v10/usr/src/cmd/lcc/port.bak/in/APNR
v10/usr/src/cmd/lcc/port.bak/in/BURA
v10/usr/src/cmd/lcc/port.bak/in/BURB
v10/usr/src/cmd/lcc/port.bak/in/CDEX
v10/usr/src/cmd/lcc/port.bak/in/CDLG
v10/usr/src/cmd/lcc/port.bak/in/CPLA
v10/usr/src/cmd/lcc/port.bak/in/CSPA
v10/usr/src/cmd/lcc/port.bak/in/CSPE
v10/usr/src/cmd/lcc/port.bak/in/CSPG
v10/usr/src/cmd/lcc/port.bak/in/CSPQ
v10/usr/src/cmd/lcc/port.bak/in/DDEA
v10/usr/src/cmd/lcc/port.bak/in/DESA
v10/usr/src/cmd/lcc/port.bak/in/EBEA
v10/usr/src/cmd/lcc/port.bak/in/ERR1
v10/usr/src/cmd/lcc/port.bak/in/ERR2
v10/usr/src/cmd/lcc/port.bak/in/ERR3
v10/usr/src/cmd/lcc/port.bak/in/ERRK
v10/usr/src/cmd/lcc/port.bak/in/EVAA
v10/usr/src/cmd/lcc/port.bak/in/EXTR
v10/usr/src/cmd/lcc/port.bak/in/FFTA
v10/usr/src/cmd/lcc/port.bak/in/FFTC
v10/usr/src/cmd/lcc/port.bak/in/FMTR
v10/usr/src/cmd/lcc/port.bak/in/GAMA
v10/usr/src/cmd/lcc/port.bak/in/GMAD
v10/usr/src/cmd/lcc/port.bak/in/LBAA
v10/usr/src/cmd/lcc/port.bak/in/LBAB
v10/usr/src/cmd/lcc/port.bak/in/LBAF
v10/usr/src/cmd/lcc/port.bak/in/LBAJ
v10/usr/src/cmd/lcc/port.bak/in/LBAK
v10/usr/src/cmd/lcc/port.bak/in/LBAL
v10/usr/src/cmd/lcc/port.bak/in/LBAN
v10/usr/src/cmd/lcc/port.bak/in/LBAP
v10/usr/src/cmd/lcc/port.bak/in/LGAC
v10/usr/src/cmd/lcc/port.bak/in/LGAD
v10/usr/src/cmd/lcc/port.bak/in/LGEA
v10/usr/src/cmd/lcc/port.bak/in/LGEB
v10/usr/src/cmd/lcc/port.bak/in/LGEF
v10/usr/src/cmd/lcc/port.bak/in/LGEH
v10/usr/src/cmd/lcc/port.bak/in/LGEJ
v10/usr/src/cmd/lcc/port.bak/in/LGEL
v10/usr/src/cmd/lcc/port.bak/in/LGEM
v10/usr/src/cmd/lcc/port.bak/in/LLZA
v10/usr/src/cmd/lcc/port.bak/in/LNAB
v10/usr/src/cmd/lcc/port.bak/in/LPSA
v10/usr/src/cmd/lcc/port.bak/in/LPSB
v10/usr/src/cmd/lcc/port.bak/in/LPSF
v10/usr/src/cmd/lcc/port.bak/in/LPSG
v10/usr/src/cmd/lcc/port.bak/in/LPSJ
v10/usr/src/cmd/lcc/port.bak/in/LPSK
v10/usr/src/cmd/lcc/port.bak/in/LPSM
v10/usr/src/cmd/lcc/port.bak/in/LRAD
v10/usr/src/cmd/lcc/port.bak/in/LRPA
v10/usr/src/cmd/lcc/port.bak/in/LRPB
v10/usr/src/cmd/lcc/port.bak/in/LRPE
v10/usr/src/cmd/lcc/port.bak/in/LRPF
v10/usr/src/cmd/lcc/port.bak/in/LRPG
v10/usr/src/cmd/lcc/port.bak/in/LSFA
v10/usr/src/cmd/lcc/port.bak/in/LTQD
v10/usr/src/cmd/lcc/port.bak/in/LTSQ
v10/usr/src/cmd/lcc/port.bak/in/LYAD
v10/usr/src/cmd/lcc/port.bak/in/LYMA
v10/usr/src/cmd/lcc/port.bak/in/LYMB
v10/usr/src/cmd/lcc/port.bak/in/LYMK
v10/usr/src/cmd/lcc/port.bak/in/LYMP
v10/usr/src/cmd/lcc/port.bak/in/LYRC
v10/usr/src/cmd/lcc/port.bak/in/LYSC
v10/usr/src/cmd/lcc/port.bak/in/MACH
v10/usr/src/cmd/lcc/port.bak/in/MFED
v10/usr/src/cmd/lcc/port.bak/in/MFTE
v10/usr/src/cmd/lcc/port.bak/in/MFTF
v10/usr/src/cmd/lcc/port.bak/in/MFTG
v10/usr/src/cmd/lcc/port.bak/in/MLLR
v10/usr/src/cmd/lcc/port.bak/in/MNNA
v10/usr/src/cmd/lcc/port.bak/in/MNTB
v10/usr/src/cmd/lcc/port.bak/in/NLSA
v10/usr/src/cmd/lcc/port.bak/in/NLSB
v10/usr/src/cmd/lcc/port.bak/in/NLSJ
v10/usr/src/cmd/lcc/port.bak/in/NLSK
v10/usr/src/cmd/lcc/port.bak/in/NLSP
v10/usr/src/cmd/lcc/port.bak/in/NLSR
v10/usr/src/cmd/lcc/port.bak/in/NMSK
v10/usr/src/cmd/lcc/port.bak/in/NP2A
v10/usr/src/cmd/lcc/port.bak/in/NP2B
v10/usr/src/cmd/lcc/port.bak/in/NP2E
v10/usr/src/cmd/lcc/port.bak/in/NP2F
v10/usr/src/cmd/lcc/port.bak/in/NSFA
v10/usr/src/cmd/lcc/port.bak/in/NSNM
v10/usr/src/cmd/lcc/port.bak/in/NTLE
v10/usr/src/cmd/lcc/port.bak/in/NTLF
v10/usr/src/cmd/lcc/port.bak/in/NTLH
v10/usr/src/cmd/lcc/port.bak/in/NTLK
v10/usr/src/cmd/lcc/port.bak/in/NTLM
v10/usr/src/cmd/lcc/port.bak/in/NTLP
v10/usr/src/cmd/lcc/port.bak/in/NTLR
v10/usr/src/cmd/lcc/port.bak/in/NTLT
v10/usr/src/cmd/lcc/port.bak/in/NTLU
v10/usr/src/cmd/lcc/port.bak/in/PDEA
v10/usr/src/cmd/lcc/port.bak/in/PDEW
v10/usr/src/cmd/lcc/port.bak/in/PLYA
v10/usr/src/cmd/lcc/port.bak/in/PLYC
v10/usr/src/cmd/lcc/port.bak/in/PRAC
v10/usr/src/cmd/lcc/port.bak/in/PRAD
v10/usr/src/cmd/lcc/port.bak/in/PREA
v10/usr/src/cmd/lcc/port.bak/in/PRMA
v10/usr/src/cmd/lcc/port.bak/in/PRS1
v10/usr/src/cmd/lcc/port.bak/in/PRS3
v10/usr/src/cmd/lcc/port.bak/in/PRSA
v10/usr/src/cmd/lcc/port.bak/in/PRSF
v10/usr/src/cmd/lcc/port.bak/in/PRSJ
v10/usr/src/cmd/lcc/port.bak/in/PRSM
v10/usr/src/cmd/lcc/port.bak/in/PRSP
v10/usr/src/cmd/lcc/port.bak/in/PRST
v10/usr/src/cmd/lcc/port.bak/in/PRSY
v10/usr/src/cmd/lcc/port.bak/in/PRSZ
v10/usr/src/cmd/lcc/port.bak/in/QBGD
v10/usr/src/cmd/lcc/port.bak/in/QBLA
v10/usr/src/cmd/lcc/port.bak/in/QBLC
v10/usr/src/cmd/lcc/port.bak/in/QBLG
v10/usr/src/cmd/lcc/port.bak/in/QGGD
v10/usr/src/cmd/lcc/port.bak/in/QGSG
v10/usr/src/cmd/lcc/port.bak/in/QGSH
v10/usr/src/cmd/lcc/port.bak/in/QGSJ
v10/usr/src/cmd/lcc/port.bak/in/QGSM
v10/usr/src/cmd/lcc/port.bak/in/QGSP
v10/usr/src/cmd/lcc/port.bak/in/QGSR
v10/usr/src/cmd/lcc/port.bak/in/QGST
v10/usr/src/cmd/lcc/port.bak/in/QODD
v10/usr/src/cmd/lcc/port.bak/in/QPAD
v10/usr/src/cmd/lcc/port.bak/in/QPRA
v10/usr/src/cmd/lcc/port.bak/in/RANC
v10/usr/src/cmd/lcc/port.bak/in/RNRM
v10/usr/src/cmd/lcc/port.bak/in/RPAD
v10/usr/src/cmd/lcc/port.bak/in/SDBA
v10/usr/src/cmd/lcc/port.bak/in/SPLE
v10/usr/src/cmd/lcc/port.bak/in/SPLF
v10/usr/src/cmd/lcc/port.bak/in/STK1
v10/usr/src/cmd/lcc/port.bak/in/STK2
v10/usr/src/cmd/lcc/port.bak/in/SVAD
v10/usr/src/cmd/lcc/port.bak/in/SVBD
v10/usr/src/cmd/lcc/port.bak/in/SVCD
v10/usr/src/cmd/lcc/port.bak/in/SVDA
v10/usr/src/cmd/lcc/port.bak/in/SVDB
v10/usr/src/cmd/lcc/port.bak/in/SVDC
v10/usr/src/cmd/lcc/port.bak/in/THYP
v10/usr/src/cmd/lcc/port.bak/in/VDAD
v10/usr/src/cmd/lcc/port.bak/in/VDBD
v10/usr/src/cmd/lcc/port.bak/in/VDED
v10/usr/src/cmd/lcc/port.bak/in/VDSA
v10/usr/src/cmd/lcc/port.bak/in/VDSB
v10/usr/src/cmd/lcc/port.bak/in/VDSE
v10/usr/src/cmd/lcc/port.bak/in/XKHD
v10/usr/src/cmd/lcc/port.bak/in/XKHI
v10/usr/src/cmd/lcc/port.bak/in/XKTH
v10/usr/src/cmd/lcc/port.bak/in/ZERA
v10/usr/src/cmd/lcc/port.bak/in/ZONA
v10/usr/src/cmd/lcc/port.bak/in/ZONB
v10/usr/src/cmd/lcc/port/in/APNR
v10/usr/src/cmd/lcc/port/in/BURA
v10/usr/src/cmd/lcc/port/in/BURB
v10/usr/src/cmd/lcc/port/in/CDEX
v10/usr/src/cmd/lcc/port/in/CDLG
v10/usr/src/cmd/lcc/port/in/CPLA
v10/usr/src/cmd/lcc/port/in/CSPA
v10/usr/src/cmd/lcc/port/in/CSPE
v10/usr/src/cmd/lcc/port/in/CSPG
v10/usr/src/cmd/lcc/port/in/CSPQ
v10/usr/src/cmd/lcc/port/in/DDEA
v10/usr/src/cmd/lcc/port/in/DESA
v10/usr/src/cmd/lcc/port/in/EBEA
v10/usr/src/cmd/lcc/port/in/ERR1
v10/usr/src/cmd/lcc/port/in/ERR2
v10/usr/src/cmd/lcc/port/in/ERR3
v10/usr/src/cmd/lcc/port/in/ERRK
v10/usr/src/cmd/lcc/port/in/EVAA
v10/usr/src/cmd/lcc/port/in/EXTR
v10/usr/src/cmd/lcc/port/in/FFTA
v10/usr/src/cmd/lcc/port/in/FFTC
v10/usr/src/cmd/lcc/port/in/FMTR
v10/usr/src/cmd/lcc/port/in/GAMA
v10/usr/src/cmd/lcc/port/in/GMAD
v10/usr/src/cmd/lcc/port/in/LBAA
v10/usr/src/cmd/lcc/port/in/LBAB
v10/usr/src/cmd/lcc/port/in/LBAF
v10/usr/src/cmd/lcc/port/in/LBAJ
v10/usr/src/cmd/lcc/port/in/LBAK
v10/usr/src/cmd/lcc/port/in/LBAL
v10/usr/src/cmd/lcc/port/in/LBAN
v10/usr/src/cmd/lcc/port/in/LBAP
v10/usr/src/cmd/lcc/port/in/LGAC
v10/usr/src/cmd/lcc/port/in/LGAD
v10/usr/src/cmd/lcc/port/in/LGEA
v10/usr/src/cmd/lcc/port/in/LGEB
v10/usr/src/cmd/lcc/port/in/LGEF
v10/usr/src/cmd/lcc/port/in/LGEH
v10/usr/src/cmd/lcc/port/in/LGEJ
v10/usr/src/cmd/lcc/port/in/LGEL
v10/usr/src/cmd/lcc/port/in/LGEM
v10/usr/src/cmd/lcc/port/in/LLZA
v10/usr/src/cmd/lcc/port/in/LNAB
v10/usr/src/cmd/lcc/port/in/LPSA
v10/usr/src/cmd/lcc/port/in/LPSB
v10/usr/src/cmd/lcc/port/in/LPSF
v10/usr/src/cmd/lcc/port/in/LPSG
v10/usr/src/cmd/lcc/port/in/LPSJ
v10/usr/src/cmd/lcc/port/in/LPSK
v10/usr/src/cmd/lcc/port/in/LPSM
v10/usr/src/cmd/lcc/port/in/LRAD
v10/usr/src/cmd/lcc/port/in/LRPA
v10/usr/src/cmd/lcc/port/in/LRPB
v10/usr/src/cmd/lcc/port/in/LRPE
v10/usr/src/cmd/lcc/port/in/LRPF
v10/usr/src/cmd/lcc/port/in/LRPG
v10/usr/src/cmd/lcc/port/in/LSFA
v10/usr/src/cmd/lcc/port/in/LTQD
v10/usr/src/cmd/lcc/port/in/LTSQ
v10/usr/src/cmd/lcc/port/in/LYAD
v10/usr/src/cmd/lcc/port/in/LYMA
v10/usr/src/cmd/lcc/port/in/LYMB
v10/usr/src/cmd/lcc/port/in/LYMK
v10/usr/src/cmd/lcc/port/in/LYMP
v10/usr/src/cmd/lcc/port/in/LYRC
v10/usr/src/cmd/lcc/port/in/LYSC
v10/usr/src/cmd/lcc/port/in/MACH
v10/usr/src/cmd/lcc/port/in/MFED
v10/usr/src/cmd/lcc/port/in/MFTE
v10/usr/src/cmd/lcc/port/in/MFTF
v10/usr/src/cmd/lcc/port/in/MFTG
v10/usr/src/cmd/lcc/port/in/MLLR
v10/usr/src/cmd/lcc/port/in/MNNA
v10/usr/src/cmd/lcc/port/in/MNTB
v10/usr/src/cmd/lcc/port/in/NLSA
v10/usr/src/cmd/lcc/port/in/NLSB
v10/usr/src/cmd/lcc/port/in/NLSJ
v10/usr/src/cmd/lcc/port/in/NLSK
v10/usr/src/cmd/lcc/port/in/NLSP
v10/usr/src/cmd/lcc/port/in/NLSR
v10/usr/src/cmd/lcc/port/in/NMSK
v10/usr/src/cmd/lcc/port/in/NP2A
v10/usr/src/cmd/lcc/port/in/NP2B
v10/usr/src/cmd/lcc/port/in/NP2E
v10/usr/src/cmd/lcc/port/in/NP2F
v10/usr/src/cmd/lcc/port/in/NSFA
v10/usr/src/cmd/lcc/port/in/NSNM
v10/usr/src/cmd/lcc/port/in/NTLE
v10/usr/src/cmd/lcc/port/in/NTLF
v10/usr/src/cmd/lcc/port/in/NTLH
v10/usr/src/cmd/lcc/port/in/NTLK
v10/usr/src/cmd/lcc/port/in/NTLM
v10/usr/src/cmd/lcc/port/in/NTLP
v10/usr/src/cmd/lcc/port/in/NTLR
v10/usr/src/cmd/lcc/port/in/NTLT
v10/usr/src/cmd/lcc/port/in/NTLU
v10/usr/src/cmd/lcc/port/in/PDEA
v10/usr/src/cmd/lcc/port/in/PDEW
v10/usr/src/cmd/lcc/port/in/PLYA
v10/usr/src/cmd/lcc/port/in/PLYC
v10/usr/src/cmd/lcc/port/in/PRAC
v10/usr/src/cmd/lcc/port/in/PRAD
v10/usr/src/cmd/lcc/port/in/PREA
v10/usr/src/cmd/lcc/port/in/PRMA
v10/usr/src/cmd/lcc/port/in/PRS1
v10/usr/src/cmd/lcc/port/in/PRS3
v10/usr/src/cmd/lcc/port/in/PRSA
v10/usr/src/cmd/lcc/port/in/PRSF
v10/usr/src/cmd/lcc/port/in/PRSJ
v10/usr/src/cmd/lcc/port/in/PRSM
v10/usr/src/cmd/lcc/port/in/PRSP
v10/usr/src/cmd/lcc/port/in/PRST
v10/usr/src/cmd/lcc/port/in/PRSY
v10/usr/src/cmd/lcc/port/in/PRSZ
v10/usr/src/cmd/lcc/port/in/QBGD
v10/usr/src/cmd/lcc/port/in/QBLA
v10/usr/src/cmd/lcc/port/in/QBLC
v10/usr/src/cmd/lcc/port/in/QBLG
v10/usr/src/cmd/lcc/port/in/QGGD
v10/usr/src/cmd/lcc/port/in/QGSG
v10/usr/src/cmd/lcc/port/in/QGSH
v10/usr/src/cmd/lcc/port/in/QGSJ
v10/usr/src/cmd/lcc/port/in/QGSM
v10/usr/src/cmd/lcc/port/in/QGSP
v10/usr/src/cmd/lcc/port/in/QGSR
v10/usr/src/cmd/lcc/port/in/QGST
v10/usr/src/cmd/lcc/port/in/QODD
v10/usr/src/cmd/lcc/port/in/QPAD
v10/usr/src/cmd/lcc/port/in/QPRA
v10/usr/src/cmd/lcc/port/in/RANC
v10/usr/src/cmd/lcc/port/in/RNRM
v10/usr/src/cmd/lcc/port/in/RPAD
v10/usr/src/cmd/lcc/port/in/SDBA
v10/usr/src/cmd/lcc/port/in/SPLE
v10/usr/src/cmd/lcc/port/in/SPLF
v10/usr/src/cmd/lcc/port/in/STK1
v10/usr/src/cmd/lcc/port/in/STK2
v10/usr/src/cmd/lcc/port/in/SVAD
v10/usr/src/cmd/lcc/port/in/SVBD
v10/usr/src/cmd/lcc/port/in/SVCD
v10/usr/src/cmd/lcc/port/in/SVDA
v10/usr/src/cmd/lcc/port/in/SVDB
v10/usr/src/cmd/lcc/port/in/SVDC
v10/usr/src/cmd/lcc/port/in/THYP
v10/usr/src/cmd/lcc/port/in/VDAD
v10/usr/src/cmd/lcc/port/in/VDBD
v10/usr/src/cmd/lcc/port/in/VDED
v10/usr/src/cmd/lcc/port/in/VDSA
v10/usr/src/cmd/lcc/port/in/VDSB
v10/usr/src/cmd/lcc/port/in/VDSE
v10/usr/src/cmd/lcc/port/in/XKHD
v10/usr/src/cmd/lcc/port/in/XKHI
v10/usr/src/cmd/lcc/port/in/XKTH
v10/usr/src/cmd/lcc/port/in/ZERA
v10/usr/src/cmd/lcc/port/in/ZONA
v10/usr/src/cmd/lcc/port/in/ZONB
