v10/usr/src/cmd/lcc/tst/8q.0
v10/usr/src/cmd/lcc/tst/8q.2
v10/usr/src/cmd/lcc/tst/8q.c
v10/usr/src/cmd/lcc/tst/array.0
v10/usr/src/cmd/lcc/tst/array.2
v10/usr/src/cmd/lcc/tst/array.c
v10/usr/src/cmd/lcc/tst/back.0
v10/usr/src/cmd/lcc/tst/back.2
v10/usr/src/cmd/lcc/tst/back.c
v10/usr/src/cmd/lcc/tst/cf.0
v10/usr/src/cmd/lcc/tst/cf.2
v10/usr/src/cmd/lcc/tst/cf.c
v10/usr/src/cmd/lcc/tst/cq.0
v10/usr/src/cmd/lcc/tst/cq.2
v10/usr/src/cmd/lcc/tst/cq.c
v10/usr/src/cmd/lcc/tst/cvt.0
v10/usr/src/cmd/lcc/tst/cvt.2
v10/usr/src/cmd/lcc/tst/cvt.c
v10/usr/src/cmd/lcc/tst/fields.0
v10/usr/src/cmd/lcc/tst/fields.2
v10/usr/src/cmd/lcc/tst/fields.c
v10/usr/src/cmd/lcc/tst/front.0
v10/usr/src/cmd/lcc/tst/front.2
v10/usr/src/cmd/lcc/tst/front.c
v10/usr/src/cmd/lcc/tst/incr.0
v10/usr/src/cmd/lcc/tst/incr.2
v10/usr/src/cmd/lcc/tst/incr.c
v10/usr/src/cmd/lcc/tst/init.0
v10/usr/src/cmd/lcc/tst/init.2
v10/usr/src/cmd/lcc/tst/init.c
v10/usr/src/cmd/lcc/tst/lex.0
v10/usr/src/cmd/lcc/tst/lex.2
v10/usr/src/cmd/lcc/tst/lex.c
v10/usr/src/cmd/lcc/tst/limits.0
v10/usr/src/cmd/lcc/tst/limits.2
v10/usr/src/cmd/lcc/tst/limits.c
v10/usr/src/cmd/lcc/tst/makefile
v10/usr/src/cmd/lcc/tst/mkfile
v10/usr/src/cmd/lcc/tst/paranoia.0
v10/usr/src/cmd/lcc/tst/paranoia.2
v10/usr/src/cmd/lcc/tst/paranoia.c
v10/usr/src/cmd/lcc/tst/sort.0
v10/usr/src/cmd/lcc/tst/sort.2
v10/usr/src/cmd/lcc/tst/sort.c
v10/usr/src/cmd/lcc/tst/spill.0
v10/usr/src/cmd/lcc/tst/spill.2
v10/usr/src/cmd/lcc/tst/spill.c
v10/usr/src/cmd/lcc/tst/stdarg.0
v10/usr/src/cmd/lcc/tst/stdarg.2
v10/usr/src/cmd/lcc/tst/stdarg.c
v10/usr/src/cmd/lcc/tst/struct.0
v10/usr/src/cmd/lcc/tst/struct.2
v10/usr/src/cmd/lcc/tst/struct.c
v10/usr/src/cmd/lcc/tst/switch.0
v10/usr/src/cmd/lcc/tst/switch.2
v10/usr/src/cmd/lcc/tst/switch.c
v10/usr/src/cmd/lcc/tst/t1
v10/usr/src/cmd/lcc/tst/t2
v10/usr/src/cmd/lcc/tst/wf.0
v10/usr/src/cmd/lcc/tst/wf.2
v10/usr/src/cmd/lcc/tst/wf.c
v10/usr/src/cmd/lcc/tst/wf1.0
v10/usr/src/cmd/lcc/tst/wf1.2
v10/usr/src/cmd/lcc/tst/wf1.c
v10/usr/src/cmd/lcc/tst/yacc.0
v10/usr/src/cmd/lcc/tst/yacc.2
v10/usr/src/cmd/lcc/tst/yacc.c
v10/usr/src/cmd/lcomp/3binstr.c
v10/usr/src/cmd/lcomp/5bb.c
v10/usr/src/cmd/lcomp/68k-instr.c
v10/usr/src/cmd/lcomp/README
v10/usr/src/cmd/lcomp/bb.c
v10/usr/src/cmd/lcomp/bundled
v10/usr/src/cmd/lcomp/export
v10/usr/src/cmd/lcomp/instr.c
v10/usr/src/cmd/lcomp/lcomp.1
v10/usr/src/cmd/lcomp/lprint.c
v10/usr/src/cmd/lcomp/lsub.c
v10/usr/src/cmd/lcomp/makefile
v10/usr/src/cmd/lcomp/mkfile
v10/usr/src/cmd/lcomp/nexit.c
v10/usr/src/cmd/lcomp/prof.mail
v10/usr/src/cmd/lcomp/profmemo
v10/usr/src/cmd/lcomp/syscore.c
v10/usr/src/cmd/lcomp/sysfilt
v10/usr/src/cmd/lcomp/sysprof.c
v10/usr/src/cmd/lcomp/systot
