v10/usr/src/cmd/learn/copy.c
v10/usr/src/cmd/learn/dounit.c
v10/usr/src/cmd/learn/lcount.c
v10/usr/src/cmd/learn/learn.c
v10/usr/src/cmd/learn/list.c
v10/usr/src/cmd/learn/lrndef
v10/usr/src/cmd/learn/lrnref
v10/usr/src/cmd/learn/makefile
v10/usr/src/cmd/learn/makpipe.c
v10/usr/src/cmd/learn/maktee.c
v10/usr/src/cmd/learn/mem.c
v10/usr/src/cmd/learn/mkfile
v10/usr/src/cmd/learn/mysys.c
v10/usr/src/cmd/learn/selsub.c
v10/usr/src/cmd/learn/selunit.c
v10/usr/src/cmd/learn/start.c
v10/usr/src/cmd/learn/tee.c
v10/usr/src/cmd/learn/whatnow.c
v10/usr/src/cmd/learn/wrapup.c
v10/usr/src/cmd/learn/lib/TODO
v10/usr/src/cmd/learn/lib/lib/Linfo
v10/usr/src/cmd/learn/lib/lib/Xinfo
v10/usr/src/cmd/learn/lib/lib/C/L0
v10/usr/src/cmd/learn/lib/lib/C/L0.1a
v10/usr/src/cmd/learn/lib/lib/C/L1.1a
v10/usr/src/cmd/learn/lib/lib/C/L1.1b
v10/usr/src/cmd/learn/lib/lib/C/L1.1c
v10/usr/src/cmd/learn/lib/lib/C/L1.1d
v10/usr/src/cmd/learn/lib/lib/C/L1.1e
v10/usr/src/cmd/learn/lib/lib/C/L1.1f
v10/usr/src/cmd/learn/lib/lib/C/L10
v10/usr/src/cmd/learn/lib/lib/C/L11.1a
v10/usr/src/cmd/learn/lib/lib/C/L11.2a
v10/usr/src/cmd/learn/lib/lib/C/L12.1a
v10/usr/src/cmd/learn/lib/lib/C/L12.1b
v10/usr/src/cmd/learn/lib/lib/C/L13.1a
v10/usr/src/cmd/learn/lib/lib/C/L14.1a
v10/usr/src/cmd/learn/lib/lib/C/L14.2a
v10/usr/src/cmd/learn/lib/lib/C/L14.2b
v10/usr/src/cmd/learn/lib/lib/C/L15.1a
v10/usr/src/cmd/learn/lib/lib/C/L15.1b
v10/usr/src/cmd/learn/lib/lib/C/L16.2a
v10/usr/src/cmd/learn/lib/lib/C/L16.2b
v10/usr/src/cmd/learn/lib/lib/C/L16.2c
v10/usr/src/cmd/learn/lib/lib/C/L17.1a
v10/usr/src/cmd/learn/lib/lib/C/L17.1c
v10/usr/src/cmd/learn/lib/lib/C/L18.1a
v10/usr/src/cmd/learn/lib/lib/C/L19.1a
v10/usr/src/cmd/learn/lib/lib/C/L2.1a
v10/usr/src/cmd/learn/lib/lib/C/L2.1b
v10/usr/src/cmd/learn/lib/lib/C/L2.1c
v10/usr/src/cmd/learn/lib/lib/C/L2.1d
v10/usr/src/cmd/learn/lib/lib/C/L2.1e
v10/usr/src/cmd/learn/lib/lib/C/L20.1a
v10/usr/src/cmd/learn/lib/lib/C/L3.1a
v10/usr/src/cmd/learn/lib/lib/C/L3.1b
v10/usr/src/cmd/learn/lib/lib/C/L30.1a
v10/usr/src/cmd/learn/lib/lib/C/L31.1a
v10/usr/src/cmd/learn/lib/lib/C/L32.1a
v10/usr/src/cmd/learn/lib/lib/C/L33.1a
v10/usr/src/cmd/learn/lib/lib/C/L35.1a
v10/usr/src/cmd/learn/lib/lib/C/L37.1a
v10/usr/src/cmd/learn/lib/lib/C/L4.1a
v10/usr/src/cmd/learn/lib/lib/C/L40.1a
v10/usr/src/cmd/learn/lib/lib/C/L41.1a
v10/usr/src/cmd/learn/lib/lib/C/L42.1a
v10/usr/src/cmd/learn/lib/lib/C/L43.1a
v10/usr/src/cmd/learn/lib/lib/C/L43.1b
v10/usr/src/cmd/learn/lib/lib/C/L5.1a
v10/usr/src/cmd/learn/lib/lib/C/L5.1b
v10/usr/src/cmd/learn/lib/lib/C/L5.1c
v10/usr/src/cmd/learn/lib/lib/C/L5.1d
v10/usr/src/cmd/learn/lib/lib/C/L5.1e
v10/usr/src/cmd/learn/lib/lib/C/L5.1f
v10/usr/src/cmd/learn/lib/lib/C/L5.1g
v10/usr/src/cmd/learn/lib/lib/C/L5.2a
v10/usr/src/cmd/learn/lib/lib/C/L5.2b
v10/usr/src/cmd/learn/lib/lib/C/L5.2e
v10/usr/src/cmd/learn/lib/lib/C/L5.3e
v10/usr/src/cmd/learn/lib/lib/C/L50.1a
v10/usr/src/cmd/learn/lib/lib/C/L9.1a
v10/usr/src/cmd/learn/lib/lib/C/getline.c
v10/usr/src/cmd/learn/lib/lib/C/getnum.c
v10/usr/src/cmd/learn/lib/lib/editor/L0
v10/usr/src/cmd/learn/lib/lib/editor/L1.1a
v10/usr/src/cmd/learn/lib/lib/editor/L10.1a
v10/usr/src/cmd/learn/lib/lib/editor/L10.1b
v10/usr/src/cmd/learn/lib/lib/editor/L10.2a
v10/usr/src/cmd/learn/lib/lib/editor/L10.2b
v10/usr/src/cmd/learn/lib/lib/editor/L10.2c
v10/usr/src/cmd/learn/lib/lib/editor/L10.3a
v10/usr/src/cmd/learn/lib/lib/editor/L10.3b
v10/usr/src/cmd/learn/lib/lib/editor/L10.3c
v10/usr/src/cmd/learn/lib/lib/editor/L10.3d
v10/usr/src/cmd/learn/lib/lib/editor/L10.3e
v10/usr/src/cmd/learn/lib/lib/editor/L10.3f
v10/usr/src/cmd/learn/lib/lib/editor/L11.1a
v10/usr/src/cmd/learn/lib/lib/editor/L11.2a
v10/usr/src/cmd/learn/lib/lib/editor/L11.2b
v10/usr/src/cmd/learn/lib/lib/editor/L11.2c
v10/usr/src/cmd/learn/lib/lib/editor/L12.1a
v10/usr/src/cmd/learn/lib/lib/editor/L12.1b
v10/usr/src/cmd/learn/lib/lib/editor/L12.2a
v10/usr/src/cmd/learn/lib/lib/editor/L12.2b
v10/usr/src/cmd/learn/lib/lib/editor/L12.2c
v10/usr/src/cmd/learn/lib/lib/editor/L13.1a
v10/usr/src/cmd/learn/lib/lib/editor/L13.2a
v10/usr/src/cmd/learn/lib/lib/editor/L13.2b
v10/usr/src/cmd/learn/lib/lib/editor/L14.1a
v10/usr/src/cmd/learn/lib/lib/editor/L14.2a
v10/usr/src/cmd/learn/lib/lib/editor/L14.2b
v10/usr/src/cmd/learn/lib/lib/editor/L15.1a
v10/usr/src/cmd/learn/lib/lib/editor/L15.1b
v10/usr/src/cmd/learn/lib/lib/editor/L15.2a
v10/usr/src/cmd/learn/lib/lib/editor/L15.2b
v10/usr/src/cmd/learn/lib/lib/editor/L15.2c
v10/usr/src/cmd/learn/lib/lib/editor/L15.2d
v10/usr/src/cmd/learn/lib/lib/editor/L15.3b
v10/usr/src/cmd/learn/lib/lib/editor/L15.3d
v10/usr/src/cmd/learn/lib/lib/editor/L15.3e
v10/usr/src/cmd/learn/lib/lib/editor/L15.3f
v10/usr/src/cmd/learn/lib/lib/editor/L16.1a
v10/usr/src/cmd/learn/lib/lib/editor/L16.1b
v10/usr/src/cmd/learn/lib/lib/editor/L16.1c
v10/usr/src/cmd/learn/lib/lib/editor/L16.2a
v10/usr/src/cmd/learn/lib/lib/editor/L16.2c
v10/usr/src/cmd/learn/lib/lib/editor/L17.2a
v10/usr/src/cmd/learn/lib/lib/editor/L17.2b
v10/usr/src/cmd/learn/lib/lib/editor/L17.2c
v10/usr/src/cmd/learn/lib/lib/editor/L17.2d
v10/usr/src/cmd/learn/lib/lib/editor/L18.1a
v10/usr/src/cmd/learn/lib/lib/editor/L18.2a
v10/usr/src/cmd/learn/lib/lib/editor/L18.2c
v10/usr/src/cmd/learn/lib/lib/editor/L18.2d
v10/usr/src/cmd/learn/lib/lib/editor/L18.2e
v10/usr/src/cmd/learn/lib/lib/editor/L18.3a
v10/usr/src/cmd/learn/lib/lib/editor/L18.3b
v10/usr/src/cmd/learn/lib/lib/editor/L19.1a
v10/usr/src/cmd/learn/lib/lib/editor/L19.1b
v10/usr/src/cmd/learn/lib/lib/editor/L19.2a
v10/usr/src/cmd/learn/lib/lib/editor/L19.2c
v10/usr/src/cmd/learn/lib/lib/editor/L19.2d
v10/usr/src/cmd/learn/lib/lib/editor/L19.2e
v10/usr/src/cmd/learn/lib/lib/editor/L19.2f
v10/usr/src/cmd/learn/lib/lib/editor/L19.3b
v10/usr/src/cmd/learn/lib/lib/editor/L2.1a
v10/usr/src/cmd/learn/lib/lib/editor/L2.2a
v10/usr/src/cmd/learn/lib/lib/editor/L20.1a
v10/usr/src/cmd/learn/lib/lib/editor/L20.2a
v10/usr/src/cmd/learn/lib/lib/editor/L20.2b
v10/usr/src/cmd/learn/lib/lib/editor/L20.2c
v10/usr/src/cmd/learn/lib/lib/editor/L21.1a
v10/usr/src/cmd/learn/lib/lib/editor/L21.1b
v10/usr/src/cmd/learn/lib/lib/editor/L21.1c
v10/usr/src/cmd/learn/lib/lib/editor/L21.1d
v10/usr/src/cmd/learn/lib/lib/editor/L21.1e
v10/usr/src/cmd/learn/lib/lib/editor/L3.1a
v10/usr/src/cmd/learn/lib/lib/editor/L3.1b
v10/usr/src/cmd/learn/lib/lib/editor/L30.1a
v10/usr/src/cmd/learn/lib/lib/editor/L30.1b
v10/usr/src/cmd/learn/lib/lib/editor/L30.2a
v10/usr/src/cmd/learn/lib/lib/editor/L30.2b
v10/usr/src/cmd/learn/lib/lib/editor/L30.2c
v10/usr/src/cmd/learn/lib/lib/editor/L30.2d
v10/usr/src/cmd/learn/lib/lib/editor/L30.2e
v10/usr/src/cmd/learn/lib/lib/editor/L30.2f
v10/usr/src/cmd/learn/lib/lib/editor/L30.2g
v10/usr/src/cmd/learn/lib/lib/editor/L30.2h
v10/usr/src/cmd/learn/lib/lib/editor/L31.1a
v10/usr/src/cmd/learn/lib/lib/editor/L31.2b
v10/usr/src/cmd/learn/lib/lib/editor/L31.2c
v10/usr/src/cmd/learn/lib/lib/editor/L32.1a
v10/usr/src/cmd/learn/lib/lib/editor/L32.1b
v10/usr/src/cmd/learn/lib/lib/editor/L32.1c
v10/usr/src/cmd/learn/lib/lib/editor/L32.2a
v10/usr/src/cmd/learn/lib/lib/editor/L32.2b
v10/usr/src/cmd/learn/lib/lib/editor/L32.2c
v10/usr/src/cmd/learn/lib/lib/editor/L32.2d
v10/usr/src/cmd/learn/lib/lib/editor/L32.2e
v10/usr/src/cmd/learn/lib/lib/editor/L32.2f
v10/usr/src/cmd/learn/lib/lib/editor/L32.2g
v10/usr/src/cmd/learn/lib/lib/editor/L33.1a
v10/usr/src/cmd/learn/lib/lib/editor/L33.1b
v10/usr/src/cmd/learn/lib/lib/editor/L33.2a
v10/usr/src/cmd/learn/lib/lib/editor/L33.2b
v10/usr/src/cmd/learn/lib/lib/editor/L33.2c
v10/usr/src/cmd/learn/lib/lib/editor/L34.1a
v10/usr/src/cmd/learn/lib/lib/editor/L34.1b
v10/usr/src/cmd/learn/lib/lib/editor/L34.2a
v10/usr/src/cmd/learn/lib/lib/editor/L34.2b
v10/usr/src/cmd/learn/lib/lib/editor/L34.2c
v10/usr/src/cmd/learn/lib/lib/editor/L34.2d
v10/usr/src/cmd/learn/lib/lib/editor/L34.2e
v10/usr/src/cmd/learn/lib/lib/editor/L34.2f
v10/usr/src/cmd/learn/lib/lib/editor/L35.1a
v10/usr/src/cmd/learn/lib/lib/editor/L35.2a
v10/usr/src/cmd/learn/lib/lib/editor/L35.2b
v10/usr/src/cmd/learn/lib/lib/editor/L35.2c
v10/usr/src/cmd/learn/lib/lib/editor/L35.2d
v10/usr/src/cmd/learn/lib/lib/editor/L35.2e
v10/usr/src/cmd/learn/lib/lib/editor/L36.1a
v10/usr/src/cmd/learn/lib/lib/editor/L36.2a
v10/usr/src/cmd/learn/lib/lib/editor/L36.2b
v10/usr/src/cmd/learn/lib/lib/editor/L36.2c
v10/usr/src/cmd/learn/lib/lib/editor/L36.2d
v10/usr/src/cmd/learn/lib/lib/editor/L37.1a
v10/usr/src/cmd/learn/lib/lib/editor/L37.2a
v10/usr/src/cmd/learn/lib/lib/editor/L37.2b
v10/usr/src/cmd/learn/lib/lib/editor/L37.2c
v10/usr/src/cmd/learn/lib/lib/editor/L37.2d
v10/usr/src/cmd/learn/lib/lib/editor/L37.2e
v10/usr/src/cmd/learn/lib/lib/editor/L37.2f
v10/usr/src/cmd/learn/lib/lib/editor/L38.1a
v10/usr/src/cmd/learn/lib/lib/editor/L38.2a
v10/usr/src/cmd/learn/lib/lib/editor/L38.2b
v10/usr/src/cmd/learn/lib/lib/editor/L39.1a
v10/usr/src/cmd/learn/lib/lib/editor/L4.1a
v10/usr/src/cmd/learn/lib/lib/editor/L4.1b
v10/usr/src/cmd/learn/lib/lib/editor/L4.2a
v10/usr/src/cmd/learn/lib/lib/editor/L4.2b
v10/usr/src/cmd/learn/lib/lib/editor/L40.1a
v10/usr/src/cmd/learn/lib/lib/editor/L40.1b
v10/usr/src/cmd/learn/lib/lib/editor/L40.2b
v10/usr/src/cmd/learn/lib/lib/editor/L40.2c
v10/usr/src/cmd/learn/lib/lib/editor/L40.2d
v10/usr/src/cmd/learn/lib/lib/editor/L41.1a
v10/usr/src/cmd/learn/lib/lib/editor/L41.1b
v10/usr/src/cmd/learn/lib/lib/editor/L42.1a
v10/usr/src/cmd/learn/lib/lib/editor/L42.2a
v10/usr/src/cmd/learn/lib/lib/editor/L42.2b
v10/usr/src/cmd/learn/lib/lib/editor/L42.2c
v10/usr/src/cmd/learn/lib/lib/editor/L43.1a
v10/usr/src/cmd/learn/lib/lib/editor/L43.2a
v10/usr/src/cmd/learn/lib/lib/editor/L43.2b
v10/usr/src/cmd/learn/lib/lib/editor/L43.2c
v10/usr/src/cmd/learn/lib/lib/editor/L43.2d
v10/usr/src/cmd/learn/lib/lib/editor/L44.1a
v10/usr/src/cmd/learn/lib/lib/editor/L44.1b
v10/usr/src/cmd/learn/lib/lib/editor/L44.1c
v10/usr/src/cmd/learn/lib/lib/editor/L44.1d
v10/usr/src/cmd/learn/lib/lib/editor/L44.1e
v10/usr/src/cmd/learn/lib/lib/editor/L44.1f
v10/usr/src/cmd/learn/lib/lib/editor/L44.1g
v10/usr/src/cmd/learn/lib/lib/editor/L44.1h
v10/usr/src/cmd/learn/lib/lib/editor/L44.1i
v10/usr/src/cmd/learn/lib/lib/editor/L45.1a
v10/usr/src/cmd/learn/lib/lib/editor/L45.1b
v10/usr/src/cmd/learn/lib/lib/editor/L5.1a
v10/usr/src/cmd/learn/lib/lib/editor/L50.1a
v10/usr/src/cmd/learn/lib/lib/editor/L50.1b
v10/usr/src/cmd/learn/lib/lib/editor/L50.1c
v10/usr/src/cmd/learn/lib/lib/editor/L50.2c
v10/usr/src/cmd/learn/lib/lib/editor/L50.2d
v10/usr/src/cmd/learn/lib/lib/editor/L50.2e
v10/usr/src/cmd/learn/lib/lib/editor/L50.2f
v10/usr/src/cmd/learn/lib/lib/editor/L50.2g
v10/usr/src/cmd/learn/lib/lib/editor/L51.1a
v10/usr/src/cmd/learn/lib/lib/editor/L51.2a
v10/usr/src/cmd/learn/lib/lib/editor/L51.2b
v10/usr/src/cmd/learn/lib/lib/editor/L51.2c
v10/usr/src/cmd/learn/lib/lib/editor/L52.1a
v10/usr/src/cmd/learn/lib/lib/editor/L52.1b
v10/usr/src/cmd/learn/lib/lib/editor/L52.2a
v10/usr/src/cmd/learn/lib/lib/editor/L52.2b
v10/usr/src/cmd/learn/lib/lib/editor/L52.2c
v10/usr/src/cmd/learn/lib/lib/editor/L53.1a
v10/usr/src/cmd/learn/lib/lib/editor/L53.2b
v10/usr/src/cmd/learn/lib/lib/editor/L54.1a
v10/usr/src/cmd/learn/lib/lib/editor/L54.1b
v10/usr/src/cmd/learn/lib/lib/editor/L55.1a
v10/usr/src/cmd/learn/lib/lib/editor/L56.1a
v10/usr/src/cmd/learn/lib/lib/editor/L57.1a
v10/usr/src/cmd/learn/lib/lib/editor/L6.1a
v10/usr/src/cmd/learn/lib/lib/editor/L6.2a
v10/usr/src/cmd/learn/lib/lib/editor/L6.2b
v10/usr/src/cmd/learn/lib/lib/editor/L60.1a
v10/usr/src/cmd/learn/lib/lib/editor/L60.1b
v10/usr/src/cmd/learn/lib/lib/editor/L60.2a
v10/usr/src/cmd/learn/lib/lib/editor/L60.2b
v10/usr/src/cmd/learn/lib/lib/editor/L60.2c
v10/usr/src/cmd/learn/lib/lib/editor/L60.2d
v10/usr/src/cmd/learn/lib/lib/editor/L61.1a
v10/usr/src/cmd/learn/lib/lib/editor/L62.1a
v10/usr/src/cmd/learn/lib/lib/editor/L62.2a
v10/usr/src/cmd/learn/lib/lib/editor/L62.2b
v10/usr/src/cmd/learn/lib/lib/editor/L62.2c
v10/usr/src/cmd/learn/lib/lib/editor/L63.1a
v10/usr/src/cmd/learn/lib/lib/editor/L63.1b
v10/usr/src/cmd/learn/lib/lib/editor/L63.1c
v10/usr/src/cmd/learn/lib/lib/editor/L63.1d
v10/usr/src/cmd/learn/lib/lib/editor/L63.1e
v10/usr/src/cmd/learn/lib/lib/editor/L64.1a
v10/usr/src/cmd/learn/lib/lib/editor/L64.1b
v10/usr/src/cmd/learn/lib/lib/editor/L65.1a
v10/usr/src/cmd/learn/lib/lib/editor/L66.1a
v10/usr/src/cmd/learn/lib/lib/editor/L7.1a
v10/usr/src/cmd/learn/lib/lib/editor/L7.1b
v10/usr/src/cmd/learn/lib/lib/editor/L7.2c
v10/usr/src/cmd/learn/lib/lib/editor/L70.1a
v10/usr/src/cmd/learn/lib/lib/editor/L70.2a
v10/usr/src/cmd/learn/lib/lib/editor/L70.2b
v10/usr/src/cmd/learn/lib/lib/editor/L70.2c
v10/usr/src/cmd/learn/lib/lib/editor/L70.2d
v10/usr/src/cmd/learn/lib/lib/editor/L70.2e
v10/usr/src/cmd/learn/lib/lib/editor/L70.2f
v10/usr/src/cmd/learn/lib/lib/editor/L70.2g
v10/usr/src/cmd/learn/lib/lib/editor/L71.1a
v10/usr/src/cmd/learn/lib/lib/editor/L72.1a
v10/usr/src/cmd/learn/lib/lib/editor/L72.2a
v10/usr/src/cmd/learn/lib/lib/editor/L72.2b
v10/usr/src/cmd/learn/lib/lib/editor/L72.2c
v10/usr/src/cmd/learn/lib/lib/editor/L72.2d
v10/usr/src/cmd/learn/lib/lib/editor/L73.1a
v10/usr/src/cmd/learn/lib/lib/editor/L74.1a
v10/usr/src/cmd/learn/lib/lib/editor/L8.1a
v10/usr/src/cmd/learn/lib/lib/editor/L8.1b
v10/usr/src/cmd/learn/lib/lib/editor/L8.2a
v10/usr/src/cmd/learn/lib/lib/editor/L8.2b
v10/usr/src/cmd/learn/lib/lib/editor/L8.2c
v10/usr/src/cmd/learn/lib/lib/editor/L9.1a
v10/usr/src/cmd/learn/lib/lib/editor/L9.2a
v10/usr/src/cmd/learn/lib/lib/editor/L9.2b
v10/usr/src/cmd/learn/lib/lib/editor/L9.2d
v10/usr/src/cmd/learn/lib/lib/editor/L9.2e
v10/usr/src/cmd/learn/lib/lib/editor/L9.3c
v10/usr/src/cmd/learn/lib/lib/eqn/Init
v10/usr/src/cmd/learn/lib/lib/eqn/L0
v10/usr/src/cmd/learn/lib/lib/eqn/L0.1a
v10/usr/src/cmd/learn/lib/lib/eqn/L1.1a
v10/usr/src/cmd/learn/lib/lib/eqn/L1.1b
v10/usr/src/cmd/learn/lib/lib/eqn/L1.1c
v10/usr/src/cmd/learn/lib/lib/eqn/L1.1d
v10/usr/src/cmd/learn/lib/lib/eqn/L1.1e
v10/usr/src/cmd/learn/lib/lib/eqn/L1.1f
v10/usr/src/cmd/learn/lib/lib/eqn/L10.1a
v10/usr/src/cmd/learn/lib/lib/eqn/L10.1b
v10/usr/src/cmd/learn/lib/lib/eqn/L10.1c
v10/usr/src/cmd/learn/lib/lib/eqn/L10.2c
v10/usr/src/cmd/learn/lib/lib/eqn/L11.1a
v10/usr/src/cmd/learn/lib/lib/eqn/L11.1b
v10/usr/src/cmd/learn/lib/lib/eqn/L11.1c
v10/usr/src/cmd/learn/lib/lib/eqn/L11.1d
v10/usr/src/cmd/learn/lib/lib/eqn/L11.1e
v10/usr/src/cmd/learn/lib/lib/eqn/L11.1f
v10/usr/src/cmd/learn/lib/lib/eqn/L11.1g
v10/usr/src/cmd/learn/lib/lib/eqn/L12.1a
v10/usr/src/cmd/learn/lib/lib/eqn/L12.1b
v10/usr/src/cmd/learn/lib/lib/eqn/L12.1c
v10/usr/src/cmd/learn/lib/lib/eqn/L12.1d
v10/usr/src/cmd/learn/lib/lib/eqn/L12.1e
v10/usr/src/cmd/learn/lib/lib/eqn/L2.1a
v10/usr/src/cmd/learn/lib/lib/eqn/L2.1b
v10/usr/src/cmd/learn/lib/lib/eqn/L2.1c
v10/usr/src/cmd/learn/lib/lib/eqn/L2.1d
v10/usr/src/cmd/learn/lib/lib/eqn/L2.1e
v10/usr/src/cmd/learn/lib/lib/eqn/L2.1f
v10/usr/src/cmd/learn/lib/lib/eqn/L2.2a
v10/usr/src/cmd/learn/lib/lib/eqn/L2.2b
v10/usr/src/cmd/learn/lib/lib/eqn/L2.2e
v10/usr/src/cmd/learn/lib/lib/eqn/L3.1a
v10/usr/src/cmd/learn/lib/lib/eqn/L3.1b
v10/usr/src/cmd/learn/lib/lib/eqn/L3.1c
v10/usr/src/cmd/learn/lib/lib/eqn/L3.1d
v10/usr/src/cmd/learn/lib/lib/eqn/L3.1e
v10/usr/src/cmd/learn/lib/lib/eqn/L3.2a
v10/usr/src/cmd/learn/lib/lib/eqn/L3.2c
v10/usr/src/cmd/learn/lib/lib/eqn/L3.2d
v10/usr/src/cmd/learn/lib/lib/eqn/L4.1a
v10/usr/src/cmd/learn/lib/lib/eqn/L4.1b
v10/usr/src/cmd/learn/lib/lib/eqn/L4.1c
v10/usr/src/cmd/learn/lib/lib/eqn/L4.1d
v10/usr/src/cmd/learn/lib/lib/eqn/L4.2a
v10/usr/src/cmd/learn/lib/lib/eqn/L4.2c
v10/usr/src/cmd/learn/lib/lib/eqn/L5.1a
v10/usr/src/cmd/learn/lib/lib/eqn/L5.1b
v10/usr/src/cmd/learn/lib/lib/eqn/L5.1c
v10/usr/src/cmd/learn/lib/lib/eqn/L5.1d
v10/usr/src/cmd/learn/lib/lib/eqn/L5.1e
v10/usr/src/cmd/learn/lib/lib/eqn/L5.1f
v10/usr/src/cmd/learn/lib/lib/eqn/L5.1g
v10/usr/src/cmd/learn/lib/lib/eqn/L5.1h
v10/usr/src/cmd/learn/lib/lib/eqn/L5.2b
v10/usr/src/cmd/learn/lib/lib/eqn/L5.2d
v10/usr/src/cmd/learn/lib/lib/eqn/L5.2g
v10/usr/src/cmd/learn/lib/lib/eqn/L6.1a
v10/usr/src/cmd/learn/lib/lib/eqn/L6.1b
v10/usr/src/cmd/learn/lib/lib/eqn/L6.1c
v10/usr/src/cmd/learn/lib/lib/eqn/L6.1d
v10/usr/src/cmd/learn/lib/lib/eqn/L7.1a
v10/usr/src/cmd/learn/lib/lib/eqn/L7.1b
v10/usr/src/cmd/learn/lib/lib/eqn/L7.1c
v10/usr/src/cmd/learn/lib/lib/eqn/L7.1d
v10/usr/src/cmd/learn/lib/lib/eqn/L7.2b
v10/usr/src/cmd/learn/lib/lib/eqn/L7.2c
v10/usr/src/cmd/learn/lib/lib/eqn/L8.1a
v10/usr/src/cmd/learn/lib/lib/eqn/L8.1b
v10/usr/src/cmd/learn/lib/lib/eqn/L8.2b
v10/usr/src/cmd/learn/lib/lib/eqn/L9.1a
v10/usr/src/cmd/learn/lib/lib/eqn/L9.1b
v10/usr/src/cmd/learn/lib/lib/eqn/L9.2a
v10/usr/src/cmd/learn/lib/lib/eqn/L9.2b
v10/usr/src/cmd/learn/lib/lib/eqn/L9.3b
v10/usr/src/cmd/learn/lib/lib/eqn/tinyms
v10/usr/src/cmd/learn/lib/lib/files/L0
v10/usr/src/cmd/learn/lib/lib/files/L0.1a
v10/usr/src/cmd/learn/lib/lib/files/L0.1b
v10/usr/src/cmd/learn/lib/lib/files/L0.1c
v10/usr/src/cmd/learn/lib/lib/files/L0.1d
v10/usr/src/cmd/learn/lib/lib/files/L1.1a
v10/usr/src/cmd/learn/lib/lib/files/L1.2a
v10/usr/src/cmd/learn/lib/lib/files/L1.2b
v10/usr/src/cmd/learn/lib/lib/files/L10.1a
v10/usr/src/cmd/learn/lib/lib/files/L10.2a
v10/usr/src/cmd/learn/lib/lib/files/L10.2b
v10/usr/src/cmd/learn/lib/lib/files/L10.3a
v10/usr/src/cmd/learn/lib/lib/files/L10.3b
v10/usr/src/cmd/learn/lib/lib/files/L10.3c
v10/usr/src/cmd/learn/lib/lib/files/L10.3d
v10/usr/src/cmd/learn/lib/lib/files/L11.1a
v10/usr/src/cmd/learn/lib/lib/files/L11.2a
v10/usr/src/cmd/learn/lib/lib/files/L11.2b
v10/usr/src/cmd/learn/lib/lib/files/L11.3a
v10/usr/src/cmd/learn/lib/lib/files/L11.3b
v10/usr/src/cmd/learn/lib/lib/files/L11.3c
v10/usr/src/cmd/learn/lib/lib/files/L12.1a
v10/usr/src/cmd/learn/lib/lib/files/L12.2a
v10/usr/src/cmd/learn/lib/lib/files/L12.2b
v10/usr/src/cmd/learn/lib/lib/files/L12.2c
v10/usr/src/cmd/learn/lib/lib/files/L12.3a
v10/usr/src/cmd/learn/lib/lib/files/L12.3b
v10/usr/src/cmd/learn/lib/lib/files/L12.3c
v10/usr/src/cmd/learn/lib/lib/files/L13.1a
v10/usr/src/cmd/learn/lib/lib/files/L13.1b
v10/usr/src/cmd/learn/lib/lib/files/L13.1c
v10/usr/src/cmd/learn/lib/lib/files/L13.1d
v10/usr/src/cmd/learn/lib/lib/files/L13.1e
v10/usr/src/cmd/learn/lib/lib/files/L13.1f
v10/usr/src/cmd/learn/lib/lib/files/L13.1g
v10/usr/src/cmd/learn/lib/lib/files/L2.1a
v10/usr/src/cmd/learn/lib/lib/files/L2.2a
v10/usr/src/cmd/learn/lib/lib/files/L2.2b
v10/usr/src/cmd/learn/lib/lib/files/L3.1a
v10/usr/src/cmd/learn/lib/lib/files/L3.2a
v10/usr/src/cmd/learn/lib/lib/files/L3.2b
v10/usr/src/cmd/learn/lib/lib/files/L3.3a
v10/usr/src/cmd/learn/lib/lib/files/L3.3b
v10/usr/src/cmd/learn/lib/lib/files/L4.1a
v10/usr/src/cmd/learn/lib/lib/files/L4.2a
v10/usr/src/cmd/learn/lib/lib/files/L4.2b
v10/usr/src/cmd/learn/lib/lib/files/L4.3a
v10/usr/src/cmd/learn/lib/lib/files/L4.3b
v10/usr/src/cmd/learn/lib/lib/files/L4.3c
v10/usr/src/cmd/learn/lib/lib/files/L5.1a
v10/usr/src/cmd/learn/lib/lib/files/L5.1b
v10/usr/src/cmd/learn/lib/lib/files/L5.1c
v10/usr/src/cmd/learn/lib/lib/files/L5.1d
v10/usr/src/cmd/learn/lib/lib/files/L5.1e
v10/usr/src/cmd/learn/lib/lib/files/L6.1a
v10/usr/src/cmd/learn/lib/lib/files/L6.1b
v10/usr/src/cmd/learn/lib/lib/files/L6.1c
v10/usr/src/cmd/learn/lib/lib/files/L6.1d
v10/usr/src/cmd/learn/lib/lib/files/L6.1e
v10/usr/src/cmd/learn/lib/lib/files/L6.2a
v10/usr/src/cmd/learn/lib/lib/files/L6.2b
v10/usr/src/cmd/learn/lib/lib/files/L7.1a
v10/usr/src/cmd/learn/lib/lib/files/L7.2a
v10/usr/src/cmd/learn/lib/lib/files/L7.2b
v10/usr/src/cmd/learn/lib/lib/files/L7.3a
v10/usr/src/cmd/learn/lib/lib/files/L7.3b
v10/usr/src/cmd/learn/lib/lib/files/L7.3c
v10/usr/src/cmd/learn/lib/lib/files/L8.1a
v10/usr/src/cmd/learn/lib/lib/files/L8.2a
v10/usr/src/cmd/learn/lib/lib/files/L8.2b
v10/usr/src/cmd/learn/lib/lib/files/L8.2c
v10/usr/src/cmd/learn/lib/lib/files/L9.1a
v10/usr/src/cmd/learn/lib/lib/files/L9.2a
v10/usr/src/cmd/learn/lib/lib/files/L9.2b
v10/usr/src/cmd/learn/lib/lib/files/L9.2c
v10/usr/src/cmd/learn/lib/lib/files/Lxxx
