v10/usr/src/cmd/learn/lib/lib/macros/L0
v10/usr/src/cmd/learn/lib/lib/macros/L1.1a
v10/usr/src/cmd/learn/lib/lib/macros/L10.1a
v10/usr/src/cmd/learn/lib/lib/macros/L11.1a
v10/usr/src/cmd/learn/lib/lib/macros/L12.1a
v10/usr/src/cmd/learn/lib/lib/macros/L13.1a
v10/usr/src/cmd/learn/lib/lib/macros/L14.1a
v10/usr/src/cmd/learn/lib/lib/macros/L15.1a
v10/usr/src/cmd/learn/lib/lib/macros/L2.1a
v10/usr/src/cmd/learn/lib/lib/macros/L3.1a
v10/usr/src/cmd/learn/lib/lib/macros/L4.1a
v10/usr/src/cmd/learn/lib/lib/macros/L5.1a
v10/usr/src/cmd/learn/lib/lib/macros/L6.1a
v10/usr/src/cmd/learn/lib/lib/macros/L7.1a
v10/usr/src/cmd/learn/lib/lib/macros/L8.1a
v10/usr/src/cmd/learn/lib/lib/macros/L9.1a
v10/usr/src/cmd/learn/lib/lib/morefiles/L0
v10/usr/src/cmd/learn/lib/lib/morefiles/L0.1a
v10/usr/src/cmd/learn/lib/lib/morefiles/L0.1b
v10/usr/src/cmd/learn/lib/lib/morefiles/L0.1c
v10/usr/src/cmd/learn/lib/lib/morefiles/L0.1d
v10/usr/src/cmd/learn/lib/lib/morefiles/L0.1e
v10/usr/src/cmd/learn/lib/lib/morefiles/L0.1f
v10/usr/src/cmd/learn/lib/lib/morefiles/L0.1g
v10/usr/src/cmd/learn/lib/lib/morefiles/L1.1a
v10/usr/src/cmd/learn/lib/lib/morefiles/L1.1b
v10/usr/src/cmd/learn/lib/lib/morefiles/L1.1c
v10/usr/src/cmd/learn/lib/lib/morefiles/L1.1d
v10/usr/src/cmd/learn/lib/lib/morefiles/L2.1a
v10/usr/src/cmd/learn/lib/lib/morefiles/L2.1b
v10/usr/src/cmd/learn/lib/lib/morefiles/L2.1c
v10/usr/src/cmd/learn/lib/lib/morefiles/L2.1d
v10/usr/src/cmd/learn/lib/lib/morefiles/L2.1e
v10/usr/src/cmd/learn/lib/lib/morefiles/L2.1f
v10/usr/src/cmd/learn/lib/lib/morefiles/L3.1a
v10/usr/src/cmd/learn/lib/lib/morefiles/L3.1b
v10/usr/src/cmd/learn/lib/lib/morefiles/L3.1c
v10/usr/src/cmd/learn/lib/lib/morefiles/L3.1d
v10/usr/src/cmd/learn/lib/lib/morefiles/L3.1e
v10/usr/src/cmd/learn/lib/lib/morefiles/L3.1f
v10/usr/src/cmd/learn/lib/lib/morefiles/L3.1g
v10/usr/src/cmd/learn/lib/lib/morefiles/L3.2a
v10/usr/src/cmd/learn/lib/lib/morefiles/L4.1a
v10/usr/src/cmd/learn/lib/lib/morefiles/L4.1b
v10/usr/src/cmd/learn/lib/lib/morefiles/L4.1c
v10/usr/src/cmd/learn/lib/lib/morefiles/L4.1d
v10/usr/src/cmd/learn/lib/lib/morefiles/L4.1e
v10/usr/src/cmd/learn/lib/lib/morefiles/L4.1f
v10/usr/src/cmd/learn/lib/lib/morefiles/L4.1g
v10/usr/src/cmd/learn/lib/lib/morefiles/L4.2a
v10/usr/src/cmd/learn/lib/lib/morefiles/L5.1a
v10/usr/src/cmd/learn/lib/lib/morefiles/L5.1b
v10/usr/src/cmd/learn/lib/lib/morefiles/L5.1c
v10/usr/src/cmd/learn/lib/lib/morefiles/L5.1d
v10/usr/src/cmd/learn/lib/lib/morefiles/L5.1e
v10/usr/src/cmd/learn/lib/lib/morefiles/L6.1a
v10/usr/src/cmd/learn/lib/lib/morefiles/L6.1b
v10/usr/src/cmd/learn/lib/lib/morefiles/L6.1c
v10/usr/src/cmd/learn/lib/lib/morefiles/L6.1d
v10/usr/src/cmd/learn/lib/lib/morefiles/L6.1e
v10/usr/src/cmd/learn/lib/lib/morefiles/L6.2e
v10/usr/src/cmd/learn/lib/lib/morefiles/L7.1a
v10/usr/src/cmd/learn/lib/src/README
v10/usr/src/cmd/learn/lib/src/copy.c
v10/usr/src/cmd/learn/lib/src/dounit.c
v10/usr/src/cmd/learn/lib/src/lcount.c
v10/usr/src/cmd/learn/lib/src/learn.c
v10/usr/src/cmd/learn/lib/src/list.c
v10/usr/src/cmd/learn/lib/src/lrndef
v10/usr/src/cmd/learn/lib/src/lrnref
v10/usr/src/cmd/learn/lib/src/makefile
v10/usr/src/cmd/learn/lib/src/makpipe.c
v10/usr/src/cmd/learn/lib/src/maktee.c
v10/usr/src/cmd/learn/lib/src/mem.c
v10/usr/src/cmd/learn/lib/src/mkfile
v10/usr/src/cmd/learn/lib/src/mysys.c
v10/usr/src/cmd/learn/lib/src/selsub.c
v10/usr/src/cmd/learn/lib/src/selunit.c
v10/usr/src/cmd/learn/lib/src/start.c
v10/usr/src/cmd/learn/lib/src/tee.c
v10/usr/src/cmd/learn/lib/src/whatnow.c
v10/usr/src/cmd/learn/lib/src/wrapup.c
v10/usr/src/cmd/lex/Makefile
v10/usr/src/cmd/lex/header.c
v10/usr/src/cmd/lex/ldefs.c
v10/usr/src/cmd/lex/lmain.c
v10/usr/src/cmd/lex/mkfile
v10/usr/src/cmd/lex/ncform
v10/usr/src/cmd/lex/once.c
v10/usr/src/cmd/lex/parser.y
v10/usr/src/cmd/lex/sub1.c
v10/usr/src/cmd/lex/sub2.c
v10/usr/src/cmd/lex/o.lex/Makefile
v10/usr/src/cmd/lex/o.lex/header.c
v10/usr/src/cmd/lex/o.lex/ldefs.c
v10/usr/src/cmd/lex/o.lex/lmain.c
v10/usr/src/cmd/lex/o.lex/mkfile
v10/usr/src/cmd/lex/o.lex/ncform
v10/usr/src/cmd/lex/o.lex/once.c
v10/usr/src/cmd/lex/o.lex/parser.y
v10/usr/src/cmd/lex/o.lex/sub1.c
v10/usr/src/cmd/lex/o.lex/sub2.c
v10/usr/src/cmd/lex/old/header.c
v10/usr/src/cmd/lex/old/ncform
v10/usr/src/cmd/lex/old/sub2.c
v10/usr/src/cmd/lfactor/dgcd.c
v10/usr/src/cmd/lfactor/form.h
v10/usr/src/cmd/lfactor/lfactor.c
v10/usr/src/cmd/lfactor/madd.c
v10/usr/src/cmd/lfactor/mdiv.c
v10/usr/src/cmd/lfactor/min.c
v10/usr/src/cmd/lfactor/mout.c
v10/usr/src/cmd/lfactor/mp.h
v10/usr/src/cmd/lfactor/mulmod.c
v10/usr/src/cmd/lfactor/mult.c
v10/usr/src/cmd/lfactor/read-me
v10/usr/src/cmd/lfactor/search.c
v10/usr/src/cmd/lfactor/util.c
