v10/usr/src/cmd/library/2.bk_orders
v10/usr/src/cmd/library/2.labels
v10/usr/src/cmd/library/2.photo-cp
v10/usr/src/cmd/library/2.sub_order
v10/usr/src/cmd/library/2.tech_rpt
v10/usr/src/cmd/library/2.trans
v10/usr/src/cmd/library/4.book
v10/usr/src/cmd/library/4.calendar
v10/usr/src/cmd/library/4.isc
v10/usr/src/cmd/library/4.itis
v10/usr/src/cmd/library/4.papers
v10/usr/src/cmd/library/4.people
v10/usr/src/cmd/library/4.serials
v10/usr/src/cmd/library/5.lib_gripe
v10/usr/src/cmd/library/5.reference
v10/usr/src/cmd/library/6.confirm
v10/usr/src/cmd/library/6.linus
v10/usr/src/cmd/library/6.loans
v10/usr/src/cmd/library/6.pcs_status
v10/usr/src/cmd/library/6.service
v10/usr/src/cmd/library/6.subs
v10/usr/src/cmd/library/Makefile
v10/usr/src/cmd/library/README
v10/usr/src/cmd/library/README.info
v10/usr/src/cmd/library/README.opt1
v10/usr/src/cmd/library/README.opt2
v10/usr/src/cmd/library/README.opt5
v10/usr/src/cmd/library/checkdoc.c
v10/usr/src/cmd/library/dosdir.c
v10/usr/src/cmd/library/dospopen.c
v10/usr/src/cmd/library/gnamef.c
v10/usr/src/cmd/library/gnamef.h
v10/usr/src/cmd/library/help.option1
v10/usr/src/cmd/library/help.option2
v10/usr/src/cmd/library/help.option3
v10/usr/src/cmd/library/help.option4
v10/usr/src/cmd/library/help.option5
v10/usr/src/cmd/library/help.option6
v10/usr/src/cmd/library/help.option7
v10/usr/src/cmd/library/known.list
v10/usr/src/cmd/library/library.1
v10/usr/src/cmd/library/library.c
v10/usr/src/cmd/library/library.help
v10/usr/src/cmd/library/library.news
v10/usr/src/cmd/library/mkfile
v10/usr/src/cmd/library/option1.c
v10/usr/src/cmd/library/option2.c
v10/usr/src/cmd/library/option3.c
v10/usr/src/cmd/library/option4.help
v10/usr/src/cmd/library/reader.c
v10/usr/src/cmd/library/regexp.h
v10/usr/src/cmd/library/sccsid.h
v10/usr/src/cmd/library/uppercase.c
v10/usr/src/cmd/lint/README
v10/usr/src/cmd/lint/cgram.c
v10/usr/src/cmd/lint/lint.h
v10/usr/src/cmd/lint/lint.sh
v10/usr/src/cmd/lint/lint1.c
v10/usr/src/cmd/lint/lint2.c
v10/usr/src/cmd/lint/llib-lc
v10/usr/src/cmd/lint/llib-lipc
v10/usr/src/cmd/lint/llib-lport
v10/usr/src/cmd/lint/llib-ltermcap
v10/usr/src/cmd/lint/macdefs
v10/usr/src/cmd/lint/makefile
v10/usr/src/cmd/lint/mkfile
v10/usr/src/cmd/lint/olint1.c
v10/usr/src/cmd/load/load.c
v10/usr/src/cmd/load/makefile
v10/usr/src/cmd/load/mkfile
v10/usr/src/cmd/lp/file.c
v10/usr/src/cmd/lp/ipcopen.c
v10/usr/src/cmd/lp/lpdaemon.c
v10/usr/src/cmd/lp/lpsend.c
v10/usr/src/cmd/lp/lpsend.sh
v10/usr/src/cmd/lp/mkfile
v10/usr/src/cmd/lp/olpdaemon.c
v10/usr/src/cmd/lp/prtoserva.c
v10/usr/src/cmd/lp/shipit
v10/usr/src/cmd/m4/buns
v10/usr/src/cmd/m4/m4.c
v10/usr/src/cmd/m4/m4.h
v10/usr/src/cmd/m4/m4.test1
v10/usr/src/cmd/m4/m4.test2
v10/usr/src/cmd/m4/m4.test3
v10/usr/src/cmd/m4/m4.test4
v10/usr/src/cmd/m4/m4.test5
v10/usr/src/cmd/m4/m4.test6
v10/usr/src/cmd/m4/m4ext.c
v10/usr/src/cmd/m4/m4macs.c
v10/usr/src/cmd/m4/m4y.y
v10/usr/src/cmd/m4/makefile
v10/usr/src/cmd/m4/mkfile
