v10/usr/src/cmd/matlab/README
v10/usr/src/cmd/matlab/buildhelper
v10/usr/src/cmd/matlab/buildlib
v10/usr/src/cmd/matlab/buildmat
v10/usr/src/cmd/matlab/buildsys
v10/usr/src/cmd/matlab/demo
v10/usr/src/cmd/matlab/doc
v10/usr/src/cmd/matlab/doc.n
v10/usr/src/cmd/matlab/help
v10/usr/src/cmd/matlab/helper.66
v10/usr/src/cmd/matlab/helpset.f
v10/usr/src/cmd/matlab/install
v10/usr/src/cmd/matlab/install.n
v10/usr/src/cmd/matlab/makefile
v10/usr/src/cmd/matlab/mathelp.dac
v10/usr/src/cmd/matlab/matz
v10/usr/src/cmd/matlab/memo
v10/usr/src/cmd/matlab/mkfile
v10/usr/src/cmd/matlab/ofault.h
v10/usr/src/cmd/matlab/primer
v10/usr/src/cmd/matlab/sys.cdc
