v10/usr/src/cmd/make/Makefile
v10/usr/src/cmd/make/defs
v10/usr/src/cmd/make/doname.c
v10/usr/src/cmd/make/dosys.c
v10/usr/src/cmd/make/dosys.oc
v10/usr/src/cmd/make/files.c
v10/usr/src/cmd/make/gram.y
v10/usr/src/cmd/make/ident.c
v10/usr/src/cmd/make/ident.oc
v10/usr/src/cmd/make/main.c
v10/usr/src/cmd/make/misc.c
v10/usr/src/cmd/make/mkfile
v10/usr/src/cmd/man/Makefile
v10/usr/src/cmd/man/makelinks
v10/usr/src/cmd/man/man.c
v10/usr/src/cmd/man/man.sh
v10/usr/src/cmd/man/mancache.sh
v10/usr/src/cmd/man/manlinks.sh
v10/usr/src/cmd/man/mkfile
v10/usr/src/cmd/map/index.c
v10/usr/src/cmd/map/iplot.h
v10/usr/src/cmd/map/map.c
v10/usr/src/cmd/map/map.h
v10/usr/src/cmd/map/map.sh
v10/usr/src/cmd/map/mkfile
v10/usr/src/cmd/map/myindex.c
v10/usr/src/cmd/map/plot.h
v10/usr/src/cmd/map/plotPS.c
v10/usr/src/cmd/map/symbol.c
v10/usr/src/cmd/map/export/DESCRIPTION
v10/usr/src/cmd/map/export/LONG_DESC
v10/usr/src/cmd/map/export/Makefile
v10/usr/src/cmd/map/export/README
v10/usr/src/cmd/map/export/cpio.make
v10/usr/src/cmd/map/export/idiff.out
v10/usr/src/cmd/map/export/index.c
v10/usr/src/cmd/map/export/iplot.h
v10/usr/src/cmd/map/export/junk
v10/usr/src/cmd/map/export/libmap
v10/usr/src/cmd/map/export/map.5
v10/usr/src/cmd/map/export/map.7
v10/usr/src/cmd/map/export/map.c
v10/usr/src/cmd/map/export/map.h
v10/usr/src/cmd/map/export/map.man
v10/usr/src/cmd/map/export/map.sh
v10/usr/src/cmd/map/export/mapdata
v10/usr/src/cmd/map/export/mkfile
v10/usr/src/cmd/map/export/plot.5
v10/usr/src/cmd/map/export/plot.h
v10/usr/src/cmd/map/export/plotPS.c
v10/usr/src/cmd/map/export/proj.3
v10/usr/src/cmd/map/export/route.1
v10/usr/src/cmd/map/export/route.c
v10/usr/src/cmd/map/export/shipments
v10/usr/src/cmd/map/export/symbol.c
v10/usr/src/cmd/map/export/test.results
v10/usr/src/cmd/map/libmap/Makefile
v10/usr/src/cmd/map/libmap/aitoff.c
v10/usr/src/cmd/map/libmap/albers.c
v10/usr/src/cmd/map/libmap/azequalarea.c
v10/usr/src/cmd/map/libmap/azequidist.c
v10/usr/src/cmd/map/libmap/bicentric.c
v10/usr/src/cmd/map/libmap/bonne.c
v10/usr/src/cmd/map/libmap/ccubrt.c
v10/usr/src/cmd/map/libmap/complex.c
v10/usr/src/cmd/map/libmap/conic.c
v10/usr/src/cmd/map/libmap/cubrt.c
v10/usr/src/cmd/map/libmap/cuts.c
v10/usr/src/cmd/map/libmap/cylequalarea.c
v10/usr/src/cmd/map/libmap/cylindrical.c
v10/usr/src/cmd/map/libmap/elco2.c
v10/usr/src/cmd/map/libmap/elliptic.c
v10/usr/src/cmd/map/libmap/fisheye.c
v10/usr/src/cmd/map/libmap/gall.c
v10/usr/src/cmd/map/libmap/guyou.c
v10/usr/src/cmd/map/libmap/harrison.c
v10/usr/src/cmd/map/libmap/hex.c
v10/usr/src/cmd/map/libmap/homing.c
v10/usr/src/cmd/map/libmap/lagrange.c
v10/usr/src/cmd/map/libmap/lambert.c
v10/usr/src/cmd/map/libmap/laue.c
v10/usr/src/cmd/map/libmap/mercator.c
v10/usr/src/cmd/map/libmap/mkfile
v10/usr/src/cmd/map/libmap/mollweide.c
v10/usr/src/cmd/map/libmap/newyorker.c
v10/usr/src/cmd/map/libmap/ortelius.c
v10/usr/src/cmd/map/libmap/orthographic.c
v10/usr/src/cmd/map/libmap/perspective.c
v10/usr/src/cmd/map/libmap/polyconic.c
v10/usr/src/cmd/map/libmap/rectangular.c
v10/usr/src/cmd/map/libmap/simpleconic.c
v10/usr/src/cmd/map/libmap/sinusoidal.c
v10/usr/src/cmd/map/libmap/tan.c
v10/usr/src/cmd/map/libmap/tetra.c
v10/usr/src/cmd/map/libmap/trapezoidal.c
v10/usr/src/cmd/map/libmap/twocirc.c
v10/usr/src/cmd/map/libmap/wreath.c
v10/usr/src/cmd/map/libmap/zcoord.c
v10/usr/src/cmd/map/lox/README
v10/usr/src/cmd/map/lox/dolox
v10/usr/src/cmd/map/lox/edge20a
v10/usr/src/cmd/map/lox/edge20b
v10/usr/src/cmd/map/lox/edge20c
v10/usr/src/cmd/map/lox/edge20d
v10/usr/src/cmd/map/lox/lox.c
v10/usr/src/cmd/map/lox/loxodromic.c
v10/usr/src/cmd/map/lox/mkfile
v10/usr/src/cmd/map/lox/noedge
