v10/usr/src/cmd/matlab/exec/avg
v10/usr/src/cmd/matlab/exec/cdiv
v10/usr/src/cmd/matlab/exec/exp
v10/usr/src/cmd/matlab/exec/four
v10/usr/src/cmd/matlab/exec/gs
v10/usr/src/cmd/matlab/exec/jacobi
v10/usr/src/cmd/matlab/exec/jacstep
v10/usr/src/cmd/matlab/exec/kron
v10/usr/src/cmd/matlab/exec/lanczos
v10/usr/src/cmd/matlab/exec/lanstep
v10/usr/src/cmd/matlab/exec/mgs
v10/usr/src/cmd/matlab/exec/net
v10/usr/src/cmd/matlab/exec/pascal
v10/usr/src/cmd/matlab/exec/pdq
v10/usr/src/cmd/matlab/exec/pdqstep
v10/usr/src/cmd/matlab/exec/pop
v10/usr/src/cmd/matlab/exec/qr
v10/usr/src/cmd/matlab/exec/qrstep
v10/usr/src/cmd/matlab/exec/rho
v10/usr/src/cmd/matlab/exec/rogers.exec
v10/usr/src/cmd/matlab/exec/rosser
v10/usr/src/cmd/matlab/exec/rot
v10/usr/src/cmd/matlab/exec/rqi
v10/usr/src/cmd/matlab/exec/setup
v10/usr/src/cmd/matlab/exec/sigma
v10/usr/src/cmd/matlab/exec/w5
v10/usr/src/cmd/matlab/pyxis/flop.c
v10/usr/src/cmd/matlab/pyxis/helper.f
v10/usr/src/cmd/matlab/pyxis/makefile
v10/usr/src/cmd/matlab/pyxis/mkfile
v10/usr/src/cmd/matlab/pyxis/ofault.c
v10/usr/src/cmd/matlab/pyxis/setjmp_.c
v10/usr/src/cmd/matlab/src/base.f
v10/usr/src/cmd/matlab/src/clause.f
v10/usr/src/cmd/matlab/src/comand.f
v10/usr/src/cmd/matlab/src/comqr3.f
v10/usr/src/cmd/matlab/src/corth.f
v10/usr/src/cmd/matlab/src/edit.f
v10/usr/src/cmd/matlab/src/eqid.f
v10/usr/src/cmd/matlab/src/error.f
v10/usr/src/cmd/matlab/src/expr.f
v10/usr/src/cmd/matlab/src/factor.f
v10/usr/src/cmd/matlab/src/files.f
v10/usr/src/cmd/matlab/src/flop.f
v10/usr/src/cmd/matlab/src/formz.f
v10/usr/src/cmd/matlab/src/funs.f
v10/usr/src/cmd/matlab/src/getch.f
v10/usr/src/cmd/matlab/src/getlin.f
v10/usr/src/cmd/matlab/src/getsym.f
v10/usr/src/cmd/matlab/src/getval.f
v10/usr/src/cmd/matlab/src/helper.f
v10/usr/src/cmd/matlab/src/hilber.f
v10/usr/src/cmd/matlab/src/htribk.f
v10/usr/src/cmd/matlab/src/htridi.f
v10/usr/src/cmd/matlab/src/imtql2.f
v10/usr/src/cmd/matlab/src/iwamax.f
v10/usr/src/cmd/matlab/src/magic.f
v10/usr/src/cmd/matlab/src/main.f
v10/usr/src/cmd/matlab/src/matfn1.f
v10/usr/src/cmd/matlab/src/matfn2.f
v10/usr/src/cmd/matlab/src/matfn3.f
v10/usr/src/cmd/matlab/src/matfn4.f
v10/usr/src/cmd/matlab/src/matfn5.f
v10/usr/src/cmd/matlab/src/matfn6.f
v10/usr/src/cmd/matlab/src/matlab.f
v10/usr/src/cmd/matlab/src/ofault.c
v10/usr/src/cmd/matlab/src/ofault.h
v10/usr/src/cmd/matlab/src/onbrk.f
v10/usr/src/cmd/matlab/src/parse.f
v10/usr/src/cmd/matlab/src/plot.f
v10/usr/src/cmd/matlab/src/print.f
v10/usr/src/cmd/matlab/src/prntid.f
v10/usr/src/cmd/matlab/src/prompt.f
v10/usr/src/cmd/matlab/src/putid.f
v10/usr/src/cmd/matlab/src/pythag.f
v10/usr/src/cmd/matlab/src/rat.f
v10/usr/src/cmd/matlab/src/round.f
v10/usr/src/cmd/matlab/src/rref.f
v10/usr/src/cmd/matlab/src/rrot.f
v10/usr/src/cmd/matlab/src/rrotg.f
v10/usr/src/cmd/matlab/src/rset.f
v10/usr/src/cmd/matlab/src/rswap.f
v10/usr/src/cmd/matlab/src/savlod.f
v10/usr/src/cmd/matlab/src/setjmp.s
v10/usr/src/cmd/matlab/src/sgset.c
v10/usr/src/cmd/matlab/src/stack1.f
v10/usr/src/cmd/matlab/src/stack2.f
v10/usr/src/cmd/matlab/src/stackg.f
v10/usr/src/cmd/matlab/src/stackp.f
v10/usr/src/cmd/matlab/src/term.f
v10/usr/src/cmd/matlab/src/urand.f
v10/usr/src/cmd/matlab/src/user.f
v10/usr/src/cmd/matlab/src/wasum.f
v10/usr/src/cmd/matlab/src/watan.f
v10/usr/src/cmd/matlab/src/waxpy.f
v10/usr/src/cmd/matlab/src/wcopy.f
v10/usr/src/cmd/matlab/src/wdiv.f
v10/usr/src/cmd/matlab/src/wdotci.f
v10/usr/src/cmd/matlab/src/wdotcr.f
v10/usr/src/cmd/matlab/src/wdotui.f
v10/usr/src/cmd/matlab/src/wdotur.f
v10/usr/src/cmd/matlab/src/wgeco.f
v10/usr/src/cmd/matlab/src/wgedi.f
v10/usr/src/cmd/matlab/src/wgefa.f
v10/usr/src/cmd/matlab/src/wgesl.f
v10/usr/src/cmd/matlab/src/wlog.f
v10/usr/src/cmd/matlab/src/wmul.f
v10/usr/src/cmd/matlab/src/wnrm2.f
v10/usr/src/cmd/matlab/src/wpofa.f
v10/usr/src/cmd/matlab/src/wqrdc.f
v10/usr/src/cmd/matlab/src/wqrsl.f
v10/usr/src/cmd/matlab/src/wrscal.f
v10/usr/src/cmd/matlab/src/wscal.f
v10/usr/src/cmd/matlab/src/wset.f
v10/usr/src/cmd/matlab/src/wsign.f
v10/usr/src/cmd/matlab/src/wsqrt.f
v10/usr/src/cmd/matlab/src/wsvdc.f
v10/usr/src/cmd/matlab/src/wswap.f
v10/usr/src/cmd/matlab/src/xchar.f
