v10/usr/src/cmd/mk/agh3
v10/usr/src/cmd/mk/agh4
v10/usr/src/cmd/mk/mk.bundle
v10/usr/src/cmd/mk/mkexport
v10/usr/src/cmd/mk/export/Makefile
v10/usr/src/cmd/mk/export/README
v10/usr/src/cmd/mk/export/alloc.c
v10/usr/src/cmd/mk/export/arc.c
v10/usr/src/cmd/mk/export/bquote.c
v10/usr/src/cmd/mk/export/builtins.c
v10/usr/src/cmd/mk/export/dir.c
v10/usr/src/cmd/mk/export/expand.c
v10/usr/src/cmd/mk/export/fio.h
v10/usr/src/cmd/mk/export/gen.c
v10/usr/src/cmd/mk/export/glob.c
v10/usr/src/cmd/mk/export/graph.c
v10/usr/src/cmd/mk/export/job.c
v10/usr/src/cmd/mk/export/lex.c
v10/usr/src/cmd/mk/export/libc.h
v10/usr/src/cmd/mk/export/main.c
v10/usr/src/cmd/mk/export/makefile.c
v10/usr/src/cmd/mk/export/match.c
v10/usr/src/cmd/mk/export/membername
v10/usr/src/cmd/mk/export/mk.1
v10/usr/src/cmd/mk/export/mk.c
v10/usr/src/cmd/mk/export/mk.h
v10/usr/src/cmd/mk/export/mkconv
v10/usr/src/cmd/mk/export/mkfile
v10/usr/src/cmd/mk/export/ndir.h
v10/usr/src/cmd/mk/export/parse.c
v10/usr/src/cmd/mk/export/quote.c
v10/usr/src/cmd/mk/export/recipe.c
v10/usr/src/cmd/mk/export/regexp.c
v10/usr/src/cmd/mk/export/regexp.h
v10/usr/src/cmd/mk/export/rule.c
v10/usr/src/cmd/mk/export/run.c
v10/usr/src/cmd/mk/export/shprint.c
v10/usr/src/cmd/mk/export/sig.c
v10/usr/src/cmd/mk/export/symtab.c
v10/usr/src/cmd/mk/export/t_ar.c
v10/usr/src/cmd/mk/export/t_driver.c
v10/usr/src/cmd/mk/export/t_file.c
v10/usr/src/cmd/mk/export/tmac.an
v10/usr/src/cmd/mk/export/var.c
v10/usr/src/cmd/mk/export/word.c
v10/usr/src/cmd/mk/export.proto/Makefile
v10/usr/src/cmd/mk/export.proto/README
v10/usr/src/cmd/mk/export.proto/fio.h
v10/usr/src/cmd/mk/export.proto/libc.h
v10/usr/src/cmd/mk/export.proto/mkfile
v10/usr/src/cmd/mk/export.proto/regexp.h
v10/usr/src/cmd/mk/export.proto/fio/Makefile
v10/usr/src/cmd/mk/export.proto/fio/README
v10/usr/src/cmd/mk/export.proto/fio/fio.h
v10/usr/src/cmd/mk/export.proto/fio/fioclose.c
v10/usr/src/cmd/mk/export.proto/fio/fiofillbuf.c
v10/usr/src/cmd/mk/export.proto/fio/fioflush.c
v10/usr/src/cmd/mk/export.proto/fio/fiogetc.c
v10/usr/src/cmd/mk/export.proto/fio/fioinit.c
v10/usr/src/cmd/mk/export.proto/fio/fioprint.c
v10/usr/src/cmd/mk/export.proto/fio/fioputc.c
v10/usr/src/cmd/mk/export.proto/fio/fiordline.c
v10/usr/src/cmd/mk/export.proto/fio/fioread.c
v10/usr/src/cmd/mk/export.proto/fio/fioseek.c
v10/usr/src/cmd/mk/export.proto/fio/fiotie.c
v10/usr/src/cmd/mk/export.proto/fio/fioundo.c
v10/usr/src/cmd/mk/export.proto/fio/fiowrite.c
v10/usr/src/cmd/mk/export.proto/fio/libc.h
v10/usr/src/cmd/mk/export.proto/fio/mkfile
v10/usr/src/cmd/mk/export.proto/fio/tstagh.c
v10/usr/src/cmd/mk/export.proto/fio/tstrd.c
v10/usr/src/cmd/mk/export.proto/fio/tstsk.c
v10/usr/src/cmd/mk/export.proto/fio/tstwr.c
v10/usr/src/cmd/mk/export.proto/libc/Makefile
v10/usr/src/cmd/mk/export.proto/libc/README
v10/usr/src/cmd/mk/export.proto/libc/doprint.c
v10/usr/src/cmd/mk/export.proto/libc/dup2.c
v10/usr/src/cmd/mk/export.proto/libc/exit.c
v10/usr/src/cmd/mk/export.proto/libc/getfields.c
v10/usr/src/cmd/mk/export.proto/libc/libc.h
v10/usr/src/cmd/mk/export.proto/libc/mkfile
v10/usr/src/cmd/mk/export.proto/libc/new.mk
v10/usr/src/cmd/mk/export.proto/libc/onexit.c
v10/usr/src/cmd/mk/export.proto/libc/print.c
v10/usr/src/cmd/mk/export.proto/libc/regcomp.c
v10/usr/src/cmd/mk/export.proto/libc/regexec.c
v10/usr/src/cmd/mk/export.proto/libc/regexp.h
v10/usr/src/cmd/mk/export.proto/libc/regprog.h
v10/usr/src/cmd/mk/export.proto/libc/regsub.c
v10/usr/src/cmd/mk/export.proto/libc/strdup.c
v10/usr/src/cmd/mk/export.proto/math/Makefile
v10/usr/src/cmd/mk/export.proto/math/mkfile
v10/usr/src/cmd/mk/export.proto/math/pow10.c
v10/usr/src/cmd/mk/export/fio/Makefile
v10/usr/src/cmd/mk/export/fio/README
v10/usr/src/cmd/mk/export/fio/fio.h
v10/usr/src/cmd/mk/export/fio/fioclose.c
v10/usr/src/cmd/mk/export/fio/fiofillbuf.c
v10/usr/src/cmd/mk/export/fio/fioflush.c
v10/usr/src/cmd/mk/export/fio/fiogetc.c
v10/usr/src/cmd/mk/export/fio/fioinit.c
v10/usr/src/cmd/mk/export/fio/fioprint.c
v10/usr/src/cmd/mk/export/fio/fioputc.c
v10/usr/src/cmd/mk/export/fio/fiordline.c
v10/usr/src/cmd/mk/export/fio/fioread.c
v10/usr/src/cmd/mk/export/fio/fioseek.c
v10/usr/src/cmd/mk/export/fio/fiotie.c
v10/usr/src/cmd/mk/export/fio/fioundo.c
v10/usr/src/cmd/mk/export/fio/fiowrite.c
v10/usr/src/cmd/mk/export/fio/libc.h
v10/usr/src/cmd/mk/export/fio/mkfile
v10/usr/src/cmd/mk/export/fio/tstagh.c
v10/usr/src/cmd/mk/export/fio/tstrd.c
v10/usr/src/cmd/mk/export/fio/tstsk.c
v10/usr/src/cmd/mk/export/fio/tstwr.c
v10/usr/src/cmd/mk/export/libc/Makefile
v10/usr/src/cmd/mk/export/libc/README
v10/usr/src/cmd/mk/export/libc/doprint.c
v10/usr/src/cmd/mk/export/libc/dup2.c
v10/usr/src/cmd/mk/export/libc/exit.c
v10/usr/src/cmd/mk/export/libc/getfields.c
v10/usr/src/cmd/mk/export/libc/libc.h
v10/usr/src/cmd/mk/export/libc/mkfile
v10/usr/src/cmd/mk/export/libc/new.mk
v10/usr/src/cmd/mk/export/libc/onexit.c
v10/usr/src/cmd/mk/export/libc/print.c
v10/usr/src/cmd/mk/export/libc/regcomp.c
v10/usr/src/cmd/mk/export/libc/regexec.c
v10/usr/src/cmd/mk/export/libc/regexp.h
v10/usr/src/cmd/mk/export/libc/regprog.h
v10/usr/src/cmd/mk/export/libc/regsub.c
v10/usr/src/cmd/mk/export/libc/strdup.c
v10/usr/src/cmd/mk/export/math/Makefile
v10/usr/src/cmd/mk/export/math/mkfile
v10/usr/src/cmd/mk/export/math/pow10.c
