v10/usr/src/cmd/mk/src/README
v10/usr/src/cmd/mk/src/alloc.c
v10/usr/src/cmd/mk/src/arc.c
v10/usr/src/cmd/mk/src/bquote.c
v10/usr/src/cmd/mk/src/builtins.c
v10/usr/src/cmd/mk/src/defns
v10/usr/src/cmd/mk/src/dir.c
v10/usr/src/cmd/mk/src/expand.c
v10/usr/src/cmd/mk/src/gen.c
v10/usr/src/cmd/mk/src/glob.c
v10/usr/src/cmd/mk/src/goop
v10/usr/src/cmd/mk/src/graph.c
v10/usr/src/cmd/mk/src/job.c
v10/usr/src/cmd/mk/src/lex.c
v10/usr/src/cmd/mk/src/main.c
v10/usr/src/cmd/mk/src/makefile.c
v10/usr/src/cmd/mk/src/match.c
v10/usr/src/cmd/mk/src/mk.c
v10/usr/src/cmd/mk/src/mk.h
v10/usr/src/cmd/mk/src/mkfile
v10/usr/src/cmd/mk/src/parse.c
v10/usr/src/cmd/mk/src/partial.news
v10/usr/src/cmd/mk/src/qed.hup:aq
v10/usr/src/cmd/mk/src/quote.c
v10/usr/src/cmd/mk/src/recipe.c
v10/usr/src/cmd/mk/src/regexp.c
v10/usr/src/cmd/mk/src/rule.c
v10/usr/src/cmd/mk/src/run.c
v10/usr/src/cmd/mk/src/shprint.c
v10/usr/src/cmd/mk/src/sig.c
v10/usr/src/cmd/mk/src/symtab.c
v10/usr/src/cmd/mk/src/t_ar.c
v10/usr/src/cmd/mk/src/t_driver.c
v10/usr/src/cmd/mk/src/t_file.c
v10/usr/src/cmd/mk/src/var.c
v10/usr/src/cmd/mk/src/word.c
v10/usr/src/cmd/monk/makefile
v10/usr/src/cmd/monk/mkfile
v10/usr/src/cmd/monk/cmd/cite.c
v10/usr/src/cmd/monk/cmd/cw.c
v10/usr/src/cmd/monk/cmd/demonk.sh
v10/usr/src/cmd/monk/cmd/makefile
v10/usr/src/cmd/monk/cmd/mkfile
v10/usr/src/cmd/monk/cmd/monk.sh
v10/usr/src/cmd/monk/cmd/monksample.sh
v10/usr/src/cmd/monk/cmd/monkspell.sh
v10/usr/src/cmd/monk/cmd/tc.c
v10/usr/src/cmd/monk/cmd/demonk/dbcompress.h
v10/usr/src/cmd/monk/cmd/demonk/demonk.c
v10/usr/src/cmd/monk/cmd/demonk/demonk.h
v10/usr/src/cmd/monk/cmd/demonk/hash.c
v10/usr/src/cmd/monk/cmd/demonk/hash.h
v10/usr/src/cmd/monk/cmd/demonk/makefile
v10/usr/src/cmd/monk/cmd/demonk/malloc.c
v10/usr/src/cmd/monk/cmd/demonk/mkfile
v10/usr/src/cmd/monk/cmd/demonk/rd.h
v10/usr/src/cmd/monk/cmd/demonk/read_cmpress.c
v10/usr/src/cmd/monk/cmd/demonk/read_db.c
v10/usr/src/cmd/monk/cmd/demonk/search.h
v10/usr/src/cmd/monk/cmd/demonk/support.c
v10/usr/src/cmd/monk/cmd/demonk/tokenize.c
v10/usr/src/cmd/monk/cmd/demonk/warn.h
v10/usr/src/cmd/monk/cmd/index/README
v10/usr/src/cmd/monk/cmd/index/crunch.c
v10/usr/src/cmd/monk/cmd/index/doclean
v10/usr/src/cmd/monk/cmd/index/dofont
v10/usr/src/cmd/monk/cmd/index/doindex.sh
v10/usr/src/cmd/monk/cmd/index/dosort.sh
v10/usr/src/cmd/monk/cmd/index/makefile
v10/usr/src/cmd/monk/cmd/index/mkfile
v10/usr/src/cmd/monk/cmd/index/permute.c
v10/usr/src/cmd/monk/cmd/index/sequal.c
v10/usr/src/cmd/monk/cmd/index/subindex.c
v10/usr/src/cmd/monk/cmd/index/undofont
