v10/usr/src/cmd/monk/cmd/monk/cdb_manage.c
v10/usr/src/cmd/monk/cmd/monk/compress.c
v10/usr/src/cmd/monk/cmd/monk/db_manage.c
v10/usr/src/cmd/monk/cmd/monk/dbcompress.h
v10/usr/src/cmd/monk/cmd/monk/envir.c
v10/usr/src/cmd/monk/cmd/monk/file_info.h
v10/usr/src/cmd/monk/cmd/monk/hash.c
v10/usr/src/cmd/monk/cmd/monk/hash.h
v10/usr/src/cmd/monk/cmd/monk/makefile
v10/usr/src/cmd/monk/cmd/monk/malloc.c
v10/usr/src/cmd/monk/cmd/monk/mkfile
v10/usr/src/cmd/monk/cmd/monk/pr_struct.c
v10/usr/src/cmd/monk/cmd/monk/rd.h
v10/usr/src/cmd/monk/cmd/monk/read_attrib.c
v10/usr/src/cmd/monk/cmd/monk/read_cmpress.c
v10/usr/src/cmd/monk/cmd/monk/read_db.c
v10/usr/src/cmd/monk/cmd/monk/read_define.c
v10/usr/src/cmd/monk/cmd/monk/read_user.c
v10/usr/src/cmd/monk/cmd/monk/regcmp.c
v10/usr/src/cmd/monk/cmd/monk/regex.c
v10/usr/src/cmd/monk/cmd/monk/run_monk.c
v10/usr/src/cmd/monk/cmd/monk/search.h
v10/usr/src/cmd/monk/cmd/monk/space.h
v10/usr/src/cmd/monk/cmd/monk/support.c
v10/usr/src/cmd/monk/cmd/monk/textput.c
v10/usr/src/cmd/monk/cmd/monk/tokenize.c
v10/usr/src/cmd/monk/cmd/monk/translate.c
v10/usr/src/cmd/monk/cmd/monk/warn.c
v10/usr/src/cmd/monk/cmd/monk/warn.h
v10/usr/src/cmd/monk/cmd/monkmerge/makefile
v10/usr/src/cmd/monk/cmd/monkmerge/malloc.c
v10/usr/src/cmd/monk/cmd/monkmerge/mkfile
v10/usr/src/cmd/monk/cmd/monkmerge/monkmerge.c
v10/usr/src/cmd/monk/cmd/monkmerge/monkmerge.h
v10/usr/src/cmd/monk/cmd/monkmerge/rd.h
v10/usr/src/cmd/monk/cmd/monkmerge/search.h
v10/usr/src/cmd/monk/cmd/monkmerge/tokenize.c
