v10/usr/src/cmd/monk/db/a4
v10/usr/src/cmd/monk/db/acm
v10/usr/src/cmd/monk/db/acm.m
v10/usr/src/cmd/monk/db/acm.sum
v10/usr/src/cmd/monk/db/attrib
v10/usr/src/cmd/monk/db/attrib.m
v10/usr/src/cmd/monk/db/centerpb
v10/usr/src/cmd/monk/db/centerpb.m
v10/usr/src/cmd/monk/db/coversheet.h
v10/usr/src/cmd/monk/db/coversheet.m
v10/usr/src/cmd/monk/db/cspress
v10/usr/src/cmd/monk/db/cspress.m
v10/usr/src/cmd/monk/db/envir.h
v10/usr/src/cmd/monk/db/envir.m
v10/usr/src/cmd/monk/db/form1
v10/usr/src/cmd/monk/db/form1.m
v10/usr/src/cmd/monk/db/global
v10/usr/src/cmd/monk/db/global.h
v10/usr/src/cmd/monk/db/global.m
v10/usr/src/cmd/monk/db/im
v10/usr/src/cmd/monk/db/im.m
v10/usr/src/cmd/monk/db/index.m
v10/usr/src/cmd/monk/db/kluwer
v10/usr/src/cmd/monk/db/kluwer.m
v10/usr/src/cmd/monk/db/letter
v10/usr/src/cmd/monk/db/letter.m
v10/usr/src/cmd/monk/db/list.h
v10/usr/src/cmd/monk/db/list.m
v10/usr/src/cmd/monk/db/m4.h
v10/usr/src/cmd/monk/db/macro
v10/usr/src/cmd/monk/db/macro.h
v10/usr/src/cmd/monk/db/macro.m
v10/usr/src/cmd/monk/db/makefile
v10/usr/src/cmd/monk/db/memo
v10/usr/src/cmd/monk/db/memo.m
v10/usr/src/cmd/monk/db/mkfile
v10/usr/src/cmd/monk/db/model
v10/usr/src/cmd/monk/db/model.m
v10/usr/src/cmd/monk/db/o.coversheet.m
v10/usr/src/cmd/monk/db/o.tm
v10/usr/src/cmd/monk/db/omakefile
v10/usr/src/cmd/monk/db/preproc.h
v10/usr/src/cmd/monk/db/preproc.m
v10/usr/src/cmd/monk/db/research
v10/usr/src/cmd/monk/db/research.m
v10/usr/src/cmd/monk/db/rp
v10/usr/src/cmd/monk/db/rp.m
v10/usr/src/cmd/monk/db/section.h
v10/usr/src/cmd/monk/db/section.m
v10/usr/src/cmd/monk/db/set.m
v10/usr/src/cmd/monk/db/song
v10/usr/src/cmd/monk/db/song.m
v10/usr/src/cmd/monk/db/special.m
v10/usr/src/cmd/monk/db/style.h
v10/usr/src/cmd/monk/db/style.m
v10/usr/src/cmd/monk/db/summary
v10/usr/src/cmd/monk/db/t_contents.m
v10/usr/src/cmd/monk/db/tc
v10/usr/src/cmd/monk/db/tc.m
v10/usr/src/cmd/monk/db/titlebox.h
v10/usr/src/cmd/monk/db/titlebox.m
v10/usr/src/cmd/monk/db/tm
v10/usr/src/cmd/monk/db/tm.m
v10/usr/src/cmd/monk/db/whitespace.m
v10/usr/src/cmd/monk/lib/makefile
v10/usr/src/cmd/monk/lib/mkfile
v10/usr/src/cmd/monk/lib/prefs
v10/usr/src/cmd/monk/lib/tmac.p
