v10/usr/src/cmd/monk/lib/sample/acm
v10/usr/src/cmd/monk/lib/sample/centerpb
v10/usr/src/cmd/monk/lib/sample/cspress
v10/usr/src/cmd/monk/lib/sample/form1
v10/usr/src/cmd/monk/lib/sample/im
v10/usr/src/cmd/monk/lib/sample/kluwer
v10/usr/src/cmd/monk/lib/sample/letter
v10/usr/src/cmd/monk/lib/sample/memo
v10/usr/src/cmd/monk/lib/sample/model
v10/usr/src/cmd/monk/lib/sample/research
v10/usr/src/cmd/monk/lib/sample/rp
v10/usr/src/cmd/monk/lib/sample/song
v10/usr/src/cmd/monk/lib/sample/tc
v10/usr/src/cmd/monk/lib/sample/tm
v10/usr/src/cmd/monk/o.db/acm
v10/usr/src/cmd/monk/o.db/acm.m
v10/usr/src/cmd/monk/o.db/attrib
v10/usr/src/cmd/monk/o.db/attrib.m
v10/usr/src/cmd/monk/o.db/centerpb
v10/usr/src/cmd/monk/o.db/centerpb.m
v10/usr/src/cmd/monk/o.db/coversheet.h
v10/usr/src/cmd/monk/o.db/coversheet.m
v10/usr/src/cmd/monk/o.db/cspress
v10/usr/src/cmd/monk/o.db/cspress.m
v10/usr/src/cmd/monk/o.db/envir.h
v10/usr/src/cmd/monk/o.db/envir.m
v10/usr/src/cmd/monk/o.db/form1
v10/usr/src/cmd/monk/o.db/form1.m
v10/usr/src/cmd/monk/o.db/global
v10/usr/src/cmd/monk/o.db/global.h
v10/usr/src/cmd/monk/o.db/global.m
v10/usr/src/cmd/monk/o.db/im
v10/usr/src/cmd/monk/o.db/im.m
v10/usr/src/cmd/monk/o.db/index.m
v10/usr/src/cmd/monk/o.db/kluwer
v10/usr/src/cmd/monk/o.db/kluwer.m
v10/usr/src/cmd/monk/o.db/letter
v10/usr/src/cmd/monk/o.db/letter.m
v10/usr/src/cmd/monk/o.db/list.h
v10/usr/src/cmd/monk/o.db/list.m
v10/usr/src/cmd/monk/o.db/m4.h
v10/usr/src/cmd/monk/o.db/macro
v10/usr/src/cmd/monk/o.db/macro.h
v10/usr/src/cmd/monk/o.db/macro.m
v10/usr/src/cmd/monk/o.db/makefile
v10/usr/src/cmd/monk/o.db/memo
v10/usr/src/cmd/monk/o.db/memo.m
v10/usr/src/cmd/monk/o.db/mkfile
v10/usr/src/cmd/monk/o.db/model
v10/usr/src/cmd/monk/o.db/model.m
v10/usr/src/cmd/monk/o.db/omakefile
v10/usr/src/cmd/monk/o.db/preproc.h
v10/usr/src/cmd/monk/o.db/preproc.m
v10/usr/src/cmd/monk/o.db/research
v10/usr/src/cmd/monk/o.db/research.m
v10/usr/src/cmd/monk/o.db/rp
v10/usr/src/cmd/monk/o.db/rp.m
v10/usr/src/cmd/monk/o.db/section.h
v10/usr/src/cmd/monk/o.db/section.m
v10/usr/src/cmd/monk/o.db/set.m
v10/usr/src/cmd/monk/o.db/song
v10/usr/src/cmd/monk/o.db/song.m
v10/usr/src/cmd/monk/o.db/special.m
v10/usr/src/cmd/monk/o.db/style.h
v10/usr/src/cmd/monk/o.db/style.m
v10/usr/src/cmd/monk/o.db/summary
v10/usr/src/cmd/monk/o.db/t_contents.m
v10/usr/src/cmd/monk/o.db/tc
v10/usr/src/cmd/monk/o.db/tc.m
v10/usr/src/cmd/monk/o.db/titlebox.h
v10/usr/src/cmd/monk/o.db/titlebox.m
v10/usr/src/cmd/monk/o.db/tm
v10/usr/src/cmd/monk/o.db/tm.m
v10/usr/src/cmd/monk/o.db/whitespace.m
