v10/usr/src/cmd/movie/630.make
v10/usr/src/cmd/movie/LONG_DESC
v10/usr/src/cmd/movie/README
v10/usr/src/cmd/movie/anim.h
v10/usr/src/cmd/movie/blit.make
v10/usr/src/cmd/movie/bowell
v10/usr/src/cmd/movie/daryl.mail
v10/usr/src/cmd/movie/denker.mail
v10/usr/src/cmd/movie/develop
v10/usr/src/cmd/movie/fdev.make
v10/usr/src/cmd/movie/fdevelop.c
v10/usr/src/cmd/movie/fdevelop.h
v10/usr/src/cmd/movie/fdsymbol.c
v10/usr/src/cmd/movie/fdutil.c
v10/usr/src/cmd/movie/gen.i
v10/usr/src/cmd/movie/gen.s
v10/usr/src/cmd/movie/host.c
v10/usr/src/cmd/movie/hsupport.c
v10/usr/src/cmd/movie/int.def
v10/usr/src/cmd/movie/isort.gen
v10/usr/src/cmd/movie/libj.c
v10/usr/src/cmd/movie/makefile
v10/usr/src/cmd/movie/man.page
v10/usr/src/cmd/movie/mbox
v10/usr/src/cmd/movie/mkfile
v10/usr/src/cmd/movie/movie
v10/usr/src/cmd/movie/movie.1
v10/usr/src/cmd/movie/newer.c
v10/usr/src/cmd/movie/ohost.c
v10/usr/src/cmd/movie/omovie
v10/usr/src/cmd/movie/oterm.c
v10/usr/src/cmd/movie/partain.mail
v10/usr/src/cmd/movie/protocol.c
v10/usr/src/cmd/movie/requests
v10/usr/src/cmd/movie/script.def
v10/usr/src/cmd/movie/show.clicks
v10/usr/src/cmd/movie/stills
v10/usr/src/cmd/movie/stills.awk
v10/usr/src/cmd/movie/stills.def
v10/usr/src/cmd/movie/sun.make
v10/usr/src/cmd/movie/sunhost.c
v10/usr/src/cmd/movie/sunterm.c
v10/usr/src/cmd/movie/term.c
v10/usr/src/cmd/movie/test.i
v10/usr/src/cmd/movie/test.s
v10/usr/src/cmd/movie/tprotocol.c
v10/usr/src/cmd/movie/trickey.mail
v10/usr/src/cmd/movie/view.clicks
v10/usr/src/cmd/movie/x11.make
v10/usr/src/cmd/movie/xjerq.h
v10/usr/src/cmd/movie/oldstuff/blitterm.c
v10/usr/src/cmd/neqn/diacrit.c
v10/usr/src/cmd/neqn/e.def
v10/usr/src/cmd/neqn/e.h
v10/usr/src/cmd/neqn/e.y
v10/usr/src/cmd/neqn/eqnbox.c
v10/usr/src/cmd/neqn/font.c
v10/usr/src/cmd/neqn/fromto.c
v10/usr/src/cmd/neqn/funny.c
v10/usr/src/cmd/neqn/glob.c
v10/usr/src/cmd/neqn/integral.c
v10/usr/src/cmd/neqn/io.c
v10/usr/src/cmd/neqn/lex.c
v10/usr/src/cmd/neqn/lookup.c
v10/usr/src/cmd/neqn/makefile
v10/usr/src/cmd/neqn/mark.c
v10/usr/src/cmd/neqn/matrix.c
v10/usr/src/cmd/neqn/mkfile
v10/usr/src/cmd/neqn/move.c
v10/usr/src/cmd/neqn/over.c
v10/usr/src/cmd/neqn/paren.c
v10/usr/src/cmd/neqn/pile.c
v10/usr/src/cmd/neqn/shift.c
v10/usr/src/cmd/neqn/size.c
v10/usr/src/cmd/neqn/sqrt.c
v10/usr/src/cmd/neqn/text.c
v10/usr/src/cmd/netnews/README
v10/usr/src/cmd/netnews/defs.h
v10/usr/src/cmd/netnews/wishlist
v10/usr/src/cmd/netnews/config/MHB5B
v10/usr/src/cmd/netnews/config/Makefile.dflt
v10/usr/src/cmd/netnews/config/Makefile.usg
v10/usr/src/cmd/netnews/config/Makefile.v7
v10/usr/src/cmd/netnews/config/README
v10/usr/src/cmd/netnews/config/config
v10/usr/src/cmd/netnews/config/defs.dflt
v10/usr/src/cmd/netnews/config/defs.h
v10/usr/src/cmd/netnews/config/defs.templ
v10/usr/src/cmd/netnews/config/install.usg
v10/usr/src/cmd/netnews/config/install.v7
v10/usr/src/cmd/netnews/config/options.awk
v10/usr/src/cmd/netnews/config/postnews.ihcc
v10/usr/src/cmd/netnews/config/postnews.usg
v10/usr/src/cmd/netnews/config/postnews.v7
v10/usr/src/cmd/netnews/config/user.dflt
v10/usr/src/cmd/netnews/cvt/cvt.active.sh
v10/usr/src/cmd/netnews/cvt/cvt.clean.sh
v10/usr/src/cmd/netnews/cvt/cvt.hist.c
v10/usr/src/cmd/netnews/cvt/cvt.links.sh
v10/usr/src/cmd/netnews/cvt/cvt.mkdirs.sh
v10/usr/src/cmd/netnews/cvt/cvtactive.c
