v10/usr/src/cmd/netnews/doc/README
v10/usr/src/cmd/netnews/doc/etiquette
v10/usr/src/cmd/netnews/doc/howto
v10/usr/src/cmd/netnews/doc/install
v10/usr/src/cmd/netnews/doc/nglist
v10/usr/src/cmd/netnews/doc/standard
v10/usr/src/cmd/netnews/doc/tencmdts
v10/usr/src/cmd/netnews/man/checknews.1
v10/usr/src/cmd/netnews/man/expire.8
v10/usr/src/cmd/netnews/man/getdate.3
v10/usr/src/cmd/netnews/man/inews.1
v10/usr/src/cmd/netnews/man/news.5
v10/usr/src/cmd/netnews/man/newsrc.5
v10/usr/src/cmd/netnews/man/postnews.1
v10/usr/src/cmd/netnews/man/readnews.1
v10/usr/src/cmd/netnews/man/recnews.8
v10/usr/src/cmd/netnews/man/sendnews.8
v10/usr/src/cmd/netnews/man/uurec.8
v10/usr/src/cmd/netnews/misc/adm
v10/usr/src/cmd/netnews/misc/copyright
v10/usr/src/cmd/netnews/misc/dirform
v10/usr/src/cmd/netnews/misc/euuname.sh
v10/usr/src/cmd/netnews/misc/fa.recording
v10/usr/src/cmd/netnews/misc/mhhooks
v10/usr/src/cmd/netnews/misc/net.recording
v10/usr/src/cmd/netnews/misc/newsinfo
v10/usr/src/cmd/netnews/misc/rnews.ml
v10/usr/src/cmd/netnews/misc/rnews.sh
v10/usr/src/cmd/netnews/misc/sendbatchednew
v10/usr/src/cmd/netnews/misc/sendnewsmail
v10/usr/src/cmd/netnews/misc/spool
v10/usr/src/cmd/netnews/misc/trimlib
