v10/usr/src/cmd/netnews/src/Makefile
v10/usr/src/cmd/netnews/src/Makefile.usg
v10/usr/src/cmd/netnews/src/Makefile.v7
v10/usr/src/cmd/netnews/src/batch.c
v10/usr/src/cmd/netnews/src/berknews.c
v10/usr/src/cmd/netnews/src/caesar.c
v10/usr/src/cmd/netnews/src/cextern.c
v10/usr/src/cmd/netnews/src/checknews.c
v10/usr/src/cmd/netnews/src/control.c
v10/usr/src/cmd/netnews/src/defs.dist
v10/usr/src/cmd/netnews/src/defs.h
v10/usr/src/cmd/netnews/src/digest.c
v10/usr/src/cmd/netnews/src/expire.c
v10/usr/src/cmd/netnews/src/ftime.c
v10/usr/src/cmd/netnews/src/fullname.c
v10/usr/src/cmd/netnews/src/funcs.c
v10/usr/src/cmd/netnews/src/getdate.c
v10/usr/src/cmd/netnews/src/getdate.y
v10/usr/src/cmd/netnews/src/header.c
v10/usr/src/cmd/netnews/src/header.h
v10/usr/src/cmd/netnews/src/help
v10/usr/src/cmd/netnews/src/iextern.c
v10/usr/src/cmd/netnews/src/ifuncs.c
v10/usr/src/cmd/netnews/src/inews.c
v10/usr/src/cmd/netnews/src/install.usg
v10/usr/src/cmd/netnews/src/install.v7
v10/usr/src/cmd/netnews/src/iparams.h
v10/usr/src/cmd/netnews/src/localize.sampl
v10/usr/src/cmd/netnews/src/logdir.c
v10/usr/src/cmd/netnews/src/m.2
v10/usr/src/cmd/netnews/src/makeactive.sh
v10/usr/src/cmd/netnews/src/mkfile
v10/usr/src/cmd/netnews/src/ndir.h
v10/usr/src/cmd/netnews/src/news
v10/usr/src/cmd/netnews/src/oMakefile
v10/usr/src/cmd/netnews/src/params.h
v10/usr/src/cmd/netnews/src/pathinit.c
v10/usr/src/cmd/netnews/src/postnews
v10/usr/src/cmd/netnews/src/postnews.usg
v10/usr/src/cmd/netnews/src/postnews.v7
v10/usr/src/cmd/netnews/src/process.c
v10/usr/src/cmd/netnews/src/readdir.c
v10/usr/src/cmd/netnews/src/readnews.c
v10/usr/src/cmd/netnews/src/readr.c
v10/usr/src/cmd/netnews/src/recmail.c
v10/usr/src/cmd/netnews/src/recnews.c
v10/usr/src/cmd/netnews/src/rextern.c
v10/usr/src/cmd/netnews/src/rfuncs.c
v10/usr/src/cmd/netnews/src/rfuncs2.c
v10/usr/src/cmd/netnews/src/rmgrp
v10/usr/src/cmd/netnews/src/rparams.h
v10/usr/src/cmd/netnews/src/sendnews.c
v10/usr/src/cmd/netnews/src/tags
v10/usr/src/cmd/netnews/src/uname.c
v10/usr/src/cmd/netnews/src/unbatch.c
v10/usr/src/cmd/netnews/src/uurec.c
v10/usr/src/cmd/netnews/uucp/=batch
v10/usr/src/cmd/netnews/uucp/README
v10/usr/src/cmd/netnews/uucp/bugfix
v10/usr/src/cmd/netnews/uucp/cpu.speedup
v10/usr/src/cmd/netnews/uucp/gename.s5
v10/usr/src/cmd/netnews/uucp/minus.z.5
v10/usr/src/cmd/netnews/uucp/minus.z.v7
v10/usr/src/cmd/netnews/uucp/uux.minus.c
v10/usr/src/cmd/numdate/Makefile
v10/usr/src/cmd/numdate/getdate.y
v10/usr/src/cmd/numdate/mkfile
v10/usr/src/cmd/numdate/numdate.c
v10/usr/src/cmd/nupas/README
v10/usr/src/cmd/nupas/andys.code
v10/usr/src/cmd/nupas/bundle
v10/usr/src/cmd/nupas/makebundle
v10/usr/src/cmd/nupas/questions
v10/usr/src/cmd/nupas/stats
v10/usr/src/cmd/nupas/test.c
v10/usr/src/cmd/nupas/upaslog
v10/usr/src/cmd/nupas/4bsd/config.c
v10/usr/src/cmd/nupas/4bsd/makefile
v10/usr/src/cmd/nupas/4bsd/mkfile
v10/usr/src/cmd/nupas/attin/config.c
v10/usr/src/cmd/nupas/attin/makefile
v10/usr/src/cmd/nupas/attin/mkfile
v10/usr/src/cmd/nupas/attin/sys.h
v10/usr/src/cmd/nupas/common/aux.c
v10/usr/src/cmd/nupas/common/aux.h
v10/usr/src/cmd/nupas/common/mail.c
v10/usr/src/cmd/nupas/common/mail.h
v10/usr/src/cmd/nupas/common/makefile
v10/usr/src/cmd/nupas/common/mkfile
v10/usr/src/cmd/nupas/common/string.c
v10/usr/src/cmd/nupas/common/string.h
v10/usr/src/cmd/nupas/common/syslog.c
v10/usr/src/cmd/nupas/config/README
v10/usr/src/cmd/nupas/config/1127suns/makefile
v10/usr/src/cmd/nupas/config/1127suns/mkfile
v10/usr/src/cmd/nupas/config/1127suns/rewrite
v10/usr/src/cmd/nupas/config/1127suns/smtproute
v10/usr/src/cmd/nupas/config/1127suns/uucproute
