v10/usr/src/cmd/nupas/config/112clients/auth
v10/usr/src/cmd/nupas/config/112clients/makefile
v10/usr/src/cmd/nupas/config/112clients/mkfile
v10/usr/src/cmd/nupas/config/112clients/rewrite
v10/usr/src/cmd/nupas/config/112clients/route
v10/usr/src/cmd/nupas/config/112clients/route.tempo
v10/usr/src/cmd/nupas/config/112clients/smtproute
v10/usr/src/cmd/nupas/config/112clients/uucproute
v10/usr/src/cmd/nupas/config/112clients/xunetroute
v10/usr/src/cmd/nupas/config/research/auth
v10/usr/src/cmd/nupas/config/research/rewrite
v10/usr/src/cmd/nupas/config/research/route
v10/usr/src/cmd/nupas/config/research/route.res
v10/usr/src/cmd/nupas/config/research/route.tempo
v10/usr/src/cmd/nupas/config/research/smtproute
v10/usr/src/cmd/nupas/config/research/xunetroute.res
v10/usr/src/cmd/nupas/config/smtponly/rewrite
v10/usr/src/cmd/nupas/config/smtponly/route
v10/usr/src/cmd/nupas/ipc/Makefile
v10/usr/src/cmd/nupas/ipc/bugs
v10/usr/src/cmd/nupas/ipc/dkconnect.c
v10/usr/src/cmd/nupas/ipc/doc
v10/usr/src/cmd/nupas/ipc/ipcopen.c
v10/usr/src/cmd/nupas/ipc/ipcpath.c
v10/usr/src/cmd/nupas/ipc/ipcperror.c
v10/usr/src/cmd/nupas/ipc/mips_err.c
v10/usr/src/cmd/nupas/ipc/mipsdkcon.c
v10/usr/src/cmd/nupas/ipc/mkfile
v10/usr/src/cmd/nupas/ipc/mxconnect.c
v10/usr/src/cmd/nupas/ipc/otcpconnect.c
v10/usr/src/cmd/nupas/ipc/proxio.c
v10/usr/src/cmd/nupas/ipc/proxy.h
v10/usr/src/cmd/nupas/ipc/res_err.c
v10/usr/src/cmd/nupas/ipc/s5sockbcon.c
v10/usr/src/cmd/nupas/ipc/s5uts_err.c
v10/usr/src/cmd/nupas/ipc/stubdk.c
v10/usr/src/cmd/nupas/ipc/stubmx.c
v10/usr/src/cmd/nupas/ipc/stubproxy.c
v10/usr/src/cmd/nupas/ipc/stubtcp.c
v10/usr/src/cmd/nupas/ipc/sun_err.c
v10/usr/src/cmd/nupas/ipc/tcpconnect.c
v10/usr/src/cmd/nupas/ipc/ultrix_err.c
v10/usr/src/cmd/nupas/ipc/utcpconnect.c
v10/usr/src/cmd/nupas/ipc/util.c
v10/usr/src/cmd/nupas/libc/4bsddirsel.c
v10/usr/src/cmd/nupas/libc/4bsdsysname.c
v10/usr/src/cmd/nupas/libc/README
v10/usr/src/cmd/nupas/libc/bsdopen.c
v10/usr/src/cmd/nupas/libc/dirsel.h
v10/usr/src/cmd/nupas/libc/dup2.c
v10/usr/src/cmd/nupas/libc/fread.c
v10/usr/src/cmd/nupas/libc/fwrite.c
v10/usr/src/cmd/nupas/libc/gendate.c
v10/usr/src/cmd/nupas/libc/genopen.c
v10/usr/src/cmd/nupas/libc/getlog.c
v10/usr/src/cmd/nupas/libc/getlogin.c
v10/usr/src/cmd/nupas/libc/makefile
v10/usr/src/cmd/nupas/libc/mboxowner.c
v10/usr/src/cmd/nupas/libc/mkfile
v10/usr/src/cmd/nupas/libc/nsysfile.c
v10/usr/src/cmd/nupas/libc/omakefile
v10/usr/src/cmd/nupas/libc/regcomp.c
v10/usr/src/cmd/nupas/libc/regerror.c
v10/usr/src/cmd/nupas/libc/regexec.c
v10/usr/src/cmd/nupas/libc/regexp.h
v10/usr/src/cmd/nupas/libc/regprog.h
v10/usr/src/cmd/nupas/libc/regsub.c
v10/usr/src/cmd/nupas/libc/s5date.c
v10/usr/src/cmd/nupas/libc/s5dirsel.c
v10/usr/src/cmd/nupas/libc/s5mboxowner.c
v10/usr/src/cmd/nupas/libc/s5sysname.c
v10/usr/src/cmd/nupas/libc/setlogname.c
v10/usr/src/cmd/nupas/libc/strings.c
v10/usr/src/cmd/nupas/libc/sunopen.c
v10/usr/src/cmd/nupas/libc/tzset.c
v10/usr/src/cmd/nupas/libc/ugid.h
v10/usr/src/cmd/nupas/libc/v9dirsel.c
v10/usr/src/cmd/nupas/libc/v9nsysfile.c
v10/usr/src/cmd/nupas/libc/v9open.c
v10/usr/src/cmd/nupas/libc/v9sysname.c
v10/usr/src/cmd/nupas/man/mail.1
v10/usr/src/cmd/nupas/man/mail.6
v10/usr/src/cmd/nupas/man/smtp.8
v10/usr/src/cmd/nupas/man/upas.8
v10/usr/src/cmd/nupas/mips/config.c
v10/usr/src/cmd/nupas/mips/makefile
v10/usr/src/cmd/nupas/mips/mkfile
v10/usr/src/cmd/nupas/mips/sys.h
v10/usr/src/cmd/nupas/misc/gone.fishing
v10/usr/src/cmd/nupas/misc/gone.msg
v10/usr/src/cmd/nupas/misc/mail.c
v10/usr/src/cmd/nupas/misc/mail.sh
v10/usr/src/cmd/nupas/misc/makefile
v10/usr/src/cmd/nupas/misc/mkfile
v10/usr/src/cmd/nupas/ns/makefile
v10/usr/src/cmd/nupas/ns/mkfile
v10/usr/src/cmd/nupas/ns/rmft
v10/usr/src/cmd/nupas/ns/translate.c
v10/usr/src/cmd/nupas/print/cmds.c
v10/usr/src/cmd/nupas/print/edmail.c
v10/usr/src/cmd/nupas/print/makefile
v10/usr/src/cmd/nupas/print/message.c
v10/usr/src/cmd/nupas/print/message.h
v10/usr/src/cmd/nupas/print/mkfile
v10/usr/src/cmd/nupas/print/partial.news
v10/usr/src/cmd/nupas/s5/config.c
v10/usr/src/cmd/nupas/s5/makefile
v10/usr/src/cmd/nupas/s5/mkfile
v10/usr/src/cmd/nupas/s5.3k/config.c
v10/usr/src/cmd/nupas/s5.3k/fakear
v10/usr/src/cmd/nupas/s5.3k/fakecc
v10/usr/src/cmd/nupas/s5.3k/makefile
v10/usr/src/cmd/nupas/s5.3k/mkfile
v10/usr/src/cmd/nupas/send/a.smith1
v10/usr/src/cmd/nupas/send/authorize.c
v10/usr/src/cmd/nupas/send/bind.c
v10/usr/src/cmd/nupas/send/chkfwd.c
v10/usr/src/cmd/nupas/send/dest.c
v10/usr/src/cmd/nupas/send/dest.h
v10/usr/src/cmd/nupas/send/gateway.c
v10/usr/src/cmd/nupas/send/local.c
v10/usr/src/cmd/nupas/send/log.c
v10/usr/src/cmd/nupas/send/main.c
v10/usr/src/cmd/nupas/send/make.out
v10/usr/src/cmd/nupas/send/makefile
v10/usr/src/cmd/nupas/send/message.c
v10/usr/src/cmd/nupas/send/message.h
v10/usr/src/cmd/nupas/send/mkfile
v10/usr/src/cmd/nupas/send/notify.c
v10/usr/src/cmd/nupas/send/partial.news
v10/usr/src/cmd/nupas/send/process.c
v10/usr/src/cmd/nupas/send/process.h
v10/usr/src/cmd/nupas/send/rewrite.c
v10/usr/src/cmd/nupas/send/translate.c
v10/usr/src/cmd/nupas/send/tryit
v10/usr/src/cmd/nupas/sgi/config.c
v10/usr/src/cmd/nupas/sgi/makefile
v10/usr/src/cmd/nupas/sgi/mkfile
v10/usr/src/cmd/nupas/sgi/sys.h
v10/usr/src/cmd/nupas/smtp/Notes
v10/usr/src/cmd/nupas/smtp/addrformat.h
v10/usr/src/cmd/nupas/smtp/cmds.h
v10/usr/src/cmd/nupas/smtp/converse.c
v10/usr/src/cmd/nupas/smtp/conversed.c
v10/usr/src/cmd/nupas/smtp/from822.c
v10/usr/src/cmd/nupas/smtp/from822addr.c
v10/usr/src/cmd/nupas/smtp/header.c
v10/usr/src/cmd/nupas/smtp/header.h
v10/usr/src/cmd/nupas/smtp/log.c
v10/usr/src/cmd/nupas/smtp/main.c
v10/usr/src/cmd/nupas/smtp/makefile
v10/usr/src/cmd/nupas/smtp/mkfile
v10/usr/src/cmd/nupas/smtp/netio.c
v10/usr/src/cmd/nupas/smtp/notice.h
v10/usr/src/cmd/nupas/smtp/qlib.c
v10/usr/src/cmd/nupas/smtp/smtp.c
v10/usr/src/cmd/nupas/smtp/smtp.h
v10/usr/src/cmd/nupas/smtp/smtpd.c
v10/usr/src/cmd/nupas/smtp/smtpqer.c
v10/usr/src/cmd/nupas/smtp/smtpsched.c
v10/usr/src/cmd/nupas/smtp/smtpsched.i
v10/usr/src/cmd/nupas/smtp/to822.c
v10/usr/src/cmd/nupas/smtp/to822addr.c
v10/usr/src/cmd/nupas/sun4bsd/config.c
v10/usr/src/cmd/nupas/sun4bsd/makefile
v10/usr/src/cmd/nupas/sun4bsd/mkfile
v10/usr/src/cmd/nupas/sun4bsd/sys.h
v10/usr/src/cmd/nupas/v10/config.c
v10/usr/src/cmd/nupas/v10/makefile
v10/usr/src/cmd/nupas/v10/mkfile
v10/usr/src/cmd/nupas/v10/sys.h
v10/usr/src/cmd/nupas/v10/syslog.h
v10/usr/src/cmd/odist/Newdist
v10/usr/src/cmd/odist/Notes
v10/usr/src/cmd/odist/doc.ms
v10/usr/src/cmd/odist/genmkfile.sh
v10/usr/src/cmd/odist/ipcidea
v10/usr/src/cmd/odist/mkconf.bsd
v10/usr/src/cmd/odist/mkconf.sysv
v10/usr/src/cmd/odist/mkconf.v10
v10/usr/src/cmd/odist/mkfile
v10/usr/src/cmd/odist/mkrules.bsd
v10/usr/src/cmd/odist/mkrules.sysv
v10/usr/src/cmd/odist/mkrules.v10
v10/usr/src/cmd/odist/outline
v10/usr/src/cmd/odist/paths.h
v10/usr/src/cmd/odist/ape/chat.c
v10/usr/src/cmd/odist/ape/chkperm.c
v10/usr/src/cmd/odist/ape/cleanq.c
v10/usr/src/cmd/odist/ape/crc.c
v10/usr/src/cmd/odist/ape/dist.h
v10/usr/src/cmd/odist/ape/dist.sh
v10/usr/src/cmd/odist/ape/eprintf.c
v10/usr/src/cmd/odist/ape/genmail.sh
v10/usr/src/cmd/odist/ape/mkfile
v10/usr/src/cmd/odist/ape/nightly.sh
v10/usr/src/cmd/odist/ape/path.c
v10/usr/src/cmd/odist/ape/receive.c
v10/usr/src/cmd/odist/ape/scanq.c
v10/usr/src/cmd/odist/ape/showq.c
v10/usr/src/cmd/odist/ape/transmit.c
v10/usr/src/cmd/odist/ape/tryperm.c
v10/usr/src/cmd/odist/ape/Future/conf.c
v10/usr/src/cmd/odist/ape/Future/conf.h
v10/usr/src/cmd/odist/man/dist.1
v10/usr/src/cmd/odist/man/dist.5
v10/usr/src/cmd/odist/man/dist.8
