v10/usr/src/cmd/odist/opkg/HISTORY
v10/usr/src/cmd/odist/opkg/INSTRUCTIONS
v10/usr/src/cmd/odist/opkg/alloc.c
v10/usr/src/cmd/odist/opkg/ar.h
v10/usr/src/cmd/odist/opkg/args.c
v10/usr/src/cmd/odist/opkg/asd.h
v10/usr/src/cmd/odist/opkg/chk.c
v10/usr/src/cmd/odist/opkg/crypt.c
v10/usr/src/cmd/odist/opkg/data.c
v10/usr/src/cmd/odist/opkg/ftw.c
v10/usr/src/cmd/odist/opkg/ftw.h
v10/usr/src/cmd/odist/opkg/fullname.c
v10/usr/src/cmd/odist/opkg/gid.c
v10/usr/src/cmd/odist/opkg/header.c
v10/usr/src/cmd/odist/opkg/inspkg.c
v10/usr/src/cmd/odist/opkg/mkcsum.c
v10/usr/src/cmd/odist/opkg/mkdir.c
v10/usr/src/cmd/odist/opkg/mkfile
v10/usr/src/cmd/odist/opkg/mkpkg.c
v10/usr/src/cmd/odist/opkg/package.c
v10/usr/src/cmd/odist/opkg/path.c
v10/usr/src/cmd/odist/opkg/pwd.c
v10/usr/src/cmd/odist/opkg/seal.c
v10/usr/src/cmd/odist/opkg/seal.h
v10/usr/src/cmd/odist/opkg/transname.c
v10/usr/src/cmd/odist/opkg/uid.c
v10/usr/src/cmd/odist/opkg/unseal.c
v10/usr/src/cmd/odist/pax/bin/ignore
v10/usr/src/cmd/odist/pax/bin/silent
v10/usr/src/cmd/odist/pax/include/align.h
v10/usr/src/cmd/odist/pax/include/dirent.h
v10/usr/src/cmd/odist/pax/include/error.h
v10/usr/src/cmd/odist/pax/include/fsinfo.h
v10/usr/src/cmd/odist/pax/include/ftwalk.h
v10/usr/src/cmd/odist/pax/include/hash.h
v10/usr/src/cmd/odist/pax/include/hashpart.h
v10/usr/src/cmd/odist/pax/include/lcldirent.h
v10/usr/src/cmd/odist/pax/include/lcllimits.h
v10/usr/src/cmd/odist/pax/include/lclparam.h
v10/usr/src/cmd/odist/pax/include/lclstdio.h
v10/usr/src/cmd/odist/pax/include/limits.h
v10/usr/src/cmd/odist/pax/include/ls.h
v10/usr/src/cmd/odist/pax/include/namval.h
v10/usr/src/cmd/odist/pax/include/option.h
v10/usr/src/cmd/odist/pax/include/preroot.h
v10/usr/src/cmd/odist/pax/include/re.h
v10/usr/src/cmd/odist/pax/include/sfio.h
v10/usr/src/cmd/odist/pax/include/sig.h
v10/usr/src/cmd/odist/pax/include/sigdata.h
v10/usr/src/cmd/odist/pax/include/stack.h
v10/usr/src/cmd/odist/pax/include/stak.h
v10/usr/src/cmd/odist/pax/include/stdio.h
v10/usr/src/cmd/odist/pax/include/swap.h
v10/usr/src/cmd/odist/pax/include/tar.h
v10/usr/src/cmd/odist/pax/include/tm.h
v10/usr/src/cmd/odist/pax/include/ttyinfo.h
v10/usr/src/cmd/odist/pax/man/man1/pax.1
v10/usr/src/cmd/odist/pax/man/man3/ftwalk.3
v10/usr/src/cmd/odist/pax/man/man3/hash.3
v10/usr/src/cmd/odist/pax/man/man3/re.3
v10/usr/src/cmd/odist/pax/man/man3/sfio.3
v10/usr/src/cmd/odist/pax/man/man3/stak.3
v10/usr/src/cmd/odist/pax/man/man3/tm.3
v10/usr/src/cmd/odist/pax/ship/README
v10/usr/src/cmd/odist/pax/ship/shipin
v10/usr/src/cmd/odist/pax/ship/shipin.save
v10/usr/src/cmd/odist/pax/ship/shipop.c
v10/usr/src/cmd/odist/pax/ship/shipout
v10/usr/src/cmd/odist/pax/ship/libodelta/in.log
v10/usr/src/cmd/odist/pax/ship/libodelta/910208/BUILT
v10/usr/src/cmd/odist/pax/ship/libodelta/910208/UNCRATED
v10/usr/src/cmd/odist/pax/ship/libodelta/910208/items
v10/usr/src/cmd/odist/pax/ship/libodelta/910208/owner
v10/usr/src/cmd/odist/pax/ship/libx/in.log
v10/usr/src/cmd/odist/pax/ship/libx/910208/BUILT
v10/usr/src/cmd/odist/pax/ship/libx/910208/UNCRATED
v10/usr/src/cmd/odist/pax/ship/libx/910208/items
v10/usr/src/cmd/odist/pax/ship/libx/910208/owner
v10/usr/src/cmd/odist/pax/ship/pax/in.log
v10/usr/src/cmd/odist/pax/ship/pax/910208/BUILT
v10/usr/src/cmd/odist/pax/ship/pax/910208/UNCRATED
v10/usr/src/cmd/odist/pax/ship/pax/910208/items
v10/usr/src/cmd/odist/pax/ship/pax/910208/message
v10/usr/src/cmd/odist/pax/ship/pax/910208/owner
v10/usr/src/cmd/odist/pax/src/Makefile
v10/usr/src/cmd/odist/pax/src/cmd/Makefile
