v10/usr/src/cmd/odist/pax/src/cmd/pax/HISTORY
v10/usr/src/cmd/odist/pax/src/cmd/pax/MAM.list
v10/usr/src/cmd/odist/pax/src/cmd/pax/MAM.time
v10/usr/src/cmd/odist/pax/src/cmd/pax/Makefile
v10/usr/src/cmd/odist/pax/src/cmd/pax/Mamfile
v10/usr/src/cmd/odist/pax/src/cmd/pax/RELEASE
v10/usr/src/cmd/odist/pax/src/cmd/pax/bio.c
v10/usr/src/cmd/odist/pax/src/cmd/pax/convert.c
v10/usr/src/cmd/odist/pax/src/cmd/pax/copy.c
v10/usr/src/cmd/odist/pax/src/cmd/pax/cpio
v10/usr/src/cmd/odist/pax/src/cmd/pax/cpio.sh
v10/usr/src/cmd/odist/pax/src/cmd/pax/delta.c
v10/usr/src/cmd/odist/pax/src/cmd/pax/file.c
v10/usr/src/cmd/odist/pax/src/cmd/pax/format.c
v10/usr/src/cmd/odist/pax/src/cmd/pax/misc.c
v10/usr/src/cmd/odist/pax/src/cmd/pax/pax.1
v10/usr/src/cmd/odist/pax/src/cmd/pax/pax.1.posix
v10/usr/src/cmd/odist/pax/src/cmd/pax/pax.c
v10/usr/src/cmd/odist/pax/src/cmd/pax/pax.h
v10/usr/src/cmd/odist/pax/src/cmd/pax/stubs.c
v10/usr/src/cmd/odist/pax/src/cmd/pax/tar
v10/usr/src/cmd/odist/pax/src/cmd/pax/tar.sh
v10/usr/src/cmd/odist/pax/src/cmd/pax/FEATURE/bcopy
v10/usr/src/cmd/odist/pax/src/cmd/pax/FEATURE/mtio
v10/usr/src/cmd/odist/pax/src/lib/Makefile
v10/usr/src/cmd/odist/pax/src/lib/libodelta/MAM.list
v10/usr/src/cmd/odist/pax/src/lib/libodelta/MAM.time
v10/usr/src/cmd/odist/pax/src/lib/libodelta/Makefile
v10/usr/src/cmd/odist/pax/src/lib/libodelta/Mamfile
v10/usr/src/cmd/odist/pax/src/lib/libodelta/delta.c
v10/usr/src/cmd/odist/pax/src/lib/libodelta/mtchstring.c
v10/usr/src/cmd/odist/pax/src/lib/libodelta/suftree.c
v10/usr/src/cmd/odist/pax/src/lib/libodelta/suftree.h
v10/usr/src/cmd/odist/pax/src/lib/libodelta/update.c
v10/usr/src/cmd/odist/pax/src/lib/libodelta/update.h
