v10/usr/src/cmd/odist/pax/src/lib/libx/MAM.list
v10/usr/src/cmd/odist/pax/src/lib/libx/MAM.time
v10/usr/src/cmd/odist/pax/src/lib/libx/Makefile
v10/usr/src/cmd/odist/pax/src/lib/libx/Mamfile
v10/usr/src/cmd/odist/pax/src/lib/libx/README
v10/usr/src/cmd/odist/pax/src/lib/libx/align.h
v10/usr/src/cmd/odist/pax/src/lib/libx/dirent.h
v10/usr/src/cmd/odist/pax/src/lib/libx/fsinfo.h
v10/usr/src/cmd/odist/pax/src/lib/libx/lcldirent.h
v10/usr/src/cmd/odist/pax/src/lib/libx/lcllimits.h
v10/usr/src/cmd/odist/pax/src/lib/libx/lclparam.h
v10/usr/src/cmd/odist/pax/src/lib/libx/lclstdio.h
v10/usr/src/cmd/odist/pax/src/lib/libx/limits.h
v10/usr/src/cmd/odist/pax/src/lib/libx/mkhdr
v10/usr/src/cmd/odist/pax/src/lib/libx/preroot.h
v10/usr/src/cmd/odist/pax/src/lib/libx/sig.h
v10/usr/src/cmd/odist/pax/src/lib/libx/sigdata.h
v10/usr/src/cmd/odist/pax/src/lib/libx/ttyinfo.h
v10/usr/src/cmd/odist/pax/src/lib/libx/FEATURE/_cleanup
v10/usr/src/cmd/odist/pax/src/lib/libx/FEATURE/atexit
v10/usr/src/cmd/odist/pax/src/lib/libx/FEATURE/bcopy
v10/usr/src/cmd/odist/pax/src/lib/libx/FEATURE/bzero
v10/usr/src/cmd/odist/pax/src/lib/libx/FEATURE/dir
v10/usr/src/cmd/odist/pax/src/lib/libx/FEATURE/dirread
v10/usr/src/cmd/odist/pax/src/lib/libx/FEATURE/dup2
v10/usr/src/cmd/odist/pax/src/lib/libx/FEATURE/getdents
v10/usr/src/cmd/odist/pax/src/lib/libx/FEATURE/getdirentries
v10/usr/src/cmd/odist/pax/src/lib/libx/FEATURE/index
v10/usr/src/cmd/odist/pax/src/lib/libx/FEATURE/jioctl
v10/usr/src/cmd/odist/pax/src/lib/libx/FEATURE/killpg
v10/usr/src/cmd/odist/pax/src/lib/libx/FEATURE/link
v10/usr/src/cmd/odist/pax/src/lib/libx/FEATURE/lstat
v10/usr/src/cmd/odist/pax/src/lib/libx/FEATURE/memcmp
v10/usr/src/cmd/odist/pax/src/lib/libx/FEATURE/memcpy
v10/usr/src/cmd/odist/pax/src/lib/libx/FEATURE/memdup
v10/usr/src/cmd/odist/pax/src/lib/libx/FEATURE/memset
v10/usr/src/cmd/odist/pax/src/lib/libx/FEATURE/mkdir
v10/usr/src/cmd/odist/pax/src/lib/libx/FEATURE/mktemp
v10/usr/src/cmd/odist/pax/src/lib/libx/FEATURE/mmap
v10/usr/src/cmd/odist/pax/src/lib/libx/FEATURE/mount
v10/usr/src/cmd/odist/pax/src/lib/libx/FEATURE/on_exit
v10/usr/src/cmd/odist/pax/src/lib/libx/FEATURE/onexit
v10/usr/src/cmd/odist/pax/src/lib/libx/FEATURE/readdir
v10/usr/src/cmd/odist/pax/src/lib/libx/FEATURE/readlink
v10/usr/src/cmd/odist/pax/src/lib/libx/FEATURE/remove
v10/usr/src/cmd/odist/pax/src/lib/libx/FEATURE/rename
v10/usr/src/cmd/odist/pax/src/lib/libx/FEATURE/rindex
v10/usr/src/cmd/odist/pax/src/lib/libx/FEATURE/rmdir
v10/usr/src/cmd/odist/pax/src/lib/libx/FEATURE/setpgid
v10/usr/src/cmd/odist/pax/src/lib/libx/FEATURE/sgetl
v10/usr/src/cmd/odist/pax/src/lib/libx/FEATURE/sigsetmask
v10/usr/src/cmd/odist/pax/src/lib/libx/FEATURE/sigunblock
v10/usr/src/cmd/odist/pax/src/lib/libx/FEATURE/sputl
v10/usr/src/cmd/odist/pax/src/lib/libx/FEATURE/strchr
v10/usr/src/cmd/odist/pax/src/lib/libx/FEATURE/strdup
v10/usr/src/cmd/odist/pax/src/lib/libx/FEATURE/strerror
v10/usr/src/cmd/odist/pax/src/lib/libx/FEATURE/strpbrk
v10/usr/src/cmd/odist/pax/src/lib/libx/FEATURE/strrchr
v10/usr/src/cmd/odist/pax/src/lib/libx/FEATURE/strspn
v10/usr/src/cmd/odist/pax/src/lib/libx/FEATURE/strtod
v10/usr/src/cmd/odist/pax/src/lib/libx/FEATURE/strtok
v10/usr/src/cmd/odist/pax/src/lib/libx/FEATURE/strtol
v10/usr/src/cmd/odist/pax/src/lib/libx/FEATURE/symlink
v10/usr/src/cmd/odist/pax/src/lib/libx/FEATURE/tmpnam
v10/usr/src/cmd/odist/pax/src/lib/libx/FEATURE/universe
v10/usr/src/cmd/odist/pax/src/lib/libx/FEATURE/unlink
v10/usr/src/cmd/odist/pax/src/lib/libx/FEATURE/utime
v10/usr/src/cmd/odist/pax/src/lib/libx/FEATURE/vfork
v10/usr/src/cmd/odist/pax/src/lib/libx/comp/atexit.c
v10/usr/src/cmd/odist/pax/src/lib/libx/comp/dup2.c
v10/usr/src/cmd/odist/pax/src/lib/libx/comp/errno.c
v10/usr/src/cmd/odist/pax/src/lib/libx/comp/getdents.c
v10/usr/src/cmd/odist/pax/src/lib/libx/comp/killpg.c
v10/usr/src/cmd/odist/pax/src/lib/libx/comp/link.c
v10/usr/src/cmd/odist/pax/src/lib/libx/comp/lstat.c
v10/usr/src/cmd/odist/pax/src/lib/libx/comp/memcmp.c
v10/usr/src/cmd/odist/pax/src/lib/libx/comp/memcpy.c
v10/usr/src/cmd/odist/pax/src/lib/libx/comp/memset.c
v10/usr/src/cmd/odist/pax/src/lib/libx/comp/mkdir.c
v10/usr/src/cmd/odist/pax/src/lib/libx/comp/mktemp.c
v10/usr/src/cmd/odist/pax/src/lib/libx/comp/mount.c
v10/usr/src/cmd/odist/pax/src/lib/libx/comp/popen.c
v10/usr/src/cmd/odist/pax/src/lib/libx/comp/readlink.c
v10/usr/src/cmd/odist/pax/src/lib/libx/comp/remove.c
v10/usr/src/cmd/odist/pax/src/lib/libx/comp/rename.c
v10/usr/src/cmd/odist/pax/src/lib/libx/comp/rmdir.c
v10/usr/src/cmd/odist/pax/src/lib/libx/comp/setpgid.c
v10/usr/src/cmd/odist/pax/src/lib/libx/comp/sgetl.c
v10/usr/src/cmd/odist/pax/src/lib/libx/comp/sigsetmask.c
v10/usr/src/cmd/odist/pax/src/lib/libx/comp/sigunblock.c
v10/usr/src/cmd/odist/pax/src/lib/libx/comp/sputl.c
v10/usr/src/cmd/odist/pax/src/lib/libx/comp/strchr.c
v10/usr/src/cmd/odist/pax/src/lib/libx/comp/strpbrk.c
v10/usr/src/cmd/odist/pax/src/lib/libx/comp/strrchr.c
v10/usr/src/cmd/odist/pax/src/lib/libx/comp/strspn.c
v10/usr/src/cmd/odist/pax/src/lib/libx/comp/strtod.c
v10/usr/src/cmd/odist/pax/src/lib/libx/comp/strtok.c
v10/usr/src/cmd/odist/pax/src/lib/libx/comp/strtol.c
v10/usr/src/cmd/odist/pax/src/lib/libx/comp/symlink.c
v10/usr/src/cmd/odist/pax/src/lib/libx/comp/system.c
v10/usr/src/cmd/odist/pax/src/lib/libx/comp/tmpnam.c
v10/usr/src/cmd/odist/pax/src/lib/libx/comp/unlink.c
v10/usr/src/cmd/odist/pax/src/lib/libx/comp/vfork.c
v10/usr/src/cmd/odist/pax/src/lib/libx/dir/dirlib.h
v10/usr/src/cmd/odist/pax/src/lib/libx/dir/opendir.c
v10/usr/src/cmd/odist/pax/src/lib/libx/dir/readdir.c
v10/usr/src/cmd/odist/pax/src/lib/libx/dir/rewinddir.c
v10/usr/src/cmd/odist/pax/src/lib/libx/dir/seekdir.c
v10/usr/src/cmd/odist/pax/src/lib/libx/dir/telldir.c
v10/usr/src/cmd/odist/pax/src/lib/libx/hash/hashalloc.c
v10/usr/src/cmd/odist/pax/src/lib/libx/hash/hashdump.c
v10/usr/src/cmd/odist/pax/src/lib/libx/hash/hashfree.c
v10/usr/src/cmd/odist/pax/src/lib/libx/hash/hashlib.h
v10/usr/src/cmd/odist/pax/src/lib/libx/hash/hashlook.c
v10/usr/src/cmd/odist/pax/src/lib/libx/hash/hashscan.c
v10/usr/src/cmd/odist/pax/src/lib/libx/hash/hashsize.c
v10/usr/src/cmd/odist/pax/src/lib/libx/hash/hashwalk.c
v10/usr/src/cmd/odist/pax/src/lib/libx/hash/memhash.c
v10/usr/src/cmd/odist/pax/src/lib/libx/hash/memsum.c
v10/usr/src/cmd/odist/pax/src/lib/libx/hash/strhash.c
v10/usr/src/cmd/odist/pax/src/lib/libx/hash/strsum.c
v10/usr/src/cmd/odist/pax/src/lib/libx/include/error.h
v10/usr/src/cmd/odist/pax/src/lib/libx/include/ftwalk.h
v10/usr/src/cmd/odist/pax/src/lib/libx/include/hash.h
v10/usr/src/cmd/odist/pax/src/lib/libx/include/hashpart.h
v10/usr/src/cmd/odist/pax/src/lib/libx/include/ls.h
v10/usr/src/cmd/odist/pax/src/lib/libx/include/namval.h
v10/usr/src/cmd/odist/pax/src/lib/libx/include/option.h
v10/usr/src/cmd/odist/pax/src/lib/libx/include/re.h
v10/usr/src/cmd/odist/pax/src/lib/libx/include/sfio.h
v10/usr/src/cmd/odist/pax/src/lib/libx/include/stack.h
v10/usr/src/cmd/odist/pax/src/lib/libx/include/stak.h
v10/usr/src/cmd/odist/pax/src/lib/libx/include/stdio.h
v10/usr/src/cmd/odist/pax/src/lib/libx/include/swap.h
v10/usr/src/cmd/odist/pax/src/lib/libx/include/tar.h
v10/usr/src/cmd/odist/pax/src/lib/libx/include/tm.h
v10/usr/src/cmd/odist/pax/src/lib/libx/man/ftwalk.3
v10/usr/src/cmd/odist/pax/src/lib/libx/man/hash.3
v10/usr/src/cmd/odist/pax/src/lib/libx/man/re.3
v10/usr/src/cmd/odist/pax/src/lib/libx/man/sfio.3
v10/usr/src/cmd/odist/pax/src/lib/libx/man/stak.3
v10/usr/src/cmd/odist/pax/src/lib/libx/man/tm.3
