v10/usr/src/cmd/odist/pax/src/lib/libx/misc/calloc.c
v10/usr/src/cmd/odist/pax/src/lib/libx/misc/cmdargs.c
v10/usr/src/cmd/odist/pax/src/lib/libx/misc/cmdclose.c
v10/usr/src/cmd/odist/pax/src/lib/libx/misc/cmdkill.c
v10/usr/src/cmd/odist/pax/src/lib/libx/misc/cmdlib.h
v10/usr/src/cmd/odist/pax/src/lib/libx/misc/cmdopen.c
v10/usr/src/cmd/odist/pax/src/lib/libx/misc/cmdrun.c
v10/usr/src/cmd/odist/pax/src/lib/libx/misc/cmdwait.c
v10/usr/src/cmd/odist/pax/src/lib/libx/misc/cvtatoe.c
v10/usr/src/cmd/odist/pax/src/lib/libx/misc/cvtetoa.c
v10/usr/src/cmd/odist/pax/src/lib/libx/misc/error.c
v10/usr/src/cmd/odist/pax/src/lib/libx/misc/fgetline.c
v10/usr/src/cmd/odist/pax/src/lib/libx/misc/fs3d.c
v10/usr/src/cmd/odist/pax/src/lib/libx/misc/ftwalk.c
v10/usr/src/cmd/odist/pax/src/lib/libx/misc/getcwd.c
v10/usr/src/cmd/odist/pax/src/lib/libx/misc/getnamval.c
v10/usr/src/cmd/odist/pax/src/lib/libx/misc/getshell.c
v10/usr/src/cmd/odist/pax/src/lib/libx/misc/getsymlink.c
v10/usr/src/cmd/odist/pax/src/lib/libx/misc/getuniv.c
v10/usr/src/cmd/odist/pax/src/lib/libx/misc/getwd.c
v10/usr/src/cmd/odist/pax/src/lib/libx/misc/hsort.c
v10/usr/src/cmd/odist/pax/src/lib/libx/misc/liberror.c
v10/usr/src/cmd/odist/pax/src/lib/libx/misc/lpstat.c
v10/usr/src/cmd/odist/pax/src/lib/libx/misc/malloc.c
v10/usr/src/cmd/odist/pax/src/lib/libx/misc/optget.c
v10/usr/src/cmd/odist/pax/src/lib/libx/misc/pathaccess.c
v10/usr/src/cmd/odist/pax/src/lib/libx/misc/pathcanon.c
v10/usr/src/cmd/odist/pax/src/lib/libx/misc/pathcheck.c
v10/usr/src/cmd/odist/pax/src/lib/libx/misc/pathkey.c
v10/usr/src/cmd/odist/pax/src/lib/libx/misc/pathpath.c
v10/usr/src/cmd/odist/pax/src/lib/libx/misc/pathprobe.c
v10/usr/src/cmd/odist/pax/src/lib/libx/misc/pathtemp.c
v10/usr/src/cmd/odist/pax/src/lib/libx/misc/perror.c
v10/usr/src/cmd/odist/pax/src/lib/libx/misc/putenv.c
v10/usr/src/cmd/odist/pax/src/lib/libx/misc/putsymlink.c
v10/usr/src/cmd/odist/pax/src/lib/libx/misc/query.c
v10/usr/src/cmd/odist/pax/src/lib/libx/misc/setcwd.c
v10/usr/src/cmd/odist/pax/src/lib/libx/misc/setuniv.c
v10/usr/src/cmd/odist/pax/src/lib/libx/misc/sigcrit.c
v10/usr/src/cmd/odist/pax/src/lib/libx/misc/stack.c
v10/usr/src/cmd/odist/pax/src/lib/libx/misc/stak.c
v10/usr/src/cmd/odist/pax/src/lib/libx/misc/univdata.c
v10/usr/src/cmd/odist/pax/src/lib/libx/misc/univlib.h
v10/usr/src/cmd/odist/pax/src/lib/libx/port/copy.c
v10/usr/src/cmd/odist/pax/src/lib/libx/port/fclex.c
v10/usr/src/cmd/odist/pax/src/lib/libx/port/genhdr.c
v10/usr/src/cmd/odist/pax/src/lib/libx/port/iblocks.c
v10/usr/src/cmd/odist/pax/src/lib/libx/port/mkhdr.sh
v10/usr/src/cmd/odist/pax/src/lib/libx/port/sigdata.c
v10/usr/src/cmd/odist/pax/src/lib/libx/port/touch.c
v10/usr/src/cmd/odist/pax/src/lib/libx/port/winsize.c
v10/usr/src/cmd/odist/pax/src/lib/libx/preroot/getpreroot.c
v10/usr/src/cmd/odist/pax/src/lib/libx/preroot/ispreroot.c
v10/usr/src/cmd/odist/pax/src/lib/libx/preroot/realopen.c
v10/usr/src/cmd/odist/pax/src/lib/libx/preroot/setpreroot.c
v10/usr/src/cmd/odist/pax/src/lib/libx/re/recomp.c
v10/usr/src/cmd/odist/pax/src/lib/libx/re/reerror.c
v10/usr/src/cmd/odist/pax/src/lib/libx/re/reexec.c
v10/usr/src/cmd/odist/pax/src/lib/libx/re/relib.h
v10/usr/src/cmd/odist/pax/src/lib/libx/re/resub.c
v10/usr/src/cmd/odist/pax/src/lib/libx/sfio/_sfclearerr.c
v10/usr/src/cmd/odist/pax/src/lib/libx/sfio/_sfecvt.c
v10/usr/src/cmd/odist/pax/src/lib/libx/sfio/_sfeof.c
v10/usr/src/cmd/odist/pax/src/lib/libx/sfio/_sferror.c
v10/usr/src/cmd/odist/pax/src/lib/libx/sfio/_sffcvt.c
v10/usr/src/cmd/odist/pax/src/lib/libx/sfio/_sffileno.c
v10/usr/src/cmd/odist/pax/src/lib/libx/sfio/_sfgetc.c
v10/usr/src/cmd/odist/pax/src/lib/libx/sfio/_sfgetl.c
v10/usr/src/cmd/odist/pax/src/lib/libx/sfio/_sfgetu.c
v10/usr/src/cmd/odist/pax/src/lib/libx/sfio/_sfhdr.h
v10/usr/src/cmd/odist/pax/src/lib/libx/sfio/_sforigin.c
v10/usr/src/cmd/odist/pax/src/lib/libx/sfio/_sfpeek.c
v10/usr/src/cmd/odist/pax/src/lib/libx/sfio/_sfpushed.c
v10/usr/src/cmd/odist/pax/src/lib/libx/sfio/_sfputc.c
v10/usr/src/cmd/odist/pax/src/lib/libx/sfio/_sfputd.c
v10/usr/src/cmd/odist/pax/src/lib/libx/sfio/_sfputl.c
v10/usr/src/cmd/odist/pax/src/lib/libx/sfio/_sfputu.c
v10/usr/src/cmd/odist/pax/src/lib/libx/sfio/_sfslen.c
v10/usr/src/cmd/odist/pax/src/lib/libx/sfio/_sfsync.c
v10/usr/src/cmd/odist/pax/src/lib/libx/sfio/_sftmp.c
v10/usr/src/cmd/odist/pax/src/lib/libx/sfio/_sfulen.c
v10/usr/src/cmd/odist/pax/src/lib/libx/sfio/sfclose.c
v10/usr/src/cmd/odist/pax/src/lib/libx/sfio/sfclrlock.c
v10/usr/src/cmd/odist/pax/src/lib/libx/sfio/sfcvt.c
v10/usr/src/cmd/odist/pax/src/lib/libx/sfio/sfdlen.c
v10/usr/src/cmd/odist/pax/src/lib/libx/sfio/sfdopen.c
v10/usr/src/cmd/odist/pax/src/lib/libx/sfio/sfexcept.c
v10/usr/src/cmd/odist/pax/src/lib/libx/sfio/sfextern.c
v10/usr/src/cmd/odist/pax/src/lib/libx/sfio/sffilbuf.c
v10/usr/src/cmd/odist/pax/src/lib/libx/sfio/sfflsbuf.c
v10/usr/src/cmd/odist/pax/src/lib/libx/sfio/sfgetd.c
v10/usr/src/cmd/odist/pax/src/lib/libx/sfio/sfgetl.c
v10/usr/src/cmd/odist/pax/src/lib/libx/sfio/sfgets.c
v10/usr/src/cmd/odist/pax/src/lib/libx/sfio/sfgetu.c
v10/usr/src/cmd/odist/pax/src/lib/libx/sfio/sfhdr.h
v10/usr/src/cmd/odist/pax/src/lib/libx/sfio/sfllen.c
v10/usr/src/cmd/odist/pax/src/lib/libx/sfio/sfmode.c
v10/usr/src/cmd/odist/pax/src/lib/libx/sfio/sfmove.c
v10/usr/src/cmd/odist/pax/src/lib/libx/sfio/sfnew.c
v10/usr/src/cmd/odist/pax/src/lib/libx/sfio/sfnotify.c
v10/usr/src/cmd/odist/pax/src/lib/libx/sfio/sfnputc.c
v10/usr/src/cmd/odist/pax/src/lib/libx/sfio/sfopen.c
v10/usr/src/cmd/odist/pax/src/lib/libx/sfio/sfpeek.c
v10/usr/src/cmd/odist/pax/src/lib/libx/sfio/sfpool.c
v10/usr/src/cmd/odist/pax/src/lib/libx/sfio/sfpopen.c
v10/usr/src/cmd/odist/pax/src/lib/libx/sfio/sfprintf.c
v10/usr/src/cmd/odist/pax/src/lib/libx/sfio/sfputd.c
v10/usr/src/cmd/odist/pax/src/lib/libx/sfio/sfputl.c
v10/usr/src/cmd/odist/pax/src/lib/libx/sfio/sfputs.c
v10/usr/src/cmd/odist/pax/src/lib/libx/sfio/sfputu.c
v10/usr/src/cmd/odist/pax/src/lib/libx/sfio/sfread.c
v10/usr/src/cmd/odist/pax/src/lib/libx/sfio/sfscanf.c
v10/usr/src/cmd/odist/pax/src/lib/libx/sfio/sfseek.c
v10/usr/src/cmd/odist/pax/src/lib/libx/sfio/sfset.c
v10/usr/src/cmd/odist/pax/src/lib/libx/sfio/sfsetbuf.c
v10/usr/src/cmd/odist/pax/src/lib/libx/sfio/sfsetdisc.c
v10/usr/src/cmd/odist/pax/src/lib/libx/sfio/sfsetflag.c
v10/usr/src/cmd/odist/pax/src/lib/libx/sfio/sfstack.c
v10/usr/src/cmd/odist/pax/src/lib/libx/sfio/sfstrtod.c
v10/usr/src/cmd/odist/pax/src/lib/libx/sfio/sfsync.c
v10/usr/src/cmd/odist/pax/src/lib/libx/sfio/sftable.c
v10/usr/src/cmd/odist/pax/src/lib/libx/sfio/sftell.c
v10/usr/src/cmd/odist/pax/src/lib/libx/sfio/sftmpfile.c
v10/usr/src/cmd/odist/pax/src/lib/libx/sfio/sfungetc.c
v10/usr/src/cmd/odist/pax/src/lib/libx/sfio/sfvprintf.c
v10/usr/src/cmd/odist/pax/src/lib/libx/sfio/sfvscanf.c
v10/usr/src/cmd/odist/pax/src/lib/libx/sfio/sfwrite.c
v10/usr/src/cmd/odist/pax/src/lib/libx/stdio/sprintf.c
v10/usr/src/cmd/odist/pax/src/lib/libx/stdio/stdgets.c
v10/usr/src/cmd/odist/pax/src/lib/libx/stdio/stdprintf.c
v10/usr/src/cmd/odist/pax/src/lib/libx/stdio/stdscanf.c
v10/usr/src/cmd/odist/pax/src/lib/libx/stdio/stdsetvbuf.c
v10/usr/src/cmd/odist/pax/src/lib/libx/stdio/stdsprintf.c
v10/usr/src/cmd/odist/pax/src/lib/libx/stdio/stdvsprintf.c
v10/usr/src/cmd/odist/pax/src/lib/libx/stdio/stdvsscanf.c
v10/usr/src/cmd/odist/pax/src/lib/libx/stdio/vsprintf.c
v10/usr/src/cmd/odist/pax/src/lib/libx/string/chresc.c
v10/usr/src/cmd/odist/pax/src/lib/libx/string/ctoi.c
v10/usr/src/cmd/odist/pax/src/lib/libx/string/fmtelapsed.c
v10/usr/src/cmd/odist/pax/src/lib/libx/string/fmtgid.c
v10/usr/src/cmd/odist/pax/src/lib/libx/string/fmtls.c
v10/usr/src/cmd/odist/pax/src/lib/libx/string/fmtmode.c
v10/usr/src/cmd/odist/pax/src/lib/libx/string/fmtperm.c
v10/usr/src/cmd/odist/pax/src/lib/libx/string/fmtuid.c
v10/usr/src/cmd/odist/pax/src/lib/libx/string/gethalf.c
v10/usr/src/cmd/odist/pax/src/lib/libx/string/getlong.c
v10/usr/src/cmd/odist/pax/src/lib/libx/string/memdup.c
v10/usr/src/cmd/odist/pax/src/lib/libx/string/memswap.c
v10/usr/src/cmd/odist/pax/src/lib/libx/string/modedata.c
v10/usr/src/cmd/odist/pax/src/lib/libx/string/modelib.h
v10/usr/src/cmd/odist/pax/src/lib/libx/string/puthalf.c
v10/usr/src/cmd/odist/pax/src/lib/libx/string/putlong.c
v10/usr/src/cmd/odist/pax/src/lib/libx/string/strcopy.c
v10/usr/src/cmd/odist/pax/src/lib/libx/string/strdup.c
v10/usr/src/cmd/odist/pax/src/lib/libx/string/strelapsed.c
v10/usr/src/cmd/odist/pax/src/lib/libx/string/strerror.c
v10/usr/src/cmd/odist/pax/src/lib/libx/string/stresc.c
v10/usr/src/cmd/odist/pax/src/lib/libx/string/streval.c
v10/usr/src/cmd/odist/pax/src/lib/libx/string/strgid.c
v10/usr/src/cmd/odist/pax/src/lib/libx/string/strmatch.c
v10/usr/src/cmd/odist/pax/src/lib/libx/string/strmode.c
v10/usr/src/cmd/odist/pax/src/lib/libx/string/stropt.c
v10/usr/src/cmd/odist/pax/src/lib/libx/string/strperm.c
v10/usr/src/cmd/odist/pax/src/lib/libx/string/strsignal.c
v10/usr/src/cmd/odist/pax/src/lib/libx/string/strtape.c
v10/usr/src/cmd/odist/pax/src/lib/libx/string/strton.c
v10/usr/src/cmd/odist/pax/src/lib/libx/string/struid.c
v10/usr/src/cmd/odist/pax/src/lib/libx/string/tok.c
v10/usr/src/cmd/odist/pax/src/lib/libx/tm/tmdata.c
v10/usr/src/cmd/odist/pax/src/lib/libx/tm/tmdate.c
v10/usr/src/cmd/odist/pax/src/lib/libx/tm/tmfix.c
v10/usr/src/cmd/odist/pax/src/lib/libx/tm/tmform.c
v10/usr/src/cmd/odist/pax/src/lib/libx/tm/tmgoff.c
v10/usr/src/cmd/odist/pax/src/lib/libx/tm/tminit.c
v10/usr/src/cmd/odist/pax/src/lib/libx/tm/tmleap.c
v10/usr/src/cmd/odist/pax/src/lib/libx/tm/tmlex.c
v10/usr/src/cmd/odist/pax/src/lib/libx/tm/tmmake.c
v10/usr/src/cmd/odist/pax/src/lib/libx/tm/tmpoff.c
v10/usr/src/cmd/odist/pax/src/lib/libx/tm/tmtime.c
v10/usr/src/cmd/odist/pax/src/lib/libx/tm/tmtype.c
v10/usr/src/cmd/odist/pax/src/lib/libx/tm/tmword.c
v10/usr/src/cmd/odist/pax/src/lib/libx/tm/tmzone.c
v10/usr/src/cmd/odist/pax/src/lib/libx/vec/vecargs.c
v10/usr/src/cmd/odist/pax/src/lib/libx/vec/vecfile.c
v10/usr/src/cmd/odist/pax/src/lib/libx/vec/vecfree.c
v10/usr/src/cmd/odist/pax/src/lib/libx/vec/vecload.c
v10/usr/src/cmd/odist/pax/src/lib/libx/vec/vecstring.c
v10/usr/src/cmd/odist/sysv/canon.c
v10/usr/src/cmd/odist/sysv/canonmain.c
v10/usr/src/cmd/odist/sysv/connect.c
v10/usr/src/cmd/odist/sysv/dispatch.c
v10/usr/src/cmd/odist/sysv/lcreat.c
v10/usr/src/cmd/odist/sysv/libv.h
v10/usr/src/cmd/odist/sysv/mkfile
