v10/usr/src/cmd/odist/tar/ftwlk.c
v10/usr/src/cmd/odist/tar/ftwlk.h
v10/usr/src/cmd/odist/tar/id.c
v10/usr/src/cmd/odist/tar/misc.h
v10/usr/src/cmd/odist/tar/mkfile
v10/usr/src/cmd/odist/tar/sub.c
v10/usr/src/cmd/odist/tar/tar.h
v10/usr/src/cmd/odist/tar/tarc.c
v10/usr/src/cmd/odist/tar/tarf.c
v10/usr/src/cmd/odist/tar/tarhdr.c
v10/usr/src/cmd/odist/tar/tarx.c
v10/usr/src/cmd/odist/tar/util.c
v10/usr/src/cmd/odist/v10/canon.c
v10/usr/src/cmd/odist/v10/canonmain.c
v10/usr/src/cmd/odist/v10/connect.c
v10/usr/src/cmd/odist/v10/dispatch.c
v10/usr/src/cmd/odist/v10/hostname
v10/usr/src/cmd/odist/v10/hostname.sh
v10/usr/src/cmd/odist/v10/lcreat.c
v10/usr/src/cmd/odist/v10/mkfile
v10/usr/src/cmd/oops/makefile
v10/usr/src/cmd/oops/mkfile
v10/usr/src/cmd/oops/oops.c
v10/usr/src/cmd/ops/Makefile
v10/usr/src/cmd/ops/doselect.c
v10/usr/src/cmd/ops/fdprint.c
v10/usr/src/cmd/ops/getargs.c
v10/usr/src/cmd/ops/getfs.c
v10/usr/src/cmd/ops/gettty.c
v10/usr/src/cmd/ops/getuname.c
v10/usr/src/cmd/ops/mkfile
v10/usr/src/cmd/ops/nalloc.c
v10/usr/src/cmd/ops/printp.c
v10/usr/src/cmd/ops/ps.c
v10/usr/src/cmd/ops/ps.h
v10/usr/src/cmd/ops/sort.c
v10/usr/src/cmd/p/makefile
v10/usr/src/cmd/p/mkfile
v10/usr/src/cmd/p/p.c
v10/usr/src/cmd/p/pad.c
v10/usr/src/cmd/p/pad.h
v10/usr/src/cmd/p/spname.c
v10/usr/src/cmd/pack/Makefile
v10/usr/src/cmd/pack/mkfile
v10/usr/src/cmd/pack/pack.c
v10/usr/src/cmd/pack/unpack.c
v10/usr/src/cmd/paper/Makefile
v10/usr/src/cmd/paper/mkfile
v10/usr/src/cmd/paper/paper
v10/usr/src/cmd/paper/paper.sh
v10/usr/src/cmd/paper/print2621.c
v10/usr/src/cmd/pascal/Makefile
v10/usr/src/cmd/pascal/m.1
v10/usr/src/cmd/pascal/m.2
v10/usr/src/cmd/pascal/mkfile
v10/usr/src/cmd/pascal/pascal.sh
v10/usr/src/cmd/pascal/eyacc/READ_ME
v10/usr/src/cmd/pascal/eyacc/ey.h
v10/usr/src/cmd/pascal/eyacc/ey0.c
v10/usr/src/cmd/pascal/eyacc/ey1.c
v10/usr/src/cmd/pascal/eyacc/ey2.c
v10/usr/src/cmd/pascal/eyacc/ey3.c
v10/usr/src/cmd/pascal/eyacc/ey4.c
v10/usr/src/cmd/pascal/eyacc/ey5.c
v10/usr/src/cmd/pascal/eyacc/makefile
v10/usr/src/cmd/pascal/eyacc/mkfile
v10/usr/src/cmd/pascal/libpc/ACTFILE.c
v10/usr/src/cmd/pascal/libpc/ADDT.c
v10/usr/src/cmd/pascal/libpc/APPEND.c
v10/usr/src/cmd/pascal/libpc/ARGV.c
v10/usr/src/cmd/pascal/libpc/ASRT.c
v10/usr/src/cmd/pascal/libpc/BUFF.c
v10/usr/src/cmd/pascal/libpc/CARD.c
v10/usr/src/cmd/pascal/libpc/CHR.c
v10/usr/src/cmd/pascal/libpc/CLCK.c
v10/usr/src/cmd/pascal/libpc/CTTOT.c
v10/usr/src/cmd/pascal/libpc/DATE.c
v10/usr/src/cmd/pascal/libpc/DEFNAME.c
v10/usr/src/cmd/pascal/libpc/DISPOSE.c
v10/usr/src/cmd/pascal/libpc/ERROR.c
v10/usr/src/cmd/pascal/libpc/EXPO.c
v10/usr/src/cmd/pascal/libpc/FCALL.c
v10/usr/src/cmd/pascal/libpc/FLUSH.c
v10/usr/src/cmd/pascal/libpc/FNIL.c
v10/usr/src/cmd/pascal/libpc/FRTN.c
v10/usr/src/cmd/pascal/libpc/FSAV.c
v10/usr/src/cmd/pascal/libpc/GET.c
v10/usr/src/cmd/pascal/libpc/GETNAME.c
v10/usr/src/cmd/pascal/libpc/GOTO.s
v10/usr/src/cmd/pascal/libpc/HALT.c
v10/usr/src/cmd/pascal/libpc/IN.c
v10/usr/src/cmd/pascal/libpc/INCT.c
v10/usr/src/cmd/pascal/libpc/IOSYNC.c
v10/usr/src/cmd/pascal/libpc/LINO.c
v10/usr/src/cmd/pascal/libpc/LLIMIT.c
v10/usr/src/cmd/pascal/libpc/LN.c
v10/usr/src/cmd/pascal/libpc/MAX.c
v10/usr/src/cmd/pascal/libpc/MULT.c
v10/usr/src/cmd/pascal/libpc/NAM.c
v10/usr/src/cmd/pascal/libpc/NEW.c
v10/usr/src/cmd/pascal/libpc/NEWZ.c
v10/usr/src/cmd/pascal/libpc/NIL.c
v10/usr/src/cmd/pascal/libpc/PACK.c
v10/usr/src/cmd/pascal/libpc/PAGE.c
v10/usr/src/cmd/pascal/libpc/PCEXIT.c
v10/usr/src/cmd/pascal/libpc/PCLOSE.c
v10/usr/src/cmd/pascal/libpc/PCSTART.c
v10/usr/src/cmd/pascal/libpc/PERROR.c
v10/usr/src/cmd/pascal/libpc/PFLUSH.c
v10/usr/src/cmd/pascal/libpc/PMFLUSH.c
v10/usr/src/cmd/pascal/libpc/PRED.c
v10/usr/src/cmd/pascal/libpc/PUT.c
v10/usr/src/cmd/pascal/libpc/RAND.s
v10/usr/src/cmd/pascal/libpc/RANDOM.c
v10/usr/src/cmd/pascal/libpc/RANG4.c
v10/usr/src/cmd/pascal/libpc/READ4.c
v10/usr/src/cmd/pascal/libpc/READ8.c
v10/usr/src/cmd/pascal/libpc/READC.c
v10/usr/src/cmd/pascal/libpc/READE.c
v10/usr/src/cmd/pascal/libpc/READLN.c
v10/usr/src/cmd/pascal/libpc/RELEQ.c
v10/usr/src/cmd/pascal/libpc/RELNE.c
v10/usr/src/cmd/pascal/libpc/RELSGE.c
v10/usr/src/cmd/pascal/libpc/RELSGT.c
v10/usr/src/cmd/pascal/libpc/RELSLE.c
v10/usr/src/cmd/pascal/libpc/RELSLT.c
v10/usr/src/cmd/pascal/libpc/RELTGE.c
v10/usr/src/cmd/pascal/libpc/RELTGT.c
v10/usr/src/cmd/pascal/libpc/RELTLE.c
v10/usr/src/cmd/pascal/libpc/RELTLT.c
v10/usr/src/cmd/pascal/libpc/REMOVE.c
v10/usr/src/cmd/pascal/libpc/RESET.c
v10/usr/src/cmd/pascal/libpc/REWRITE.c
v10/usr/src/cmd/pascal/libpc/ROUND.c
v10/usr/src/cmd/pascal/libpc/RSNG4.c
v10/usr/src/cmd/pascal/libpc/SCLCK.c
v10/usr/src/cmd/pascal/libpc/SEED.c
v10/usr/src/cmd/pascal/libpc/SEEK.c
v10/usr/src/cmd/pascal/libpc/SETRACE.s
v10/usr/src/cmd/pascal/libpc/SQRT.c
v10/usr/src/cmd/pascal/libpc/STLIM.c
v10/usr/src/cmd/pascal/libpc/SUBSC.c
v10/usr/src/cmd/pascal/libpc/SUBSCZ.c
v10/usr/src/cmd/pascal/libpc/SUBT.c
v10/usr/src/cmd/pascal/libpc/SUCC.c
v10/usr/src/cmd/pascal/libpc/TELL.c
v10/usr/src/cmd/pascal/libpc/TEOF.c
v10/usr/src/cmd/pascal/libpc/TEOLN.c
v10/usr/src/cmd/pascal/libpc/TIME.c
v10/usr/src/cmd/pascal/libpc/TRUNC.c
v10/usr/src/cmd/pascal/libpc/UNIT.c
v10/usr/src/cmd/pascal/libpc/UNPACK.c
v10/usr/src/cmd/pascal/libpc/UNSYNC.c
v10/usr/src/cmd/pascal/libpc/UNWIND.c
v10/usr/src/cmd/pascal/libpc/WRITEC.c
v10/usr/src/cmd/pascal/libpc/WRITEF.c
v10/usr/src/cmd/pascal/libpc/WRITES.c
v10/usr/src/cmd/pascal/libpc/WRITLN.c
v10/usr/src/cmd/pascal/libpc/blkclr.c
v10/usr/src/cmd/pascal/libpc/blkcpy.c
v10/usr/src/cmd/pascal/libpc/h00vars.h
v10/usr/src/cmd/pascal/libpc/libpc.h
v10/usr/src/cmd/pascal/libpc/makefile
v10/usr/src/cmd/pascal/libpc/mkfile
v10/usr/src/cmd/pascal/libpc/unixio.h
v10/usr/src/cmd/pascal/libpc/unixio.i
v10/usr/src/cmd/pascal/libpc/whoami.h
