v10/usr/src/cmd/pascal/pc0/0.h
v10/usr/src/cmd/pascal/pc0/OPnames.h
v10/usr/src/cmd/pascal/pc0/SAVy.tab.c
v10/usr/src/cmd/pascal/pc0/TRdata.c
v10/usr/src/cmd/pascal/pc0/align.h
v10/usr/src/cmd/pascal/pc0/ato.c
v10/usr/src/cmd/pascal/pc0/call.c
v10/usr/src/cmd/pascal/pc0/case.c
v10/usr/src/cmd/pascal/pc0/clas.c
v10/usr/src/cmd/pascal/pc0/const.c
v10/usr/src/cmd/pascal/pc0/conv.c
v10/usr/src/cmd/pascal/pc0/cset.c
v10/usr/src/cmd/pascal/pc0/error.c
v10/usr/src/cmd/pascal/pc0/errs
v10/usr/src/cmd/pascal/pc0/fdec.c
v10/usr/src/cmd/pascal/pc0/fend.c
v10/usr/src/cmd/pascal/pc0/fhdr.c
v10/usr/src/cmd/pascal/pc0/flvalue.c
v10/usr/src/cmd/pascal/pc0/forop.c
v10/usr/src/cmd/pascal/pc0/func.c
v10/usr/src/cmd/pascal/pc0/gen.c
v10/usr/src/cmd/pascal/pc0/gram
v10/usr/src/cmd/pascal/pc0/hash.c
v10/usr/src/cmd/pascal/pc0/iorec.h
v10/usr/src/cmd/pascal/pc0/lab.c
v10/usr/src/cmd/pascal/pc0/lookup.c
v10/usr/src/cmd/pascal/pc0/lval.c
v10/usr/src/cmd/pascal/pc0/main.c
v10/usr/src/cmd/pascal/pc0/makefile
v10/usr/src/cmd/pascal/pc0/mkfile
v10/usr/src/cmd/pascal/pc0/nl.c
v10/usr/src/cmd/pascal/pc0/objfmt.h
v10/usr/src/cmd/pascal/pc0/opc.c
v10/usr/src/cmd/pascal/pc0/opcode.h
v10/usr/src/cmd/pascal/pc0/p2put.c
v10/usr/src/cmd/pascal/pc0/pTree.h
v10/usr/src/cmd/pascal/pc0/pas.y
v10/usr/src/cmd/pascal/pc0/pc.h
v10/usr/src/cmd/pascal/pc0/pccaseop.c
v10/usr/src/cmd/pascal/pc0/pcfunc.c
v10/usr/src/cmd/pascal/pc0/pclval.c
v10/usr/src/cmd/pascal/pc0/pcops.h
v10/usr/src/cmd/pascal/pc0/pcproc.c
v10/usr/src/cmd/pascal/pc0/pcwhoami.h
v10/usr/src/cmd/pascal/pc0/pic.c
v10/usr/src/cmd/pascal/pc0/piwhoami.h
v10/usr/src/cmd/pascal/pc0/poot
v10/usr/src/cmd/pascal/pc0/proc.c
v10/usr/src/cmd/pascal/pc0/pstab.h
v10/usr/src/cmd/pascal/pc0/put.c
v10/usr/src/cmd/pascal/pc0/putn.c
v10/usr/src/cmd/pascal/pc0/rec.c
