v10/usr/src/cmd/pascal/pc0/rval.c
v10/usr/src/cmd/pascal/pc0/send.h
v10/usr/src/cmd/pascal/pc0/stab.c
v10/usr/src/cmd/pascal/pc0/stat.c
v10/usr/src/cmd/pascal/pc0/stklval.c
v10/usr/src/cmd/pascal/pc0/stkrval.c
v10/usr/src/cmd/pascal/pc0/string.c
v10/usr/src/cmd/pascal/pc0/subr.c
v10/usr/src/cmd/pascal/pc0/tmps.c
v10/usr/src/cmd/pascal/pc0/tree.c
v10/usr/src/cmd/pascal/pc0/tree.h
v10/usr/src/cmd/pascal/pc0/treen.c
v10/usr/src/cmd/pascal/pc0/type.c
v10/usr/src/cmd/pascal/pc0/var.c
v10/usr/src/cmd/pascal/pc0/version.c
v10/usr/src/cmd/pascal/pc0/whoami.h
v10/usr/src/cmd/pascal/pc0/y.tab.c
v10/usr/src/cmd/pascal/pc0/y.tab.h
v10/usr/src/cmd/pascal/pc0/yy.h
v10/usr/src/cmd/pascal/pc0/yycopy.c
v10/usr/src/cmd/pascal/pc0/yycosts.c
v10/usr/src/cmd/pascal/pc0/yyerror.c
v10/usr/src/cmd/pascal/pc0/yyget.c
v10/usr/src/cmd/pascal/pc0/yyid.c
v10/usr/src/cmd/pascal/pc0/yylex.c
v10/usr/src/cmd/pascal/pc0/yymain.c
v10/usr/src/cmd/pascal/pc0/yyoptions.c
v10/usr/src/cmd/pascal/pc0/yypanic.c
v10/usr/src/cmd/pascal/pc0/yyparse.c
v10/usr/src/cmd/pascal/pc0/yyprint.c
v10/usr/src/cmd/pascal/pc0/yyput.c
v10/usr/src/cmd/pascal/pc0/yyrecover.c
v10/usr/src/cmd/pascal/pc0/yyseman.c
v10/usr/src/cmd/pascal/pc0/yytree.c
