v10/usr/src/cmd/pascal/pi/0.h
v10/usr/src/cmd/pascal/pi/0.ho
v10/usr/src/cmd/pascal/pi/OPnames.h
v10/usr/src/cmd/pascal/pi/TRdata.c
v10/usr/src/cmd/pascal/pi/align.h
v10/usr/src/cmd/pascal/pi/ato.c
v10/usr/src/cmd/pascal/pi/call.c
v10/usr/src/cmd/pascal/pi/call.co
v10/usr/src/cmd/pascal/pi/case.c
v10/usr/src/cmd/pascal/pi/clas.c
v10/usr/src/cmd/pascal/pi/const.c
v10/usr/src/cmd/pascal/pi/conv.c
v10/usr/src/cmd/pascal/pi/cset.c
v10/usr/src/cmd/pascal/pi/error.c
v10/usr/src/cmd/pascal/pi/fdec.c
v10/usr/src/cmd/pascal/pi/fend.c
v10/usr/src/cmd/pascal/pi/fhdr.c
v10/usr/src/cmd/pascal/pi/flvalue.c
v10/usr/src/cmd/pascal/pi/forop.c
v10/usr/src/cmd/pascal/pi/func.c
v10/usr/src/cmd/pascal/pi/gen.c
v10/usr/src/cmd/pascal/pi/gram
v10/usr/src/cmd/pascal/pi/hash.c
v10/usr/src/cmd/pascal/pi/iorec.h
v10/usr/src/cmd/pascal/pi/lab.c
v10/usr/src/cmd/pascal/pi/lookup.c
v10/usr/src/cmd/pascal/pi/lval.c
v10/usr/src/cmd/pascal/pi/m.1
v10/usr/src/cmd/pascal/pi/m.2
v10/usr/src/cmd/pascal/pi/main.c
v10/usr/src/cmd/pascal/pi/makefile
v10/usr/src/cmd/pascal/pi/mkfile
v10/usr/src/cmd/pascal/pi/nl.c
v10/usr/src/cmd/pascal/pi/objfmt.h
v10/usr/src/cmd/pascal/pi/opc.c
v10/usr/src/cmd/pascal/pi/opcode.h
v10/usr/src/cmd/pascal/pi/out.k
v10/usr/src/cmd/pascal/pi/p2put.c
v10/usr/src/cmd/pascal/pi/pTree.h
v10/usr/src/cmd/pascal/pi/pas.y
v10/usr/src/cmd/pascal/pi/pc.h
v10/usr/src/cmd/pascal/pi/pccaseop.c
v10/usr/src/cmd/pascal/pi/pcfunc.c
v10/usr/src/cmd/pascal/pi/pclval.c
v10/usr/src/cmd/pascal/pi/pcops.h
