v10/usr/src/cmd/pascal/pi/pcproc.c
v10/usr/src/cmd/pascal/pi/pcwhoami.h
v10/usr/src/cmd/pascal/pi/pic.c
v10/usr/src/cmd/pascal/pi/piwhoami.h
v10/usr/src/cmd/pascal/pi/proc.c
v10/usr/src/cmd/pascal/pi/pstab.h
v10/usr/src/cmd/pascal/pi/put.c
v10/usr/src/cmd/pascal/pi/putn.c
v10/usr/src/cmd/pascal/pi/rec.c
v10/usr/src/cmd/pascal/pi/rval.c
v10/usr/src/cmd/pascal/pi/send.h
v10/usr/src/cmd/pascal/pi/stab.c
v10/usr/src/cmd/pascal/pi/stat.c
v10/usr/src/cmd/pascal/pi/stklval.c
v10/usr/src/cmd/pascal/pi/stkrval.c
v10/usr/src/cmd/pascal/pi/string.c
v10/usr/src/cmd/pascal/pi/subr.c
v10/usr/src/cmd/pascal/pi/tmps.c
v10/usr/src/cmd/pascal/pi/tree.c
v10/usr/src/cmd/pascal/pi/tree.h
v10/usr/src/cmd/pascal/pi/treen.c
v10/usr/src/cmd/pascal/pi/try.sh
v10/usr/src/cmd/pascal/pi/type.c
v10/usr/src/cmd/pascal/pi/var.c
v10/usr/src/cmd/pascal/pi/version.c
v10/usr/src/cmd/pascal/pi/whoami.h
v10/usr/src/cmd/pascal/pi/yy.h
v10/usr/src/cmd/pascal/pi/yycopy.c
v10/usr/src/cmd/pascal/pi/yycosts.c
v10/usr/src/cmd/pascal/pi/yyerror.c
v10/usr/src/cmd/pascal/pi/yyget.c
v10/usr/src/cmd/pascal/pi/yyid.c
v10/usr/src/cmd/pascal/pi/yylex.c
v10/usr/src/cmd/pascal/pi/yymain.c
v10/usr/src/cmd/pascal/pi/yyoptions.c
v10/usr/src/cmd/pascal/pi/yypanic.c
v10/usr/src/cmd/pascal/pi/yyparse.c
v10/usr/src/cmd/pascal/pi/yyprint.c
v10/usr/src/cmd/pascal/pi/yyput.c
v10/usr/src/cmd/pascal/pi/yyrecover.c
v10/usr/src/cmd/pascal/pi/yyseman.c
v10/usr/src/cmd/pascal/pi/yytree.c
