v10/usr/src/cmd/pascal/pascal/OPnames.h
v10/usr/src/cmd/pascal/pascal/how_pc
v10/usr/src/cmd/pascal/pascal/how_pi
v10/usr/src/cmd/pascal/pascal/how_pix
v10/usr/src/cmd/pascal/pascal/how_pxp
v10/usr/src/cmd/pascal/pascal/install.sh
v10/usr/src/cmd/pascal/pascal/makefile
v10/usr/src/cmd/pascal/pascal/mkfile
v10/usr/src/cmd/pascal/pascal/objfmt.h
v10/usr/src/cmd/pascal/pascal/opc.c
v10/usr/src/cmd/pascal/pascal/opx_header.c
v10/usr/src/cmd/pascal/pascal/pc.c
v10/usr/src/cmd/pascal/pascal/pc.h
v10/usr/src/cmd/pascal/pascal/pc2.c
v10/usr/src/cmd/pascal/pascal/pc3.c
v10/usr/src/cmd/pascal/pascal/pc3.h
v10/usr/src/cmd/pascal/pascal/pix.c
v10/usr/src/cmd/pascal/pascal/pmerge.c
v10/usr/src/cmd/pascal/pascal/pstab.h
v10/usr/src/cmd/pascal/pascal/px_header.c
v10/usr/src/cmd/pascal/pascal/pxref.p
v10/usr/src/cmd/pascal/pascal/whoami.h
v10/usr/src/cmd/pascal/px/READ_ME
v10/usr/src/cmd/pascal/px/clean.sed
v10/usr/src/cmd/pascal/px/except.c
v10/usr/src/cmd/pascal/px/h01errs.h
v10/usr/src/cmd/pascal/px/int.c
v10/usr/src/cmd/pascal/px/interp.c
v10/usr/src/cmd/pascal/px/interp.sed
v10/usr/src/cmd/pascal/px/machdep.h
v10/usr/src/cmd/pascal/px/make.ed1
v10/usr/src/cmd/pascal/px/makefile
v10/usr/src/cmd/pascal/px/mkfile
v10/usr/src/cmd/pascal/px/panics
v10/usr/src/cmd/pascal/px/utilities.c
v10/usr/src/cmd/pascal/px/vars.h
v10/usr/src/cmd/pascal/px/version.c
v10/usr/src/cmd/pascal/px/whoami.h
v10/usr/src/cmd/pascal/pxp/0.h
v10/usr/src/cmd/pascal/pxp/READ_ME
v10/usr/src/cmd/pascal/pxp/TRdata.c
v10/usr/src/cmd/pascal/pxp/Version.c
v10/usr/src/cmd/pascal/pxp/call.c
v10/usr/src/cmd/pascal/pxp/case.c
v10/usr/src/cmd/pascal/pxp/const.c
v10/usr/src/cmd/pascal/pxp/cset.c
v10/usr/src/cmd/pascal/pxp/doprnt.c
v10/usr/src/cmd/pascal/pxp/error.c
v10/usr/src/cmd/pascal/pxp/fdec.c
v10/usr/src/cmd/pascal/pxp/func.c
v10/usr/src/cmd/pascal/pxp/gram
v10/usr/src/cmd/pascal/pxp/hash.c
v10/usr/src/cmd/pascal/pxp/lab.c
v10/usr/src/cmd/pascal/pxp/lval.c
v10/usr/src/cmd/pascal/pxp/main.c
v10/usr/src/cmd/pascal/pxp/make.out
v10/usr/src/cmd/pascal/pxp/makefile
v10/usr/src/cmd/pascal/pxp/mkfile
v10/usr/src/cmd/pascal/pxp/nl.c
v10/usr/src/cmd/pascal/pxp/opcode.h
v10/usr/src/cmd/pascal/pxp/oy.tab.c
v10/usr/src/cmd/pascal/pxp/pas.y
v10/usr/src/cmd/pascal/pxp/pmon.c
v10/usr/src/cmd/pascal/pxp/pp.c
v10/usr/src/cmd/pascal/pxp/printf.c
v10/usr/src/cmd/pascal/pxp/proc.c
v10/usr/src/cmd/pascal/pxp/rec.c
v10/usr/src/cmd/pascal/pxp/rval.c
v10/usr/src/cmd/pascal/pxp/stat.c
v10/usr/src/cmd/pascal/pxp/string.c
v10/usr/src/cmd/pascal/pxp/subr.c
v10/usr/src/cmd/pascal/pxp/tree.c
v10/usr/src/cmd/pascal/pxp/tree.h
v10/usr/src/cmd/pascal/pxp/treen.c
v10/usr/src/cmd/pascal/pxp/treen.s
v10/usr/src/cmd/pascal/pxp/type.c
v10/usr/src/cmd/pascal/pxp/var.c
v10/usr/src/cmd/pascal/pxp/whoami
v10/usr/src/cmd/pascal/pxp/y.tab.c
v10/usr/src/cmd/pascal/pxp/y.tab.h
v10/usr/src/cmd/pascal/pxp/yy.h
v10/usr/src/cmd/pascal/pxp/yycomm.c
v10/usr/src/cmd/pascal/pxp/yycopy.c
v10/usr/src/cmd/pascal/pxp/yycosts.c
v10/usr/src/cmd/pascal/pxp/yyerror.c
v10/usr/src/cmd/pascal/pxp/yyget.c
v10/usr/src/cmd/pascal/pxp/yyid.c
v10/usr/src/cmd/pascal/pxp/yylex.c
v10/usr/src/cmd/pascal/pxp/yymain.c
v10/usr/src/cmd/pascal/pxp/yypanic.c
v10/usr/src/cmd/pascal/pxp/yyparse.c
v10/usr/src/cmd/pascal/pxp/yyprint.c
v10/usr/src/cmd/pascal/pxp/yyput.c
v10/usr/src/cmd/pascal/pxp/yyrecover.c
v10/usr/src/cmd/pascal/pxp/yyseman.c
v10/usr/src/cmd/pascal/pxp/yytree.c
