v10/usr/src/cmd/pcc1/mip/INDEX
v10/usr/src/cmd/pcc1/mip/allo.c
v10/usr/src/cmd/pcc1/mip/cgram.c
v10/usr/src/cmd/pcc1/mip/cgram.y
v10/usr/src/cmd/pcc1/mip/comm1.c
v10/usr/src/cmd/pcc1/mip/comm2.c
v10/usr/src/cmd/pcc1/mip/common
v10/usr/src/cmd/pcc1/mip/convert
v10/usr/src/cmd/pcc1/mip/fallo.c
v10/usr/src/cmd/pcc1/mip/fcomm2.c
v10/usr/src/cmd/pcc1/mip/fconvert
v10/usr/src/cmd/pcc1/mip/flocal2.c
v10/usr/src/cmd/pcc1/mip/fmatch.c
v10/usr/src/cmd/pcc1/mip/forder.c
v10/usr/src/cmd/pcc1/mip/fort.c
v10/usr/src/cmd/pcc1/mip/freader.c
v10/usr/src/cmd/pcc1/mip/ftable.c
v10/usr/src/cmd/pcc1/mip/junk.c
v10/usr/src/cmd/pcc1/mip/manifest
v10/usr/src/cmd/pcc1/mip/match.c
v10/usr/src/cmd/pcc1/mip/mfile1
v10/usr/src/cmd/pcc1/mip/mfile2
v10/usr/src/cmd/pcc1/mip/optim.c
v10/usr/src/cmd/pcc1/mip/oscan.c
v10/usr/src/cmd/pcc1/mip/pftn.c
v10/usr/src/cmd/pcc1/mip/reader.c
v10/usr/src/cmd/pcc1/mip/scan.c
v10/usr/src/cmd/pcc1/mip/trees.c
v10/usr/src/cmd/pcc1/mip/x.c
v10/usr/src/cmd/pcc1/mip/xdefs.c
