v10/usr/src/cmd/pfort/ARDECL.f
v10/usr/src/cmd/pfort/ASLEV.f
v10/usr/src/cmd/pfort/ASSASF.f
v10/usr/src/cmd/pfort/ASSIGN.f
v10/usr/src/cmd/pfort/BLOCKDATA0.f
v10/usr/src/cmd/pfort/BLOCKDATA1.f
v10/usr/src/cmd/pfort/BLOCKDATA2.f
v10/usr/src/cmd/pfort/BLOCKDATA3.f
v10/usr/src/cmd/pfort/CALLS.f
v10/usr/src/cmd/pfort/CHECKS.f
v10/usr/src/cmd/pfort/CHK1.f
v10/usr/src/cmd/pfort/CHK2.f
v10/usr/src/cmd/pfort/CHK3.f
v10/usr/src/cmd/pfort/CHKALL.f
v10/usr/src/cmd/pfort/COMCHK.f
v10/usr/src/cmd/pfort/COMMON.f
v10/usr/src/cmd/pfort/COMPAR.f
v10/usr/src/cmd/pfort/COMPIL.f
v10/usr/src/cmd/pfort/CONSTR.f
v10/usr/src/cmd/pfort/DATA.f
v10/usr/src/cmd/pfort/DIMENS.f
v10/usr/src/cmd/pfort/DOCHK.f
v10/usr/src/cmd/pfort/DOSPEC.f
v10/usr/src/cmd/pfort/DOSTMT.f
v10/usr/src/cmd/pfort/DOVAR.f
v10/usr/src/cmd/pfort/END.f
v10/usr/src/cmd/pfort/EQUIV.f
v10/usr/src/cmd/pfort/ERROR1.f
v10/usr/src/cmd/pfort/ERROR2.f
v10/usr/src/cmd/pfort/EXCH.f
v10/usr/src/cmd/pfort/EXPR.f
v10/usr/src/cmd/pfort/EXTERN.f
v10/usr/src/cmd/pfort/FIND.f
v10/usr/src/cmd/pfort/FINDCM.f
v10/usr/src/cmd/pfort/FINDND.f
v10/usr/src/cmd/pfort/FIXLAB.f
v10/usr/src/cmd/pfort/FORMAT.f
v10/usr/src/cmd/pfort/GETTOK.f
v10/usr/src/cmd/pfort/GOTO.f
v10/usr/src/cmd/pfort/ID.f
v10/usr/src/cmd/pfort/IDLIST.f
v10/usr/src/cmd/pfort/IFS.f
v10/usr/src/cmd/pfort/IGATT1.f
v10/usr/src/cmd/pfort/IGATT2.f
v10/usr/src/cmd/pfort/IN.f
v10/usr/src/cmd/pfort/INOPT.f
v10/usr/src/cmd/pfort/INREF.f
v10/usr/src/cmd/pfort/INSTMT.f
v10/usr/src/cmd/pfort/INSYM.f
v10/usr/src/cmd/pfort/INTEXT.f
v10/usr/src/cmd/pfort/INVOKE.f
v10/usr/src/cmd/pfort/IO.f
v10/usr/src/cmd/pfort/LDOVAR.f
v10/usr/src/cmd/pfort/LIST.f
v10/usr/src/cmd/pfort/LOOKUP.f
v10/usr/src/cmd/pfort/MAIN0.f
v10/usr/src/cmd/pfort/MAIN1.f
v10/usr/src/cmd/pfort/MAPCHR.f
v10/usr/src/cmd/pfort/MATCH.f
v10/usr/src/cmd/pfort/MKCOM.f
v10/usr/src/cmd/pfort/Makefile
v10/usr/src/cmd/pfort/NEXTOK.f
v10/usr/src/cmd/pfort/OUT2.f
v10/usr/src/cmd/pfort/OUT2A.f
v10/usr/src/cmd/pfort/OUT2C.f
v10/usr/src/cmd/pfort/OUTCOM.f
v10/usr/src/cmd/pfort/OUTLAT.f
v10/usr/src/cmd/pfort/OUTSYM.f
v10/usr/src/cmd/pfort/OVRLAY.f
v10/usr/src/cmd/pfort/POP.f
v10/usr/src/cmd/pfort/PROC.f
v10/usr/src/cmd/pfort/PU.f
v10/usr/src/cmd/pfort/RDLIST.f
v10/usr/src/cmd/pfort/RDSYM.f
v10/usr/src/cmd/pfort/RFLIST.f
v10/usr/src/cmd/pfort/SATT1.f
v10/usr/src/cmd/pfort/SATT2.f
v10/usr/src/cmd/pfort/SCAN.f
v10/usr/src/cmd/pfort/SEPAR.f
v10/usr/src/cmd/pfort/SETARG.f
v10/usr/src/cmd/pfort/SETASF.f
v10/usr/src/cmd/pfort/SETCOM.f
v10/usr/src/cmd/pfort/SETEXT.f
v10/usr/src/cmd/pfort/SETNAM.f
v10/usr/src/cmd/pfort/SETNOD.f
v10/usr/src/cmd/pfort/SETPD.f
v10/usr/src/cmd/pfort/SETREF.f
v10/usr/src/cmd/pfort/SORT.f
v10/usr/src/cmd/pfort/SSORT.f
v10/usr/src/cmd/pfort/SUBFCN.f
v10/usr/src/cmd/pfort/SUBS.f
v10/usr/src/cmd/pfort/TOKCOM.f
v10/usr/src/cmd/pfort/TOKLAB.f
v10/usr/src/cmd/pfort/TOKLOG.f
v10/usr/src/cmd/pfort/TOKLOP.f
v10/usr/src/cmd/pfort/TOKPNO.f
v10/usr/src/cmd/pfort/TOKRL.f
v10/usr/src/cmd/pfort/TYPE.f
v10/usr/src/cmd/pfort/TYPST.f
v10/usr/src/cmd/pfort/TYPST2.f
v10/usr/src/cmd/pfort/UNSAFE.f
v10/usr/src/cmd/pfort/beaoutt2
v10/usr/src/cmd/pfort/checkL
v10/usr/src/cmd/pfort/combine
v10/usr/src/cmd/pfort/lod
v10/usr/src/cmd/pfort/mkfile
v10/usr/src/cmd/pfort/mktst
v10/usr/src/cmd/pfort/out
v10/usr/src/cmd/pfort/outt
v10/usr/src/cmd/pfort/outt2
v10/usr/src/cmd/pfort/pack.f
v10/usr/src/cmd/pfort/pfortlst
v10/usr/src/cmd/pfort/pfortlstsh
