v10/usr/src/cmd/pcc1/pcc/:rofix
v10/usr/src/cmd/pcc1/pcc/:yyfix
v10/usr/src/cmd/pcc1/pcc/BITOOR.c
v10/usr/src/cmd/pcc1/pcc/INDEX
v10/usr/src/cmd/pcc1/pcc/UClocal2.c
v10/usr/src/cmd/pcc1/pcc/UCtable.c
v10/usr/src/cmd/pcc1/pcc/code.c
v10/usr/src/cmd/pcc1/pcc/fort.h
v10/usr/src/cmd/pcc1/pcc/local.c
v10/usr/src/cmd/pcc1/pcc/local2.c
v10/usr/src/cmd/pcc1/pcc/m.1
v10/usr/src/cmd/pcc1/pcc/m.2
v10/usr/src/cmd/pcc1/pcc/mac2defs
v10/usr/src/cmd/pcc1/pcc/macdefs
v10/usr/src/cmd/pcc1/pcc/makefile
v10/usr/src/cmd/pcc1/pcc/mkfile
v10/usr/src/cmd/pcc1/pcc/oUClocal2.c
v10/usr/src/cmd/pcc1/pcc/order.c
v10/usr/src/cmd/pcc1/pcc/pcc.diffs
v10/usr/src/cmd/pcc1/pcc/table.c
v10/usr/src/cmd/pcc1/pcc/VMS/README
v10/usr/src/cmd/pcc1/pcc/VMS/as.yh
v10/usr/src/cmd/pcc1/pcc/VMS/filter.c
v10/usr/src/cmd/pcc1/pcc/VMS/jeql.mar
v10/usr/src/cmd/pcc1/pcc/VMS/stdio.h
v10/usr/src/cmd/pic/FIXES
v10/usr/src/cmd/pic/PS-PEmacros
v10/usr/src/cmd/pic/README
v10/usr/src/cmd/pic/arcgen.c
v10/usr/src/cmd/pic/blockgen.c
v10/usr/src/cmd/pic/boxgen.c
v10/usr/src/cmd/pic/circgen.c
v10/usr/src/cmd/pic/for.c
v10/usr/src/cmd/pic/input.c
v10/usr/src/cmd/pic/linegen.c
v10/usr/src/cmd/pic/main.c
v10/usr/src/cmd/pic/makefile
v10/usr/src/cmd/pic/misc.c
v10/usr/src/cmd/pic/mkfile
v10/usr/src/cmd/pic/movegen.c
v10/usr/src/cmd/pic/pic.h
v10/usr/src/cmd/pic/picl.l
v10/usr/src/cmd/pic/picy.y
v10/usr/src/cmd/pic/pltroff.c
v10/usr/src/cmd/pic/print.c
v10/usr/src/cmd/pic/symtab.c
v10/usr/src/cmd/pic/textgen.c
v10/usr/src/cmd/pic/pictest/Compare
v10/usr/src/cmd/pic/pictest/ORDER
v10/usr/src/cmd/pic/pictest/pt.arc
v10/usr/src/cmd/pic/pictest/pt.arrow
v10/usr/src/cmd/pic/pictest/pt.ava
v10/usr/src/cmd/pic/pictest/pt.ava1
v10/usr/src/cmd/pic/pictest/pt.bigdef
v10/usr/src/cmd/pic/pictest/pt.blitbug
v10/usr/src/cmd/pic/pictest/pt.bsb
v10/usr/src/cmd/pic/pictest/pt.bugs
v10/usr/src/cmd/pic/pictest/pt.chop
v10/usr/src/cmd/pic/pictest/pt.copy
v10/usr/src/cmd/pic/pictest/pt.corner
v10/usr/src/cmd/pic/pictest/pt.edge
v10/usr/src/cmd/pic/pictest/pt.ellipse
v10/usr/src/cmd/pic/pictest/pt.fill
v10/usr/src/cmd/pic/pictest/pt.for
v10/usr/src/cmd/pic/pictest/pt.gray
v10/usr/src/cmd/pic/pictest/pt.hartwell
v10/usr/src/cmd/pic/pictest/pt.jap
v10/usr/src/cmd/pic/pictest/pt.karen
v10/usr/src/cmd/pic/pictest/pt.knuth
v10/usr/src/cmd/pic/pictest/pt.lasts
v10/usr/src/cmd/pic/pictest/pt.line
v10/usr/src/cmd/pic/pictest/pt.ljustbug
v10/usr/src/cmd/pic/pictest/pt.memo
v10/usr/src/cmd/pic/pictest/pt.napmap
v10/usr/src/cmd/pic/pictest/pt.parser
v10/usr/src/cmd/pic/pictest/pt.ravi
v10/usr/src/cmd/pic/pictest/pt.ravi.1
v10/usr/src/cmd/pic/pictest/pt.ravi.2
v10/usr/src/cmd/pic/pictest/pt.ravi.3
v10/usr/src/cmd/pic/pictest/pt.ravi.4
v10/usr/src/cmd/pic/pictest/pt.ravi.b1
v10/usr/src/cmd/pic/pictest/pt.ravi.b2
v10/usr/src/cmd/pic/pictest/pt.ravi.b4
v10/usr/src/cmd/pic/pictest/pt.ravi.b5
v10/usr/src/cmd/pic/pictest/pt.ravi.b6
v10/usr/src/cmd/pic/pictest/pt.ravi.fill
v10/usr/src/cmd/pic/pictest/pt.sally
v10/usr/src/cmd/pic/pictest/pt.spline
v10/usr/src/cmd/pic/pictest/pt.statediag
v10/usr/src/cmd/pic/pictest/pt.stereo
v10/usr/src/cmd/pic/pictest/pt.tbl
v10/usr/src/cmd/pic/pictest/pt.tree
v10/usr/src/cmd/pic/pictest/pt.usa
v10/usr/src/cmd/pic/pictest/pt.vap
v10/usr/src/cmd/pic/pictest/pt.with
v10/usr/src/cmd/pic/pictest/pt.woodall
