v10/usr/src/cmd/picasso/README
v10/usr/src/cmd/picasso/arcgen.c
v10/usr/src/cmd/picasso/attrs.c
v10/usr/src/cmd/picasso/blockgen.c
v10/usr/src/cmd/picasso/boxgen.c
v10/usr/src/cmd/picasso/circgen.c
v10/usr/src/cmd/picasso/dextern
v10/usr/src/cmd/picasso/dpost.c
v10/usr/src/cmd/picasso/files
v10/usr/src/cmd/picasso/font.c
v10/usr/src/cmd/picasso/font.h
v10/usr/src/cmd/picasso/fonts.c
v10/usr/src/cmd/picasso/fonts.ps
v10/usr/src/cmd/picasso/for.c
v10/usr/src/cmd/picasso/input.c
v10/usr/src/cmd/picasso/linegen.c
v10/usr/src/cmd/picasso/main.c
v10/usr/src/cmd/picasso/makefile
v10/usr/src/cmd/picasso/math.c
v10/usr/src/cmd/picasso/memory.h
v10/usr/src/cmd/picasso/misc.c
v10/usr/src/cmd/picasso/mkfile
v10/usr/src/cmd/picasso/movegen.c
v10/usr/src/cmd/picasso/o_x
v10/usr/src/cmd/picasso/o_y
v10/usr/src/cmd/picasso/objcopy.c
v10/usr/src/cmd/picasso/oldpic.mk
v10/usr/src/cmd/picasso/picasso.1
v10/usr/src/cmd/picasso/picasso.h
v10/usr/src/cmd/picasso/picasso.ps
v10/usr/src/cmd/picasso/picassol.l
v10/usr/src/cmd/picasso/picassoy.y
v10/usr/src/cmd/picasso/picgen.c
v10/usr/src/cmd/picasso/plps.c
v10/usr/src/cmd/picasso/prevy.tab.h
v10/usr/src/cmd/picasso/print.c
v10/usr/src/cmd/picasso/ps_include.c
v10/usr/src/cmd/picasso/ps_include.h
v10/usr/src/cmd/picasso/symtab.c
v10/usr/src/cmd/picasso/textgen.c
v10/usr/src/cmd/picasso/tmpfile.c
v10/usr/src/cmd/picasso/troffgen.c
v10/usr/src/cmd/picasso/xform.c
v10/usr/src/cmd/picasso/xstubs.c
v10/usr/src/cmd/picasso/y.tab.h
v10/usr/src/cmd/picasso/y1.c
v10/usr/src/cmd/picasso/y2.c
v10/usr/src/cmd/picasso/y3.c
v10/usr/src/cmd/picasso/y4.c
