v10/usr/src/cmd/pico/2bit.c
v10/usr/src/cmd/pico/3610op.h
v10/usr/src/cmd/pico/Makefile
v10/usr/src/cmd/pico/builtins.c
v10/usr/src/cmd/pico/files.c
v10/usr/src/cmd/pico/fsqrt.s
v10/usr/src/cmd/pico/gen.c
v10/usr/src/cmd/pico/lex.c
v10/usr/src/cmd/pico/loops.c
v10/usr/src/cmd/pico/main.c
v10/usr/src/cmd/pico/mkfile
v10/usr/src/cmd/pico/munge.c
v10/usr/src/cmd/pico/nodes.c
v10/usr/src/cmd/pico/opt.c
v10/usr/src/cmd/pico/other.c
v10/usr/src/cmd/pico/pfb.c
v10/usr/src/cmd/pico/pico.h
v10/usr/src/cmd/pico/pico2.h
v10/usr/src/cmd/pico/pmet.c
v10/usr/src/cmd/pico/psin.c
v10/usr/src/cmd/pico/ptan.c
v10/usr/src/cmd/pico/sym.c
v10/usr/src/cmd/pico/tobit.c
v10/usr/src/cmd/pico/udither.data
v10/usr/src/cmd/pico/windows.c
v10/usr/src/cmd/pico/x.tab.h
v10/usr/src/cmd/pico/x.y
v10/usr/src/cmd/pico/y.debug
v10/usr/src/cmd/pico/y.output
v10/usr/src/cmd/pico/y.tab.h
v10/usr/src/cmd/pico/framebuffers/damn.c
v10/usr/src/cmd/pico/framebuffers/mlib.c
v10/usr/src/cmd/pico/framebuffers/pmet0.c
v10/usr/src/cmd/pico/framebuffers/pmunge0.c
v10/usr/src/cmd/pico/framebuffers/pram.c
v10/usr/src/cmd/pico/framebuffers/pview.c
