v10/usr/src/cmd/plot/Makefile
v10/usr/src/cmd/plot/driver.c
v10/usr/src/cmd/plot/mkfile
v10/usr/src/cmd/plot/tr.out
v10/usr/src/cmd/plot/x
v10/usr/src/cmd/poly/Makefile
v10/usr/src/cmd/poly/mkfile
v10/usr/src/cmd/poly/polypic.c
v10/usr/src/cmd/poly/polypr.c
v10/usr/src/cmd/post/README
v10/usr/src/cmd/post/attr.c
v10/usr/src/cmd/post/call.c
v10/usr/src/cmd/post/config.c
v10/usr/src/cmd/post/config.h
v10/usr/src/cmd/post/dbinfo
v10/usr/src/cmd/post/dispatch
v10/usr/src/cmd/post/eqattr.c
v10/usr/src/cmd/post/error.c
v10/usr/src/cmd/post/fmt.c
v10/usr/src/cmd/post/ipc.c
v10/usr/src/cmd/post/join.c
v10/usr/src/cmd/post/main.c
v10/usr/src/cmd/post/malloc.h
v10/usr/src/cmd/post/mkfile
v10/usr/src/cmd/post/opt.c
v10/usr/src/cmd/post/path.c
v10/usr/src/cmd/post/post.c
v10/usr/src/cmd/post/pq.c
v10/usr/src/cmd/post/rewrite
v10/usr/src/cmd/post/server.h
v10/usr/src/cmd/post/strcon.c
v10/usr/src/cmd/post/strvec.c
v10/usr/src/cmd/post/switch.h
v10/usr/src/cmd/post/sys.c
v10/usr/src/cmd/post/update
v10/usr/src/cmd/post.src/NOTES
v10/usr/src/cmd/post.src/README
v10/usr/src/cmd/post.src/VERSION
v10/usr/src/cmd/post.src/postscript.mk
v10/usr/src/cmd/post.src/buildtables/README
v10/usr/src/cmd/post.src/buildtables/buildtables.1
v10/usr/src/cmd/post.src/buildtables/buildtables.mk
v10/usr/src/cmd/post.src/buildtables/buildtables.sh
v10/usr/src/cmd/post.src/common/bbox.c
v10/usr/src/cmd/post.src/common/comments.h
v10/usr/src/cmd/post.src/common/common.mk
v10/usr/src/cmd/post.src/common/ext.h
v10/usr/src/cmd/post.src/common/gen.h
v10/usr/src/cmd/post.src/common/glob.c
v10/usr/src/cmd/post.src/common/misc.c
v10/usr/src/cmd/post.src/common/path.h
v10/usr/src/cmd/post.src/common/pathtemplate
v10/usr/src/cmd/post.src/common/request.c
v10/usr/src/cmd/post.src/common/request.h
v10/usr/src/cmd/post.src/common/rune.c
v10/usr/src/cmd/post.src/common/rune.h
v10/usr/src/cmd/post.src/common/tempnam.c
v10/usr/src/cmd/post.src/cropmarks/cropmarks.1
v10/usr/src/cmd/post.src/cropmarks/cropmarks.mk
v10/usr/src/cmd/post.src/cropmarks/cropmarks.ps
v10/usr/src/cmd/post.src/cropmarks/cropmarks.sh
