v10/usr/src/cmd/post.src/devLatin1/AB
v10/usr/src/cmd/post.src/devLatin1/AI
v10/usr/src/cmd/post.src/devLatin1/AR
v10/usr/src/cmd/post.src/devLatin1/AX
v10/usr/src/cmd/post.src/devLatin1/B
v10/usr/src/cmd/post.src/devLatin1/BI
v10/usr/src/cmd/post.src/devLatin1/C
v10/usr/src/cmd/post.src/devLatin1/CB
v10/usr/src/cmd/post.src/devLatin1/CI
v10/usr/src/cmd/post.src/devLatin1/CO
v10/usr/src/cmd/post.src/devLatin1/CW
v10/usr/src/cmd/post.src/devLatin1/CX
v10/usr/src/cmd/post.src/devLatin1/DESC
v10/usr/src/cmd/post.src/devLatin1/GR
v10/usr/src/cmd/post.src/devLatin1/H
v10/usr/src/cmd/post.src/devLatin1/HB
v10/usr/src/cmd/post.src/devLatin1/HI
v10/usr/src/cmd/post.src/devLatin1/HK
v10/usr/src/cmd/post.src/devLatin1/HL
v10/usr/src/cmd/post.src/devLatin1/HM
v10/usr/src/cmd/post.src/devLatin1/HX
v10/usr/src/cmd/post.src/devLatin1/Hr
v10/usr/src/cmd/post.src/devLatin1/I
v10/usr/src/cmd/post.src/devLatin1/KB
v10/usr/src/cmd/post.src/devLatin1/KI
v10/usr/src/cmd/post.src/devLatin1/KR
v10/usr/src/cmd/post.src/devLatin1/KX
v10/usr/src/cmd/post.src/devLatin1/LINKFILE
v10/usr/src/cmd/post.src/devLatin1/NB
v10/usr/src/cmd/post.src/devLatin1/NI
v10/usr/src/cmd/post.src/devLatin1/NR
v10/usr/src/cmd/post.src/devLatin1/NX
v10/usr/src/cmd/post.src/devLatin1/PA
v10/usr/src/cmd/post.src/devLatin1/PB
v10/usr/src/cmd/post.src/devLatin1/PI
v10/usr/src/cmd/post.src/devLatin1/PX
v10/usr/src/cmd/post.src/devLatin1/R
v10/usr/src/cmd/post.src/devLatin1/S
v10/usr/src/cmd/post.src/devLatin1/S1
v10/usr/src/cmd/post.src/devLatin1/ZD
v10/usr/src/cmd/post.src/devLatin1/ZI
v10/usr/src/cmd/post.src/devLatin1/devLatin1.mk
v10/usr/src/cmd/post.src/devLatin1/shell.lib
v10/usr/src/cmd/post.src/devLatin1/shell.lib.last
v10/usr/src/cmd/post.src/devLatin1/shell.lib.old
v10/usr/src/cmd/post.src/devLatin1/u_Hb
v10/usr/src/cmd/post.src/devLatin1/u_Hi
v10/usr/src/cmd/post.src/devLatin1/u_Hx
v10/usr/src/cmd/post.src/devLatin1/charlib/12
v10/usr/src/cmd/post.src/devLatin1/charlib/14
v10/usr/src/cmd/post.src/devLatin1/charlib/34
v10/usr/src/cmd/post.src/devLatin1/charlib/DG
v10/usr/src/cmd/post.src/devLatin1/charlib/Fi
v10/usr/src/cmd/post.src/devLatin1/charlib/Fl
v10/usr/src/cmd/post.src/devLatin1/charlib/L1
v10/usr/src/cmd/post.src/devLatin1/charlib/LA
v10/usr/src/cmd/post.src/devLatin1/charlib/LH.example
v10/usr/src/cmd/post.src/devLatin1/charlib/LV
v10/usr/src/cmd/post.src/devLatin1/charlib/PC
v10/usr/src/cmd/post.src/devLatin1/charlib/README
v10/usr/src/cmd/post.src/devLatin1/charlib/Sl
v10/usr/src/cmd/post.src/devLatin1/charlib/bx
v10/usr/src/cmd/post.src/devLatin1/charlib/ci
v10/usr/src/cmd/post.src/devLatin1/charlib/ff
v10/usr/src/cmd/post.src/devLatin1/charlib/lc
v10/usr/src/cmd/post.src/devLatin1/charlib/lf
v10/usr/src/cmd/post.src/devLatin1/charlib/lh
v10/usr/src/cmd/post.src/devLatin1/charlib/ob
v10/usr/src/cmd/post.src/devLatin1/charlib/rc
v10/usr/src/cmd/post.src/devLatin1/charlib/rf
v10/usr/src/cmd/post.src/devLatin1/charlib/rh
v10/usr/src/cmd/post.src/devLatin1/charlib/sq
v10/usr/src/cmd/post.src/devLatin1/charlib/u_LH
v10/usr/src/cmd/post.src/devLatin1/charlib/u_RC
v10/usr/src/cmd/post.src/devLatin1/charlib/u_rH
v10/usr/src/cmd/post.src/devLatin1/charlib/u_u_lH
v10/usr/src/cmd/post.src/devLatin1/charlib/~=
v10/usr/src/cmd/post.src/devopost/AB
v10/usr/src/cmd/post.src/devopost/AI
v10/usr/src/cmd/post.src/devopost/AR
v10/usr/src/cmd/post.src/devopost/AX
v10/usr/src/cmd/post.src/devopost/B
v10/usr/src/cmd/post.src/devopost/BI
v10/usr/src/cmd/post.src/devopost/CB
v10/usr/src/cmd/post.src/devopost/CI
v10/usr/src/cmd/post.src/devopost/CO
v10/usr/src/cmd/post.src/devopost/CW
v10/usr/src/cmd/post.src/devopost/CX
v10/usr/src/cmd/post.src/devopost/DESC
v10/usr/src/cmd/post.src/devopost/GR
v10/usr/src/cmd/post.src/devopost/H
v10/usr/src/cmd/post.src/devopost/HB
v10/usr/src/cmd/post.src/devopost/HI
v10/usr/src/cmd/post.src/devopost/HX
v10/usr/src/cmd/post.src/devopost/Hr
v10/usr/src/cmd/post.src/devopost/I
v10/usr/src/cmd/post.src/devopost/KB
v10/usr/src/cmd/post.src/devopost/KI
v10/usr/src/cmd/post.src/devopost/KR
v10/usr/src/cmd/post.src/devopost/KX
v10/usr/src/cmd/post.src/devopost/NB
v10/usr/src/cmd/post.src/devopost/NI
v10/usr/src/cmd/post.src/devopost/NR
v10/usr/src/cmd/post.src/devopost/NX
v10/usr/src/cmd/post.src/devopost/PA
v10/usr/src/cmd/post.src/devopost/PB
v10/usr/src/cmd/post.src/devopost/PI
v10/usr/src/cmd/post.src/devopost/PX
v10/usr/src/cmd/post.src/devopost/R
v10/usr/src/cmd/post.src/devopost/S
v10/usr/src/cmd/post.src/devopost/S1
v10/usr/src/cmd/post.src/devopost/ZD
v10/usr/src/cmd/post.src/devopost/ZI
v10/usr/src/cmd/post.src/devopost/devopost.mk
v10/usr/src/cmd/post.src/devopost/u_Hb
v10/usr/src/cmd/post.src/devopost/u_Hi
v10/usr/src/cmd/post.src/devopost/u_Hx
v10/usr/src/cmd/post.src/devopost/charlib/12
v10/usr/src/cmd/post.src/devopost/charlib/14
v10/usr/src/cmd/post.src/devopost/charlib/34
v10/usr/src/cmd/post.src/devopost/charlib/BRACKETS_NOTE
v10/usr/src/cmd/post.src/devopost/charlib/Fi
v10/usr/src/cmd/post.src/devopost/charlib/Fl
v10/usr/src/cmd/post.src/devopost/charlib/L1
v10/usr/src/cmd/post.src/devopost/charlib/L1.map
v10/usr/src/cmd/post.src/devopost/charlib/LH.map
v10/usr/src/cmd/post.src/devopost/charlib/Lb
v10/usr/src/cmd/post.src/devopost/charlib/Lb.map
v10/usr/src/cmd/post.src/devopost/charlib/README
v10/usr/src/cmd/post.src/devopost/charlib/Sl
v10/usr/src/cmd/post.src/devopost/charlib/bx
v10/usr/src/cmd/post.src/devopost/charlib/ci
v10/usr/src/cmd/post.src/devopost/charlib/ff
v10/usr/src/cmd/post.src/devopost/charlib/lc
v10/usr/src/cmd/post.src/devopost/charlib/lf
v10/usr/src/cmd/post.src/devopost/charlib/lh
v10/usr/src/cmd/post.src/devopost/charlib/ob
v10/usr/src/cmd/post.src/devopost/charlib/rc
v10/usr/src/cmd/post.src/devopost/charlib/rf
v10/usr/src/cmd/post.src/devopost/charlib/rh
v10/usr/src/cmd/post.src/devopost/charlib/sq
v10/usr/src/cmd/post.src/devopost/charlib/u_LH
v10/usr/src/cmd/post.src/devopost/charlib/~=
