v10/usr/src/cmd/post.src/devpost/AB
v10/usr/src/cmd/post.src/devpost/AI
v10/usr/src/cmd/post.src/devpost/AR
v10/usr/src/cmd/post.src/devpost/AX
v10/usr/src/cmd/post.src/devpost/B
v10/usr/src/cmd/post.src/devpost/BI
v10/usr/src/cmd/post.src/devpost/C
v10/usr/src/cmd/post.src/devpost/CB
v10/usr/src/cmd/post.src/devpost/CI
v10/usr/src/cmd/post.src/devpost/CO
v10/usr/src/cmd/post.src/devpost/CW
v10/usr/src/cmd/post.src/devpost/CX
v10/usr/src/cmd/post.src/devpost/DESC
v10/usr/src/cmd/post.src/devpost/GR
v10/usr/src/cmd/post.src/devpost/H
v10/usr/src/cmd/post.src/devpost/HB
v10/usr/src/cmd/post.src/devpost/HI
v10/usr/src/cmd/post.src/devpost/HK
v10/usr/src/cmd/post.src/devpost/HL
v10/usr/src/cmd/post.src/devpost/HM
v10/usr/src/cmd/post.src/devpost/HX
v10/usr/src/cmd/post.src/devpost/Hr
v10/usr/src/cmd/post.src/devpost/I
v10/usr/src/cmd/post.src/devpost/KB
v10/usr/src/cmd/post.src/devpost/KI
v10/usr/src/cmd/post.src/devpost/KR
v10/usr/src/cmd/post.src/devpost/KX
v10/usr/src/cmd/post.src/devpost/LINKFILE
v10/usr/src/cmd/post.src/devpost/NB
v10/usr/src/cmd/post.src/devpost/NI
v10/usr/src/cmd/post.src/devpost/NR
v10/usr/src/cmd/post.src/devpost/NX
v10/usr/src/cmd/post.src/devpost/PA
v10/usr/src/cmd/post.src/devpost/PB
v10/usr/src/cmd/post.src/devpost/PI
v10/usr/src/cmd/post.src/devpost/PX
v10/usr/src/cmd/post.src/devpost/R
v10/usr/src/cmd/post.src/devpost/S
v10/usr/src/cmd/post.src/devpost/S1
v10/usr/src/cmd/post.src/devpost/ZD
v10/usr/src/cmd/post.src/devpost/ZI
v10/usr/src/cmd/post.src/devpost/devpost.mk
v10/usr/src/cmd/post.src/devpost/shell.lib
v10/usr/src/cmd/post.src/devpost/shell.lib.bak
v10/usr/src/cmd/post.src/devpost/u_Hb
v10/usr/src/cmd/post.src/devpost/u_Hi
v10/usr/src/cmd/post.src/devpost/u_Hx
v10/usr/src/cmd/post.src/devpost.add/F1
v10/usr/src/cmd/post.src/devpost.add/F2
v10/usr/src/cmd/post.src/devpost.add/F3
v10/usr/src/cmd/post.src/devpost.add/F4
v10/usr/src/cmd/post.src/devpost.add/F5
v10/usr/src/cmd/post.src/devpost.add/F6
v10/usr/src/cmd/post.src/devpost.add/G1
v10/usr/src/cmd/post.src/devpost.add/G2
v10/usr/src/cmd/post.src/devpost.add/G3
v10/usr/src/cmd/post.src/devpost.add/G4
v10/usr/src/cmd/post.src/devpost.add/Gb
v10/usr/src/cmd/post.src/devpost.add/Gi
v10/usr/src/cmd/post.src/devpost.add/Gr
v10/usr/src/cmd/post.src/devpost.add/Gx
v10/usr/src/cmd/post.src/devpost.add/H1
v10/usr/src/cmd/post.src/devpost.add/H2
v10/usr/src/cmd/post.src/devpost.add/H3
v10/usr/src/cmd/post.src/devpost.add/H4
v10/usr/src/cmd/post.src/devpost.add/H5
v10/usr/src/cmd/post.src/devpost.add/H6
v10/usr/src/cmd/post.src/devpost.add/H7
v10/usr/src/cmd/post.src/devpost.add/H8
v10/usr/src/cmd/post.src/devpost.add/HC
v10/usr/src/cmd/post.src/devpost.add/HK
v10/usr/src/cmd/post.src/devpost.add/HL
v10/usr/src/cmd/post.src/devpost.add/HY
v10/usr/src/cmd/post.src/devpost.add/MU
v10/usr/src/cmd/post.src/devpost.add/OA
v10/usr/src/cmd/post.src/devpost.add/OB
v10/usr/src/cmd/post.src/devpost.add/OI
v10/usr/src/cmd/post.src/devpost.add/OX
v10/usr/src/cmd/post.src/devpost.add/a1
v10/usr/src/cmd/post.src/devpost.add/a2
v10/usr/src/cmd/post.src/devpost.add/c1
v10/usr/src/cmd/post.src/devpost.add/c2
v10/usr/src/cmd/post.src/devpost.add/c3
v10/usr/src/cmd/post.src/devpost.add/devpost.add.mk
v10/usr/src/cmd/post.src/devpost.add/u_C1
v10/usr/src/cmd/post.src/devpost.add/u_C2
v10/usr/src/cmd/post.src/devpost.add/u_C3
v10/usr/src/cmd/post.src/devpost/charlib/12
v10/usr/src/cmd/post.src/devpost/charlib/14
v10/usr/src/cmd/post.src/devpost/charlib/34
v10/usr/src/cmd/post.src/devpost/charlib/DG
v10/usr/src/cmd/post.src/devpost/charlib/Fi
v10/usr/src/cmd/post.src/devpost/charlib/Fl
v10/usr/src/cmd/post.src/devpost/charlib/L1
v10/usr/src/cmd/post.src/devpost/charlib/LA
v10/usr/src/cmd/post.src/devpost/charlib/LH.example
v10/usr/src/cmd/post.src/devpost/charlib/LV
v10/usr/src/cmd/post.src/devpost/charlib/PC
v10/usr/src/cmd/post.src/devpost/charlib/README
v10/usr/src/cmd/post.src/devpost/charlib/Sl
v10/usr/src/cmd/post.src/devpost/charlib/bx
v10/usr/src/cmd/post.src/devpost/charlib/ci
v10/usr/src/cmd/post.src/devpost/charlib/ff
v10/usr/src/cmd/post.src/devpost/charlib/lc
v10/usr/src/cmd/post.src/devpost/charlib/lf
v10/usr/src/cmd/post.src/devpost/charlib/lh
v10/usr/src/cmd/post.src/devpost/charlib/ob
v10/usr/src/cmd/post.src/devpost/charlib/rc
v10/usr/src/cmd/post.src/devpost/charlib/rf
v10/usr/src/cmd/post.src/devpost/charlib/rh
v10/usr/src/cmd/post.src/devpost/charlib/sq
v10/usr/src/cmd/post.src/devpost/charlib/u_LH
v10/usr/src/cmd/post.src/devpost/charlib/u_RC
v10/usr/src/cmd/post.src/devpost/charlib/u_rH
v10/usr/src/cmd/post.src/devpost/charlib/u_u_lH
v10/usr/src/cmd/post.src/devpost/charlib/~=
v10/usr/src/cmd/post.src/download/README
v10/usr/src/cmd/post.src/download/download.1
v10/usr/src/cmd/post.src/download/download.c
v10/usr/src/cmd/post.src/download/download.h
v10/usr/src/cmd/post.src/download/download.mk
v10/usr/src/cmd/post.src/download/example.map
v10/usr/src/cmd/post.src/dpost/README
v10/usr/src/cmd/post.src/dpost/color.c
v10/usr/src/cmd/post.src/dpost/dpost.1
v10/usr/src/cmd/post.src/dpost/dpost.c
v10/usr/src/cmd/post.src/dpost/dpost.h
v10/usr/src/cmd/post.src/dpost/dpost.mk
v10/usr/src/cmd/post.src/dpost/dpost.ps
v10/usr/src/cmd/post.src/dpost/draw.c
v10/usr/src/cmd/post.src/dpost/draw.ps
v10/usr/src/cmd/post.src/dpost/font.c
v10/usr/src/cmd/post.src/dpost/font.h
v10/usr/src/cmd/post.src/dpost/motion.h
v10/usr/src/cmd/post.src/dpost/pictures.c
v10/usr/src/cmd/post.src/dpost/ps_include.awk
v10/usr/src/cmd/post.src/dpost/ps_include.c
v10/usr/src/cmd/post.src/dpost/ps_include.h
v10/usr/src/cmd/post.src/dpost/ps_include.ps
