v10/usr/src/cmd/post.src/dpost.utf/README
v10/usr/src/cmd/post.src/dpost.utf/color.c
v10/usr/src/cmd/post.src/dpost.utf/dpost.1
v10/usr/src/cmd/post.src/dpost.utf/dpost.c
v10/usr/src/cmd/post.src/dpost.utf/dpost.h
v10/usr/src/cmd/post.src/dpost.utf/dpost.ps
v10/usr/src/cmd/post.src/dpost.utf/dpost.utf.mk
v10/usr/src/cmd/post.src/dpost.utf/draw.c
v10/usr/src/cmd/post.src/dpost.utf/draw.ps
v10/usr/src/cmd/post.src/dpost.utf/font.c
v10/usr/src/cmd/post.src/dpost.utf/font.h
v10/usr/src/cmd/post.src/dpost.utf/motion.h
v10/usr/src/cmd/post.src/dpost.utf/pictures.c
v10/usr/src/cmd/post.src/dpost.utf/ps_include.awk
v10/usr/src/cmd/post.src/dpost.utf/ps_include.c
v10/usr/src/cmd/post.src/dpost.utf/ps_include.h
v10/usr/src/cmd/post.src/dpost.utf/ps_include.ps
v10/usr/src/cmd/post.src/grabit/grabit.1
v10/usr/src/cmd/post.src/grabit/grabit.mk
v10/usr/src/cmd/post.src/grabit/grabit.ps
v10/usr/src/cmd/post.src/grabit/grabit.sh
v10/usr/src/cmd/post.src/hardcopy/README
v10/usr/src/cmd/post.src/hardcopy/hardcopy.1
v10/usr/src/cmd/post.src/hardcopy/hardcopy.mk
v10/usr/src/cmd/post.src/hardcopy/hardcopy.ps
v10/usr/src/cmd/post.src/hardcopy/hardcopy.sh
v10/usr/src/cmd/post.src/mcolor/color.sr
v10/usr/src/cmd/post.src/mcolor/mcolor.5
v10/usr/src/cmd/post.src/mcolor/mcolor.mk
v10/usr/src/cmd/post.src/misc/README
v10/usr/src/cmd/post.src/misc/ibmfont.c
v10/usr/src/cmd/post.src/misc/laserbar.1
v10/usr/src/cmd/post.src/misc/laserbar.c
v10/usr/src/cmd/post.src/misc/lp.model
v10/usr/src/cmd/post.src/misc/macfont.c
v10/usr/src/cmd/post.src/misc/pscrypt.c
v10/usr/src/cmd/post.src/misc/setbaud.ps
v10/usr/src/cmd/post.src/mpictures/mpictures.5
v10/usr/src/cmd/post.src/mpictures/mpictures.mk
v10/usr/src/cmd/post.src/mpictures/pictures.sr
v10/usr/src/cmd/post.src/picpack/picpack.1
v10/usr/src/cmd/post.src/picpack/picpack.c
v10/usr/src/cmd/post.src/picpack/picpack.mk
v10/usr/src/cmd/post.src/postbgi/README
v10/usr/src/cmd/post.src/postbgi/postbgi.1
v10/usr/src/cmd/post.src/postbgi/postbgi.c
v10/usr/src/cmd/post.src/postbgi/postbgi.h
v10/usr/src/cmd/post.src/postbgi/postbgi.mk
v10/usr/src/cmd/post.src/postbgi/postbgi.ps
v10/usr/src/cmd/post.src/postdaisy/Opostdaisy.c
v10/usr/src/cmd/post.src/postdaisy/README
v10/usr/src/cmd/post.src/postdaisy/postdaisy.1
v10/usr/src/cmd/post.src/postdaisy/postdaisy.c
v10/usr/src/cmd/post.src/postdaisy/postdaisy.h
v10/usr/src/cmd/post.src/postdaisy/postdaisy.mk
v10/usr/src/cmd/post.src/postdaisy/postdaisy.ps
v10/usr/src/cmd/post.src/postdmd/README
v10/usr/src/cmd/post.src/postdmd/postdmd.1
v10/usr/src/cmd/post.src/postdmd/postdmd.c
v10/usr/src/cmd/post.src/postdmd/postdmd.mk
v10/usr/src/cmd/post.src/postdmd/postdmd.ps
