v10/usr/src/cmd/post.src/postgif/Opostgif.c
v10/usr/src/cmd/post.src/postgif/postgif.1
v10/usr/src/cmd/post.src/postgif/postgif.c
v10/usr/src/cmd/post.src/postgif/postgif.mk
v10/usr/src/cmd/post.src/postgif/postgif.ps
v10/usr/src/cmd/post.src/postio/README
v10/usr/src/cmd/post.src/postio/ifdef.c
v10/usr/src/cmd/post.src/postio/ifdef.h
v10/usr/src/cmd/post.src/postio/postio.1
v10/usr/src/cmd/post.src/postio/postio.c
v10/usr/src/cmd/post.src/postio/postio.h
v10/usr/src/cmd/post.src/postio/postio.mk
v10/usr/src/cmd/post.src/postio/postio.mk.old
v10/usr/src/cmd/post.src/postio/slowsend.c
v10/usr/src/cmd/post.src/postmd/README
v10/usr/src/cmd/post.src/postmd/postmd.1
v10/usr/src/cmd/post.src/postmd/postmd.c
v10/usr/src/cmd/post.src/postmd/postmd.h
v10/usr/src/cmd/post.src/postmd/postmd.mk
v10/usr/src/cmd/post.src/postmd/postmd.ps
v10/usr/src/cmd/post.src/postprint/Lpostprint.c
v10/usr/src/cmd/post.src/postprint/README
v10/usr/src/cmd/post.src/postprint/postprint.1
v10/usr/src/cmd/post.src/postprint/postprint.c
v10/usr/src/cmd/post.src/postprint/postprint.h
v10/usr/src/cmd/post.src/postprint/postprint.mk
v10/usr/src/cmd/post.src/postprint/postprint.ps
v10/usr/src/cmd/post.src/postreverse/README
v10/usr/src/cmd/post.src/postreverse/postreverse.1
v10/usr/src/cmd/post.src/postreverse/postreverse.c
v10/usr/src/cmd/post.src/postreverse/postreverse.h
v10/usr/src/cmd/post.src/postreverse/postreverse.mk
v10/usr/src/cmd/post.src/posttek/README
v10/usr/src/cmd/post.src/posttek/posttek.1
v10/usr/src/cmd/post.src/posttek/posttek.c
v10/usr/src/cmd/post.src/posttek/posttek.h
v10/usr/src/cmd/post.src/posttek/posttek.mk
v10/usr/src/cmd/post.src/posttek/posttek.ps
v10/usr/src/cmd/post.src/printfont/printfont.1
v10/usr/src/cmd/post.src/printfont/printfont.mk
v10/usr/src/cmd/post.src/printfont/printfont.ps
v10/usr/src/cmd/post.src/printfont/printfont.sh
v10/usr/src/cmd/post.src/psencoding/Latin1.enc
v10/usr/src/cmd/post.src/psencoding/UTF.enc
v10/usr/src/cmd/post.src/psencoding/psencoding.1
v10/usr/src/cmd/post.src/psencoding/psencoding.mk
v10/usr/src/cmd/post.src/psencoding/psencoding.sh
v10/usr/src/cmd/post.src/psfiles/Nroundpage.ps
v10/usr/src/cmd/post.src/psfiles/README
v10/usr/src/cmd/post.src/psfiles/aps.ps
v10/usr/src/cmd/post.src/psfiles/banner.ps
v10/usr/src/cmd/post.src/psfiles/baseline.ps
v10/usr/src/cmd/post.src/psfiles/color.ps
v10/usr/src/cmd/post.src/psfiles/fatcourier.ps
v10/usr/src/cmd/post.src/psfiles/forms.ps
v10/usr/src/cmd/post.src/psfiles/ps.requests
v10/usr/src/cmd/post.src/psfiles/psfiles.mk
v10/usr/src/cmd/post.src/psfiles/roundpage.ps
v10/usr/src/cmd/post.src/psfiles/shade.ps
v10/usr/src/cmd/post.src/psfiles/unbind.ps
v10/usr/src/cmd/post.src/tests/postmd1
v10/usr/src/cmd/post.src/tests/postprint1
v10/usr/src/cmd/post.src/tests/runtests
v10/usr/src/cmd/post.src/tests/troff1
v10/usr/src/cmd/post.src/trofftable/trofftable.1
v10/usr/src/cmd/post.src/trofftable/trofftable.mk
v10/usr/src/cmd/post.src/trofftable/trofftable.ps
v10/usr/src/cmd/post.src/trofftable/trofftable.sh
