v10/usr/src/cmd/post/man/dispatch.4
v10/usr/src/cmd/post/man/modules.4
v10/usr/src/cmd/post/man/post.1
v10/usr/src/cmd/post/man/pq.1
v10/usr/src/cmd/post/man/pq.3c
v10/usr/src/cmd/postscript/Opostscript.mk
v10/usr/src/cmd/postscript/README
v10/usr/src/cmd/postscript/VERSION
v10/usr/src/cmd/postscript/postscript.mk
v10/usr/src/cmd/postscript/buildtables/README
v10/usr/src/cmd/postscript/buildtables/buildtables
v10/usr/src/cmd/postscript/buildtables/buildtables.1
v10/usr/src/cmd/postscript/buildtables/buildtables.mk
v10/usr/src/cmd/postscript/buildtables/buildtables.sh
v10/usr/src/cmd/postscript/common/bbox.c
v10/usr/src/cmd/postscript/common/comments.h
v10/usr/src/cmd/postscript/common/common.mk
v10/usr/src/cmd/postscript/common/ext.h
v10/usr/src/cmd/postscript/common/gen.h
v10/usr/src/cmd/postscript/common/glob.c
v10/usr/src/cmd/postscript/common/misc.c
v10/usr/src/cmd/postscript/common/path.h
v10/usr/src/cmd/postscript/common/pathtemplate
v10/usr/src/cmd/postscript/common/request.c
v10/usr/src/cmd/postscript/common/request.h
v10/usr/src/cmd/postscript/common/tempnam.c
v10/usr/src/cmd/postscript/cropmarks/cropmarks
v10/usr/src/cmd/postscript/cropmarks/cropmarks.1
v10/usr/src/cmd/postscript/cropmarks/cropmarks.mk
v10/usr/src/cmd/postscript/cropmarks/cropmarks.ps
v10/usr/src/cmd/postscript/cropmarks/cropmarks.sh
v10/usr/src/cmd/postscript/devLatin1/AB
v10/usr/src/cmd/postscript/devLatin1/AI
v10/usr/src/cmd/postscript/devLatin1/AR
v10/usr/src/cmd/postscript/devLatin1/AX
v10/usr/src/cmd/postscript/devLatin1/B
v10/usr/src/cmd/postscript/devLatin1/BI
v10/usr/src/cmd/postscript/devLatin1/C
v10/usr/src/cmd/postscript/devLatin1/CB
v10/usr/src/cmd/postscript/devLatin1/CI
v10/usr/src/cmd/postscript/devLatin1/CO
v10/usr/src/cmd/postscript/devLatin1/CW
v10/usr/src/cmd/postscript/devLatin1/CX
v10/usr/src/cmd/postscript/devLatin1/DESC
v10/usr/src/cmd/postscript/devLatin1/GR
v10/usr/src/cmd/postscript/devLatin1/H
v10/usr/src/cmd/postscript/devLatin1/HB
v10/usr/src/cmd/postscript/devLatin1/HI
v10/usr/src/cmd/postscript/devLatin1/HX
v10/usr/src/cmd/postscript/devLatin1/Hr
v10/usr/src/cmd/postscript/devLatin1/I
v10/usr/src/cmd/postscript/devLatin1/KB
v10/usr/src/cmd/postscript/devLatin1/KI
v10/usr/src/cmd/postscript/devLatin1/KR
v10/usr/src/cmd/postscript/devLatin1/KX
v10/usr/src/cmd/postscript/devLatin1/NB
v10/usr/src/cmd/postscript/devLatin1/NI
v10/usr/src/cmd/postscript/devLatin1/NR
v10/usr/src/cmd/postscript/devLatin1/NX
v10/usr/src/cmd/postscript/devLatin1/PA
v10/usr/src/cmd/postscript/devLatin1/PB
v10/usr/src/cmd/postscript/devLatin1/PI
v10/usr/src/cmd/postscript/devLatin1/PX
v10/usr/src/cmd/postscript/devLatin1/R
v10/usr/src/cmd/postscript/devLatin1/S
v10/usr/src/cmd/postscript/devLatin1/S1
v10/usr/src/cmd/postscript/devLatin1/ZD
v10/usr/src/cmd/postscript/devLatin1/ZI
v10/usr/src/cmd/postscript/devLatin1/devLatin1.mk
v10/usr/src/cmd/postscript/devLatin1/shell.lib
v10/usr/src/cmd/postscript/devLatin1/u_Hb
v10/usr/src/cmd/postscript/devLatin1/u_Hi
v10/usr/src/cmd/postscript/devLatin1/u_Hx
v10/usr/src/cmd/postscript/devLatin1/charlib/12
v10/usr/src/cmd/postscript/devLatin1/charlib/14
v10/usr/src/cmd/postscript/devLatin1/charlib/34
v10/usr/src/cmd/postscript/devLatin1/charlib/DG
v10/usr/src/cmd/postscript/devLatin1/charlib/Fi
v10/usr/src/cmd/postscript/devLatin1/charlib/Fl
v10/usr/src/cmd/postscript/devLatin1/charlib/L1
v10/usr/src/cmd/postscript/devLatin1/charlib/L1.map
v10/usr/src/cmd/postscript/devLatin1/charlib/LH.example
v10/usr/src/cmd/postscript/devLatin1/charlib/LH.map.old
v10/usr/src/cmd/postscript/devLatin1/charlib/LH.old
v10/usr/src/cmd/postscript/devLatin1/charlib/LV
v10/usr/src/cmd/postscript/devLatin1/charlib/PC
v10/usr/src/cmd/postscript/devLatin1/charlib/README
v10/usr/src/cmd/postscript/devLatin1/charlib/Sl
v10/usr/src/cmd/postscript/devLatin1/charlib/bx
v10/usr/src/cmd/postscript/devLatin1/charlib/ci
v10/usr/src/cmd/postscript/devLatin1/charlib/ff
v10/usr/src/cmd/postscript/devLatin1/charlib/lc
v10/usr/src/cmd/postscript/devLatin1/charlib/lf
v10/usr/src/cmd/postscript/devLatin1/charlib/lh
v10/usr/src/cmd/postscript/devLatin1/charlib/ob
v10/usr/src/cmd/postscript/devLatin1/charlib/rc
v10/usr/src/cmd/postscript/devLatin1/charlib/rf
v10/usr/src/cmd/postscript/devLatin1/charlib/rh
v10/usr/src/cmd/postscript/devLatin1/charlib/sq
v10/usr/src/cmd/postscript/devLatin1/charlib/u_LH
v10/usr/src/cmd/postscript/devLatin1/charlib/u_RC
v10/usr/src/cmd/postscript/devLatin1/charlib/u_rH
v10/usr/src/cmd/postscript/devLatin1/charlib/u_u_lH
v10/usr/src/cmd/postscript/devLatin1/charlib/~=
v10/usr/src/cmd/postscript/devopost/AB
v10/usr/src/cmd/postscript/devopost/AI
v10/usr/src/cmd/postscript/devopost/AR
v10/usr/src/cmd/postscript/devopost/AX
v10/usr/src/cmd/postscript/devopost/B
v10/usr/src/cmd/postscript/devopost/BI
v10/usr/src/cmd/postscript/devopost/CB
v10/usr/src/cmd/postscript/devopost/CI
v10/usr/src/cmd/postscript/devopost/CO
v10/usr/src/cmd/postscript/devopost/CW
v10/usr/src/cmd/postscript/devopost/CX
v10/usr/src/cmd/postscript/devopost/DESC
v10/usr/src/cmd/postscript/devopost/GR
v10/usr/src/cmd/postscript/devopost/H
v10/usr/src/cmd/postscript/devopost/HB
v10/usr/src/cmd/postscript/devopost/HI
v10/usr/src/cmd/postscript/devopost/HX
v10/usr/src/cmd/postscript/devopost/Hr
v10/usr/src/cmd/postscript/devopost/I
v10/usr/src/cmd/postscript/devopost/KB
v10/usr/src/cmd/postscript/devopost/KI
v10/usr/src/cmd/postscript/devopost/KR
v10/usr/src/cmd/postscript/devopost/KX
v10/usr/src/cmd/postscript/devopost/NB
v10/usr/src/cmd/postscript/devopost/NI
v10/usr/src/cmd/postscript/devopost/NR
v10/usr/src/cmd/postscript/devopost/NX
v10/usr/src/cmd/postscript/devopost/PA
v10/usr/src/cmd/postscript/devopost/PB
v10/usr/src/cmd/postscript/devopost/PI
v10/usr/src/cmd/postscript/devopost/PX
v10/usr/src/cmd/postscript/devopost/R
v10/usr/src/cmd/postscript/devopost/S
v10/usr/src/cmd/postscript/devopost/S1
v10/usr/src/cmd/postscript/devopost/ZD
v10/usr/src/cmd/postscript/devopost/ZI
v10/usr/src/cmd/postscript/devopost/devopost.mk
v10/usr/src/cmd/postscript/devopost/u_Hb
v10/usr/src/cmd/postscript/devopost/u_Hi
v10/usr/src/cmd/postscript/devopost/u_Hx
v10/usr/src/cmd/postscript/devopost/charlib/12
v10/usr/src/cmd/postscript/devopost/charlib/14
v10/usr/src/cmd/postscript/devopost/charlib/34
v10/usr/src/cmd/postscript/devopost/charlib/BRACKETS_NOTE
v10/usr/src/cmd/postscript/devopost/charlib/Fi
v10/usr/src/cmd/postscript/devopost/charlib/Fl
v10/usr/src/cmd/postscript/devopost/charlib/L1
v10/usr/src/cmd/postscript/devopost/charlib/L1.map
v10/usr/src/cmd/postscript/devopost/charlib/LH.map
v10/usr/src/cmd/postscript/devopost/charlib/Lb
v10/usr/src/cmd/postscript/devopost/charlib/Lb.map
v10/usr/src/cmd/postscript/devopost/charlib/README
v10/usr/src/cmd/postscript/devopost/charlib/Sl
v10/usr/src/cmd/postscript/devopost/charlib/bx
v10/usr/src/cmd/postscript/devopost/charlib/ci
v10/usr/src/cmd/postscript/devopost/charlib/ff
v10/usr/src/cmd/postscript/devopost/charlib/lc
v10/usr/src/cmd/postscript/devopost/charlib/lf
v10/usr/src/cmd/postscript/devopost/charlib/lh
v10/usr/src/cmd/postscript/devopost/charlib/ob
v10/usr/src/cmd/postscript/devopost/charlib/rc
v10/usr/src/cmd/postscript/devopost/charlib/rf
v10/usr/src/cmd/postscript/devopost/charlib/rh
v10/usr/src/cmd/postscript/devopost/charlib/sq
v10/usr/src/cmd/postscript/devopost/charlib/u_LH
v10/usr/src/cmd/postscript/devopost/charlib/~=
