v10/usr/src/cmd/postscript/devpost/AB
v10/usr/src/cmd/postscript/devpost/AI
v10/usr/src/cmd/postscript/devpost/AR
v10/usr/src/cmd/postscript/devpost/AX
v10/usr/src/cmd/postscript/devpost/B
v10/usr/src/cmd/postscript/devpost/BI
v10/usr/src/cmd/postscript/devpost/C
v10/usr/src/cmd/postscript/devpost/CB
v10/usr/src/cmd/postscript/devpost/CI
v10/usr/src/cmd/postscript/devpost/CO
v10/usr/src/cmd/postscript/devpost/CW
v10/usr/src/cmd/postscript/devpost/CX
v10/usr/src/cmd/postscript/devpost/DESC
v10/usr/src/cmd/postscript/devpost/GR
v10/usr/src/cmd/postscript/devpost/H
v10/usr/src/cmd/postscript/devpost/HB
v10/usr/src/cmd/postscript/devpost/HI
v10/usr/src/cmd/postscript/devpost/HX
v10/usr/src/cmd/postscript/devpost/Hr
v10/usr/src/cmd/postscript/devpost/I
v10/usr/src/cmd/postscript/devpost/KB
v10/usr/src/cmd/postscript/devpost/KI
v10/usr/src/cmd/postscript/devpost/KR
v10/usr/src/cmd/postscript/devpost/KX
v10/usr/src/cmd/postscript/devpost/NB
v10/usr/src/cmd/postscript/devpost/NI
v10/usr/src/cmd/postscript/devpost/NR
v10/usr/src/cmd/postscript/devpost/NX
v10/usr/src/cmd/postscript/devpost/PA
v10/usr/src/cmd/postscript/devpost/PB
v10/usr/src/cmd/postscript/devpost/PI
v10/usr/src/cmd/postscript/devpost/PX
v10/usr/src/cmd/postscript/devpost/R
v10/usr/src/cmd/postscript/devpost/S
v10/usr/src/cmd/postscript/devpost/S1
v10/usr/src/cmd/postscript/devpost/ZD
v10/usr/src/cmd/postscript/devpost/ZI
v10/usr/src/cmd/postscript/devpost/devpost.mk
v10/usr/src/cmd/postscript/devpost/shell.lib
v10/usr/src/cmd/postscript/devpost/u_Hb
v10/usr/src/cmd/postscript/devpost/u_Hi
v10/usr/src/cmd/postscript/devpost/u_Hx
v10/usr/src/cmd/postscript/devpost.add/F1
v10/usr/src/cmd/postscript/devpost.add/F2
v10/usr/src/cmd/postscript/devpost.add/F3
v10/usr/src/cmd/postscript/devpost.add/F4
v10/usr/src/cmd/postscript/devpost.add/F5
v10/usr/src/cmd/postscript/devpost.add/F6
v10/usr/src/cmd/postscript/devpost.add/G1
v10/usr/src/cmd/postscript/devpost.add/G2
v10/usr/src/cmd/postscript/devpost.add/G3
v10/usr/src/cmd/postscript/devpost.add/G4
v10/usr/src/cmd/postscript/devpost.add/Gb
v10/usr/src/cmd/postscript/devpost.add/Gi
v10/usr/src/cmd/postscript/devpost.add/Gr
v10/usr/src/cmd/postscript/devpost.add/Gx
v10/usr/src/cmd/postscript/devpost.add/H1
v10/usr/src/cmd/postscript/devpost.add/H2
v10/usr/src/cmd/postscript/devpost.add/H3
v10/usr/src/cmd/postscript/devpost.add/H4
v10/usr/src/cmd/postscript/devpost.add/H5
v10/usr/src/cmd/postscript/devpost.add/H6
v10/usr/src/cmd/postscript/devpost.add/H7
v10/usr/src/cmd/postscript/devpost.add/H8
v10/usr/src/cmd/postscript/devpost.add/HC
v10/usr/src/cmd/postscript/devpost.add/HK
v10/usr/src/cmd/postscript/devpost.add/HL
v10/usr/src/cmd/postscript/devpost.add/HY
v10/usr/src/cmd/postscript/devpost.add/MU
v10/usr/src/cmd/postscript/devpost.add/OA
v10/usr/src/cmd/postscript/devpost.add/OB
v10/usr/src/cmd/postscript/devpost.add/OI
v10/usr/src/cmd/postscript/devpost.add/OX
v10/usr/src/cmd/postscript/devpost.add/a1
v10/usr/src/cmd/postscript/devpost.add/a2
v10/usr/src/cmd/postscript/devpost.add/c1
v10/usr/src/cmd/postscript/devpost.add/c2
v10/usr/src/cmd/postscript/devpost.add/c3
v10/usr/src/cmd/postscript/devpost.add/devpost.add.mk
v10/usr/src/cmd/postscript/devpost.add/u_C1
v10/usr/src/cmd/postscript/devpost.add/u_C2
v10/usr/src/cmd/postscript/devpost.add/u_C3
v10/usr/src/cmd/postscript/devpost/charlib/12
v10/usr/src/cmd/postscript/devpost/charlib/14
v10/usr/src/cmd/postscript/devpost/charlib/34
v10/usr/src/cmd/postscript/devpost/charlib/DG
v10/usr/src/cmd/postscript/devpost/charlib/Fi
v10/usr/src/cmd/postscript/devpost/charlib/Fl
v10/usr/src/cmd/postscript/devpost/charlib/L1
v10/usr/src/cmd/postscript/devpost/charlib/L1.map
v10/usr/src/cmd/postscript/devpost/charlib/LH.example
v10/usr/src/cmd/postscript/devpost/charlib/LH.map.old
v10/usr/src/cmd/postscript/devpost/charlib/LH.old
v10/usr/src/cmd/postscript/devpost/charlib/LV
v10/usr/src/cmd/postscript/devpost/charlib/PC
v10/usr/src/cmd/postscript/devpost/charlib/README
v10/usr/src/cmd/postscript/devpost/charlib/Sl
v10/usr/src/cmd/postscript/devpost/charlib/bx
v10/usr/src/cmd/postscript/devpost/charlib/ci
v10/usr/src/cmd/postscript/devpost/charlib/ff
v10/usr/src/cmd/postscript/devpost/charlib/lc
v10/usr/src/cmd/postscript/devpost/charlib/lf
v10/usr/src/cmd/postscript/devpost/charlib/lh
v10/usr/src/cmd/postscript/devpost/charlib/ob
v10/usr/src/cmd/postscript/devpost/charlib/rc
v10/usr/src/cmd/postscript/devpost/charlib/rf
v10/usr/src/cmd/postscript/devpost/charlib/rh
v10/usr/src/cmd/postscript/devpost/charlib/sq
v10/usr/src/cmd/postscript/devpost/charlib/u_LH
v10/usr/src/cmd/postscript/devpost/charlib/u_RC
v10/usr/src/cmd/postscript/devpost/charlib/u_rH
v10/usr/src/cmd/postscript/devpost/charlib/u_u_lH
v10/usr/src/cmd/postscript/devpost/charlib/~=
v10/usr/src/cmd/postscript/download/README
v10/usr/src/cmd/postscript/download/download.1
v10/usr/src/cmd/postscript/download/download.c
v10/usr/src/cmd/postscript/download/download.h
v10/usr/src/cmd/postscript/download/download.mk
v10/usr/src/cmd/postscript/download/example.map
