v10/usr/src/cmd/postscript/dpost/README
v10/usr/src/cmd/postscript/dpost/color.c
v10/usr/src/cmd/postscript/dpost/dpost.1
v10/usr/src/cmd/postscript/dpost/dpost.c
v10/usr/src/cmd/postscript/dpost/dpost.h
v10/usr/src/cmd/postscript/dpost/dpost.mk
v10/usr/src/cmd/postscript/dpost/dpost.ps
v10/usr/src/cmd/postscript/dpost/draw.c
v10/usr/src/cmd/postscript/dpost/draw.ps
v10/usr/src/cmd/postscript/dpost/font.c
v10/usr/src/cmd/postscript/dpost/font.h
v10/usr/src/cmd/postscript/dpost/motion.h
v10/usr/src/cmd/postscript/dpost/odpost.c
v10/usr/src/cmd/postscript/dpost/pictures.c
v10/usr/src/cmd/postscript/dpost/ps_include.awk
v10/usr/src/cmd/postscript/dpost/ps_include.c
v10/usr/src/cmd/postscript/dpost/ps_include.h
v10/usr/src/cmd/postscript/dpost/ps_include.ps
v10/usr/src/cmd/postscript/grabit/grabit
v10/usr/src/cmd/postscript/grabit/grabit.1
v10/usr/src/cmd/postscript/grabit/grabit.mk
v10/usr/src/cmd/postscript/grabit/grabit.ps
v10/usr/src/cmd/postscript/grabit/grabit.sh
v10/usr/src/cmd/postscript/hardcopy/README
v10/usr/src/cmd/postscript/hardcopy/hardcopy
v10/usr/src/cmd/postscript/hardcopy/hardcopy.1
v10/usr/src/cmd/postscript/hardcopy/hardcopy.mk
v10/usr/src/cmd/postscript/hardcopy/hardcopy.ps
v10/usr/src/cmd/postscript/hardcopy/hardcopy.sh
v10/usr/src/cmd/postscript/mcolor/color.sr
v10/usr/src/cmd/postscript/mcolor/mcolor.5
v10/usr/src/cmd/postscript/mcolor/mcolor.mk
v10/usr/src/cmd/postscript/misc/README
v10/usr/src/cmd/postscript/misc/ibmfont.c
v10/usr/src/cmd/postscript/misc/laserbar.1
v10/usr/src/cmd/postscript/misc/laserbar.c
v10/usr/src/cmd/postscript/misc/lp.model
v10/usr/src/cmd/postscript/misc/macfont.c
v10/usr/src/cmd/postscript/misc/pscrypt.c
v10/usr/src/cmd/postscript/misc/setbaud.ps
v10/usr/src/cmd/postscript/mpictures/mpictures.5
v10/usr/src/cmd/postscript/mpictures/mpictures.mk
v10/usr/src/cmd/postscript/mpictures/pictures.sr
v10/usr/src/cmd/postscript/mpictures/tmac.pictures
v10/usr/src/cmd/postscript/picpack/picpack.1
v10/usr/src/cmd/postscript/picpack/picpack.c
v10/usr/src/cmd/postscript/picpack/picpack.mk
v10/usr/src/cmd/postscript/postbgi/README
v10/usr/src/cmd/postscript/postbgi/postbgi.1
v10/usr/src/cmd/postscript/postbgi/postbgi.c
v10/usr/src/cmd/postscript/postbgi/postbgi.h
v10/usr/src/cmd/postscript/postbgi/postbgi.mk
v10/usr/src/cmd/postscript/postbgi/postbgi.ps
v10/usr/src/cmd/postscript/postdaisy/Opostdaisy.c
v10/usr/src/cmd/postscript/postdaisy/README
v10/usr/src/cmd/postscript/postdaisy/postdaisy.1
v10/usr/src/cmd/postscript/postdaisy/postdaisy.c
v10/usr/src/cmd/postscript/postdaisy/postdaisy.h
v10/usr/src/cmd/postscript/postdaisy/postdaisy.mk
v10/usr/src/cmd/postscript/postdaisy/postdaisy.ps
