v10/usr/src/cmd/postscript/postdmd/README
v10/usr/src/cmd/postscript/postdmd/postdmd.1
v10/usr/src/cmd/postscript/postdmd/postdmd.c
v10/usr/src/cmd/postscript/postdmd/postdmd.mk
v10/usr/src/cmd/postscript/postdmd/postdmd.ps
v10/usr/src/cmd/postscript/postgif/Opostgif.c
v10/usr/src/cmd/postscript/postgif/postgif.1
v10/usr/src/cmd/postscript/postgif/postgif.c
v10/usr/src/cmd/postscript/postgif/postgif.mk
v10/usr/src/cmd/postscript/postgif/postgif.ps
v10/usr/src/cmd/postscript/postio/README
v10/usr/src/cmd/postscript/postio/ifdef.c
v10/usr/src/cmd/postscript/postio/ifdef.h
v10/usr/src/cmd/postscript/postio/postio.1
v10/usr/src/cmd/postscript/postio/postio.c
v10/usr/src/cmd/postscript/postio/postio.h
v10/usr/src/cmd/postscript/postio/postio.mk
v10/usr/src/cmd/postscript/postio/postio.mk.new
v10/usr/src/cmd/postscript/postio/postio.mk.old
v10/usr/src/cmd/postscript/postio/slowsend.c
v10/usr/src/cmd/postscript/postmd/README
v10/usr/src/cmd/postscript/postmd/postmd.1
v10/usr/src/cmd/postscript/postmd/postmd.c
v10/usr/src/cmd/postscript/postmd/postmd.h
v10/usr/src/cmd/postscript/postmd/postmd.mk
v10/usr/src/cmd/postscript/postmd/postmd.ps
v10/usr/src/cmd/postscript/postprint/Lpostprint.c
v10/usr/src/cmd/postscript/postprint/README
v10/usr/src/cmd/postscript/postprint/postprint.1
v10/usr/src/cmd/postscript/postprint/postprint.c
v10/usr/src/cmd/postscript/postprint/postprint.h
v10/usr/src/cmd/postscript/postprint/postprint.mk
v10/usr/src/cmd/postscript/postprint/postprint.ps
v10/usr/src/cmd/postscript/postreverse/README
v10/usr/src/cmd/postscript/postreverse/postreverse.1
v10/usr/src/cmd/postscript/postreverse/postreverse.c
v10/usr/src/cmd/postscript/postreverse/postreverse.h
v10/usr/src/cmd/postscript/postreverse/postreverse.mk
v10/usr/src/cmd/postscript/posttek/README
v10/usr/src/cmd/postscript/posttek/posttek.1
v10/usr/src/cmd/postscript/posttek/posttek.c
v10/usr/src/cmd/postscript/posttek/posttek.h
v10/usr/src/cmd/postscript/posttek/posttek.mk
v10/usr/src/cmd/postscript/posttek/posttek.ps
v10/usr/src/cmd/postscript/printfont/printfont
v10/usr/src/cmd/postscript/printfont/printfont.1
v10/usr/src/cmd/postscript/printfont/printfont.mk
v10/usr/src/cmd/postscript/printfont/printfont.ps
v10/usr/src/cmd/postscript/printfont/printfont.sh
v10/usr/src/cmd/postscript/psencoding/Latin1.enc
v10/usr/src/cmd/postscript/psencoding/psencoding
v10/usr/src/cmd/postscript/psencoding/psencoding.1
v10/usr/src/cmd/postscript/psencoding/psencoding.mk
v10/usr/src/cmd/postscript/psencoding/psencoding.sh
v10/usr/src/cmd/postscript/psfiles/README
v10/usr/src/cmd/postscript/psfiles/aps.ps
v10/usr/src/cmd/postscript/psfiles/banner.ps
v10/usr/src/cmd/postscript/psfiles/baseline.ps
v10/usr/src/cmd/postscript/psfiles/color.ps
v10/usr/src/cmd/postscript/psfiles/fatcourier.ps
v10/usr/src/cmd/postscript/psfiles/forms.ps
v10/usr/src/cmd/postscript/psfiles/ps.requests
v10/usr/src/cmd/postscript/psfiles/psfiles.mk
v10/usr/src/cmd/postscript/psfiles/roundpage.ps
v10/usr/src/cmd/postscript/psfiles/shade.ps
v10/usr/src/cmd/postscript/psfiles/unbind.ps
