v10/usr/src/cmd/postscript/tests/postmd1
v10/usr/src/cmd/postscript/tests/postprint1
v10/usr/src/cmd/postscript/tests/runtests
v10/usr/src/cmd/postscript/tests/troff1
v10/usr/src/cmd/postscript/trofftable/trofftable
v10/usr/src/cmd/postscript/trofftable/trofftable.1
v10/usr/src/cmd/postscript/trofftable/trofftable.mk
v10/usr/src/cmd/postscript/trofftable/trofftable.ps
v10/usr/src/cmd/postscript/trofftable/trofftable.sh
v10/usr/src/cmd/pp/dev.h
v10/usr/src/cmd/pp/makefile
v10/usr/src/cmd/pp/mkfile
v10/usr/src/cmd/pp/pp.1
v10/usr/src/cmd/pp/pp.c
v10/usr/src/cmd/pp/pp.c-1
v10/usr/src/cmd/pp/pp.h
v10/usr/src/cmd/pp/scan.l
v10/usr/src/cmd/prefer/NEW
v10/usr/src/cmd/prefer/makefile
v10/usr/src/cmd/prefer/mkfile
v10/usr/src/cmd/prefer/libux3/makefile
v10/usr/src/cmd/prefer/libux3/mkfile
v10/usr/src/cmd/prefer/libux3/strchr.c
v10/usr/src/cmd/prefer/libux3/strpbrk.c
v10/usr/src/cmd/prefer/libux3/strspn.c
v10/usr/src/cmd/prefer/libux3/strtok.c
v10/usr/src/cmd/prefer/misc/errexit.c
v10/usr/src/cmd/prefer/misc/ignore
v10/usr/src/cmd/prefer/misc/makefile
v10/usr/src/cmd/prefer/misc/mkfile
v10/usr/src/cmd/prefer/misc/mypubenter.c
v10/usr/src/cmd/prefer/misc/pbib
v10/usr/src/cmd/prefer/misc/pbib.sh
v10/usr/src/cmd/prefer/misc/pconvert
v10/usr/src/cmd/prefer/misc/pconvert.sh
v10/usr/src/cmd/prefer/misc/pdoc
v10/usr/src/cmd/prefer/misc/pdoc.sh
v10/usr/src/cmd/prefer/misc/penter
v10/usr/src/cmd/prefer/misc/penter.sh
v10/usr/src/cmd/prefer/misc/ptemplate
v10/usr/src/cmd/prefer/pref/alpha.seek.c
v10/usr/src/cmd/prefer/pref/bib.h
v10/usr/src/cmd/prefer/pref/invert.c
v10/usr/src/cmd/prefer/pref/libpath.c
v10/usr/src/cmd/prefer/pref/locate.c
v10/usr/src/cmd/prefer/pref/lookup.c
v10/usr/src/cmd/prefer/pref/makefile
v10/usr/src/cmd/prefer/pref/makekey.c
v10/usr/src/cmd/prefer/pref/mkfile
v10/usr/src/cmd/prefer/pref/prefer.c
v10/usr/src/cmd/prefer/pref/streams.c
v10/usr/src/cmd/prefer/pref/streams.h
v10/usr/src/cmd/prefer/prefawk/awk.1
v10/usr/src/cmd/prefer/prefawk/awk.g.y
v10/usr/src/cmd/prefer/prefawk/awk.h
v10/usr/src/cmd/prefer/prefawk/awk.lx.l
v10/usr/src/cmd/prefer/prefawk/b.c
v10/usr/src/cmd/prefer/prefawk/lib.c
v10/usr/src/cmd/prefer/prefawk/main.c
v10/usr/src/cmd/prefer/prefawk/makefile
v10/usr/src/cmd/prefer/prefawk/maketab.c
v10/usr/src/cmd/prefer/prefawk/mkfile
v10/usr/src/cmd/prefer/prefawk/parse.c
v10/usr/src/cmd/prefer/prefawk/prevy.tab.h
v10/usr/src/cmd/prefer/prefawk/proctab.c
v10/usr/src/cmd/prefer/prefawk/run.c
v10/usr/src/cmd/prefer/prefawk/tran.c
v10/usr/src/cmd/prefer/prefawk/y.tab.h
