v10/usr/src/cmd/prefer/styles/README
v10/usr/src/cmd/prefer/styles/acm
v10/usr/src/cmd/prefer/styles/apa
v10/usr/src/cmd/prefer/styles/att
v10/usr/src/cmd/prefer/styles/general
v10/usr/src/cmd/prefer/styles/ieee
v10/usr/src/cmd/prefer/styles/lsa
v10/usr/src/cmd/prefer/styles/makefile
v10/usr/src/cmd/prefer/styles/mkfile
v10/usr/src/cmd/prefer/styles/newacm
v10/usr/src/cmd/prefer/styles/newapa
v10/usr/src/cmd/prefer/styles/newatt
v10/usr/src/cmd/prefer/styles/newieee
v10/usr/src/cmd/prefer/styles/newlsa
v10/usr/src/cmd/prefer/styles/newpami
v10/usr/src/cmd/prefer/styles/newspectrum
v10/usr/src/cmd/prefer/styles/pami
v10/usr/src/cmd/prefer/styles/spe
v10/usr/src/cmd/prefer/styles/spectrum
v10/usr/src/cmd/pret/makefile
v10/usr/src/cmd/pret/mkfile
v10/usr/src/cmd/pret/pret.d
v10/usr/src/cmd/pret/pret.expr.c
v10/usr/src/cmd/pret/pret.h
v10/usr/src/cmd/pret/pret.y
v10/usr/src/cmd/pret/pret0.c
v10/usr/src/cmd/pret/pret1.c
v10/usr/src/cmd/pret/pret2.c
v10/usr/src/cmd/pret/pret3.c
v10/usr/src/cmd/pret/pret4.c
v10/usr/src/cmd/pret/pret6.c
v10/usr/src/cmd/pret/pret7.c
v10/usr/src/cmd/pret/pret8.c
v10/usr/src/cmd/pret/pret9.c
v10/usr/src/cmd/pret/pretlex.l
v10/usr/src/cmd/pret/x.tab.h
v10/usr/src/cmd/primes/makefile
v10/usr/src/cmd/primes/mkfile
v10/usr/src/cmd/primes/primes.c
