v10/usr/src/cmd/ps/doselect.c
v10/usr/src/cmd/ps/fdprint.c
v10/usr/src/cmd/ps/ftab.c
v10/usr/src/cmd/ps/getargs.c
v10/usr/src/cmd/ps/getfs.c
v10/usr/src/cmd/ps/gettty.c
v10/usr/src/cmd/ps/getuname.c
v10/usr/src/cmd/ps/kmem.c
v10/usr/src/cmd/ps/memrd.c
v10/usr/src/cmd/ps/mkfile
v10/usr/src/cmd/ps/printp.c
v10/usr/src/cmd/ps/proca.c
v10/usr/src/cmd/ps/ps.c
v10/usr/src/cmd/ps/ps.h
v10/usr/src/cmd/punct/Makefile
v10/usr/src/cmd/punct/cbtype.c
v10/usr/src/cmd/punct/cbtype.h
v10/usr/src/cmd/punct/mdouble.c
v10/usr/src/cmd/punct/mkfile
v10/usr/src/cmd/punct/npunct.l
v10/usr/src/cmd/qsnap/LUT_pola52.h
v10/usr/src/cmd/qsnap/Makefile
v10/usr/src/cmd/qsnap/Q2snap.c
v10/usr/src/cmd/qsnap/Q_LUT.h
v10/usr/src/cmd/qsnap/beep.c
v10/usr/src/cmd/qsnap/defines.h
v10/usr/src/cmd/qsnap/foo.c
v10/usr/src/cmd/qsnap/fsqrt.s
v10/usr/src/cmd/qsnap/gpib.c
v10/usr/src/cmd/qsnap/iberr.c
v10/usr/src/cmd/qsnap/ibic.c
v10/usr/src/cmd/qsnap/ibup.c
v10/usr/src/cmd/qsnap/junk.c
v10/usr/src/cmd/qsnap/library.c
v10/usr/src/cmd/qsnap/mkfile
v10/usr/src/cmd/qsnap/piclib.c
v10/usr/src/cmd/qsnap/piclib.h
v10/usr/src/cmd/qsnap/q.c
v10/usr/src/cmd/qsnap/qbright.c
v10/usr/src/cmd/qsnap/qcal.c
v10/usr/src/cmd/qsnap/qcr_lut.h
v10/usr/src/cmd/qsnap/qdump.c
v10/usr/src/cmd/qsnap/qlevel.c
v10/usr/src/cmd/qsnap/qlut2.h
v10/usr/src/cmd/qsnap/qprep.c
v10/usr/src/cmd/qsnap/qreset.c
v10/usr/src/cmd/qsnap/qreso.c
v10/usr/src/cmd/qsnap/qsnap.c
v10/usr/src/cmd/qsnap/qstatus.c
v10/usr/src/cmd/qsnap/qt.c
v10/usr/src/cmd/qsnap/qtest.c
v10/usr/src/cmd/qsnap/u_Qsnap.c
v10/usr/src/cmd/qsnap/y.tab.h
v10/usr/src/cmd/rarepl/mkfile
v10/usr/src/cmd/rarepl/rarct.c
v10/usr/src/cmd/rarepl/rarepl.c
v10/usr/src/cmd/rarepl/rct.h
v10/usr/src/cmd/ratfor/BUGS
v10/usr/src/cmd/ratfor/makefile
v10/usr/src/cmd/ratfor/mkfile
v10/usr/src/cmd/ratfor/r.g
v10/usr/src/cmd/ratfor/r.h
v10/usr/src/cmd/ratfor/r0.c
v10/usr/src/cmd/ratfor/r1.c
v10/usr/src/cmd/ratfor/r2.c
v10/usr/src/cmd/ratfor/rio.c
v10/usr/src/cmd/ratfor/rlex.c
v10/usr/src/cmd/ratfor/rlook.c
v10/usr/src/cmd/ratfor/old/ORDER
v10/usr/src/cmd/ratfor/old/makefile
v10/usr/src/cmd/ratfor/old/mkfile
v10/usr/src/cmd/ratfor/old/r.g
v10/usr/src/cmd/ratfor/old/r.h
v10/usr/src/cmd/ratfor/old/r0.c
v10/usr/src/cmd/ratfor/old/r1.c
v10/usr/src/cmd/ratfor/old/r2.c
v10/usr/src/cmd/ratfor/old/rio.c
v10/usr/src/cmd/ratfor/old/rlex.c
v10/usr/src/cmd/ratfor/old/rlook.c
v10/usr/src/cmd/refer/deliv1.c
v10/usr/src/cmd/refer/deliv2.c
v10/usr/src/cmd/refer/flagger.c
v10/usr/src/cmd/refer/glue1.c
v10/usr/src/cmd/refer/glue2.c
v10/usr/src/cmd/refer/glue3.c
v10/usr/src/cmd/refer/glue4.c
v10/usr/src/cmd/refer/glue5.c
v10/usr/src/cmd/refer/hunt1.c
v10/usr/src/cmd/refer/hunt2.c
v10/usr/src/cmd/refer/hunt3.c
v10/usr/src/cmd/refer/hunt5.c
v10/usr/src/cmd/refer/hunt6.c
v10/usr/src/cmd/refer/hunt7.c
v10/usr/src/cmd/refer/hunt8.c
v10/usr/src/cmd/refer/hunt9.c
v10/usr/src/cmd/refer/inv1.c
v10/usr/src/cmd/refer/inv2.c
v10/usr/src/cmd/refer/inv3.c
v10/usr/src/cmd/refer/inv5.c
v10/usr/src/cmd/refer/inv6.c
v10/usr/src/cmd/refer/iread.c
v10/usr/src/cmd/refer/kaiser.c
v10/usr/src/cmd/refer/lookbib
v10/usr/src/cmd/refer/makefile
v10/usr/src/cmd/refer/mbox
v10/usr/src/cmd/refer/mkey1.c
v10/usr/src/cmd/refer/mkey2.c
v10/usr/src/cmd/refer/mkey3.c
v10/usr/src/cmd/refer/mkfile
v10/usr/src/cmd/refer/ml1.c
v10/usr/src/cmd/refer/ml2.c
v10/usr/src/cmd/refer/pubindex
v10/usr/src/cmd/refer/refer..c
v10/usr/src/cmd/refer/refer0.c
v10/usr/src/cmd/refer/refer1.c
v10/usr/src/cmd/refer/refer2.c
v10/usr/src/cmd/refer/refer3.c
v10/usr/src/cmd/refer/refer4.c
v10/usr/src/cmd/refer/refer5.c
v10/usr/src/cmd/refer/refer6.c
v10/usr/src/cmd/refer/refer7.c
v10/usr/src/cmd/refer/refer8.c
v10/usr/src/cmd/refer/sample
v10/usr/src/cmd/refer/shell.c
v10/usr/src/cmd/refer/test
v10/usr/src/cmd/refer/thash.c
v10/usr/src/cmd/refer/tick.c
v10/usr/src/cmd/refer/types.c
v10/usr/src/cmd/refer/what..c
v10/usr/src/cmd/refer/what1.c
v10/usr/src/cmd/refer/what2.c
v10/usr/src/cmd/refer/what3.c
v10/usr/src/cmd/refer/what4.c
v10/usr/src/cmd/refer/update/drop.c
v10/usr/src/cmd/refer/update/extr.c
v10/usr/src/cmd/refer/update/look.c
v10/usr/src/cmd/refer/update/makefile
v10/usr/src/cmd/refer/update/mkfile
v10/usr/src/cmd/refer/update/runup.h
v10/usr/src/cmd/refer/update/runup1.c
v10/usr/src/cmd/refer/update/runup2.c
v10/usr/src/cmd/refer/update/runup3.c
v10/usr/src/cmd/refer/update/runup4.c
v10/usr/src/cmd/refer/update/runup6.c
v10/usr/src/cmd/refer/update/runup7.c
v10/usr/src/cmd/refer/update/runup8.c
v10/usr/src/cmd/refer/update/shell.c
