v10/usr/src/cmd/sdb/Makefile
v10/usr/src/cmd/sdb/README
v10/usr/src/cmd/sdb/access.c
v10/usr/src/cmd/sdb/base.h
v10/usr/src/cmd/sdb/cdefs.h
v10/usr/src/cmd/sdb/decode.c
v10/usr/src/cmd/sdb/defs.h
v10/usr/src/cmd/sdb/display.c
v10/usr/src/cmd/sdb/docomm.c
v10/usr/src/cmd/sdb/fio.c
v10/usr/src/cmd/sdb/head.h
v10/usr/src/cmd/sdb/instrs
v10/usr/src/cmd/sdb/mac.h
v10/usr/src/cmd/sdb/machine.h
v10/usr/src/cmd/sdb/main.c
v10/usr/src/cmd/sdb/message.c
v10/usr/src/cmd/sdb/mkfile
v10/usr/src/cmd/sdb/mode.h
v10/usr/src/cmd/sdb/old.c
v10/usr/src/cmd/sdb/old.h
v10/usr/src/cmd/sdb/opset.c
v10/usr/src/cmd/sdb/optab.c
v10/usr/src/cmd/sdb/pcs.c
v10/usr/src/cmd/sdb/prvar.c
v10/usr/src/cmd/sdb/rdwr.c
v10/usr/src/cmd/sdb/re.c
v10/usr/src/cmd/sdb/runpcs.c
v10/usr/src/cmd/sdb/setup.c
v10/usr/src/cmd/sdb/ss.c
v10/usr/src/cmd/sdb/sub.c
v10/usr/src/cmd/sdb/symt.c
v10/usr/src/cmd/sdb/udef.c
v10/usr/src/cmd/sdb/version.c
v10/usr/src/cmd/sdb/xeq.c
v10/usr/src/cmd/sed/Makefile
v10/usr/src/cmd/sed/fixedbugs
v10/usr/src/cmd/sed/mkfile
v10/usr/src/cmd/sed/osed.h
v10/usr/src/cmd/sed/osed0.c
v10/usr/src/cmd/sed/osed1.c
v10/usr/src/cmd/sed/sed.h
v10/usr/src/cmd/sed/sed0.c
v10/usr/src/cmd/sed/sed1.c
v10/usr/src/cmd/server/Makefile
v10/usr/src/cmd/server/Oserver.c
v10/usr/src/cmd/server/mkfile
v10/usr/src/cmd/server/server.c
v10/usr/src/cmd/sh/:fix
v10/usr/src/cmd/sh/args.c
v10/usr/src/cmd/sh/blok.c
v10/usr/src/cmd/sh/brkincr.h
v10/usr/src/cmd/sh/cmd.c
v10/usr/src/cmd/sh/defs.c
v10/usr/src/cmd/sh/defs.h
v10/usr/src/cmd/sh/error.c
v10/usr/src/cmd/sh/expand.c
v10/usr/src/cmd/sh/fault.c
v10/usr/src/cmd/sh/func.c
v10/usr/src/cmd/sh/io.c
v10/usr/src/cmd/sh/mac.h
v10/usr/src/cmd/sh/macro.c
v10/usr/src/cmd/sh/main.c
v10/usr/src/cmd/sh/mkfile
v10/usr/src/cmd/sh/mode.h
v10/usr/src/cmd/sh/msg.c
v10/usr/src/cmd/sh/name.c
v10/usr/src/cmd/sh/name.h
v10/usr/src/cmd/sh/pathserv.c
v10/usr/src/cmd/sh/print.c
v10/usr/src/cmd/sh/profile.c
v10/usr/src/cmd/sh/sctype.c
v10/usr/src/cmd/sh/sctype.h
v10/usr/src/cmd/sh/service.c
v10/usr/src/cmd/sh/shsetbrk.c
v10/usr/src/cmd/sh/spname.c
v10/usr/src/cmd/sh/stak.c
v10/usr/src/cmd/sh/stak.h
v10/usr/src/cmd/sh/string.c
v10/usr/src/cmd/sh/sym.h
v10/usr/src/cmd/sh/timeout.h
v10/usr/src/cmd/sh/word.c
v10/usr/src/cmd/sh/xec.c
v10/usr/src/cmd/sign/enroll.c
v10/usr/src/cmd/sign/ix.c
v10/usr/src/cmd/sign/makefile
v10/usr/src/cmd/sign/mkfile
v10/usr/src/cmd/sign/notary.c
v10/usr/src/cmd/sign/resign.c
v10/usr/src/cmd/sign/sign.1
v10/usr/src/cmd/sign/sign.c
v10/usr/src/cmd/sign/test0
v10/usr/src/cmd/sign/test1
v10/usr/src/cmd/sign/verify.c
v10/usr/src/cmd/sign/xs.c
