v10/usr/src/cmd/sky/aberr.c
v10/usr/src/cmd/sky/common.c
v10/usr/src/cmd/sky/fmod.c
v10/usr/src/cmd/sky/geo.c
v10/usr/src/cmd/sky/helio.c
v10/usr/src/cmd/sky/jup.c
v10/usr/src/cmd/sky/jupt.c
v10/usr/src/cmd/sky/main.c
v10/usr/src/cmd/sky/makefile
v10/usr/src/cmd/sky/mars.c
v10/usr/src/cmd/sky/marst.c
v10/usr/src/cmd/sky/merc.c
v10/usr/src/cmd/sky/merct.c
v10/usr/src/cmd/sky/mkfile
v10/usr/src/cmd/sky/moon.c
v10/usr/src/cmd/sky/moont.c
v10/usr/src/cmd/sky/nutate.c
v10/usr/src/cmd/sky/nutt.c
v10/usr/src/cmd/sky/output.c
v10/usr/src/cmd/sky/pdate.c
v10/usr/src/cmd/sky/sat.c
v10/usr/src/cmd/sky/sky.h
v10/usr/src/cmd/sky/star.c
v10/usr/src/cmd/sky/stars.c
v10/usr/src/cmd/sky/startab
v10/usr/src/cmd/sky/sun.c
v10/usr/src/cmd/sky/sunt.c
v10/usr/src/cmd/sky/venus.c
v10/usr/src/cmd/sky/venust.c
v10/usr/src/cmd/sml/README
v10/usr/src/cmd/sml/VERSION-0.44
v10/usr/src/cmd/sml/doc/BATCHINSTALL
v10/usr/src/cmd/sml/doc/COPYRIGHT
v10/usr/src/cmd/sml/doc/INSTALL
v10/usr/src/cmd/sml/doc/NEWS
v10/usr/src/cmd/sml/doc/bug.form
v10/usr/src/cmd/sml/doc/bugs
v10/usr/src/cmd/sml/doc/callcc
v10/usr/src/cmd/sml/doc/differences
v10/usr/src/cmd/sml/doc/environ
v10/usr/src/cmd/sml/doc/help
v10/usr/src/cmd/sml/doc/howto-boot
v10/usr/src/cmd/sml/doc/linkdata.1
v10/usr/src/cmd/sml/doc/localspec
v10/usr/src/cmd/sml/doc/makeml.1
v10/usr/src/cmd/sml/doc/optimize
v10/usr/src/cmd/sml/doc/profiling
v10/usr/src/cmd/sml/doc/users
v10/usr/src/cmd/sml/doc/weak-types
v10/usr/src/cmd/sml/doc/examples/SK.sml
v10/usr/src/cmd/sml/doc/examples/cat.sml
v10/usr/src/cmd/sml/doc/examples/iterators.sml
v10/usr/src/cmd/sml/doc/examples/lambda.sml
v10/usr/src/cmd/sml/doc/examples/lex.sml
v10/usr/src/cmd/sml/doc/examples/parser.sml
v10/usr/src/cmd/sml/doc/examples/prop.sml
v10/usr/src/cmd/sml/doc/examples/quicksort.sml
v10/usr/src/cmd/sml/doc/examples/ray.sml
v10/usr/src/cmd/sml/doc/examples/redblack.sml
v10/usr/src/cmd/sml/doc/examples/stream.sml
v10/usr/src/cmd/sml/doc/examples/union-find.sml
v10/usr/src/cmd/sml/doc/examples/awk/awk.sml
v10/usr/src/cmd/sml/doc/examples/awk/lex.sml
v10/usr/src/cmd/sml/doc/examples/awk/make
v10/usr/src/cmd/sml/doc/examples/awk/stringmap.sml
v10/usr/src/cmd/sml/doc/examples/awk/stringtab.sml
v10/usr/src/cmd/sml/doc/examples/awk/tally.sml
v10/usr/src/cmd/sml/doc/examples/missionaries/buffers.sml
v10/usr/src/cmd/sml/doc/examples/missionaries/glue.sml
v10/usr/src/cmd/sml/doc/examples/missionaries/make.sml
v10/usr/src/cmd/sml/doc/examples/missionaries/mandc.sml
v10/usr/src/cmd/sml/doc/examples/missionaries/search.sml
v10/usr/src/cmd/sml/doc/examples/spread/formula.sig
v10/usr/src/cmd/sml/doc/examples/spread/glue.sml
v10/usr/src/cmd/sml/doc/examples/spread/make
v10/usr/src/cmd/sml/doc/examples/spread/parse.sig
v10/usr/src/cmd/sml/doc/examples/spread/parse.sml
v10/usr/src/cmd/sml/doc/examples/spread/semant.sml
v10/usr/src/cmd/sml/doc/examples/spread/sheet.sig
v10/usr/src/cmd/sml/doc/examples/spread/sheet.sml
v10/usr/src/cmd/sml/doc/examples/spread/tree.sml
