v10/usr/src/cmd/sml/doc/refman/compat.aux
v10/usr/src/cmd/sml/doc/refman/compat.tex
v10/usr/src/cmd/sml/doc/refman/derived.aux
v10/usr/src/cmd/sml/doc/refman/derived.tex
v10/usr/src/cmd/sml/doc/refman/direct.aux
v10/usr/src/cmd/sml/doc/refman/direct.tex
v10/usr/src/cmd/sml/doc/refman/equality.aux
v10/usr/src/cmd/sml/doc/refman/equality.tex
v10/usr/src/cmd/sml/doc/refman/eval.aux
v10/usr/src/cmd/sml/doc/refman/eval.tex
v10/usr/src/cmd/sml/doc/refman/exceptions.aux
v10/usr/src/cmd/sml/doc/refman/exceptions.tex
v10/usr/src/cmd/sml/doc/refman/gram.aux
v10/usr/src/cmd/sml/doc/refman/gram.tex
v10/usr/src/cmd/sml/doc/refman/gram2.aux
v10/usr/src/cmd/sml/doc/refman/gram2.tex
v10/usr/src/cmd/sml/doc/refman/intro.aux
v10/usr/src/cmd/sml/doc/refman/intro.tex
v10/usr/src/cmd/sml/doc/refman/lex.aux
v10/usr/src/cmd/sml/doc/refman/lex.tex
v10/usr/src/cmd/sml/doc/refman/library.aux
v10/usr/src/cmd/sml/doc/refman/library.tex
v10/usr/src/cmd/sml/doc/refman/man.aux
v10/usr/src/cmd/sml/doc/refman/man.log
v10/usr/src/cmd/sml/doc/refman/man.tex
v10/usr/src/cmd/sml/doc/refman/module.aux
v10/usr/src/cmd/sml/doc/refman/module.tex
v10/usr/src/cmd/sml/doc/refman/reference.aux
v10/usr/src/cmd/sml/doc/refman/reference.tex
v10/usr/src/cmd/sml/doc/refman/reftype.aux
v10/usr/src/cmd/sml/doc/refman/reftype.tex
v10/usr/src/cmd/sml/doc/refman/standard.aux
v10/usr/src/cmd/sml/doc/refman/standard.tex
v10/usr/src/cmd/sml/doc/refman/type.aux
v10/usr/src/cmd/sml/doc/refman/type.tex
v10/usr/src/cmd/sml/lib/COPYRIGHT
v10/usr/src/cmd/sml/lib/standard.sml
v10/usr/src/cmd/sml/lib/emacs/outdent.el
v10/usr/src/cmd/sml/lib/emacs/sml-mode.doc
v10/usr/src/cmd/sml/lib/emacs/sml-mode.el
v10/usr/src/cmd/sml/lib/lexgen/README
v10/usr/src/cmd/sml/lib/lexgen/lexgen.doc
v10/usr/src/cmd/sml/lib/lexgen/lexgen.sml
v10/usr/src/cmd/sml/lib/lexgen/mlex_int.doc
v10/usr/src/cmd/sml/lib/lexgen/note
