v10/usr/src/cmd/sml/lib/twig/README
v10/usr/src/cmd/sml/lib/twig/analyzer.l..a
v10/usr/src/cmd/sml/lib/twig/analyzer.lex
v10/usr/src/cmd/sml/lib/twig/automata.sml
v10/usr/src/cmd/sml/lib/twig/example.mtw
v10/usr/src/cmd/sml/lib/twig/invoke.sml
v10/usr/src/cmd/sml/lib/twig/lexer.sml
v10/usr/src/cmd/sml/lib/twig/longnamelist
v10/usr/src/cmd/sml/lib/twig/main.sml
v10/usr/src/cmd/sml/lib/twig/man.tex
v10/usr/src/cmd/sml/lib/twig/parser.sml
v10/usr/src/cmd/sml/lib/twig/runtime.sml
v10/usr/src/cmd/sml/src/COPYRIGHT
v10/usr/src/cmd/sml/src/LICENSE
v10/usr/src/cmd/sml/src/all
v10/usr/src/cmd/sml/src/diagnostics
v10/usr/src/cmd/sml/src/makeml
v10/usr/src/cmd/sml/src/makeml.1
v10/usr/src/cmd/sml/src/absyn/absyn.sml
v10/usr/src/cmd/sml/src/absyn/bareabsyn.sig
v10/usr/src/cmd/sml/src/absyn/bareabsyn.sml
v10/usr/src/cmd/sml/src/absyn/printabsyn.sml
v10/usr/src/cmd/sml/src/basics/access.sig
v10/usr/src/cmd/sml/src/basics/access.sml
v10/usr/src/cmd/sml/src/basics/basics.sig
v10/usr/src/cmd/sml/src/basics/basics.sml
v10/usr/src/cmd/sml/src/basics/basics1.sig
v10/usr/src/cmd/sml/src/basics/basictypes.sig
v10/usr/src/cmd/sml/src/basics/basictypes.sml
v10/usr/src/cmd/sml/src/basics/conrep.sml
v10/usr/src/cmd/sml/src/basics/lambda.sml
v10/usr/src/cmd/sml/src/basics/modutil.sig
v10/usr/src/cmd/sml/src/basics/modutil.sml
v10/usr/src/cmd/sml/src/basics/primop.sig
v10/usr/src/cmd/sml/src/basics/printbas.sml
v10/usr/src/cmd/sml/src/basics/printtype.sml
v10/usr/src/cmd/sml/src/basics/printutil.sig
v10/usr/src/cmd/sml/src/basics/printutil.sml
v10/usr/src/cmd/sml/src/basics/stamp.sml
v10/usr/src/cmd/sml/src/basics/stampset.sig
v10/usr/src/cmd/sml/src/basics/stampset.sml
v10/usr/src/cmd/sml/src/basics/symbol.sig
v10/usr/src/cmd/sml/src/basics/symbol.sml
v10/usr/src/cmd/sml/src/basics/table.sig
v10/usr/src/cmd/sml/src/basics/table.sml
v10/usr/src/cmd/sml/src/basics/token.sml
v10/usr/src/cmd/sml/src/basics/tuples.sml
v10/usr/src/cmd/sml/src/basics/typesutil.sig
v10/usr/src/cmd/sml/src/basics/typesutil.sml
v10/usr/src/cmd/sml/src/bignums/bigint.sig
v10/usr/src/cmd/sml/src/bignums/bigint.sml
v10/usr/src/cmd/sml/src/bignums/realconst.sml
v10/usr/src/cmd/sml/src/boot/assembly.sig
v10/usr/src/cmd/sml/src/boot/core.sml
v10/usr/src/cmd/sml/src/boot/dummy.sml
v10/usr/src/cmd/sml/src/boot/fastlib.sml
v10/usr/src/cmd/sml/src/boot/loader.sml
v10/usr/src/cmd/sml/src/boot/makemos.sml
v10/usr/src/cmd/sml/src/boot/math.sml
v10/usr/src/cmd/sml/src/boot/overloads.sml
v10/usr/src/cmd/sml/src/boot/perv.sig
v10/usr/src/cmd/sml/src/boot/perv.sml
v10/usr/src/cmd/sml/src/boot/system.sig
