v10/usr/src/cmd/sml/src/build/batch.sml
v10/usr/src/cmd/sml/src/build/codes.sig
v10/usr/src/cmd/sml/src/build/interact.sml
v10/usr/src/cmd/sml/src/build/process.sml
v10/usr/src/cmd/sml/src/build/prof.sml
v10/usr/src/cmd/sml/src/codegen/backpatch.sml
v10/usr/src/cmd/sml/src/codegen/interp.sml
v10/usr/src/cmd/sml/src/codegen/opt.sml
v10/usr/src/cmd/sml/src/coder/basecoder.sml
v10/usr/src/cmd/sml/src/coder/coder.sml
v10/usr/src/cmd/sml/src/coder/emitter.sig
v10/usr/src/cmd/sml/src/coder/ieeereal.sml
v10/usr/src/cmd/sml/src/coder/machinstr.sig
v10/usr/src/cmd/sml/src/cps/closure.sml
v10/usr/src/cmd/sml/src/cps/cmachine.sig
v10/usr/src/cmd/sml/src/cps/convert.sml
v10/usr/src/cmd/sml/src/cps/cps.sml
v10/usr/src/cmd/sml/src/cps/cpscomp.sml
v10/usr/src/cmd/sml/src/cps/cpsopt.sml
v10/usr/src/cmd/sml/src/cps/cpsprint.sml
v10/usr/src/cmd/sml/src/cps/freemap.sml
v10/usr/src/cmd/sml/src/cps/generic.sml
v10/usr/src/cmd/sml/src/cps/globalfix.sml
v10/usr/src/cmd/sml/src/cps/hoist.sml
v10/usr/src/cmd/sml/src/cps/insert.sml
v10/usr/src/cmd/sml/src/cps/nullglue.sml
v10/usr/src/cmd/sml/src/cps/profile.sml
v10/usr/src/cmd/sml/src/cps/reorder.sml
v10/usr/src/cmd/sml/src/cps/shareglue.sml
v10/usr/src/cmd/sml/src/cps/size.sml
v10/usr/src/cmd/sml/src/cps/spill.sml
v10/usr/src/cmd/sml/src/env/buildmod.sig
v10/usr/src/cmd/sml/src/env/buildmod.sml
v10/usr/src/cmd/sml/src/env/coreinfo.sig
v10/usr/src/cmd/sml/src/env/coreinfo.sml
v10/usr/src/cmd/sml/src/env/env.sig
v10/usr/src/cmd/sml/src/env/env.sml
v10/usr/src/cmd/sml/src/env/envaccess.sig
v10/usr/src/cmd/sml/src/env/envaccess.sml
v10/usr/src/cmd/sml/src/env/namespace.sig
v10/usr/src/cmd/sml/src/env/namespace.sml
v10/usr/src/cmd/sml/src/env/prim.sml
v10/usr/src/cmd/sml/src/lex/ascii.sml
v10/usr/src/cmd/sml/src/lex/hookup.sml
v10/usr/src/cmd/sml/src/lex/ml.lex
v10/usr/src/cmd/sml/src/lex/ml.lex.sml
