v10/usr/src/cmd/sml/src/m68/m68.sml
v10/usr/src/cmd/sml/src/m68/m68ascode.sml
v10/usr/src/cmd/sml/src/m68/m68coder.sig
v10/usr/src/cmd/sml/src/m68/m68glue.sml
v10/usr/src/cmd/sml/src/m68/m68mcode.sml
v10/usr/src/cmd/sml/src/mips/Makefile
v10/usr/src/cmd/sml/src/mips/README
v10/usr/src/cmd/sml/src/mips/all
v10/usr/src/cmd/sml/src/mips/emitters.nw
v10/usr/src/cmd/sml/src/mips/emitters.sig
v10/usr/src/cmd/sml/src/mips/emitters.sml
v10/usr/src/cmd/sml/src/mips/mips.nw
v10/usr/src/cmd/sml/src/mips/mips.sml
v10/usr/src/cmd/sml/src/mips/mipscoder.nw
v10/usr/src/cmd/sml/src/mips/mipscoder.sig
v10/usr/src/cmd/sml/src/mips/mipscoder.sml
v10/usr/src/cmd/sml/src/mips/mipsdecode.sml
v10/usr/src/cmd/sml/src/mips/mipsglue.nw
v10/usr/src/cmd/sml/src/mips/mipsglue.sml
v10/usr/src/cmd/sml/src/mips/mipsreal.nw
v10/usr/src/cmd/sml/src/mips/mipsreal.sml
v10/usr/src/cmd/sml/src/mips/mkfile
v10/usr/src/cmd/sml/src/mips/opcodes.awk
v10/usr/src/cmd/sml/src/mips/opcodes.nw
v10/usr/src/cmd/sml/src/mips/opcodes.sml
v10/usr/src/cmd/sml/src/mips/regs.tex
v10/usr/src/cmd/sml/src/ns32/ns32.sml
v10/usr/src/cmd/sml/src/ns32/ns32ascode.sml
v10/usr/src/cmd/sml/src/ns32/ns32coder.sig
v10/usr/src/cmd/sml/src/ns32/ns32glue.sml
v10/usr/src/cmd/sml/src/ns32/ns32mcode.sml
v10/usr/src/cmd/sml/src/parse/corelang.sml
v10/usr/src/cmd/sml/src/parse/first.sml
v10/usr/src/cmd/sml/src/parse/misc.sig
v10/usr/src/cmd/sml/src/parse/misc.sml
v10/usr/src/cmd/sml/src/parse/ml.grm
v10/usr/src/cmd/sml/src/parse/parse.sig
v10/usr/src/cmd/sml/src/parse/parse.sml
v10/usr/src/cmd/sml/src/parse/signs.sml
v10/usr/src/cmd/sml/src/parse/stream.sml
v10/usr/src/cmd/sml/src/parse/strs.sml
v10/usr/src/cmd/sml/src/print/printdec.sig
v10/usr/src/cmd/sml/src/print/printdec.sml
v10/usr/src/cmd/sml/src/print/printval.sig
v10/usr/src/cmd/sml/src/print/printval.sml
