v10/usr/src/cmd/sml/src/runtime/CompM68.mos
v10/usr/src/cmd/sml/src/runtime/CompNS32.mos
v10/usr/src/cmd/sml/src/runtime/CompSparc.mos
v10/usr/src/cmd/sml/src/runtime/CompVax.mos
v10/usr/src/cmd/sml/src/runtime/IntM68.mos
v10/usr/src/cmd/sml/src/runtime/IntNS32.mos
v10/usr/src/cmd/sml/src/runtime/IntNull.mos
v10/usr/src/cmd/sml/src/runtime/IntSparc.mos
v10/usr/src/cmd/sml/src/runtime/IntVax.mos
v10/usr/src/cmd/sml/src/runtime/M68.dep.c
v10/usr/src/cmd/sml/src/runtime/M68.prim.s
v10/usr/src/cmd/sml/src/runtime/MIPS.dep.c
v10/usr/src/cmd/sml/src/runtime/MIPS.prim.nw
v10/usr/src/cmd/sml/src/runtime/MIPS.prim.s
v10/usr/src/cmd/sml/src/runtime/Makefile
v10/usr/src/cmd/sml/src/runtime/Makefile.mips
v10/usr/src/cmd/sml/src/runtime/NS32.prim.s
v10/usr/src/cmd/sml/src/runtime/SPARC.dep.c
v10/usr/src/cmd/sml/src/runtime/SPARC.prim.s
v10/usr/src/cmd/sml/src/runtime/STUB.allmo.s
v10/usr/src/cmd/sml/src/runtime/VAX.dep.c
v10/usr/src/cmd/sml/src/runtime/VAX.prim.s
v10/usr/src/cmd/sml/src/runtime/cache.c
v10/usr/src/cmd/sml/src/runtime/callgc.c
v10/usr/src/cmd/sml/src/runtime/cstruct.c
v10/usr/src/cmd/sml/src/runtime/descriptor.h
v10/usr/src/cmd/sml/src/runtime/export.c
v10/usr/src/cmd/sml/src/runtime/gc.c
v10/usr/src/cmd/sml/src/runtime/linkdata.c
v10/usr/src/cmd/sml/src/runtime/make_errors.c
v10/usr/src/cmd/sml/src/runtime/mkfile
v10/usr/src/cmd/sml/src/runtime/ml.h
v10/usr/src/cmd/sml/src/runtime/objects.c
v10/usr/src/cmd/sml/src/runtime/prim.h
v10/usr/src/cmd/sml/src/runtime/prof.c
v10/usr/src/cmd/sml/src/runtime/prof.h
v10/usr/src/cmd/sml/src/runtime/run.c
v10/usr/src/cmd/sml/src/runtime/slinkdata.c
v10/usr/src/cmd/sml/src/runtime/tags.h
v10/usr/src/cmd/sml/src/runtime/trace.c
v10/usr/src/cmd/sml/src/sepcomp/filepaths.sig
v10/usr/src/cmd/sml/src/sepcomp/filepaths.sml
v10/usr/src/cmd/sml/src/sepcomp/importer.sig
v10/usr/src/cmd/sml/src/sepcomp/importer.sml
v10/usr/src/cmd/sml/src/sepcomp/moduleComp.sig
v10/usr/src/cmd/sml/src/sepcomp/moduleComp.sml
v10/usr/src/cmd/sml/src/sparc/sparc.sml
v10/usr/src/cmd/sml/src/sparc/sparcas.sml
v10/usr/src/cmd/sml/src/sparc/sparcglue.sml
v10/usr/src/cmd/sml/src/sparc/sparcinstr.sml
v10/usr/src/cmd/sml/src/sparc/sparcmc.sml
v10/usr/src/cmd/sml/src/translate/equal.sml
v10/usr/src/cmd/sml/src/translate/mc.sml
v10/usr/src/cmd/sml/src/translate/mcopt.sml
v10/usr/src/cmd/sml/src/translate/mcprint.sml
v10/usr/src/cmd/sml/src/translate/nonrec.sml
v10/usr/src/cmd/sml/src/translate/translate.sml
v10/usr/src/cmd/sml/src/translate/unboxed.sml
v10/usr/src/cmd/sml/src/typing/functor.sig
v10/usr/src/cmd/sml/src/typing/functor.sml
v10/usr/src/cmd/sml/src/typing/overload.sig
v10/usr/src/cmd/sml/src/typing/overload.sml
v10/usr/src/cmd/sml/src/typing/sharing.sig
v10/usr/src/cmd/sml/src/typing/sharing.sml
v10/usr/src/cmd/sml/src/typing/sigmatch.sig
v10/usr/src/cmd/sml/src/typing/sigmatch.sml
v10/usr/src/cmd/sml/src/typing/typecheck.sig
v10/usr/src/cmd/sml/src/typing/typecheck.sml
v10/usr/src/cmd/sml/src/util/arrayext.sml
v10/usr/src/cmd/sml/src/util/binsort.sml
v10/usr/src/cmd/sml/src/util/dynamic.sml
v10/usr/src/cmd/sml/src/util/errormsg.sig
v10/usr/src/cmd/sml/src/util/errormsg.sml
v10/usr/src/cmd/sml/src/util/intmap.sig
v10/usr/src/cmd/sml/src/util/intmap.sml
v10/usr/src/cmd/sml/src/util/intset.sml
v10/usr/src/cmd/sml/src/util/intstrmap.sig
v10/usr/src/cmd/sml/src/util/intstrmap.sml
v10/usr/src/cmd/sml/src/util/list2.sml
v10/usr/src/cmd/sml/src/util/sort.sml
v10/usr/src/cmd/sml/src/util/sortedlist.sml
v10/usr/src/cmd/sml/src/util/strghash.sml
v10/usr/src/cmd/sml/src/util/topsort.sml
v10/usr/src/cmd/sml/src/util/union.sml
