v10/usr/src/cmd/spell.old/Makefile
v10/usr/src/cmd/spell.old/README
v10/usr/src/cmd/spell.old/american
v10/usr/src/cmd/spell.old/british
v10/usr/src/cmd/spell.old/code.h
v10/usr/src/cmd/spell.old/collisions
v10/usr/src/cmd/spell.old/hash.c
v10/usr/src/cmd/spell.old/hash.h
v10/usr/src/cmd/spell.old/hashcheck.c
v10/usr/src/cmd/spell.old/hashlook.c
v10/usr/src/cmd/spell.old/hashmake.c
v10/usr/src/cmd/spell.old/huff.c
v10/usr/src/cmd/spell.old/huff.h
v10/usr/src/cmd/spell.old/list
v10/usr/src/cmd/spell.old/local
v10/usr/src/cmd/spell.old/mkfile
v10/usr/src/cmd/spell.old/parsecode.c
v10/usr/src/cmd/spell.old/spell.sh
v10/usr/src/cmd/spell.old/spellin.c
v10/usr/src/cmd/spell.old/spellprep
