v10/usr/src/cmd/spitbol/Makefile
v10/usr/src/cmd/spitbol/Makespitbol
v10/usr/src/cmd/spitbol/OLDosint.s
v10/usr/src/cmd/spitbol/arg2scb.c
v10/usr/src/cmd/spitbol/b
v10/usr/src/cmd/spitbol/bugs
v10/usr/src/cmd/spitbol/cpys2sc.c
v10/usr/src/cmd/spitbol/destinations
v10/usr/src/cmd/spitbol/dif.spt
v10/usr/src/cmd/spitbol/distribute
v10/usr/src/cmd/spitbol/doexec.c
v10/usr/src/cmd/spitbol/doset.c
v10/usr/src/cmd/spitbol/dosys.c
v10/usr/src/cmd/spitbol/fakexit.c
v10/usr/src/cmd/spitbol/flush.c
v10/usr/src/cmd/spitbol/getdate.c
v10/usr/src/cmd/spitbol/gethost.c
v10/usr/src/cmd/spitbol/gpmbif.gpm
v10/usr/src/cmd/spitbol/gpmdoc.gpm
v10/usr/src/cmd/spitbol/gpmdoc.spt
v10/usr/src/cmd/spitbol/header.s
v10/usr/src/cmd/spitbol/imptape
v10/usr/src/cmd/spitbol/labels.sed
v10/usr/src/cmd/spitbol/lenfnm.c
v10/usr/src/cmd/spitbol/listman.c
v10/usr/src/cmd/spitbol/makems.spt
