v10/usr/src/cmd/spitbol/newgpm.spt
v10/usr/src/cmd/spitbol/nlabels.sed
v10/usr/src/cmd/spitbol/oosint.s
v10/usr/src/cmd/spitbol/openerr.c
v10/usr/src/cmd/spitbol/optmov.spt
v10/usr/src/cmd/spitbol/opttst.spt
v10/usr/src/cmd/spitbol/opttsts
v10/usr/src/cmd/spitbol/osclose.c
v10/usr/src/cmd/spitbol/osigs.c
v10/usr/src/cmd/spitbol/osint.s
v10/usr/src/cmd/spitbol/osopen.c
v10/usr/src/cmd/spitbol/ospipe.c
v10/usr/src/cmd/spitbol/osread.c
v10/usr/src/cmd/spitbol/oswait.c
v10/usr/src/cmd/spitbol/oswrite.c
v10/usr/src/cmd/spitbol/rdenv.c
v10/usr/src/cmd/spitbol/regmasks.s
v10/usr/src/cmd/spitbol/samplehost
v10/usr/src/cmd/spitbol/sigs.c
v10/usr/src/cmd/spitbol/sigtrap.c
v10/usr/src/cmd/spitbol/sioarg.c
v10/usr/src/cmd/spitbol/spitblks.h
v10/usr/src/cmd/spitbol/spitbol.1
v10/usr/src/cmd/spitbol/spitio.h
v10/usr/src/cmd/spitbol/spitv35.gpm
