v10/usr/src/cmd/sml/src/vax/vax.sml
v10/usr/src/cmd/sml/src/vax/vaxascode.sml
v10/usr/src/cmd/sml/src/vax/vaxcoder.sig
v10/usr/src/cmd/sml/src/vax/vaxglue.sml
v10/usr/src/cmd/sml/src/vax/vaxmcode.sml
v10/usr/src/cmd/sno/Makefile
v10/usr/src/cmd/sno/mkfile
v10/usr/src/cmd/sno/sno.h
v10/usr/src/cmd/sno/sno1.c
v10/usr/src/cmd/sno/sno2.c
v10/usr/src/cmd/sno/sno3.c
v10/usr/src/cmd/sno/sno4.c
v10/usr/src/cmd/sno/soma
v10/usr/src/cmd/snocone/Makefile
v10/usr/src/cmd/snocone/destinations
v10/usr/src/cmd/snocone/mkfile
v10/usr/src/cmd/snocone/oosnocone.sc
v10/usr/src/cmd/snocone/osnocone.sc
v10/usr/src/cmd/snocone/snocone
v10/usr/src/cmd/snocone/snocone.sc
v10/usr/src/cmd/spin/README
v10/usr/src/cmd/spitbol/cint/arg2scb.c
v10/usr/src/cmd/spitbol/cint/asmosint.s
v10/usr/src/cmd/spitbol/cint/cpys2sc.c
v10/usr/src/cmd/spitbol/cint/doexec.c
v10/usr/src/cmd/spitbol/cint/doset.c
v10/usr/src/cmd/spitbol/cint/dosys.c
v10/usr/src/cmd/spitbol/cint/fakexit.c
v10/usr/src/cmd/spitbol/cint/flush.c
v10/usr/src/cmd/spitbol/cint/getdate.c
v10/usr/src/cmd/spitbol/cint/gethost.c
v10/usr/src/cmd/spitbol/cint/lenfnm.c
v10/usr/src/cmd/spitbol/cint/osclose.c
v10/usr/src/cmd/spitbol/cint/osint.c
v10/usr/src/cmd/spitbol/cint/osint.h
v10/usr/src/cmd/spitbol/cint/osopen.c
v10/usr/src/cmd/spitbol/cint/ospipe.c
v10/usr/src/cmd/spitbol/cint/osread.c
v10/usr/src/cmd/spitbol/cint/oswait.c
v10/usr/src/cmd/spitbol/cint/oswrite.c
v10/usr/src/cmd/spitbol/cint/rbsb.sh
v10/usr/src/cmd/spitbol/cint/rdenv.c
v10/usr/src/cmd/spitbol/cint/readme
v10/usr/src/cmd/spitbol/cint/sigs.c
v10/usr/src/cmd/spitbol/cint/sioarg.c
v10/usr/src/cmd/spitbol/cint/spitblks.h
v10/usr/src/cmd/spitbol/cint/spitio.h
v10/usr/src/cmd/spitbol/cint/stubs.c
v10/usr/src/cmd/spitbol/cint/swcinp.c
v10/usr/src/cmd/spitbol/cint/swcoup.c
v10/usr/src/cmd/spitbol/cint/sysax.c
v10/usr/src/cmd/spitbol/cint/sysbx.c
v10/usr/src/cmd/spitbol/cint/sysdt.c
v10/usr/src/cmd/spitbol/cint/sysef.c
v10/usr/src/cmd/spitbol/cint/sysem.c
v10/usr/src/cmd/spitbol/cint/sysen.c
v10/usr/src/cmd/spitbol/cint/sysep.c
v10/usr/src/cmd/spitbol/cint/syshs.c
v10/usr/src/cmd/spitbol/cint/sysid.c
v10/usr/src/cmd/spitbol/cint/sysmm.c
v10/usr/src/cmd/spitbol/cint/sysmx.c
v10/usr/src/cmd/spitbol/cint/sysou.c
v10/usr/src/cmd/spitbol/cint/syspp.c
v10/usr/src/cmd/spitbol/cint/sysrw.c
v10/usr/src/cmd/spitbol/cint/testty.c
v10/usr/src/cmd/spitbol/cint/vaxinter.s
v10/usr/src/cmd/spitbol/cint/wrtaout.c
v10/usr/src/cmd/spitbol/ocint/Makefile
v10/usr/src/cmd/spitbol/ocint/arg2scb.c
v10/usr/src/cmd/spitbol/ocint/cpys2sc.c
v10/usr/src/cmd/spitbol/ocint/doexec.c
v10/usr/src/cmd/spitbol/ocint/doset.c
v10/usr/src/cmd/spitbol/ocint/dosys.c
v10/usr/src/cmd/spitbol/ocint/fakexit.c
v10/usr/src/cmd/spitbol/ocint/flush.c
v10/usr/src/cmd/spitbol/ocint/getdate.c
v10/usr/src/cmd/spitbol/ocint/gethost.c
v10/usr/src/cmd/spitbol/ocint/inter.h
v10/usr/src/cmd/spitbol/ocint/interface.s
v10/usr/src/cmd/spitbol/ocint/lenfnm.c
v10/usr/src/cmd/spitbol/ocint/mkfile
v10/usr/src/cmd/spitbol/ocint/osclose.c
v10/usr/src/cmd/spitbol/ocint/osint.s
v10/usr/src/cmd/spitbol/ocint/osopen.c
v10/usr/src/cmd/spitbol/ocint/ospipe.c
v10/usr/src/cmd/spitbol/ocint/osread.c
v10/usr/src/cmd/spitbol/ocint/oswait.c
v10/usr/src/cmd/spitbol/ocint/oswrite.c
v10/usr/src/cmd/spitbol/ocint/rdenv.c
v10/usr/src/cmd/spitbol/ocint/sigs.c
v10/usr/src/cmd/spitbol/ocint/sioarg.c
v10/usr/src/cmd/spitbol/ocint/spitblks.h
v10/usr/src/cmd/spitbol/ocint/spitio.h
v10/usr/src/cmd/spitbol/ocint/stubs.c
v10/usr/src/cmd/spitbol/ocint/swcinp.c
v10/usr/src/cmd/spitbol/ocint/swcoup.c
v10/usr/src/cmd/spitbol/ocint/sysax.c
v10/usr/src/cmd/spitbol/ocint/sysbx.c
v10/usr/src/cmd/spitbol/ocint/sysdt.c
v10/usr/src/cmd/spitbol/ocint/sysem.c
v10/usr/src/cmd/spitbol/ocint/sysep.c
v10/usr/src/cmd/spitbol/ocint/sysou.c
v10/usr/src/cmd/spitbol/ocint/sysrw.c
v10/usr/src/cmd/spitbol/ocint/testty.c
v10/usr/src/cmd/spitbol/ocint/wrtaout.c
v10/usr/src/cmd/spool/dpr.c
v10/usr/src/cmd/spool/fget.c
v10/usr/src/cmd/spool/fsend.c
v10/usr/src/cmd/spool/gaps.c
v10/usr/src/cmd/spool/gcat.c
v10/usr/src/cmd/spool/lab.c
v10/usr/src/cmd/spool/lp0.c
v10/usr/src/cmd/spool/lp1.c
v10/usr/src/cmd/spool/lpr.h
v10/usr/src/cmd/spool/m.1
v10/usr/src/cmd/spool/m.2
v10/usr/src/cmd/spool/makefile
v10/usr/src/cmd/spool/mkfile
v10/usr/src/cmd/spool/spool.c
v10/usr/src/cmd/strip/Makefile
v10/usr/src/cmd/strip/fcopy.c
v10/usr/src/cmd/strip/hash.c
v10/usr/src/cmd/strip/hash.h
v10/usr/src/cmd/strip/malloc.h
v10/usr/src/cmd/strip/mkfile
v10/usr/src/cmd/strip/prtsym.c
v10/usr/src/cmd/strip/rdout.c
v10/usr/src/cmd/strip/shrink.c
v10/usr/src/cmd/strip/stab.c
v10/usr/src/cmd/strip/stab.h
v10/usr/src/cmd/strip/strip.c
v10/usr/src/cmd/strip/strip.h
v10/usr/src/cmd/strip/symwrite.c
v10/usr/src/cmd/strip/tags
