v10/usr/src/cmd/struct/0.alloc.c
v10/usr/src/cmd/struct/0.args.c
v10/usr/src/cmd/struct/0.def.c
v10/usr/src/cmd/struct/0.extr.c
v10/usr/src/cmd/struct/0.graph.c
v10/usr/src/cmd/struct/0.list.c
v10/usr/src/cmd/struct/0.parts.c
v10/usr/src/cmd/struct/0.string.c
v10/usr/src/cmd/struct/1.defs.h
v10/usr/src/cmd/struct/1.finish.c
v10/usr/src/cmd/struct/1.form.c
v10/usr/src/cmd/struct/1.fort.c
v10/usr/src/cmd/struct/1.hash.c
v10/usr/src/cmd/struct/1.incl.h
v10/usr/src/cmd/struct/1.init.c
v10/usr/src/cmd/struct/1.line.c
v10/usr/src/cmd/struct/1.main.c
v10/usr/src/cmd/struct/1.node.c
v10/usr/src/cmd/struct/1.recog.c
v10/usr/src/cmd/struct/1.tables.c
v10/usr/src/cmd/struct/2.def.h
v10/usr/src/cmd/struct/2.dfs.c
v10/usr/src/cmd/struct/2.dom.c
v10/usr/src/cmd/struct/2.head.c
v10/usr/src/cmd/struct/2.inarc.c
v10/usr/src/cmd/struct/2.main.c
v10/usr/src/cmd/struct/2.test.c
v10/usr/src/cmd/struct/2.tree.c
v10/usr/src/cmd/struct/3.branch.c
v10/usr/src/cmd/struct/3.def.h
v10/usr/src/cmd/struct/3.flow.c
v10/usr/src/cmd/struct/3.loop.c
v10/usr/src/cmd/struct/3.main.c
v10/usr/src/cmd/struct/3.reach.c
v10/usr/src/cmd/struct/3.test.c
v10/usr/src/cmd/struct/3.then.c
v10/usr/src/cmd/struct/4.brace.c
v10/usr/src/cmd/struct/4.def.h
v10/usr/src/cmd/struct/4.form.c
v10/usr/src/cmd/struct/4.main.c
v10/usr/src/cmd/struct/4.out.c
v10/usr/src/cmd/struct/b.h
v10/usr/src/cmd/struct/bdef.c
v10/usr/src/cmd/struct/beauty.c
v10/usr/src/cmd/struct/beauty.y
v10/usr/src/cmd/struct/def.h
v10/usr/src/cmd/struct/lextab.l
v10/usr/src/cmd/struct/m.1
v10/usr/src/cmd/struct/m.2
v10/usr/src/cmd/struct/main.c
v10/usr/src/cmd/struct/makefile
v10/usr/src/cmd/struct/mkfile
v10/usr/src/cmd/struct/struct.sh
v10/usr/src/cmd/struct/tree.c
v10/usr/src/cmd/struct/y.tab.h
v10/usr/src/cmd/style/Makefile
v10/usr/src/cmd/style/abbrev.c
v10/usr/src/cmd/style/conp.h
v10/usr/src/cmd/style/dict.c
v10/usr/src/cmd/style/edict.c
v10/usr/src/cmd/style/ehash.c
v10/usr/src/cmd/style/end.l
v10/usr/src/cmd/style/mkfile
v10/usr/src/cmd/style/names.h
v10/usr/src/cmd/style/nhash.c
v10/usr/src/cmd/style/nwords.l
v10/usr/src/cmd/style/omakefile
v10/usr/src/cmd/style/outp.c
v10/usr/src/cmd/style/part.l
v10/usr/src/cmd/style/parts.sh
v10/usr/src/cmd/style/pscan.c
v10/usr/src/cmd/style/style.h
v10/usr/src/cmd/style/style.sh
v10/usr/src/cmd/style/topic.sh
v10/usr/src/cmd/style/ydict.c
