v10/usr/src/cmd/sum/mkfile
v10/usr/src/cmd/sum/snefru.bundle
v10/usr/src/cmd/sum/sum.bundle
v10/usr/src/cmd/sum/sum.c
v10/usr/src/cmd/sum/sum32.c
v10/usr/src/cmd/sum/sum5.c
v10/usr/src/cmd/sum/sumr.c
v10/usr/src/cmd/sum/old/sum.c
v10/usr/src/cmd/sum/old/sysv.sum.c
v10/usr/src/cmd/tbl/README
v10/usr/src/cmd/tbl/compeq
v10/usr/src/cmd/tbl/compms
v10/usr/src/cmd/tbl/compnr
v10/usr/src/cmd/tbl/compr
v10/usr/src/cmd/tbl/makefile
v10/usr/src/cmd/tbl/mkfile
v10/usr/src/cmd/tbl/newstuff
v10/usr/src/cmd/tbl/oot1.c
v10/usr/src/cmd/tbl/ot4.c
v10/usr/src/cmd/tbl/ot5.c
v10/usr/src/cmd/tbl/otg.c
v10/usr/src/cmd/tbl/sample32
v10/usr/src/cmd/tbl/t..c
v10/usr/src/cmd/tbl/t0.c
v10/usr/src/cmd/tbl/t1.c
v10/usr/src/cmd/tbl/t2.c
v10/usr/src/cmd/tbl/t3.c
v10/usr/src/cmd/tbl/t4.c
v10/usr/src/cmd/tbl/t5.c
v10/usr/src/cmd/tbl/t6.c
v10/usr/src/cmd/tbl/t7.c
v10/usr/src/cmd/tbl/t8.c
v10/usr/src/cmd/tbl/t9.c
v10/usr/src/cmd/tbl/tb.c
v10/usr/src/cmd/tbl/tc.c
v10/usr/src/cmd/tbl/te.c
v10/usr/src/cmd/tbl/tf.c
v10/usr/src/cmd/tbl/tg.c
v10/usr/src/cmd/tbl/ti.c
v10/usr/src/cmd/tbl/tm.c
v10/usr/src/cmd/tbl/tr.c
v10/usr/src/cmd/tbl/ts.c
v10/usr/src/cmd/tbl/tt.c
v10/usr/src/cmd/tbl/tu.c
v10/usr/src/cmd/tbl/tv.c
v10/usr/src/cmd/tbl/xx.c
v10/usr/src/cmd/tbl/y1.c
v10/usr/src/cmd/tbl/y2.c
v10/usr/src/cmd/tbl/yy.c
v10/usr/src/cmd/tbl/samples/ORDER
v10/usr/src/cmd/tbl/samples/sample01
v10/usr/src/cmd/tbl/samples/sample02
v10/usr/src/cmd/tbl/samples/sample03
v10/usr/src/cmd/tbl/samples/sample04
v10/usr/src/cmd/tbl/samples/sample05
v10/usr/src/cmd/tbl/samples/sample06
v10/usr/src/cmd/tbl/samples/sample07
v10/usr/src/cmd/tbl/samples/sample08
v10/usr/src/cmd/tbl/samples/sample09
v10/usr/src/cmd/tbl/samples/sample10
v10/usr/src/cmd/tbl/samples/sample11
v10/usr/src/cmd/tbl/samples/sample12
v10/usr/src/cmd/tbl/samples/sample13
v10/usr/src/cmd/tbl/samples/sample14
v10/usr/src/cmd/tbl/samples/sample15
v10/usr/src/cmd/tbl/samples/sample16
v10/usr/src/cmd/tbl/samples/sample17
v10/usr/src/cmd/tbl/samples/sample18
v10/usr/src/cmd/tbl/samples/sample19
v10/usr/src/cmd/tbl/samples/sample20
v10/usr/src/cmd/tbl/samples/sample21
v10/usr/src/cmd/tbl/samples/sample22
v10/usr/src/cmd/tbl/samples/sample23
v10/usr/src/cmd/tbl/samples/sample24
v10/usr/src/cmd/tbl/samples/sample25
v10/usr/src/cmd/tbl/samples/sample26
v10/usr/src/cmd/tbl/samples/sample27
v10/usr/src/cmd/tbl/samples/sample28
v10/usr/src/cmd/tbl/samples/sample29
v10/usr/src/cmd/tbl/samples/sample30
v10/usr/src/cmd/tbl/samples/sample31
v10/usr/src/cmd/tbl/samples/sample32
v10/usr/src/cmd/tbl/samples/sample33
v10/usr/src/cmd/tbl/samples/sample34
v10/usr/src/cmd/tbl/samples/sample35
v10/usr/src/cmd/tbl/samples/sample36
v10/usr/src/cmd/tbl/samples/sample37
v10/usr/src/cmd/tbl/samples/sample38
v10/usr/src/cmd/tbl/samples/sample39
v10/usr/src/cmd/tbl/samples/sample40
v10/usr/src/cmd/tbl/samples/sample41
v10/usr/src/cmd/tbl/samples/sample42
v10/usr/src/cmd/tbl/samples/sample43
v10/usr/src/cmd/tbl/samples/sample44
v10/usr/src/cmd/tbl/samples/sample45
v10/usr/src/cmd/tbl/samples/sample46
v10/usr/src/cmd/tbl/samples/sample47
v10/usr/src/cmd/tbl/samples/sample48
v10/usr/src/cmd/tbl/samples/sample49
v10/usr/src/cmd/tbl/samples/sample50
v10/usr/src/cmd/tbl/samples/sample51
v10/usr/src/cmd/tbl/samples/sample52
v10/usr/src/cmd/tbl/samples/sample53
v10/usr/src/cmd/tbl/samples/sample54
v10/usr/src/cmd/tbl/samples/sample55
v10/usr/src/cmd/tbl/samples/sample56
v10/usr/src/cmd/tbl/tmp/X
v10/usr/src/cmd/tbl/tmp/Y
v10/usr/src/cmd/tbl/tmp/Z
v10/usr/src/cmd/tbl/tmp/nX
v10/usr/src/cmd/tbl/tmp/nsample32
v10/usr/src/cmd/tbl/tmp/sample01
v10/usr/src/cmd/tbl/tmp/sample02
v10/usr/src/cmd/tbl/tmp/sample03
v10/usr/src/cmd/tbl/tmp/sample04
v10/usr/src/cmd/tbl/tmp/sample05
v10/usr/src/cmd/tbl/tmp/sample06
v10/usr/src/cmd/tbl/tmp/sample07
v10/usr/src/cmd/tbl/tmp/sample08
v10/usr/src/cmd/tbl/tmp/sample09
v10/usr/src/cmd/tbl/tmp/sample10
v10/usr/src/cmd/tbl/tmp/sample11
v10/usr/src/cmd/tbl/tmp/sample12
v10/usr/src/cmd/tbl/tmp/sample13
v10/usr/src/cmd/tbl/tmp/sample14
v10/usr/src/cmd/tbl/tmp/sample15
v10/usr/src/cmd/tbl/tmp/sample16
v10/usr/src/cmd/tbl/tmp/sample17
v10/usr/src/cmd/tbl/tmp/sample18
v10/usr/src/cmd/tbl/tmp/sample19
v10/usr/src/cmd/tbl/tmp/sample20
v10/usr/src/cmd/tbl/tmp/sample21
v10/usr/src/cmd/tbl/tmp/sample22
v10/usr/src/cmd/tbl/tmp/sample23
v10/usr/src/cmd/tbl/tmp/sample24
v10/usr/src/cmd/tbl/tmp/sample25
v10/usr/src/cmd/tbl/tmp/sample26
v10/usr/src/cmd/tbl/tmp/sample27
v10/usr/src/cmd/tbl/tmp/sample28
v10/usr/src/cmd/tbl/tmp/sample29
v10/usr/src/cmd/tbl/tmp/sample30
v10/usr/src/cmd/tbl/tmp/sample31
v10/usr/src/cmd/tbl/tmp/sample32
v10/usr/src/cmd/tbl/tmp/sample33
v10/usr/src/cmd/tbl/tmp/sample34
v10/usr/src/cmd/tbl/tmp/sample35
v10/usr/src/cmd/tbl/tmp/sample36
v10/usr/src/cmd/tbl/tmp/sample37
v10/usr/src/cmd/tbl/tmp/sample38
v10/usr/src/cmd/tbl/tmp/sample39
v10/usr/src/cmd/tbl/tmp/sample40
v10/usr/src/cmd/tbl/tmp/sample41
v10/usr/src/cmd/tbl/tmp/sample42
v10/usr/src/cmd/tbl/tmp/sample43
v10/usr/src/cmd/tbl/tmp/sample44
v10/usr/src/cmd/tbl/tmp/sample45
v10/usr/src/cmd/tbl/tmp/sample46
v10/usr/src/cmd/tbl/tmp/sample47
v10/usr/src/cmd/tbl/tmp/sample48
v10/usr/src/cmd/tbl/tmp/sample49
v10/usr/src/cmd/tbl/tmp/sample50
v10/usr/src/cmd/tbl/tmp/sample51
v10/usr/src/cmd/tbl/tmp/sample52
v10/usr/src/cmd/tbl/tmp/sample53
v10/usr/src/cmd/tbl/tmp/sample54
v10/usr/src/cmd/tbl/tmp/sample55
