v10/usr/src/cmd/termcap/READ_ME
v10/usr/src/cmd/termcap/makefile
v10/usr/src/cmd/termcap/mkfile
v10/usr/src/cmd/termcap/reorder
v10/usr/src/cmd/termcap/termcap.src
v10/usr/src/cmd/termcap/tabset/3101
v10/usr/src/cmd/termcap/tabset/beehive
v10/usr/src/cmd/termcap/tabset/diablo
v10/usr/src/cmd/termcap/tabset/std
v10/usr/src/cmd/termcap/tabset/teleray
v10/usr/src/cmd/termcap/tabset/vt100
v10/usr/src/cmd/termcap/tabset/xerox1720
v10/usr/src/cmd/town/apmem.c
v10/usr/src/cmd/town/drfast.c
v10/usr/src/cmd/town/drnp.c
v10/usr/src/cmd/town/dx.c
v10/usr/src/cmd/town/fastown.c
v10/usr/src/cmd/town/faststate.c
v10/usr/src/cmd/town/makefile
v10/usr/src/cmd/town/mark.c
v10/usr/src/cmd/town/mkfile
v10/usr/src/cmd/town/newcits
v10/usr/src/cmd/town/patch.c
v10/usr/src/cmd/town/town.c
v10/usr/src/cmd/town/xx
v10/usr/src/cmd/tp/Makefile
v10/usr/src/cmd/tp/mkfile
v10/usr/src/cmd/tp/tp.h
v10/usr/src/cmd/tp/tp0.c
v10/usr/src/cmd/tp/tp1.c
v10/usr/src/cmd/tp/tp2.c
v10/usr/src/cmd/tp/tp3.c
v10/usr/src/cmd/tp/tp_defs.h
v10/usr/src/cmd/trace/assert.c
v10/usr/src/cmd/trace/cmalloc.c
v10/usr/src/cmd/trace/makefile
v10/usr/src/cmd/trace/malloc_t.c
v10/usr/src/cmd/trace/mkfile
v10/usr/src/cmd/trace/trace.d
v10/usr/src/cmd/trace/trace.expr.c
v10/usr/src/cmd/trace/trace.h
v10/usr/src/cmd/trace/trace1.c
v10/usr/src/cmd/trace/trace2.c
v10/usr/src/cmd/trace/trace3.c
v10/usr/src/cmd/trace/trace4.c
v10/usr/src/cmd/trace/trace5.c
v10/usr/src/cmd/trace/trace6.c
v10/usr/src/cmd/trace/trace7.c
v10/usr/src/cmd/trace/trace8.c
v10/usr/src/cmd/trace/trace9.c
