v10/usr/src/cmd/troff/FIXES
v10/usr/src/cmd/troff/README
v10/usr/src/cmd/troff/cvt
v10/usr/src/cmd/troff/d202.c
v10/usr/src/cmd/troff/dev.h
v10/usr/src/cmd/troff/draw.c
v10/usr/src/cmd/troff/ext.h
v10/usr/src/cmd/troff/fns.h
v10/usr/src/cmd/troff/font.h
v10/usr/src/cmd/troff/hc.c
v10/usr/src/cmd/troff/hytab.c
v10/usr/src/cmd/troff/makedev.c
v10/usr/src/cmd/troff/makefile
v10/usr/src/cmd/troff/mkfile
v10/usr/src/cmd/troff/n1.c
v10/usr/src/cmd/troff/n10.c
v10/usr/src/cmd/troff/n2.c
v10/usr/src/cmd/troff/n3.c
v10/usr/src/cmd/troff/n4.c
v10/usr/src/cmd/troff/n5.c
v10/usr/src/cmd/troff/n6.c
v10/usr/src/cmd/troff/n7.c
v10/usr/src/cmd/troff/n8.c
v10/usr/src/cmd/troff/n9.c
v10/usr/src/cmd/troff/ni.c
v10/usr/src/cmd/troff/nii.c
v10/usr/src/cmd/troff/suftab.c
v10/usr/src/cmd/troff/t10.c
v10/usr/src/cmd/troff/t11.c
v10/usr/src/cmd/troff/t6.c
v10/usr/src/cmd/troff/ta.c
v10/usr/src/cmd/troff/tab.37
v10/usr/src/cmd/troff/tab.450
v10/usr/src/cmd/troff/tab.lp
v10/usr/src/cmd/troff/tc.c
v10/usr/src/cmd/troff/tdef.h
v10/usr/src/cmd/troff/tw.h
v10/usr/src/cmd/troff/unansi
v10/usr/src/cmd/troff/Drivers/DESC.8400
v10/usr/src/cmd/troff/Drivers/README
v10/usr/src/cmd/troff/Drivers/d8400.c
v10/usr/src/cmd/troff/Drivers/daps.c
v10/usr/src/cmd/troff/Drivers/dcat.c
v10/usr/src/cmd/troff/Drivers/dsort.c
v10/usr/src/cmd/troff/Drivers/makefile
v10/usr/src/cmd/troff/Drivers/mkfile
