v10/usr/src/cmd/troff/Old/README
v10/usr/src/cmd/troff/Old/aps.h
v10/usr/src/cmd/troff/Old/d.h
v10/usr/src/cmd/troff/Old/dcan.c
v10/usr/src/cmd/troff/Old/dev.h
v10/usr/src/cmd/troff/Old/draw.c
v10/usr/src/cmd/troff/Old/ext.h
v10/usr/src/cmd/troff/Old/glyph.h
v10/usr/src/cmd/troff/Old/hc.c
v10/usr/src/cmd/troff/Old/hytab.c
v10/usr/src/cmd/troff/Old/jc.c
v10/usr/src/cmd/troff/Old/makedev.c
v10/usr/src/cmd/troff/Old/makefile
v10/usr/src/cmd/troff/Old/mkfile
v10/usr/src/cmd/troff/Old/n1.c
v10/usr/src/cmd/troff/Old/n10.c
v10/usr/src/cmd/troff/Old/n2.c
v10/usr/src/cmd/troff/Old/n3.c
v10/usr/src/cmd/troff/Old/n4.c
v10/usr/src/cmd/troff/Old/n5.c
v10/usr/src/cmd/troff/Old/n6.c
v10/usr/src/cmd/troff/Old/n7.c
v10/usr/src/cmd/troff/Old/n8.c
v10/usr/src/cmd/troff/Old/n9.c
v10/usr/src/cmd/troff/Old/ni.c
v10/usr/src/cmd/troff/Old/nii.c
v10/usr/src/cmd/troff/Old/s.h
v10/usr/src/cmd/troff/Old/suftab.c
v10/usr/src/cmd/troff/Old/t10.c
v10/usr/src/cmd/troff/Old/t6.c
v10/usr/src/cmd/troff/Old/ta.c
v10/usr/src/cmd/troff/Old/tc.c
v10/usr/src/cmd/troff/Old/tdef.h
v10/usr/src/cmd/troff/Old/tw.h
v10/usr/src/cmd/troff/Old/v.h
