v10/usr/src/cmd/troff/Old/catversion/README
v10/usr/src/cmd/troff/Old/catversion/d.h
v10/usr/src/cmd/troff/Old/catversion/gt.c
v10/usr/src/cmd/troff/Old/catversion/hytab.c
v10/usr/src/cmd/troff/Old/catversion/n1.c
v10/usr/src/cmd/troff/Old/catversion/n10.c
v10/usr/src/cmd/troff/Old/catversion/n2.c
v10/usr/src/cmd/troff/Old/catversion/n3.c
v10/usr/src/cmd/troff/Old/catversion/n4.c
v10/usr/src/cmd/troff/Old/catversion/n5.c
v10/usr/src/cmd/troff/Old/catversion/n6.c
v10/usr/src/cmd/troff/Old/catversion/n7.c
v10/usr/src/cmd/troff/Old/catversion/n8.c
v10/usr/src/cmd/troff/Old/catversion/n9.c
v10/usr/src/cmd/troff/Old/catversion/ni.c
v10/usr/src/cmd/troff/Old/catversion/nii.c
v10/usr/src/cmd/troff/Old/catversion/nmake
v10/usr/src/cmd/troff/Old/catversion/ntab.c
v10/usr/src/cmd/troff/Old/catversion/s.h
v10/usr/src/cmd/troff/Old/catversion/suftab.c
v10/usr/src/cmd/troff/Old/catversion/t10.c
v10/usr/src/cmd/troff/Old/catversion/t6.c
v10/usr/src/cmd/troff/Old/catversion/tab3.c
v10/usr/src/cmd/troff/Old/catversion/tdef.h
v10/usr/src/cmd/troff/Old/catversion/textscript
v10/usr/src/cmd/troff/Old/catversion/tmake
v10/usr/src/cmd/troff/Old/catversion/tw.h
v10/usr/src/cmd/troff/Old/catversion/v.h
v10/usr/src/cmd/troff/Old/catversion/term/chartst
v10/usr/src/cmd/troff/Old/catversion/term/code.300
v10/usr/src/cmd/troff/Old/catversion/term/rc
v10/usr/src/cmd/troff/Old/catversion/term/tab1640.c
v10/usr/src/cmd/troff/Old/catversion/term/tab300-12.c
v10/usr/src/cmd/troff/Old/catversion/term/tab300.c
v10/usr/src/cmd/troff/Old/catversion/term/tab300s-12.c
v10/usr/src/cmd/troff/Old/catversion/term/tab300s.c
v10/usr/src/cmd/troff/Old/catversion/term/tab37.c
v10/usr/src/cmd/troff/Old/catversion/term/tab450-12-8.c
v10/usr/src/cmd/troff/Old/catversion/term/tab450-12.c
v10/usr/src/cmd/troff/Old/catversion/term/tab450.c
v10/usr/src/cmd/troff/Old/catversion/term/tab832.c
v10/usr/src/cmd/troff/Old/catversion/term/taba1.c
v10/usr/src/cmd/troff/Old/catversion/term/tablp.c
v10/usr/src/cmd/troff/Old/catversion/term/tabtn300.c
v10/usr/src/cmd/troff/Old/dev202/A1
v10/usr/src/cmd/troff/Old/dev202/A2
v10/usr/src/cmd/troff/Old/dev202/A3
v10/usr/src/cmd/troff/Old/dev202/A4
v10/usr/src/cmd/troff/Old/dev202/B
v10/usr/src/cmd/troff/Old/dev202/B1
v10/usr/src/cmd/troff/Old/dev202/B2
v10/usr/src/cmd/troff/Old/dev202/B3
v10/usr/src/cmd/troff/Old/dev202/B4
v10/usr/src/cmd/troff/Old/dev202/BI
v10/usr/src/cmd/troff/Old/dev202/CA
v10/usr/src/cmd/troff/Old/dev202/CH
v10/usr/src/cmd/troff/Old/dev202/CI
v10/usr/src/cmd/troff/Old/dev202/CW
v10/usr/src/cmd/troff/Old/dev202/CX
v10/usr/src/cmd/troff/Old/dev202/DESC
v10/usr/src/cmd/troff/Old/dev202/E
v10/usr/src/cmd/troff/Old/dev202/EB
v10/usr/src/cmd/troff/Old/dev202/EK
v10/usr/src/cmd/troff/Old/dev202/EX
v10/usr/src/cmd/troff/Old/dev202/FS
v10/usr/src/cmd/troff/Old/dev202/GR
v10/usr/src/cmd/troff/Old/dev202/H
v10/usr/src/cmd/troff/Old/dev202/HB
v10/usr/src/cmd/troff/Old/dev202/HC
v10/usr/src/cmd/troff/Old/dev202/HD
v10/usr/src/cmd/troff/Old/dev202/HI
v10/usr/src/cmd/troff/Old/dev202/HJ
v10/usr/src/cmd/troff/Old/dev202/HK
v10/usr/src/cmd/troff/Old/dev202/HL
v10/usr/src/cmd/troff/Old/dev202/HO
v10/usr/src/cmd/troff/Old/dev202/HX
v10/usr/src/cmd/troff/Old/dev202/I
v10/usr/src/cmd/troff/Old/dev202/IP
v10/usr/src/cmd/troff/Old/dev202/JP
v10/usr/src/cmd/troff/Old/dev202/K
v10/usr/src/cmd/troff/Old/dev202/KB
v10/usr/src/cmd/troff/Old/dev202/KI
v10/usr/src/cmd/troff/Old/dev202/KK
v10/usr/src/cmd/troff/Old/dev202/KX
v10/usr/src/cmd/troff/Old/dev202/M1
v10/usr/src/cmd/troff/Old/dev202/M2
v10/usr/src/cmd/troff/Old/dev202/M3
v10/usr/src/cmd/troff/Old/dev202/MB
v10/usr/src/cmd/troff/Old/dev202/MI
v10/usr/src/cmd/troff/Old/dev202/MK
v10/usr/src/cmd/troff/Old/dev202/MM
v10/usr/src/cmd/troff/Old/dev202/MU
v10/usr/src/cmd/troff/Old/dev202/MX
v10/usr/src/cmd/troff/Old/dev202/MZ
v10/usr/src/cmd/troff/Old/dev202/O
v10/usr/src/cmd/troff/Old/dev202/O1
v10/usr/src/cmd/troff/Old/dev202/O2
v10/usr/src/cmd/troff/Old/dev202/O3
v10/usr/src/cmd/troff/Old/dev202/O4
v10/usr/src/cmd/troff/Old/dev202/O5
v10/usr/src/cmd/troff/Old/dev202/OB
v10/usr/src/cmd/troff/Old/dev202/OE
v10/usr/src/cmd/troff/Old/dev202/OI
v10/usr/src/cmd/troff/Old/dev202/OK
v10/usr/src/cmd/troff/Old/dev202/PA
v10/usr/src/cmd/troff/Old/dev202/PB
v10/usr/src/cmd/troff/Old/dev202/PI
v10/usr/src/cmd/troff/Old/dev202/PO
v10/usr/src/cmd/troff/Old/dev202/PX
v10/usr/src/cmd/troff/Old/dev202/R
v10/usr/src/cmd/troff/Old/dev202/R9
v10/usr/src/cmd/troff/Old/dev202/README
v10/usr/src/cmd/troff/Old/dev202/S
v10/usr/src/cmd/troff/Old/dev202/SB
v10/usr/src/cmd/troff/Old/dev202/SI
v10/usr/src/cmd/troff/Old/dev202/SK
v10/usr/src/cmd/troff/Old/dev202/SV
v10/usr/src/cmd/troff/Old/dev202/SX
v10/usr/src/cmd/troff/Old/dev202/SZ
v10/usr/src/cmd/troff/Old/dev202/Spar
v10/usr/src/cmd/troff/Old/dev202/SparB
v10/usr/src/cmd/troff/Old/dev202/SparI
v10/usr/src/cmd/troff/Old/dev202/SparK
v10/usr/src/cmd/troff/Old/dev202/US
v10/usr/src/cmd/troff/Old/dev202/WT
v10/usr/src/cmd/troff/Old/dev202/X1
v10/usr/src/cmd/troff/Old/dev202/X123
v10/usr/src/cmd/troff/Old/dev202/hyphen
v10/usr/src/cmd/troff/Old/dev202/install
v10/usr/src/cmd/troff/Old/dev202/lig
v10/usr/src/cmd/troff/Old/dev202/makefont
v10/usr/src/cmd/troff/Old/dev202/newfonts
v10/usr/src/cmd/troff/Old/dev202/proto
v10/usr/src/cmd/troff/Old/dev202/shipout
v10/usr/src/cmd/troff/Old/devaps/B
v10/usr/src/cmd/troff/Old/devaps/BI
v10/usr/src/cmd/troff/Old/devaps/C
v10/usr/src/cmd/troff/Old/devaps/CE
v10/usr/src/cmd/troff/Old/devaps/CI
v10/usr/src/cmd/troff/Old/devaps/CT
v10/usr/src/cmd/troff/Old/devaps/CW
v10/usr/src/cmd/troff/Old/devaps/DESC
v10/usr/src/cmd/troff/Old/devaps/G
v10/usr/src/cmd/troff/Old/devaps/GB
v10/usr/src/cmd/troff/Old/devaps/GI
v10/usr/src/cmd/troff/Old/devaps/GR
v10/usr/src/cmd/troff/Old/devaps/GS
v10/usr/src/cmd/troff/Old/devaps/H
v10/usr/src/cmd/troff/Old/devaps/HB
v10/usr/src/cmd/troff/Old/devaps/HI
v10/usr/src/cmd/troff/Old/devaps/I
v10/usr/src/cmd/troff/Old/devaps/PA
v10/usr/src/cmd/troff/Old/devaps/PB
v10/usr/src/cmd/troff/Old/devaps/PI
v10/usr/src/cmd/troff/Old/devaps/PO
v10/usr/src/cmd/troff/Old/devaps/R
v10/usr/src/cmd/troff/Old/devaps/S
v10/usr/src/cmd/troff/Old/devaps/S1
v10/usr/src/cmd/troff/Old/devaps/S2
v10/usr/src/cmd/troff/Old/devaps/SC
v10/usr/src/cmd/troff/Old/devaps/SM
v10/usr/src/cmd/troff/Old/devaps/TB
v10/usr/src/cmd/troff/Old/devaps/install
v10/usr/src/cmd/troff/Old/devcat/B
v10/usr/src/cmd/troff/Old/devcat/CW
v10/usr/src/cmd/troff/Old/devcat/G
v10/usr/src/cmd/troff/Old/devcat/H
v10/usr/src/cmd/troff/Old/devcat/I
v10/usr/src/cmd/troff/Old/devcat/R
v10/usr/src/cmd/troff/Old/devcat/S
v10/usr/src/cmd/troff/Old/devcat/desc
v10/usr/src/cmd/troff/Old/devcat/makefile
v10/usr/src/cmd/troff/Old/devcat/mkfile
v10/usr/src/cmd/troff/Old/devcat/trueCW
v10/usr/src/cmd/troff/Old/devcat/update
