v10/usr/src/cmd/troff/ancient.nroff/bldtab.c
v10/usr/src/cmd/troff/ancient.nroff/def.nr.names
v10/usr/src/cmd/troff/ancient.nroff/def.rq.names
v10/usr/src/cmd/troff/ancient.nroff/hytab.c
v10/usr/src/cmd/troff/ancient.nroff/makefile
v10/usr/src/cmd/troff/ancient.nroff/mkfile
v10/usr/src/cmd/troff/ancient.nroff/n1.c
v10/usr/src/cmd/troff/ancient.nroff/n10.c
v10/usr/src/cmd/troff/ancient.nroff/n2.c
v10/usr/src/cmd/troff/ancient.nroff/n3.c
v10/usr/src/cmd/troff/ancient.nroff/n4.c
v10/usr/src/cmd/troff/ancient.nroff/n5.c
v10/usr/src/cmd/troff/ancient.nroff/n6.c
v10/usr/src/cmd/troff/ancient.nroff/n7.c
v10/usr/src/cmd/troff/ancient.nroff/n8.c
v10/usr/src/cmd/troff/ancient.nroff/n9.c
v10/usr/src/cmd/troff/ancient.nroff/ni.c
v10/usr/src/cmd/troff/ancient.nroff/nii.c
v10/usr/src/cmd/troff/ancient.nroff/nrtab.dt
v10/usr/src/cmd/troff/ancient.nroff/ntab.c
v10/usr/src/cmd/troff/ancient.nroff/rqtab.dt
v10/usr/src/cmd/troff/ancient.nroff/strs.hd
v10/usr/src/cmd/troff/ancient.nroff/suftab.c
v10/usr/src/cmd/troff/ancient.nroff/suftabmake.c
v10/usr/src/cmd/troff/ancient.nroff/t10.c
v10/usr/src/cmd/troff/ancient.nroff/t6.c
v10/usr/src/cmd/troff/ancient.nroff/tab3.c
v10/usr/src/cmd/troff/ancient.nroff/tdef.hd
v10/usr/src/cmd/troff/ancient.nroff/tw.hd
v10/usr/src/cmd/troff/ancient.nroff/uns.hd
v10/usr/src/cmd/troff/ancient.nroff/fonts.d/chars.c
v10/usr/src/cmd/troff/ancient.nroff/fonts.d/fonts.mk
v10/usr/src/cmd/troff/ancient.nroff/fonts.d/ftB.c
v10/usr/src/cmd/troff/ancient.nroff/fonts.d/ftBC.c
v10/usr/src/cmd/troff/ancient.nroff/fonts.d/ftC.c
v10/usr/src/cmd/troff/ancient.nroff/fonts.d/ftCE.c
v10/usr/src/cmd/troff/ancient.nroff/fonts.d/ftCI.c
v10/usr/src/cmd/troff/ancient.nroff/fonts.d/ftCK.c
v10/usr/src/cmd/troff/ancient.nroff/fonts.d/ftCS.c
v10/usr/src/cmd/troff/ancient.nroff/fonts.d/ftCW.c
v10/usr/src/cmd/troff/ancient.nroff/fonts.d/ftG.c
v10/usr/src/cmd/troff/ancient.nroff/fonts.d/ftGI.c
v10/usr/src/cmd/troff/ancient.nroff/fonts.d/ftGM.c
v10/usr/src/cmd/troff/ancient.nroff/fonts.d/ftI.c
v10/usr/src/cmd/troff/ancient.nroff/fonts.d/ftL.c
v10/usr/src/cmd/troff/ancient.nroff/fonts.d/ftLI.c
v10/usr/src/cmd/troff/ancient.nroff/fonts.d/ftPA.c
v10/usr/src/cmd/troff/ancient.nroff/fonts.d/ftPB.c
v10/usr/src/cmd/troff/ancient.nroff/fonts.d/ftPI.c
v10/usr/src/cmd/troff/ancient.nroff/fonts.d/ftR.c
v10/usr/src/cmd/troff/ancient.nroff/fonts.d/ftS.c
v10/usr/src/cmd/troff/ancient.nroff/fonts.d/ftSB.c
v10/usr/src/cmd/troff/ancient.nroff/fonts.d/ftSI.c
v10/usr/src/cmd/troff/ancient.nroff/fonts.d/ftSM.c
v10/usr/src/cmd/troff/ancient.nroff/fonts.d/ftUD.c
v10/usr/src/cmd/troff/ancient.nroff/fonts.d/makefonts.c
v10/usr/src/cmd/troff/ancient.nroff/fonts.d/mkfont.c
v10/usr/src/cmd/troff/ancient.nroff/fonts.d/mkfont1.c
