v10/usr/src/cmd/troff/ancient.nroff/macros.d/an.src
v10/usr/src/cmd/troff/ancient.nroff/macros.d/an6.src
v10/usr/src/cmd/troff/ancient.nroff/macros.d/macros.mk
v10/usr/src/cmd/troff/ancient.nroff/macros.d/macrunch
v10/usr/src/cmd/troff/ancient.nroff/macros.d/makefile
v10/usr/src/cmd/troff/ancient.nroff/macros.d/mkfile
v10/usr/src/cmd/troff/ancient.nroff/macros.d/mmn.src
v10/usr/src/cmd/troff/ancient.nroff/macros.d/mmt.src
v10/usr/src/cmd/troff/ancient.nroff/macros.d/ntar.c
v10/usr/src/cmd/troff/ancient.nroff/macros.d/osdd.src
v10/usr/src/cmd/troff/ancient.nroff/macros.d/ptx.src
v10/usr/src/cmd/troff/ancient.nroff/macros.d/tmac.an
v10/usr/src/cmd/troff/ancient.nroff/macros.d/tmac.an6
v10/usr/src/cmd/troff/ancient.nroff/macros.d/tmac.m
v10/usr/src/cmd/troff/ancient.nroff/macros.d/tmac.org
v10/usr/src/cmd/troff/ancient.nroff/macros.d/tmac.osd
v10/usr/src/cmd/troff/ancient.nroff/macros.d/tmac.ptx
v10/usr/src/cmd/troff/ancient.nroff/macros.d/tmac.s
v10/usr/src/cmd/troff/ancient.nroff/macros.d/tmac.scover
v10/usr/src/cmd/troff/ancient.nroff/macros.d/tmac.sdisp
v10/usr/src/cmd/troff/ancient.nroff/macros.d/tmac.skeep
v10/usr/src/cmd/troff/ancient.nroff/macros.d/tmac.srefs
v10/usr/src/cmd/troff/ancient.nroff/macros.d/tmac.v
v10/usr/src/cmd/troff/ancient.nroff/macros.d/ucmp.n.an
v10/usr/src/cmd/troff/ancient.nroff/macros.d/ucmp.n.m
v10/usr/src/cmd/troff/ancient.nroff/macros.d/ucmp.t.an
v10/usr/src/cmd/troff/ancient.nroff/macros.d/ucmp.t.m
v10/usr/src/cmd/troff/ancient.nroff/macros.d/vmca.src
v10/usr/src/cmd/troff/ancient.nroff/terms.d/code.300
v10/usr/src/cmd/troff/ancient.nroff/terms.d/code.lp
v10/usr/src/cmd/troff/ancient.nroff/terms.d/make.out
v10/usr/src/cmd/troff/ancient.nroff/terms.d/makefile
v10/usr/src/cmd/troff/ancient.nroff/terms.d/maketerms.c
v10/usr/src/cmd/troff/ancient.nroff/terms.d/mkfile
v10/usr/src/cmd/troff/ancient.nroff/terms.d/tab2631-c.c
v10/usr/src/cmd/troff/ancient.nroff/terms.d/tab2631-e.c
v10/usr/src/cmd/troff/ancient.nroff/terms.d/tab2631.c
v10/usr/src/cmd/troff/ancient.nroff/terms.d/tab300-12.c
v10/usr/src/cmd/troff/ancient.nroff/terms.d/tab300.c
v10/usr/src/cmd/troff/ancient.nroff/terms.d/tab300s-12.c
v10/usr/src/cmd/troff/ancient.nroff/terms.d/tab300s.c
v10/usr/src/cmd/troff/ancient.nroff/terms.d/tab37.c
v10/usr/src/cmd/troff/ancient.nroff/terms.d/tab382.c
v10/usr/src/cmd/troff/ancient.nroff/terms.d/tab4000A.c
v10/usr/src/cmd/troff/ancient.nroff/terms.d/tab450-12.c
v10/usr/src/cmd/troff/ancient.nroff/terms.d/tab450.c
v10/usr/src/cmd/troff/ancient.nroff/terms.d/tab832.c
v10/usr/src/cmd/troff/ancient.nroff/terms.d/tabX.c
v10/usr/src/cmd/troff/ancient.nroff/terms.d/taba1.c
v10/usr/src/cmd/troff/ancient.nroff/terms.d/tabavt.c
v10/usr/src/cmd/troff/ancient.nroff/terms.d/tablp.c
v10/usr/src/cmd/troff/ancient.nroff/terms.d/tabtn300.c
v10/usr/src/cmd/troff/ancient.nroff/terms.d/terms.hd
v10/usr/src/cmd/troff/ancient.nroff/terms.d/terms.mk
