v10/usr/src/cmd/troff/dev202/202fonts
v10/usr/src/cmd/troff/dev202/A1
v10/usr/src/cmd/troff/dev202/A2
v10/usr/src/cmd/troff/dev202/A3
v10/usr/src/cmd/troff/dev202/A4
v10/usr/src/cmd/troff/dev202/APL
v10/usr/src/cmd/troff/dev202/APL.bug
v10/usr/src/cmd/troff/dev202/Astropi
v10/usr/src/cmd/troff/dev202/Avant
v10/usr/src/cmd/troff/dev202/AvantB
v10/usr/src/cmd/troff/dev202/AvantDB
v10/usr/src/cmd/troff/dev202/AvantL
v10/usr/src/cmd/troff/dev202/AvantM
v10/usr/src/cmd/troff/dev202/B
v10/usr/src/cmd/troff/dev202/B1
v10/usr/src/cmd/troff/dev202/B2
v10/usr/src/cmd/troff/dev202/B3
v10/usr/src/cmd/troff/dev202/B4
v10/usr/src/cmd/troff/dev202/BI
v10/usr/src/cmd/troff/dev202/Basker
v10/usr/src/cmd/troff/dev202/BaskerB
v10/usr/src/cmd/troff/dev202/BaskerBI
v10/usr/src/cmd/troff/dev202/BaskerI
v10/usr/src/cmd/troff/dev202/Bembo
v10/usr/src/cmd/troff/dev202/BemboB
v10/usr/src/cmd/troff/dev202/BemboBI
v10/usr/src/cmd/troff/dev202/BemboI
v10/usr/src/cmd/troff/dev202/Bitmap
v10/usr/src/cmd/troff/dev202/Boecklin
v10/usr/src/cmd/troff/dev202/Breughel
v10/usr/src/cmd/troff/dev202/BreughelB
v10/usr/src/cmd/troff/dev202/BreughelI
v10/usr/src/cmd/troff/dev202/CA
v10/usr/src/cmd/troff/dev202/CH
v10/usr/src/cmd/troff/dev202/CI
v10/usr/src/cmd/troff/dev202/CS
v10/usr/src/cmd/troff/dev202/CW
v10/usr/src/cmd/troff/dev202/CX
v10/usr/src/cmd/troff/dev202/Caledon
v10/usr/src/cmd/troff/dev202/CaledonB
v10/usr/src/cmd/troff/dev202/CaledonBI
v10/usr/src/cmd/troff/dev202/CaledonI
v10/usr/src/cmd/troff/dev202/Caslon
v10/usr/src/cmd/troff/dev202/CaslonI
v10/usr/src/cmd/troff/dev202/Casold
v10/usr/src/cmd/troff/dev202/CasoldI
v10/usr/src/cmd/troff/dev202/CentB
v10/usr/src/cmd/troff/dev202/CentBI
v10/usr/src/cmd/troff/dev202/CentI
v10/usr/src/cmd/troff/dev202/Centsb
v10/usr/src/cmd/troff/dev202/CentsbB
v10/usr/src/cmd/troff/dev202/CentsbI
v10/usr/src/cmd/troff/dev202/Chempi
v10/usr/src/cmd/troff/dev202/Commpi
v10/usr/src/cmd/troff/dev202/Cyrillic
v10/usr/src/cmd/troff/dev202/DESC
v10/usr/src/cmd/troff/dev202/Database
v10/usr/src/cmd/troff/dev202/E
v10/usr/src/cmd/troff/dev202/EB
v10/usr/src/cmd/troff/dev202/EK
v10/usr/src/cmd/troff/dev202/EX
v10/usr/src/cmd/troff/dev202/Euro
v10/usr/src/cmd/troff/dev202/EuroB
v10/usr/src/cmd/troff/dev202/EuroI
v10/usr/src/cmd/troff/dev202/Euroexp
v10/usr/src/cmd/troff/dev202/EuroexpB
v10/usr/src/cmd/troff/dev202/FS
v10/usr/src/cmd/troff/dev202/Futura
v10/usr/src/cmd/troff/dev202/FuturaB
v10/usr/src/cmd/troff/dev202/FuturaH
v10/usr/src/cmd/troff/dev202/FuturaI
v10/usr/src/cmd/troff/dev202/GR
v10/usr/src/cmd/troff/dev202/Garamond
v10/usr/src/cmd/troff/dev202/GaramondB
v10/usr/src/cmd/troff/dev202/GaramondBI
v10/usr/src/cmd/troff/dev202/GaramondI
v10/usr/src/cmd/troff/dev202/Gillsans
v10/usr/src/cmd/troff/dev202/GillsansB
v10/usr/src/cmd/troff/dev202/GillsansI
v10/usr/src/cmd/troff/dev202/Grey
v10/usr/src/cmd/troff/dev202/H
v10/usr/src/cmd/troff/dev202/HB
v10/usr/src/cmd/troff/dev202/HC
v10/usr/src/cmd/troff/dev202/HD
v10/usr/src/cmd/troff/dev202/HI
v10/usr/src/cmd/troff/dev202/HJ
v10/usr/src/cmd/troff/dev202/HK
v10/usr/src/cmd/troff/dev202/HL
v10/usr/src/cmd/troff/dev202/HO
v10/usr/src/cmd/troff/dev202/HX
v10/usr/src/cmd/troff/dev202/Hcond
v10/usr/src/cmd/troff/dev202/HcondB
v10/usr/src/cmd/troff/dev202/HcondBI
v10/usr/src/cmd/troff/dev202/HcondI
v10/usr/src/cmd/troff/dev202/Hlight
v10/usr/src/cmd/troff/dev202/HlightI
v10/usr/src/cmd/troff/dev202/Houtline
v10/usr/src/cmd/troff/dev202/HoutlineB
v10/usr/src/cmd/troff/dev202/HoutlineBI
v10/usr/src/cmd/troff/dev202/I
v10/usr/src/cmd/troff/dev202/IP
v10/usr/src/cmd/troff/dev202/IPA1
v10/usr/src/cmd/troff/dev202/IPA2
v10/usr/src/cmd/troff/dev202/JP
v10/usr/src/cmd/troff/dev202/K
v10/usr/src/cmd/troff/dev202/KB
v10/usr/src/cmd/troff/dev202/KI
v10/usr/src/cmd/troff/dev202/KK
v10/usr/src/cmd/troff/dev202/KX
v10/usr/src/cmd/troff/dev202/KorinnaH
v10/usr/src/cmd/troff/dev202/Lucida
v10/usr/src/cmd/troff/dev202/LucidaB
v10/usr/src/cmd/troff/dev202/LucidaI
v10/usr/src/cmd/troff/dev202/Lucsans
v10/usr/src/cmd/troff/dev202/LucsansB
v10/usr/src/cmd/troff/dev202/LucsansI
v10/usr/src/cmd/troff/dev202/M1
v10/usr/src/cmd/troff/dev202/M2
v10/usr/src/cmd/troff/dev202/M3
v10/usr/src/cmd/troff/dev202/M4
v10/usr/src/cmd/troff/dev202/M6
v10/usr/src/cmd/troff/dev202/M8
v10/usr/src/cmd/troff/dev202/MB
v10/usr/src/cmd/troff/dev202/MI
v10/usr/src/cmd/troff/dev202/MK
v10/usr/src/cmd/troff/dev202/MM
v10/usr/src/cmd/troff/dev202/MU
v10/usr/src/cmd/troff/dev202/MX
v10/usr/src/cmd/troff/dev202/MZ
v10/usr/src/cmd/troff/dev202/Melior
v10/usr/src/cmd/troff/dev202/MeliorB
v10/usr/src/cmd/troff/dev202/MeliorBI
v10/usr/src/cmd/troff/dev202/MeliorI
v10/usr/src/cmd/troff/dev202/Memphis
v10/usr/src/cmd/troff/dev202/MemphisB
v10/usr/src/cmd/troff/dev202/MemphisBI
v10/usr/src/cmd/troff/dev202/MemphisBK
v10/usr/src/cmd/troff/dev202/MemphisI
v10/usr/src/cmd/troff/dev202/MemphisKI
v10/usr/src/cmd/troff/dev202/Musicpi
v10/usr/src/cmd/troff/dev202/O
v10/usr/src/cmd/troff/dev202/O1
v10/usr/src/cmd/troff/dev202/O2
v10/usr/src/cmd/troff/dev202/O3
v10/usr/src/cmd/troff/dev202/O4
v10/usr/src/cmd/troff/dev202/O5
v10/usr/src/cmd/troff/dev202/OB
v10/usr/src/cmd/troff/dev202/OE
v10/usr/src/cmd/troff/dev202/OI
v10/usr/src/cmd/troff/dev202/OK
v10/usr/src/cmd/troff/dev202/Optima
v10/usr/src/cmd/troff/dev202/OptimaB
v10/usr/src/cmd/troff/dev202/OptimaBI
v10/usr/src/cmd/troff/dev202/OptimaBK
v10/usr/src/cmd/troff/dev202/OptimaI
v10/usr/src/cmd/troff/dev202/OptimaM
v10/usr/src/cmd/troff/dev202/OptimaMI
v10/usr/src/cmd/troff/dev202/PA
v10/usr/src/cmd/troff/dev202/PB
v10/usr/src/cmd/troff/dev202/PI
v10/usr/src/cmd/troff/dev202/PO
v10/usr/src/cmd/troff/dev202/PX
v10/usr/src/cmd/troff/dev202/R
v10/usr/src/cmd/troff/dev202/R9
v10/usr/src/cmd/troff/dev202/README
v10/usr/src/cmd/troff/dev202/S
v10/usr/src/cmd/troff/dev202/SB
v10/usr/src/cmd/troff/dev202/SI
v10/usr/src/cmd/troff/dev202/SK
v10/usr/src/cmd/troff/dev202/SV
v10/usr/src/cmd/troff/dev202/SX
v10/usr/src/cmd/troff/dev202/SZ
v10/usr/src/cmd/troff/dev202/Souvenir
v10/usr/src/cmd/troff/dev202/SouvenirB
v10/usr/src/cmd/troff/dev202/SouvenirBI
v10/usr/src/cmd/troff/dev202/SouvenirBK
v10/usr/src/cmd/troff/dev202/SouvenirI
v10/usr/src/cmd/troff/dev202/SouvenirKI
v10/usr/src/cmd/troff/dev202/Spar
v10/usr/src/cmd/troff/dev202/SparB
v10/usr/src/cmd/troff/dev202/SparI
v10/usr/src/cmd/troff/dev202/SparK
v10/usr/src/cmd/troff/dev202/Spartan
v10/usr/src/cmd/troff/dev202/SpartanB
v10/usr/src/cmd/troff/dev202/SpartanBK
v10/usr/src/cmd/troff/dev202/SpartanI
v10/usr/src/cmd/troff/dev202/T2
v10/usr/src/cmd/troff/dev202/T3
v10/usr/src/cmd/troff/dev202/Textype
v10/usr/src/cmd/troff/dev202/TextypeB
v10/usr/src/cmd/troff/dev202/TextypeI
v10/usr/src/cmd/troff/dev202/US
v10/usr/src/cmd/troff/dev202/WT
v10/usr/src/cmd/troff/dev202/X1
v10/usr/src/cmd/troff/dev202/X123
v10/usr/src/cmd/troff/dev202/Zapf
v10/usr/src/cmd/troff/dev202/ZapfB
v10/usr/src/cmd/troff/dev202/ZapfBI
v10/usr/src/cmd/troff/dev202/ZapfBK
v10/usr/src/cmd/troff/dev202/ZapfI
v10/usr/src/cmd/troff/dev202/ZapfKI
v10/usr/src/cmd/troff/dev202/_README
v10/usr/src/cmd/troff/dev202/catalog
v10/usr/src/cmd/troff/dev202/cmr10
v10/usr/src/cmd/troff/dev202/cmr10.fd
v10/usr/src/cmd/troff/dev202/embd
v10/usr/src/cmd/troff/dev202/hyphen
v10/usr/src/cmd/troff/dev202/install
v10/usr/src/cmd/troff/dev202/lig
v10/usr/src/cmd/troff/dev202/makefont
v10/usr/src/cmd/troff/dev202/newfonts
v10/usr/src/cmd/troff/dev202/nmakefont
v10/usr/src/cmd/troff/dev202/print1font
v10/usr/src/cmd/troff/dev202/printfont
v10/usr/src/cmd/troff/dev202/proto
v10/usr/src/cmd/troff/dev202/shipout
v10/usr/src/cmd/troff/dev202/specmakefont
v10/usr/src/cmd/troff/devaps/ASCII
v10/usr/src/cmd/troff/devaps/B
v10/usr/src/cmd/troff/devaps/BI
v10/usr/src/cmd/troff/devaps/C
v10/usr/src/cmd/troff/devaps/CE
v10/usr/src/cmd/troff/devaps/CI
v10/usr/src/cmd/troff/devaps/CO
v10/usr/src/cmd/troff/devaps/CS
v10/usr/src/cmd/troff/devaps/CT
v10/usr/src/cmd/troff/devaps/CW
v10/usr/src/cmd/troff/devaps/CX
v10/usr/src/cmd/troff/devaps/DESC
v10/usr/src/cmd/troff/devaps/G
v10/usr/src/cmd/troff/devaps/GB
v10/usr/src/cmd/troff/devaps/GI
v10/usr/src/cmd/troff/devaps/GR
v10/usr/src/cmd/troff/devaps/GS
v10/usr/src/cmd/troff/devaps/H
v10/usr/src/cmd/troff/devaps/HB
v10/usr/src/cmd/troff/devaps/HI
v10/usr/src/cmd/troff/devaps/HK
v10/usr/src/cmd/troff/devaps/HL
v10/usr/src/cmd/troff/devaps/HX
v10/usr/src/cmd/troff/devaps/I
v10/usr/src/cmd/troff/devaps/KERNING
v10/usr/src/cmd/troff/devaps/LINKFILE
v10/usr/src/cmd/troff/devaps/MB
v10/usr/src/cmd/troff/devaps/MI
v10/usr/src/cmd/troff/devaps/MR
v10/usr/src/cmd/troff/devaps/MX
v10/usr/src/cmd/troff/devaps/PA
v10/usr/src/cmd/troff/devaps/PB
v10/usr/src/cmd/troff/devaps/PI
v10/usr/src/cmd/troff/devaps/PO
v10/usr/src/cmd/troff/devaps/PX
v10/usr/src/cmd/troff/devaps/R
v10/usr/src/cmd/troff/devaps/README
v10/usr/src/cmd/troff/devaps/S
v10/usr/src/cmd/troff/devaps/S1
v10/usr/src/cmd/troff/devaps/SC
v10/usr/src/cmd/troff/devaps/SM
v10/usr/src/cmd/troff/devaps/SPECIAL
v10/usr/src/cmd/troff/devaps/TB
v10/usr/src/cmd/troff/devaps/TX
v10/usr/src/cmd/troff/devaps/aps.h
v10/usr/src/cmd/troff/devaps/awk.script
v10/usr/src/cmd/troff/devaps/dumpaps.c
v10/usr/src/cmd/troff/devaps/fixkern
v10/usr/src/cmd/troff/devaps/install
v10/usr/src/cmd/troff/devaps/makeaps.c
v10/usr/src/cmd/troff/devaps/mbox
v10/usr/src/cmd/troff/devaps/u_Cw
v10/usr/src/cmd/troff/devaps/version
v10/usr/src/cmd/troff/devcat/B
v10/usr/src/cmd/troff/devcat/CW
v10/usr/src/cmd/troff/devcat/DESC
v10/usr/src/cmd/troff/devcat/G
v10/usr/src/cmd/troff/devcat/H
v10/usr/src/cmd/troff/devcat/I
v10/usr/src/cmd/troff/devcat/R
v10/usr/src/cmd/troff/devcat/README
v10/usr/src/cmd/troff/devcat/S
v10/usr/src/cmd/troff/devcat/install
v10/usr/src/cmd/troff/devi10/B
v10/usr/src/cmd/troff/devi10/CW
v10/usr/src/cmd/troff/devi10/DESC
v10/usr/src/cmd/troff/devi10/FONTCHANGES
v10/usr/src/cmd/troff/devi10/H
v10/usr/src/cmd/troff/devi10/HI
v10/usr/src/cmd/troff/devi10/HK
v10/usr/src/cmd/troff/devi10/I
v10/usr/src/cmd/troff/devi10/LINKFILE
v10/usr/src/cmd/troff/devi10/PA
v10/usr/src/cmd/troff/devi10/PB
v10/usr/src/cmd/troff/devi10/PI
v10/usr/src/cmd/troff/devi10/PO
v10/usr/src/cmd/troff/devi10/R
v10/usr/src/cmd/troff/devi10/README
v10/usr/src/cmd/troff/devi10/S
v10/usr/src/cmd/troff/devi10/makefonts.c
v10/usr/src/cmd/troff/term/tab.37
v10/usr/src/cmd/troff/term/tab.450
v10/usr/src/cmd/troff/term/tab.450-12
v10/usr/src/cmd/troff/term/tab.lp
v10/usr/src/cmd/troff/term/tab.think
v10/usr/src/cmd/tsort/Makefile
v10/usr/src/cmd/tsort/mkfile
v10/usr/src/cmd/tsort/refstore.c
v10/usr/src/cmd/tsort/subs.c
v10/usr/src/cmd/tsort/ts.h
v10/usr/src/cmd/tsort/tsort.c
