v10/usr/src/cmd/twig/README
v10/usr/src/cmd/twig/code.c
v10/usr/src/cmd/twig/code.h
v10/usr/src/cmd/twig/common.h
v10/usr/src/cmd/twig/io.c
v10/usr/src/cmd/twig/kindling
v10/usr/src/cmd/twig/lex.c
v10/usr/src/cmd/twig/machcomm.h
v10/usr/src/cmd/twig/machine.c
v10/usr/src/cmd/twig/machine.h
v10/usr/src/cmd/twig/makefile
v10/usr/src/cmd/twig/mem.c
v10/usr/src/cmd/twig/mem.h
v10/usr/src/cmd/twig/mkfile
v10/usr/src/cmd/twig/path.c
v10/usr/src/cmd/twig/rawwalker.c1
v10/usr/src/cmd/twig/rawwalker.ex
v10/usr/src/cmd/twig/sym.c
v10/usr/src/cmd/twig/sym.h
v10/usr/src/cmd/twig/trees.c
v10/usr/src/cmd/twig/twig.y
v10/usr/src/cmd/twig/walker.c1
v10/usr/src/cmd/twig/y.tab.c
v10/usr/src/cmd/twig/y.tab.h
v10/usr/src/cmd/twig/doc/manual/mybib.bib
v10/usr/src/cmd/twig/doc/manual/pic.tex
v10/usr/src/cmd/twig/doc/manual/run
v10/usr/src/cmd/twig/doc/manual/twig0.log
v10/usr/src/cmd/twig/doc/manual/twig0.tex
v10/usr/src/cmd/twig/doc/manual/twigb.t
v10/usr/src/cmd/twig/doc/manual/twigb.tex
v10/usr/src/cmd/twig/examples/prefix.mt
v10/usr/src/cmd/twig/examples/symbols.h
v10/usr/src/cmd/twig/examples/walker.c
v10/usr/src/cmd/u9fs/9p.h
v10/usr/src/cmd/u9fs/README
v10/usr/src/cmd/u9fs/conv.c
v10/usr/src/cmd/u9fs/libc.h
v10/usr/src/cmd/u9fs/makefile
v10/usr/src/cmd/u9fs/memmove.c
v10/usr/src/cmd/u9fs/mfmt.c
v10/usr/src/cmd/u9fs/mkfile
v10/usr/src/cmd/u9fs/u.h
v10/usr/src/cmd/u9fs/u9fs.c
v10/usr/src/cmd/u9fs/u9fs.cold
