v10/usr/src/cmd/udemon/reset.s
v10/usr/src/cmd/udemon/udemon.e
v10/usr/src/cmd/udemon/udemon.h
v10/usr/src/cmd/udemon/udemon1.c
v10/usr/src/cmd/udemon/udemon2.c
v10/usr/src/cmd/udemon/udemon3.c
v10/usr/src/cmd/udemon/udemonrc
v10/usr/src/cmd/udemon/ufs.h
v10/usr/src/cmd/udemon/ufs4.c
v10/usr/src/cmd/ul/Makefile
v10/usr/src/cmd/ul/mkfile
v10/usr/src/cmd/ul/ul.c
v10/usr/src/cmd/units/Makefile
v10/usr/src/cmd/units/mkcdate.c
v10/usr/src/cmd/units/mkfile
v10/usr/src/cmd/units/units.y
v10/usr/src/cmd/units/units.y-1
v10/usr/src/cmd/units/old/units.c
v10/usr/src/cmd/units/old/usr.lib.units
v10/usr/src/cmd/upas/MODS
v10/usr/src/cmd/upas/README
v10/usr/src/cmd/upas/andys.code
v10/usr/src/cmd/upas/bundle
v10/usr/src/cmd/upas/makebundle
v10/usr/src/cmd/upas/questions
v10/usr/src/cmd/upas/stats
v10/usr/src/cmd/upas/upaslog
v10/usr/src/cmd/upas/4bsd/config.c
v10/usr/src/cmd/upas/4bsd/makefile
v10/usr/src/cmd/upas/4bsd/mkfile
v10/usr/src/cmd/upas/attin/config.c
v10/usr/src/cmd/upas/attin/makefile
v10/usr/src/cmd/upas/attin/mkfile
v10/usr/src/cmd/upas/attin/sys.h
v10/usr/src/cmd/upas/common/aux.c
v10/usr/src/cmd/upas/common/aux.h
v10/usr/src/cmd/upas/common/mail.c
v10/usr/src/cmd/upas/common/mail.h
v10/usr/src/cmd/upas/common/makefile
v10/usr/src/cmd/upas/common/mkfile
v10/usr/src/cmd/upas/common/string.c
v10/usr/src/cmd/upas/common/string.h
v10/usr/src/cmd/upas/common/sys.h
v10/usr/src/cmd/upas/common/syslog.c
v10/usr/src/cmd/upas/common/syslog.h
v10/usr/src/cmd/upas/config/README
v10/usr/src/cmd/upas/config/1127suns/makefile
v10/usr/src/cmd/upas/config/1127suns/mkfile
v10/usr/src/cmd/upas/config/1127suns/rewrite
v10/usr/src/cmd/upas/config/1127suns/smtproute
v10/usr/src/cmd/upas/config/1127suns/uucproute
v10/usr/src/cmd/upas/config/112clients/auth
v10/usr/src/cmd/upas/config/112clients/makefile
v10/usr/src/cmd/upas/config/112clients/mkfile
v10/usr/src/cmd/upas/config/112clients/rewrite
v10/usr/src/cmd/upas/config/112clients/route
v10/usr/src/cmd/upas/config/112clients/route.tempo
v10/usr/src/cmd/upas/config/112clients/smtproute
v10/usr/src/cmd/upas/config/112clients/uucproute
v10/usr/src/cmd/upas/config/112clients/xunetroute
v10/usr/src/cmd/upas/config/research/auth
v10/usr/src/cmd/upas/config/research/rewrite
v10/usr/src/cmd/upas/config/research/route
v10/usr/src/cmd/upas/config/research/route.res
v10/usr/src/cmd/upas/config/research/route.tempo
v10/usr/src/cmd/upas/config/research/smtproute
v10/usr/src/cmd/upas/config/research/xunetroute.res
v10/usr/src/cmd/upas/config/smtponly/rewrite
v10/usr/src/cmd/upas/config/smtponly/route
v10/usr/src/cmd/upas/cray/config.c
v10/usr/src/cmd/upas/cray/makefile
v10/usr/src/cmd/upas/cray/mkfile
v10/usr/src/cmd/upas/cray/sys.h
v10/usr/src/cmd/upas/libc/4bsddirsel.c
v10/usr/src/cmd/upas/libc/4bsdsysname.c
v10/usr/src/cmd/upas/libc/README
v10/usr/src/cmd/upas/libc/bsdopen.c
v10/usr/src/cmd/upas/libc/dirsel.h
v10/usr/src/cmd/upas/libc/dup2.c
v10/usr/src/cmd/upas/libc/fread.c
v10/usr/src/cmd/upas/libc/fwrite.c
v10/usr/src/cmd/upas/libc/gendate.c
v10/usr/src/cmd/upas/libc/genopen.c
v10/usr/src/cmd/upas/libc/getlog.c
v10/usr/src/cmd/upas/libc/getlogin.c
v10/usr/src/cmd/upas/libc/makefile
v10/usr/src/cmd/upas/libc/mboxowner.c
v10/usr/src/cmd/upas/libc/mkfile
v10/usr/src/cmd/upas/libc/nsysfile.c
v10/usr/src/cmd/upas/libc/omakefile
v10/usr/src/cmd/upas/libc/posixopen.c
v10/usr/src/cmd/upas/libc/regcomp.c
v10/usr/src/cmd/upas/libc/regerror.c
v10/usr/src/cmd/upas/libc/regexec.c
v10/usr/src/cmd/upas/libc/regexp.h
v10/usr/src/cmd/upas/libc/regprog.h
v10/usr/src/cmd/upas/libc/regsub.c
v10/usr/src/cmd/upas/libc/s5date.c
v10/usr/src/cmd/upas/libc/s5dirsel.c
v10/usr/src/cmd/upas/libc/s5mboxowner.c
v10/usr/src/cmd/upas/libc/s5sysname.c
v10/usr/src/cmd/upas/libc/setlogname.c
v10/usr/src/cmd/upas/libc/strings.c
v10/usr/src/cmd/upas/libc/sunopen.c
v10/usr/src/cmd/upas/libc/tzset.c
v10/usr/src/cmd/upas/libc/ugid.h
v10/usr/src/cmd/upas/libc/v9dirsel.c
v10/usr/src/cmd/upas/libc/v9nsysfile.c
v10/usr/src/cmd/upas/libc/v9open.c
v10/usr/src/cmd/upas/libc/v9sysname.c
v10/usr/src/cmd/upas/man/mail.1
v10/usr/src/cmd/upas/man/mail.6
v10/usr/src/cmd/upas/man/smtp.8
v10/usr/src/cmd/upas/man/upas.8
v10/usr/src/cmd/upas/mips/config.c
v10/usr/src/cmd/upas/mips/graceland.mk
v10/usr/src/cmd/upas/mips/inet.mk
v10/usr/src/cmd/upas/mips/research.mk
v10/usr/src/cmd/upas/mips/research_sys.h
v10/usr/src/cmd/upas/mips/sys.h
v10/usr/src/cmd/upas/misc/gone.fishing
v10/usr/src/cmd/upas/misc/gone.msg
v10/usr/src/cmd/upas/misc/mail.c
v10/usr/src/cmd/upas/misc/mail.sh
v10/usr/src/cmd/upas/misc/makefile
v10/usr/src/cmd/upas/misc/mkfile
v10/usr/src/cmd/upas/ns/makefile
v10/usr/src/cmd/upas/ns/mkfile
v10/usr/src/cmd/upas/ns/rmft
v10/usr/src/cmd/upas/ns/translate.c
v10/usr/src/cmd/upas/print/cmds.c
v10/usr/src/cmd/upas/print/edmail.c
v10/usr/src/cmd/upas/print/makefile
v10/usr/src/cmd/upas/print/message.c
v10/usr/src/cmd/upas/print/message.h
v10/usr/src/cmd/upas/print/mkfile
v10/usr/src/cmd/upas/print/partial.news
v10/usr/src/cmd/upas/s5/config.c
v10/usr/src/cmd/upas/s5/makefile
v10/usr/src/cmd/upas/s5/mkfile
v10/usr/src/cmd/upas/s5.3k/config.c
v10/usr/src/cmd/upas/s5.3k/fakear
v10/usr/src/cmd/upas/s5.3k/fakecc
v10/usr/src/cmd/upas/s5.3k/makefile
v10/usr/src/cmd/upas/s5.3k/mkfile
v10/usr/src/cmd/upas/send/a.smith1
v10/usr/src/cmd/upas/send/authorize.c
v10/usr/src/cmd/upas/send/bind.c
v10/usr/src/cmd/upas/send/chkfwd.c
v10/usr/src/cmd/upas/send/dest.c
v10/usr/src/cmd/upas/send/dest.h
v10/usr/src/cmd/upas/send/gateway.c
v10/usr/src/cmd/upas/send/local.c
v10/usr/src/cmd/upas/send/log.c
v10/usr/src/cmd/upas/send/main.c
v10/usr/src/cmd/upas/send/make.out
v10/usr/src/cmd/upas/send/makefile
v10/usr/src/cmd/upas/send/message.c
v10/usr/src/cmd/upas/send/message.h
v10/usr/src/cmd/upas/send/mkfile
v10/usr/src/cmd/upas/send/notify.c
v10/usr/src/cmd/upas/send/partial.news
v10/usr/src/cmd/upas/send/process.c
v10/usr/src/cmd/upas/send/process.h
v10/usr/src/cmd/upas/send/rewrite.c
v10/usr/src/cmd/upas/send/translate.c
v10/usr/src/cmd/upas/send/tryit
v10/usr/src/cmd/upas/sgi/config.c
v10/usr/src/cmd/upas/sgi/makefile
v10/usr/src/cmd/upas/sgi/mkfile
v10/usr/src/cmd/upas/sgi/sys.h
