v10/usr/src/cmd/upas/smtp/Notes
v10/usr/src/cmd/upas/smtp/addrformat.h
v10/usr/src/cmd/upas/smtp/cmds.h
v10/usr/src/cmd/upas/smtp/converse.c
v10/usr/src/cmd/upas/smtp/conversed.c
v10/usr/src/cmd/upas/smtp/from822.c
v10/usr/src/cmd/upas/smtp/from822addr.c
v10/usr/src/cmd/upas/smtp/header.c
v10/usr/src/cmd/upas/smtp/header.h
v10/usr/src/cmd/upas/smtp/log.c
v10/usr/src/cmd/upas/smtp/main.c
v10/usr/src/cmd/upas/smtp/makefile
v10/usr/src/cmd/upas/smtp/mkfile
v10/usr/src/cmd/upas/smtp/netio.c
v10/usr/src/cmd/upas/smtp/notice.h
v10/usr/src/cmd/upas/smtp/qlib.c
v10/usr/src/cmd/upas/smtp/smtp.c
v10/usr/src/cmd/upas/smtp/smtp.h
v10/usr/src/cmd/upas/smtp/smtpd.c
v10/usr/src/cmd/upas/smtp/smtpqer.c
v10/usr/src/cmd/upas/smtp/smtpsched.c
v10/usr/src/cmd/upas/smtp/smtpsched.i
v10/usr/src/cmd/upas/smtp/to822.c
v10/usr/src/cmd/upas/smtp/to822addr.c
v10/usr/src/cmd/upas/sun4bsd/config.c
v10/usr/src/cmd/upas/sun4bsd/makefile
v10/usr/src/cmd/upas/sun4bsd/mkfile
v10/usr/src/cmd/upas/sun4bsd/sys.h
v10/usr/src/cmd/upas/v10/config.c
v10/usr/src/cmd/upas/v10/makefile
v10/usr/src/cmd/upas/v10/mkfile
v10/usr/src/cmd/upas/v10/sys.h
v10/usr/src/cmd/upas/v10/syslog.h
v10/usr/src/cmd/usgmake/Makefile
v10/usr/src/cmd/usgmake/ar.h
v10/usr/src/cmd/usgmake/defs
v10/usr/src/cmd/usgmake/doname.c
v10/usr/src/cmd/usgmake/dosys.c
v10/usr/src/cmd/usgmake/dyndep.c
v10/usr/src/cmd/usgmake/files.c
v10/usr/src/cmd/usgmake/gram.y
v10/usr/src/cmd/usgmake/main.c
v10/usr/src/cmd/usgmake/make.mk
v10/usr/src/cmd/usgmake/make.sh
v10/usr/src/cmd/usgmake/markfile
v10/usr/src/cmd/usgmake/misc.c
v10/usr/src/cmd/usgmake/mkfile
v10/usr/src/cmd/usgmake/oar.h
v10/usr/src/cmd/usgmake/ofiles.c
v10/usr/src/cmd/usgmake/prtmem.c
v10/usr/src/cmd/usgmake/rdhdr.c
v10/usr/src/cmd/usgmake/rules.c
