v10/usr/src/cmd/uucp/Dialers
v10/usr/src/cmd/uucp/README
v10/usr/src/cmd/uucp/README1ST
v10/usr/src/cmd/uucp/anlwrk.c
v10/usr/src/cmd/uucp/callers.c
v10/usr/src/cmd/uucp/chremdir.c
v10/usr/src/cmd/uucp/cico.c
v10/usr/src/cmd/uucp/cntrl.c
v10/usr/src/cmd/uucp/conn.c
v10/usr/src/cmd/uucp/cpmv.c
v10/usr/src/cmd/uucp/debug
v10/usr/src/cmd/uucp/dio.c
v10/usr/src/cmd/uucp/eio.c
v10/usr/src/cmd/uucp/expfile.c
v10/usr/src/cmd/uucp/gename.c
v10/usr/src/cmd/uucp/getargs.c
v10/usr/src/cmd/uucp/getprm.c
v10/usr/src/cmd/uucp/getpwinfo.c
v10/usr/src/cmd/uucp/gio.c
v10/usr/src/cmd/uucp/gnamef.c
v10/usr/src/cmd/uucp/gnxseq.c
v10/usr/src/cmd/uucp/gtcfile.c
v10/usr/src/cmd/uucp/gwd.c
v10/usr/src/cmd/uucp/imsg.c
v10/usr/src/cmd/uucp/kick
v10/usr/src/cmd/uucp/line.c
v10/usr/src/cmd/uucp/logent.c
v10/usr/src/cmd/uucp/mailst.c
v10/usr/src/cmd/uucp/mkfile
v10/usr/src/cmd/uucp/parms.h
v10/usr/src/cmd/uucp/permission.c
v10/usr/src/cmd/uucp/pk.h
v10/usr/src/cmd/uucp/pk0.c
v10/usr/src/cmd/uucp/pk1.c
v10/usr/src/cmd/uucp/pkdefs.c
v10/usr/src/cmd/uucp/remote.unknown
v10/usr/src/cmd/uucp/rmlock.c
v10/usr/src/cmd/uucp/shio.c
v10/usr/src/cmd/uucp/small
v10/usr/src/cmd/uucp/strpbrk.c
v10/usr/src/cmd/uucp/sysopen.c
v10/usr/src/cmd/uucp/systat.c
v10/usr/src/cmd/uucp/ulockf.c
v10/usr/src/cmd/uucp/utility.c
v10/usr/src/cmd/uucp/uucheck.c
v10/usr/src/cmd/uucp/uucleanup.c
v10/usr/src/cmd/uucp/uucp.c
v10/usr/src/cmd/uucp/uucp.h
v10/usr/src/cmd/uucp/uucp.mk
v10/usr/src/cmd/uucp/uucpdefs.c
v10/usr/src/cmd/uucp/uucpname.c
v10/usr/src/cmd/uucp/uucrap
v10/usr/src/cmd/uucp/uudemon.cleanu
v10/usr/src/cmd/uucp/uudemon.day
v10/usr/src/cmd/uucp/uudemon.hr
v10/usr/src/cmd/uucp/uudemon.poll
v10/usr/src/cmd/uucp/uugrep.c
v10/usr/src/cmd/uucp/uulog
v10/usr/src/cmd/uucp/uuname.c
v10/usr/src/cmd/uucp/uupick
v10/usr/src/cmd/uucp/uups
v10/usr/src/cmd/uucp/uusched.c
v10/usr/src/cmd/uucp/uustat.c
v10/usr/src/cmd/uucp/uusysmake.sh
v10/usr/src/cmd/uucp/uuto
v10/usr/src/cmd/uucp/uux.c
v10/usr/src/cmd/uucp/uuxqt.c
v10/usr/src/cmd/uucp/versys.c
v10/usr/src/cmd/uucp/xio.c
v10/usr/src/cmd/uucp/xqt.c
