v10/usr/src/cmd/uucp/doc/admin/AppendixI
v10/usr/src/cmd/uucp/doc/admin/AppendixII
v10/usr/src/cmd/uucp/doc/admin/AppendixIII
v10/usr/src/cmd/uucp/doc/admin/AppendixIV
v10/usr/src/cmd/uucp/doc/admin/README
v10/usr/src/cmd/uucp/doc/admin/uucp.D
v10/usr/src/cmd/uucp/doc/rtmdiff/README
v10/usr/src/cmd/uucp/doc/rtmdiff/cmd
v10/usr/src/cmd/uucp/doc/rtmdiff/dae
v10/usr/src/cmd/uucp/doc/rtmdiff/filemodes
v10/usr/src/cmd/uucp/doc/rtmdiff/files
v10/usr/src/cmd/uucp/doc/rtmdiff/install
v10/usr/src/cmd/uucp/doc/rtmdiff/intro
v10/usr/src/cmd/uucp/doc/rtmdiff/libfiles
v10/usr/src/cmd/uucp/doc/rtmdiff/macs
v10/usr/src/cmd/uucp/doc/rtmdiff/r
v10/usr/src/cmd/uucp/doc/rtmdiff/ref
v10/usr/src/cmd/uucp/doc/rtmdiff/sec
v10/usr/src/cmd/uucp/doc/rtmdiff/spool
v10/usr/src/cmd/uucp/man/uucheck.1m
v10/usr/src/cmd/uucp/man/uucico.1m
v10/usr/src/cmd/uucp/man/uucleanup.1m
v10/usr/src/cmd/uucp/man/uucp.1c
v10/usr/src/cmd/uucp/man/uulog.1c
v10/usr/src/cmd/uucp/man/uusched.1m
v10/usr/src/cmd/uucp/man/uustat.1c
v10/usr/src/cmd/uucp/man/uuto.1c
v10/usr/src/cmd/uucp/man/uux.1c
v10/usr/src/cmd/uucp/man/uuxqt.1m
v10/usr/src/cmd/uucp/samples/Devices
v10/usr/src/cmd/uucp/samples/Dialcodes
v10/usr/src/cmd/uucp/samples/Permissions
v10/usr/src/cmd/uucp/samples/Poll
v10/usr/src/cmd/uucp/unused/Cpset
v10/usr/src/cmd/uucp/unused/Cvt
v10/usr/src/cmd/uucp/unused/Install
v10/usr/src/cmd/uucp/unused/Nutry
v10/usr/src/cmd/uucp/unused/SetUp
v10/usr/src/cmd/uucp/unused/Uutry.1m
v10/usr/src/cmd/uucp/unused/getopt.c
v10/usr/src/cmd/uucp/unused/u_Uutry
v10/usr/src/cmd/uucp/unused/uudemon.admin
v10/usr/src/cmd/uucp/unused/uugetty.1m
v10/usr/src/cmd/uucp/unused/uugetty.c
v10/usr/src/cmd/uucp/unused/uukick
v10/usr/src/cmd/uucp/unused/uutry
v10/usr/src/cmd/uudiff/lenrem.c
v10/usr/src/cmd/uudiff/locpart.c
v10/usr/src/cmd/uudiff/printable.c
v10/usr/src/cmd/uudiff/run1.c
v10/usr/src/cmd/uudiff/trim.c
v10/usr/src/cmd/view2d/3610op.h
v10/usr/src/cmd/view2d/Changes
v10/usr/src/cmd/view2d/Notes_cv
v10/usr/src/cmd/view2d/antial.c
v10/usr/src/cmd/view2d/co.e
v10/usr/src/cmd/view2d/contour.c
v10/usr/src/cmd/view2d/cv.h
v10/usr/src/cmd/view2d/dump
v10/usr/src/cmd/view2d/fill.c
v10/usr/src/cmd/view2d/g2.e
v10/usr/src/cmd/view2d/half_pan.c
v10/usr/src/cmd/view2d/halft.c
v10/usr/src/cmd/view2d/hide.c
v10/usr/src/cmd/view2d/jerq.c
v10/usr/src/cmd/view2d/level.c
v10/usr/src/cmd/view2d/makemap.c
v10/usr/src/cmd/view2d/meth_reset.c
v10/usr/src/cmd/view2d/metheus
v10/usr/src/cmd/view2d/metheus.c
v10/usr/src/cmd/view2d/mkfile
v10/usr/src/cmd/view2d/moviefil.c
v10/usr/src/cmd/view2d/nout
v10/usr/src/cmd/view2d/ramp.c
v10/usr/src/cmd/view2d/rd.c
v10/usr/src/cmd/view2d/regrid.c
v10/usr/src/cmd/view2d/rks.c
v10/usr/src/cmd/view2d/slice.c
v10/usr/src/cmd/view2d/step.c
v10/usr/src/cmd/view2d/sys.c
v10/usr/src/cmd/view2d/t.c
v10/usr/src/cmd/view2d/testpat.c
v10/usr/src/cmd/view2d/unzoom.c
v10/usr/src/cmd/view2d/vdata.c
v10/usr/src/cmd/view2d/view2d.c
v10/usr/src/cmd/view2d/view2d.h
v10/usr/src/cmd/view2d/viewtd.c
v10/usr/src/cmd/view2d/wedge.c
v10/usr/src/cmd/view2d/wr.c
v10/usr/src/cmd/view2d/Old/Makefile
v10/usr/src/cmd/view2d/Old/clr.c
v10/usr/src/cmd/view2d/Old/cv.c
v10/usr/src/cmd/view2d/Old/cvmap.c
v10/usr/src/cmd/view2d/Old/level.c
v10/usr/src/cmd/view2d/Old/metheus.c
v10/usr/src/cmd/view2d/Old/mkfile
v10/usr/src/cmd/view2d/Old/metheus/3610op.h
v10/usr/src/cmd/view2d/Old/metheus/cv.c
v10/usr/src/cmd/view2d/Old/metheus/cvmap.c
v10/usr/src/cmd/view2d/Old/metheus/level.c
v10/usr/src/cmd/view2d/Tri/Makefile
v10/usr/src/cmd/view2d/Tri/box.f
v10/usr/src/cmd/view2d/Tri/mkfile
v10/usr/src/cmd/view2d/Tri/pack.c
v10/usr/src/cmd/view2d/Tri/tri.c
v10/usr/src/cmd/view2d/coloriz/Makefile
v10/usr/src/cmd/view2d/coloriz/coloriz.c
v10/usr/src/cmd/view2d/coloriz/cvmap.c
v10/usr/src/cmd/view2d/coloriz/halft.c
v10/usr/src/cmd/view2d/coloriz/level.c
v10/usr/src/cmd/view2d/coloriz/mkfile
v10/usr/src/cmd/view2d/coloriz/regrid.c
v10/usr/src/cmd/view2d/coloriz/sys.c
v10/usr/src/cmd/view2d/cray/Makefile
v10/usr/src/cmd/view2d/cray/eig.f
v10/usr/src/cmd/view2d/cray/mkfile
v10/usr/src/cmd/view2d/cray/movie.f
v10/usr/src/cmd/view2d/cray/movie.jcl
v10/usr/src/cmd/view2d/cray/mvefil.3
v10/usr/src/cmd/view2d/cray/mvefil.f
v10/usr/src/cmd/view2d/cray/view3k
v10/usr/src/cmd/view2d/cray/Old/EOR
v10/usr/src/cmd/view2d/cray/Old/fm
v10/usr/src/cmd/view2d/cray/Old/fmovie.f
v10/usr/src/cmd/view2d/cray/Old/lib.update
v10/usr/src/cmd/view2d/num/Makefile
v10/usr/src/cmd/view2d/num/interp.f
v10/usr/src/cmd/view2d/num/isamax.f
v10/usr/src/cmd/view2d/num/l2fit.f
v10/usr/src/cmd/view2d/num/main.f
v10/usr/src/cmd/view2d/num/mkfile
v10/usr/src/cmd/view2d/num/saxpy.f
v10/usr/src/cmd/view2d/num/scopy.f
v10/usr/src/cmd/view2d/num/sdot.f
v10/usr/src/cmd/view2d/num/sgefa.f
v10/usr/src/cmd/view2d/num/sgesl.f
v10/usr/src/cmd/view2d/num/snrm2.f
v10/usr/src/cmd/view2d/num/sqrdc.f
v10/usr/src/cmd/view2d/num/sqrsl.f
v10/usr/src/cmd/view2d/num/sscal.f
v10/usr/src/cmd/view2d/num/sswap.f
v10/usr/src/cmd/view2d/num/tl2fit.f
