v10/usr/src/cmd/worm/temp1
v10/usr/src/cmd/worm/temp2
v10/usr/src/cmd/worm/timenow.c
v10/usr/src/cmd/worm/vlink.c
v10/usr/src/cmd/worm/wbtree.c
v10/usr/src/cmd/worm/wcat.c
v10/usr/src/cmd/worm/wcopy.c
v10/usr/src/cmd/worm/wdir.c
v10/usr/src/cmd/worm/wild
v10/usr/src/cmd/worm/wls.c
v10/usr/src/cmd/worm/wmkfs.c
v10/usr/src/cmd/worm/wmount.c
v10/usr/src/cmd/worm/wmv.c
v10/usr/src/cmd/worm/woffline.c
v10/usr/src/cmd/worm/worm.bundle
v10/usr/src/cmd/worm/worm.h
v10/usr/src/cmd/worm/wpoke.c
v10/usr/src/cmd/worm/wread.c
v10/usr/src/cmd/worm/wreset.c
v10/usr/src/cmd/worm/wrm.c
v10/usr/src/cmd/worm/wstat.c
v10/usr/src/cmd/worm/wtmp.c
v10/usr/src/cmd/worm/wtmp1.c
v10/usr/src/cmd/worm/wtmpdir.c
v10/usr/src/cmd/worm/wwrite.c
v10/usr/src/cmd/worm/zero.c
