v10/usr/src/cmd/view2d/term/3d.c
v10/usr/src/cmd/view2d/term/3d.h
v10/usr/src/cmd/view2d/term/Makefile
v10/usr/src/cmd/view2d/term/b1.icon
v10/usr/src/cmd/view2d/term/b2.icon
v10/usr/src/cmd/view2d/term/b3.icon
v10/usr/src/cmd/view2d/term/b4.icon
v10/usr/src/cmd/view2d/term/camera.c
v10/usr/src/cmd/view2d/term/camera.h
v10/usr/src/cmd/view2d/term/clock.c
v10/usr/src/cmd/view2d/term/clock.h
v10/usr/src/cmd/view2d/term/down.icon
v10/usr/src/cmd/view2d/term/frame.c
v10/usr/src/cmd/view2d/term/frame.h
v10/usr/src/cmd/view2d/term/gen.c
v10/usr/src/cmd/view2d/term/ldown.icon
v10/usr/src/cmd/view2d/term/lup.icon
v10/usr/src/cmd/view2d/term/main.c
v10/usr/src/cmd/view2d/term/mkfile
v10/usr/src/cmd/view2d/term/movie.c
v10/usr/src/cmd/view2d/term/rdown.icon
v10/usr/src/cmd/view2d/term/rup.icon
v10/usr/src/cmd/view2d/term/up.icon
v10/usr/src/cmd/view2d/term/user.c
v10/usr/src/cmd/visi/Makefile
v10/usr/src/cmd/visi/hashing.c
v10/usr/src/cmd/visi/helpfile
v10/usr/src/cmd/visi/init.c
v10/usr/src/cmd/visi/lex.l
v10/usr/src/cmd/visi/lexio.c
v10/usr/src/cmd/visi/m.1
v10/usr/src/cmd/visi/m.2
v10/usr/src/cmd/visi/macros.c
v10/usr/src/cmd/visi/mkfile
v10/usr/src/cmd/visi/nodes.c
v10/usr/src/cmd/visi/parse.y
v10/usr/src/cmd/visi/queues.c
v10/usr/src/cmd/visi/screen.c
v10/usr/src/cmd/visi/vis.c
v10/usr/src/cmd/visi/vis.h
v10/usr/src/cmd/visi/y.tab.h
v10/usr/src/cmd/vsw/conf.script
v10/usr/src/cmd/vsw/crossbar.c
v10/usr/src/cmd/vsw/crossbar.h
v10/usr/src/cmd/vsw/dynasty.c
v10/usr/src/cmd/vsw/line.c
v10/usr/src/cmd/vsw/main.c
v10/usr/src/cmd/vsw/mkfile
v10/usr/src/cmd/vsw/switch.c
v10/usr/src/cmd/vsw/switch.h
v10/usr/src/cmd/vsw/system10.c
v10/usr/src/cmd/vsw/vswconf.c
v10/usr/src/cmd/weather/getargs.c
v10/usr/src/cmd/weather/wcomp.c
v10/usr/src/cmd/weather/wdtr.c
v10/usr/src/cmd/weather/weath.h
v10/usr/src/cmd/weather/weather.c
v10/usr/src/cmd/weather/weather_read.c
v10/usr/src/cmd/weather/weather_save.c
v10/usr/src/cmd/weather/wsort.c
v10/usr/src/cmd/weather/xcomp.c
v10/usr/src/cmd/weather/xwe.c
v10/usr/src/cmd/worm/oscsi/README
v10/usr/src/cmd/worm/oscsi/TODO
v10/usr/src/cmd/worm/oscsi/allocate.c
v10/usr/src/cmd/worm/oscsi/cold.c
v10/usr/src/cmd/worm/oscsi/dslib.c
v10/usr/src/cmd/worm/oscsi/getstatus.c
v10/usr/src/cmd/worm/oscsi/iodr_sh.c
v10/usr/src/cmd/worm/oscsi/ioshelves.c
v10/usr/src/cmd/worm/oscsi/juke.3
v10/usr/src/cmd/worm/oscsi/juke.h
v10/usr/src/cmd/worm/oscsi/jukebox.c
v10/usr/src/cmd/worm/oscsi/lib.c
v10/usr/src/cmd/worm/oscsi/load.c
v10/usr/src/cmd/worm/oscsi/main.c
v10/usr/src/cmd/worm/oscsi/mkfile
v10/usr/src/cmd/worm/oscsi/nlun.c
v10/usr/src/cmd/worm/oscsi/research.mk
v10/usr/src/cmd/worm/oscsi/scsi.h
v10/usr/src/cmd/worm/oscsi/scsish.c
v10/usr/src/cmd/worm/oscsi/scsish.h
v10/usr/src/cmd/worm/oscsi/sgi.mk
v10/usr/src/cmd/worm/oscsi/unload.c
v10/usr/src/cmd/worm/oscsi/warm.c
v10/usr/src/cmd/worm/oscsi/generic/capacity.c
v10/usr/src/cmd/worm/oscsi/generic/copy.c
v10/usr/src/cmd/worm/oscsi/generic/dev.c
v10/usr/src/cmd/worm/oscsi/generic/display.c
v10/usr/src/cmd/worm/oscsi/generic/fns.h
v10/usr/src/cmd/worm/oscsi/generic/inq.c
v10/usr/src/cmd/worm/oscsi/generic/readt.c
v10/usr/src/cmd/worm/oscsi/generic/reset.c
v10/usr/src/cmd/worm/oscsi/generic/scsi.c
v10/usr/src/cmd/worm/oscsi/generic/sense.c
v10/usr/src/cmd/worm/oscsi/generic/start.c
v10/usr/src/cmd/worm/oscsi/generic/stop.c
v10/usr/src/cmd/worm/oscsi/generic/tur.c
v10/usr/src/cmd/worm/oscsi/inc/scsi.h
v10/usr/src/cmd/worm/oscsi/osanity/mkfile
v10/usr/src/cmd/worm/oscsi/osanity/seek
v10/usr/src/cmd/worm/oscsi/osanity/tstfill.c
v10/usr/src/cmd/worm/oscsi/osanity/tstrd.c
v10/usr/src/cmd/worm/oscsi/osanity/tstsk.c
v10/usr/src/cmd/worm/oscsi/osanity/tstwr.c
v10/usr/src/cmd/worm/oscsi/scsi/dslib.c
v10/usr/src/cmd/worm/oscsi/scsi/fixedstr.c
v10/usr/src/cmd/worm/oscsi/scsi/gendev
v10/usr/src/cmd/worm/oscsi/scsi/h_io.c
v10/usr/src/cmd/worm/oscsi/scsi/longat.c
v10/usr/src/cmd/worm/oscsi/scsi/md_io.c
v10/usr/src/cmd/worm/oscsi/scsi/pperror.c
v10/usr/src/cmd/worm/oscsi/scsi/volid.c
v10/usr/src/cmd/worm/oscsi/scsi/xd.c
v10/usr/src/cmd/worm/oscsi/sony/alt.c
v10/usr/src/cmd/worm/oscsi/sony/config.c
v10/usr/src/cmd/worm/oscsi/sony/copy.c
v10/usr/src/cmd/worm/oscsi/sony/dev.c
v10/usr/src/cmd/worm/oscsi/sony/diskid.c
v10/usr/src/cmd/worm/oscsi/sony/eject.c
v10/usr/src/cmd/worm/oscsi/sony/fns.h
v10/usr/src/cmd/worm/oscsi/sony/i0.tab
v10/usr/src/cmd/worm/oscsi/sony/i1.tab
v10/usr/src/cmd/worm/oscsi/sony/inq.c
v10/usr/src/cmd/worm/oscsi/sony/internal.c
v10/usr/src/cmd/worm/oscsi/sony/media.c
v10/usr/src/cmd/worm/oscsi/sony/nesd.tab
v10/usr/src/cmd/worm/oscsi/sony/readid.c
v10/usr/src/cmd/worm/oscsi/sony/rel.c
v10/usr/src/cmd/worm/oscsi/sony/scsi.tab
v10/usr/src/cmd/worm/oscsi/sony/sense.c
v10/usr/src/cmd/worm/oscsi/sony/set.c
v10/usr/src/cmd/worm/oscsi/sony/shelfside.c
v10/usr/src/cmd/worm/oscsi/sony/status.c
v10/usr/src/cmd/worm/oscsi/wren/dev.c
v10/usr/src/cmd/worm/oscsi/wren/diag.c
v10/usr/src/cmd/worm/oscsi/wren/fns.h
v10/usr/src/cmd/worm/oscsi/wren/inq.c
v10/usr/src/cmd/worm/oscsi/wren/omode.c
v10/usr/src/cmd/worm/oscsi/wren/oomode.c
v10/usr/src/cmd/worm/oscsi/wren/rmode.c
v10/usr/src/cmd/worm/oscsi/wren/w6mode.c
v10/usr/src/cmd/worm/oscsi/wren/wmode.c
v10/usr/src/cmd/worm/scsi/README
v10/usr/src/cmd/worm/scsi/TODO
v10/usr/src/cmd/worm/scsi/allocate.c
v10/usr/src/cmd/worm/scsi/arg.h
v10/usr/src/cmd/worm/scsi/c.c
v10/usr/src/cmd/worm/scsi/cold.c
v10/usr/src/cmd/worm/scsi/dslib.c
v10/usr/src/cmd/worm/scsi/file4
v10/usr/src/cmd/worm/scsi/getstatus.c
v10/usr/src/cmd/worm/scsi/iodr_sh.c
v10/usr/src/cmd/worm/scsi/ioshelves.c
v10/usr/src/cmd/worm/scsi/jinit.c
v10/usr/src/cmd/worm/scsi/juke.3
v10/usr/src/cmd/worm/scsi/juke.h
v10/usr/src/cmd/worm/scsi/jukebox.c
v10/usr/src/cmd/worm/scsi/jukebox.h
v10/usr/src/cmd/worm/scsi/jukeface.h
v10/usr/src/cmd/worm/scsi/lib.c
v10/usr/src/cmd/worm/scsi/load.c
v10/usr/src/cmd/worm/scsi/mkfile
v10/usr/src/cmd/worm/scsi/nlun.c
v10/usr/src/cmd/worm/scsi/research.mk
v10/usr/src/cmd/worm/scsi/scsi.h
v10/usr/src/cmd/worm/scsi/scsish.c
v10/usr/src/cmd/worm/scsi/scsish.h
v10/usr/src/cmd/worm/scsi/sgi.mk
v10/usr/src/cmd/worm/scsi/shelves.c
v10/usr/src/cmd/worm/scsi/tcl.h
v10/usr/src/cmd/worm/scsi/unload.c
v10/usr/src/cmd/worm/scsi/warm.c
v10/usr/src/cmd/worm/scsi/generic/capacity.c
v10/usr/src/cmd/worm/scsi/generic/dev.c
v10/usr/src/cmd/worm/scsi/generic/display.c
v10/usr/src/cmd/worm/scsi/generic/fns.h
v10/usr/src/cmd/worm/scsi/generic/inq.c
v10/usr/src/cmd/worm/scsi/generic/read.c
v10/usr/src/cmd/worm/scsi/generic/readt.c
v10/usr/src/cmd/worm/scsi/generic/reset.c
v10/usr/src/cmd/worm/scsi/generic/scsi.c
v10/usr/src/cmd/worm/scsi/generic/sense.c
v10/usr/src/cmd/worm/scsi/generic/start.c
v10/usr/src/cmd/worm/scsi/generic/stop.c
v10/usr/src/cmd/worm/scsi/generic/tur.c
v10/usr/src/cmd/worm/scsi/inc/scsi.h
v10/usr/src/cmd/worm/scsi/osanity/mkfile
v10/usr/src/cmd/worm/scsi/osanity/seek
v10/usr/src/cmd/worm/scsi/osanity/tstfill.c
v10/usr/src/cmd/worm/scsi/osanity/tstrd.c
v10/usr/src/cmd/worm/scsi/osanity/tstsk.c
v10/usr/src/cmd/worm/scsi/osanity/tstwr.c
v10/usr/src/cmd/worm/scsi/scsi/dslib.c
v10/usr/src/cmd/worm/scsi/scsi/fixedstr.c
v10/usr/src/cmd/worm/scsi/scsi/gendev
v10/usr/src/cmd/worm/scsi/scsi/h_io.c
v10/usr/src/cmd/worm/scsi/scsi/longat.c
v10/usr/src/cmd/worm/scsi/scsi/md_io.c
v10/usr/src/cmd/worm/scsi/scsi/pperror.c
v10/usr/src/cmd/worm/scsi/scsi/volid.c
v10/usr/src/cmd/worm/scsi/scsi/xd.c
