v10/usr/src/cmd/worm/scsi/tcl/Makefile
v10/usr/src/cmd/worm/scsi/tcl/README
v10/usr/src/cmd/worm/scsi/tcl/Tcl.man
v10/usr/src/cmd/worm/scsi/tcl/Tcl_Concat.man
v10/usr/src/cmd/worm/scsi/tcl/Tcl_Eval.man
v10/usr/src/cmd/worm/scsi/tcl/Tcl_Expr.man
v10/usr/src/cmd/worm/scsi/tcl/Tcl_GetVar.man
v10/usr/src/cmd/worm/scsi/tcl/Tcl_Interp.man
v10/usr/src/cmd/worm/scsi/tcl/Tcl_Merge.man
v10/usr/src/cmd/worm/scsi/tcl/Tcl_Return.man
v10/usr/src/cmd/worm/scsi/tcl/Tcl_SetVar.man
v10/usr/src/cmd/worm/scsi/tcl/changes
v10/usr/src/cmd/worm/scsi/tcl/list.h
v10/usr/src/cmd/worm/scsi/tcl/mkfile
v10/usr/src/cmd/worm/scsi/tcl/panic.c
v10/usr/src/cmd/worm/scsi/tcl/sprite.h
v10/usr/src/cmd/worm/scsi/tcl/stdlib.h
v10/usr/src/cmd/worm/scsi/tcl/strchr.c
v10/usr/src/cmd/worm/scsi/tcl/strerror.c
v10/usr/src/cmd/worm/scsi/tcl/string.h
v10/usr/src/cmd/worm/scsi/tcl/strpbrk.c
v10/usr/src/cmd/worm/scsi/tcl/strspn.c
v10/usr/src/cmd/worm/scsi/tcl/strstr.c
v10/usr/src/cmd/worm/scsi/tcl/strtol.c
v10/usr/src/cmd/worm/scsi/tcl/strtoul.c
v10/usr/src/cmd/worm/scsi/tcl/tclAssem.c
v10/usr/src/cmd/worm/scsi/tcl/tclBasic.c
v10/usr/src/cmd/worm/scsi/tcl/tclCmdAH.c
v10/usr/src/cmd/worm/scsi/tcl/tclCmdIZ.c
v10/usr/src/cmd/worm/scsi/tcl/tclExpr.c
v10/usr/src/cmd/worm/scsi/tcl/tclGlob.c
v10/usr/src/cmd/worm/scsi/tcl/tclHistory.c
v10/usr/src/cmd/worm/scsi/tcl/tclInt.h
v10/usr/src/cmd/worm/scsi/tcl/tclProc.c
v10/usr/src/cmd/worm/scsi/tcl/tclTest.c
v10/usr/src/cmd/worm/scsi/tcl/tclUtil.c
v10/usr/src/cmd/worm/scsi/tcl/tmac.sprite
