v10/usr/src/cmd/worm/scsi/sony/alt.c
v10/usr/src/cmd/worm/scsi/sony/config.c
v10/usr/src/cmd/worm/scsi/sony/copy.c
v10/usr/src/cmd/worm/scsi/sony/dev.c
v10/usr/src/cmd/worm/scsi/sony/diskid.c
v10/usr/src/cmd/worm/scsi/sony/eject.c
v10/usr/src/cmd/worm/scsi/sony/fns.h
v10/usr/src/cmd/worm/scsi/sony/i0.tab
v10/usr/src/cmd/worm/scsi/sony/i1.tab
v10/usr/src/cmd/worm/scsi/sony/inq.c
v10/usr/src/cmd/worm/scsi/sony/internal.c
v10/usr/src/cmd/worm/scsi/sony/juke.c
v10/usr/src/cmd/worm/scsi/sony/media.c
v10/usr/src/cmd/worm/scsi/sony/nesd.tab
v10/usr/src/cmd/worm/scsi/sony/readid.c
v10/usr/src/cmd/worm/scsi/sony/rel.c
v10/usr/src/cmd/worm/scsi/sony/scsi.tab
v10/usr/src/cmd/worm/scsi/sony/sense.c
v10/usr/src/cmd/worm/scsi/sony/set.c
v10/usr/src/cmd/worm/scsi/sony/shelfside.c
v10/usr/src/cmd/worm/scsi/sony/status.c
v10/usr/src/cmd/worm/scsi/tcl/tcl/ORDER
v10/usr/src/cmd/worm/scsi/tcl/tests/README
v10/usr/src/cmd/worm/scsi/tcl/tests/all
v10/usr/src/cmd/worm/scsi/tcl/tests/error.test
v10/usr/src/cmd/worm/scsi/tcl/tests/exec.test
v10/usr/src/cmd/worm/scsi/tcl/tests/expr.test
v10/usr/src/cmd/worm/scsi/tcl/tests/for.test
v10/usr/src/cmd/worm/scsi/tcl/tests/glob.test
v10/usr/src/cmd/worm/scsi/tcl/tests/history.test
v10/usr/src/cmd/worm/scsi/tcl/tests/index.test
v10/usr/src/cmd/worm/scsi/tcl/tests/parse.test
v10/usr/src/cmd/worm/scsi/tcl/tests/uplevel.test
v10/usr/src/cmd/worm/scsi/wren/dev.c
v10/usr/src/cmd/worm/scsi/wren/diag.c
v10/usr/src/cmd/worm/scsi/wren/driver.c
v10/usr/src/cmd/worm/scsi/wren/elite.c
v10/usr/src/cmd/worm/scsi/wren/fns.h
v10/usr/src/cmd/worm/scsi/wren/inq.c
v10/usr/src/cmd/worm/scsi/wren/mpage.c
v10/usr/src/cmd/worm/scsi/wren/omode.c
v10/usr/src/cmd/worm/scsi/wren/oomode.c
v10/usr/src/cmd/worm/scsi/wren/rmode.c
v10/usr/src/cmd/worm/scsi/wren/runner2.c
v10/usr/src/cmd/worm/scsi/wren/wmode.c
v10/usr/src/cmd/worm/scsi/wren/wren.h
v10/usr/src/cmd/worm/scsi/wren/wren5.c
v10/usr/src/cmd/worm/scsi/wren/wren6.c
v10/usr/src/cmd/worm/v6447/212
v10/usr/src/cmd/wwb/Makefile
v10/usr/src/cmd/wwb/acro.sed
v10/usr/src/cmd/wwb/acro.sh
v10/usr/src/cmd/wwb/cbtype.c
v10/usr/src/cmd/wwb/cbtype.h
v10/usr/src/cmd/wwb/chkin.sed
v10/usr/src/cmd/wwb/chkout.sed
v10/usr/src/cmd/wwb/chunk.c
v10/usr/src/cmd/wwb/chunk.sh
v10/usr/src/cmd/wwb/crft.st
v10/usr/src/cmd/wwb/dictadd.c
v10/usr/src/cmd/wwb/dictadd.sh
v10/usr/src/cmd/wwb/dictplus.sh
v10/usr/src/cmd/wwb/double.c
v10/usr/src/cmd/wwb/exp.t
v10/usr/src/cmd/wwb/fur.t
v10/usr/src/cmd/wwb/gram.l
v10/usr/src/cmd/wwb/gram.sh
v10/usr/src/cmd/wwb/helplist.d
v10/usr/src/cmd/wwb/match.sh
v10/usr/src/cmd/wwb/mkfile
v10/usr/src/cmd/wwb/mkstand.c
v10/usr/src/cmd/wwb/mkstand.sh
v10/usr/src/cmd/wwb/nom.t
v10/usr/src/cmd/wwb/oMakefile
v10/usr/src/cmd/wwb/odouble.c
v10/usr/src/cmd/wwb/oprose.c
v10/usr/src/cmd/wwb/org.l
v10/usr/src/cmd/wwb/org.sh
v10/usr/src/cmd/wwb/pass.t
v10/usr/src/cmd/wwb/poptt.t
v10/usr/src/cmd/wwb/popttm.t
v10/usr/src/cmd/wwb/proofr.sh
v10/usr/src/cmd/wwb/prose.c
v10/usr/src/cmd/wwb/prose.i
v10/usr/src/cmd/wwb/prose.sh
v10/usr/src/cmd/wwb/punct.l
v10/usr/src/cmd/wwb/punct.sh
v10/usr/src/cmd/wwb/punctrules.sh
v10/usr/src/cmd/wwb/rd2.t
v10/usr/src/cmd/wwb/script.sed
v10/usr/src/cmd/wwb/seddiff
v10/usr/src/cmd/wwb/sexist.d
v10/usr/src/cmd/wwb/sexist.sg
v10/usr/src/cmd/wwb/sexist.sh
v10/usr/src/cmd/wwb/spelladd.sh
v10/usr/src/cmd/wwb/spelllist.d
v10/usr/src/cmd/wwb/spelltell.sh
v10/usr/src/cmd/wwb/spellwwb.sh
v10/usr/src/cmd/wwb/splitrules.sh
v10/usr/src/cmd/wwb/standlkup.sh
v10/usr/src/cmd/wwb/syl.c
v10/usr/src/cmd/wwb/syl.sh
v10/usr/src/cmd/wwb/tm.st
v10/usr/src/cmd/wwb/train.st
v10/usr/src/cmd/wwb/type.t
v10/usr/src/cmd/wwb/type2.t
v10/usr/src/cmd/wwb/var.t
v10/usr/src/cmd/wwb/var4.t
v10/usr/src/cmd/wwb/var5.t
v10/usr/src/cmd/wwb/var6.t
v10/usr/src/cmd/wwb/wordlist.d
v10/usr/src/cmd/wwb/worduse.sh
v10/usr/src/cmd/wwb/wwb.sh
v10/usr/src/cmd/wwb/wwbhelp.sh
v10/usr/src/cmd/wwb/wwbinfo.sh
v10/usr/src/cmd/wwb/wwbmail.sh
v10/usr/src/cmd/wwb/wwbstand.sh
v10/usr/src/cmd/xref/Makefile
v10/usr/src/cmd/xref/ctype.c
v10/usr/src/cmd/xref/ctype.h
v10/usr/src/cmd/xref/defs.h
v10/usr/src/cmd/xref/divide.c
v10/usr/src/cmd/xref/divide.s
v10/usr/src/cmd/xref/input.c
v10/usr/src/cmd/xref/input.h
v10/usr/src/cmd/xref/mkfile
v10/usr/src/cmd/xref/output.c
v10/usr/src/cmd/xref/output.h
v10/usr/src/cmd/xref/string.c
v10/usr/src/cmd/xref/xrefa.l
v10/usr/src/cmd/xref/xrefb.c
