v10/usr/src/cmd/yacc/Makefile
v10/usr/src/cmd/yacc/dextern
v10/usr/src/cmd/yacc/files
v10/usr/src/cmd/yacc/mkfile
v10/usr/src/cmd/yacc/y1.c
v10/usr/src/cmd/yacc/y2.c
v10/usr/src/cmd/yacc/y3.c
v10/usr/src/cmd/yacc/y4.c
v10/usr/src/cmd/yacc/yaccdiffs
v10/usr/src/cmd/yacc/yaccnews
v10/usr/src/cmd/yacc/yaccpar
v10/usr/src/dk/cmd/Makefile
v10/usr/src/dk/cmd/dcon.c
v10/usr/src/dk/cmd/distribute
v10/usr/src/dk/cmd/dkdial.h
v10/usr/src/dk/cmd/dkdialsub.c
v10/usr/src/dk/cmd/dkhup.c
v10/usr/src/dk/cmd/dkzap.c
v10/usr/src/dk/cmd/mgrproc.c
v10/usr/src/dk/cmd/mkfile
v10/usr/src/dk/cmd/ndcon.c
v10/usr/src/dk/cmd/nrx.c
v10/usr/src/dk/cmd/odcon.c
v10/usr/src/dk/cmd/omgrproc.c
v10/usr/src/dk/cmd/pop.c
v10/usr/src/dk/cmd/pull.c
v10/usr/src/dk/cmd/push.c
v10/usr/src/dk/cmd/rx.c
v10/usr/src/dk/cmd/rxtty.c
v10/usr/src/dk/cmd/track.c
v10/usr/src/dk/cmd/xmgr.c
v10/usr/src/dk/cmd/pupu/Makefile
v10/usr/src/dk/cmd/pupu/Vtermio.h
v10/usr/src/dk/cmd/pupu/closedir.c
v10/usr/src/dk/cmd/pupu/curdir.c
v10/usr/src/dk/cmd/pupu/dkcanon.c
v10/usr/src/dk/cmd/pupu/dkcc.c
v10/usr/src/dk/cmd/pupu/dkeof.c
v10/usr/src/dk/cmd/pupu/dkxenviron.c
v10/usr/src/dk/cmd/pupu/dkxstdio.c
v10/usr/src/dk/cmd/pupu/dkxwrite.c
v10/usr/src/dk/cmd/pupu/fdopendir.c
v10/usr/src/dk/cmd/pupu/maphost.c
v10/usr/src/dk/cmd/pupu/mkfile
v10/usr/src/dk/cmd/pupu/ndir.h
v10/usr/src/dk/cmd/pupu/opendir.c
v10/usr/src/dk/cmd/pupu/pull.c
v10/usr/src/dk/cmd/pupu/pupu.c
v10/usr/src/dk/cmd/pupu/pupu.h
v10/usr/src/dk/cmd/pupu/pupucommon.c
v10/usr/src/dk/cmd/pupu/push.c
v10/usr/src/dk/cmd/pupu/readdir.c
v10/usr/src/dk/cmd/pupu/remfio.h
v10/usr/src/dk/cmd/pupu/seekdir.c
v10/usr/src/dk/cmd/pupu/string.h
v10/usr/src/dk/cmd/pupu/sysexits.h
v10/usr/src/dk/cmd/pupu/tdefs.h
v10/usr/src/dk/cmd/pupu/telldir.c
v10/usr/src/dk/cmd/pupu/udefs.h
v10/usr/src/dk/cmd/pupu/vsprintf.c
v10/usr/src/dk/cmd/pupu.1.2/curdir.c
v10/usr/src/dk/cmd/pupu.1.2/dkeof.c
v10/usr/src/dk/cmd/pupu.1.2/maphost.c
v10/usr/src/dk/cmd/pupu.1.2/ndir.h
v10/usr/src/dk/cmd/pupu.1.2/pupucommon.c
v10/usr/src/dk/cmd/pupu.1.2/vsprintf.c
v10/usr/src/dk/libc/Makefile
v10/usr/src/dk/libc/dkctlchan.c
v10/usr/src/dk/libc/dkproto.c
v10/usr/src/dk/libc/mkfile
v10/usr/src/dk/libc/pwsearch.c
v10/usr/src/dk/libc/tdkdial.c
v10/usr/src/dk/libc/tdkexec.c
v10/usr/src/dk/libc/tdklogin.c
v10/usr/src/dk/libc/tdkmgr.c
