v10/usr/src/doc/atc
v10/usr/src/doc/cover
v10/usr/src/doc/dividers
v10/usr/src/doc/glossary
v10/usr/src/doc/run
v10/usr/src/doc/sail
v10/usr/src/doc/tables
v10/usr/src/doc/v7index
v10/usr/src/doc/bibliog/ORDER
v10/usr/src/doc/bibliog/bib
v10/usr/src/doc/bibliog/list
v10/usr/src/doc/bibliog/nmac
v10/usr/src/doc/bibliog/uned-docs
v10/usr/src/doc/bibliog/unha-docs
v10/usr/src/doc/bibliog/unos-docs
v10/usr/src/doc/bibliog/unpl-docs
v10/usr/src/doc/bibliog/unpm-docs
v10/usr/src/doc/bibliog/unsd-docs
v10/usr/src/doc/bibliog/unsu-docs
v10/usr/src/doc/csnet/adr-1
v10/usr/src/doc/csnet/adr-3
v10/usr/src/doc/csnet/domain-1
v10/usr/src/doc/csnet/domain-2
v10/usr/src/doc/csnet/help
v10/usr/src/doc/csnet/junk
v10/usr/src/doc/csnet/ns-1
v10/usr/src/doc/csnet/ns-3
v10/usr/src/doc/csnet/ns-6
v10/usr/src/doc/csnet/sites-1
v10/usr/src/doc/csnet/sites-11
v10/usr/src/doc/csnet/sites-2a
v10/usr/src/doc/uucp/ORDER
v10/usr/src/doc/uucp/fig3
v10/usr/src/doc/uucp/fig3a
v10/usr/src/doc/uucp/fig3b
v10/usr/src/doc/uucp/greg.pk
v10/usr/src/doc/uucp/implement
v10/usr/src/doc/uucp/network
v10/usr/src/doc/uucp/o.fig3
v10/usr/src/doc/uucp/run.network
