v10/usr/src/games/ana.c
v10/usr/src/games/arithmetic.c
v10/usr/src/games/back.c
v10/usr/src/games/banner.c
v10/usr/src/games/bcd.c
v10/usr/src/games/canfield.c
v10/usr/src/games/crypt.c
v10/usr/src/games/festoon.c
v10/usr/src/games/fish.c
v10/usr/src/games/fortune.c
v10/usr/src/games/fortune.oc
v10/usr/src/games/hangman.c
v10/usr/src/games/hanoi.c
v10/usr/src/games/imp.c
v10/usr/src/games/morse.c
v10/usr/src/games/ppt.c
v10/usr/src/games/psych.c
v10/usr/src/games/quiz.c
v10/usr/src/games/rnd.c
v10/usr/src/games/rot.c
v10/usr/src/games/say.c
v10/usr/src/games/thanks.c
v10/usr/src/games/worm.c
v10/usr/src/games/wump.c
v10/usr/src/games/adv/adv.c
v10/usr/src/games/adv/cave
v10/usr/src/games/atc/Apple1.flow
v10/usr/src/games/atc/Apple3.flow
v10/usr/src/games/atc/Makefile
v10/usr/src/games/atc/ahdr.h
v10/usr/src/games/atc/airspaces
v10/usr/src/games/atc/aread.c
v10/usr/src/games/atc/atc.c
v10/usr/src/games/atc/atc.doc
v10/usr/src/games/atc/atc.doc.new
v10/usr/src/games/atc/mkfile
v10/usr/src/games/atc/ran.c
v10/usr/src/games/atc/sread.c
v10/usr/src/games/boggle/boggle.c
v10/usr/src/games/boggle/comp.c
v10/usr/src/games/boggle/inst
v10/usr/src/games/boggle/makedict
v10/usr/src/games/boggle/sfile
