v10/usr/src/games/des/BOXES.c
v10/usr/src/games/des/Makefile
v10/usr/src/games/des/README
v10/usr/src/games/des/compkeys.c
v10/usr/src/games/des/des.c
v10/usr/src/games/des/encrypt.c
v10/usr/src/games/des/mkfile
v10/usr/src/games/doctor/Makefile
v10/usr/src/games/doctor/doctor.l
v10/usr/src/games/doctor/mkfile
v10/usr/src/games/mille/:ctfix
v10/usr/src/games/mille/Makefile
v10/usr/src/games/mille/comp.c
v10/usr/src/games/mille/end.c
v10/usr/src/games/mille/extern.c
v10/usr/src/games/mille/init.c
v10/usr/src/games/mille/make.out
v10/usr/src/games/mille/mille.c
v10/usr/src/games/mille/mille.h
v10/usr/src/games/mille/misc.c
v10/usr/src/games/mille/mkfile
v10/usr/src/games/mille/move.c
v10/usr/src/games/mille/print.c
v10/usr/src/games/mille/roll.c
v10/usr/src/games/mille/save.c
v10/usr/src/games/mille/table.c
v10/usr/src/games/mille/types.c
v10/usr/src/games/mille/unctrl.h
v10/usr/src/games/mille/varpush.c
v10/usr/src/games/pacman/makefile
v10/usr/src/games/pacman/mkfile
v10/usr/src/games/pacman/monster.c
v10/usr/src/games/pacman/pacdefs.h
v10/usr/src/games/pacman/pacman.c
v10/usr/src/games/pacman/util.c
v10/usr/src/games/rain/makefile
v10/usr/src/games/rain/mkfile
v10/usr/src/games/rain/rain.c
v10/usr/src/games/rogue/Makefile
v10/usr/src/games/rogue/armor.c
v10/usr/src/games/rogue/chase.c
v10/usr/src/games/rogue/command.c
v10/usr/src/games/rogue/daemon.c
v10/usr/src/games/rogue/daemons.c
v10/usr/src/games/rogue/fight.c
v10/usr/src/games/rogue/init.c
v10/usr/src/games/rogue/io.c
v10/usr/src/games/rogue/list.c
v10/usr/src/games/rogue/mach_dep.h
v10/usr/src/games/rogue/main.c
v10/usr/src/games/rogue/misc.c
v10/usr/src/games/rogue/mkfile
v10/usr/src/games/rogue/monsters.c
v10/usr/src/games/rogue/move.c
v10/usr/src/games/rogue/new_level.c
v10/usr/src/games/rogue/options.c
v10/usr/src/games/rogue/pack.c
v10/usr/src/games/rogue/passages.c
v10/usr/src/games/rogue/potions.c
v10/usr/src/games/rogue/rings.c
v10/usr/src/games/rogue/rip.c
v10/usr/src/games/rogue/rogue.h
v10/usr/src/games/rogue/rooms.c
v10/usr/src/games/rogue/save.c
v10/usr/src/games/rogue/scrolls.c
v10/usr/src/games/rogue/sprintf.c
v10/usr/src/games/rogue/sticks.c
v10/usr/src/games/rogue/tags
v10/usr/src/games/rogue/things.c
v10/usr/src/games/rogue/vers.c
v10/usr/src/games/rogue/weapons.c
v10/usr/src/games/rogue/wizard.c
