v10/usr/src/games/sail/assorted.c
v10/usr/src/games/sail/boarders.c
v10/usr/src/games/sail/ctags.out
v10/usr/src/games/sail/driver1.c
v10/usr/src/games/sail/driver2.c
v10/usr/src/games/sail/driver3.c
v10/usr/src/games/sail/externs.h
v10/usr/src/games/sail/game.c
v10/usr/src/games/sail/globals.c
v10/usr/src/games/sail/grap.c
v10/usr/src/games/sail/info.c
v10/usr/src/games/sail/machdep.h
v10/usr/src/games/sail/main.c
v10/usr/src/games/sail/makefile
v10/usr/src/games/sail/mkfile
v10/usr/src/games/sail/parties.c
v10/usr/src/games/sail/player.h
v10/usr/src/games/sail/player1.c
v10/usr/src/games/sail/player2.c
v10/usr/src/games/sail/sail.6
v10/usr/src/games/sail/sail.log.c
v10/usr/src/games/sail/screen.c
v10/usr/src/games/sail/version.c
v10/usr/src/games/trek/:cron
v10/usr/src/games/trek/:fix
v10/usr/src/games/trek/:fixuid
v10/usr/src/games/trek/:geteds
v10/usr/src/games/trek/Makefile
v10/usr/src/games/trek/a68.h
v10/usr/src/games/trek/abandon.c
v10/usr/src/games/trek/attack.c
v10/usr/src/games/trek/checkcond.c
v10/usr/src/games/trek/compkl.c
v10/usr/src/games/trek/computer.c
v10/usr/src/games/trek/damage.c
v10/usr/src/games/trek/destruct.c
v10/usr/src/games/trek/dock.c
v10/usr/src/games/trek/dump.c
v10/usr/src/games/trek/events.c
v10/usr/src/games/trek/externs.c
v10/usr/src/games/trek/extra.c
v10/usr/src/games/trek/getcodi.c
v10/usr/src/games/trek/getpar.c
v10/usr/src/games/trek/help.c
v10/usr/src/games/trek/impulse.c
v10/usr/src/games/trek/initquad.c
v10/usr/src/games/trek/input.c
v10/usr/src/games/trek/kill.c
v10/usr/src/games/trek/klmove.c
v10/usr/src/games/trek/log
v10/usr/src/games/trek/log.c
v10/usr/src/games/trek/lose.c
v10/usr/src/games/trek/lrscan.c
v10/usr/src/games/trek/main.c
v10/usr/src/games/trek/mkfile
v10/usr/src/games/trek/move.c
v10/usr/src/games/trek/new.c
v10/usr/src/games/trek/nova.c
v10/usr/src/games/trek/phaser.c
v10/usr/src/games/trek/play.c
v10/usr/src/games/trek/printf.c
v10/usr/src/games/trek/query.c
v10/usr/src/games/trek/ram.c
v10/usr/src/games/trek/ranf.c
v10/usr/src/games/trek/report.c
v10/usr/src/games/trek/rest.c
v10/usr/src/games/trek/schedule.c
v10/usr/src/games/trek/score.c
v10/usr/src/games/trek/setup.c
v10/usr/src/games/trek/setwarp.c
v10/usr/src/games/trek/shell.c
v10/usr/src/games/trek/shield.c
v10/usr/src/games/trek/snova.c
v10/usr/src/games/trek/srscan.c
v10/usr/src/games/trek/ssradio.c
v10/usr/src/games/trek/stat.h
v10/usr/src/games/trek/torped.c
v10/usr/src/games/trek/trek.h
v10/usr/src/games/trek/trek.man.6
v10/usr/src/games/trek/treklog
v10/usr/src/games/trek/usrnews
v10/usr/src/games/trek/visual.c
v10/usr/src/games/trek/warp.c
v10/usr/src/games/trek/win.c
v10/usr/src/games/word_clout/README
v10/usr/src/games/word_clout/makefile
v10/usr/src/games/word_clout/mkfile
v10/usr/src/games/word_clout/regcomp.c
v10/usr/src/games/word_clout/regerror.c
v10/usr/src/games/word_clout/regexec.c
v10/usr/src/games/word_clout/regexp.h
v10/usr/src/games/word_clout/regprog.h
v10/usr/src/games/word_clout/regsub.c
v10/usr/src/games/word_clout/small.c
v10/usr/src/games/word_clout/word_clout
v10/usr/src/ipc/TODO
v10/usr/src/ipc/mkfile
