v10/usr/src/ipc/bin/2rx.c
v10/usr/src/ipc/bin/bellcat.c
v10/usr/src/ipc/bin/con.c
v10/usr/src/ipc/bin/ilstat.c
v10/usr/src/ipc/bin/loopback.c
v10/usr/src/ipc/bin/mkfile
v10/usr/src/ipc/bin/nrogin.c
v10/usr/src/ipc/bin/nrx.c
v10/usr/src/ipc/bin/ntelnet.c
v10/usr/src/ipc/bin/ocon.c
v10/usr/src/ipc/bin/pull.c
v10/usr/src/ipc/bin/push.c
v10/usr/src/ipc/bin/qns.c
v10/usr/src/ipc/bin/qns.old
v10/usr/src/ipc/bin/rcp.c
v10/usr/src/ipc/bin/rogin.c
v10/usr/src/ipc/bin/rsh.c
v10/usr/src/ipc/bin/rx.c
v10/usr/src/ipc/bin/scriptcon.c
v10/usr/src/ipc/bin/telnet.c
v10/usr/src/ipc/bin/uucpsrv.c
v10/usr/src/ipc/bin/xpush.c
v10/usr/src/ipc/bin/OLDdkcc/Makefile
v10/usr/src/ipc/bin/OLDdkcc/Vtermio.h
v10/usr/src/ipc/bin/OLDdkcc/dkcanon.c
v10/usr/src/ipc/bin/OLDdkcc/dkcc.c
v10/usr/src/ipc/bin/OLDdkcc/dkxenviron.c
v10/usr/src/ipc/bin/OLDdkcc/dkxstdio.c
v10/usr/src/ipc/bin/OLDdkcc/dkxwrite.c
v10/usr/src/ipc/bin/OLDdkcc/maphost.c
v10/usr/src/ipc/bin/OLDdkcc/mkfile
v10/usr/src/ipc/bin/OLDdkcc/remfio.h
v10/usr/src/ipc/bin/OLDdkcc/sysexits.h
v10/usr/src/ipc/bin/ftp/cmds.c
v10/usr/src/ipc/bin/ftp/cmdtab.c
v10/usr/src/ipc/bin/ftp/domacro.c
v10/usr/src/ipc/bin/ftp/ftp.c
v10/usr/src/ipc/bin/ftp/ftp.h
v10/usr/src/ipc/bin/ftp/ftp_var.h
v10/usr/src/ipc/bin/ftp/glob.c
v10/usr/src/ipc/bin/ftp/main.c
v10/usr/src/ipc/bin/ftp/mkfile
v10/usr/src/ipc/bin/ftp/ruserpass.c
v10/usr/src/ipc/bin/ftp/str.c
v10/usr/src/ipc/bin/ftp/telnet.h
v10/usr/src/ipc/bin/pupu/Vtermio.h
v10/usr/src/ipc/bin/pupu/curdir.c
v10/usr/src/ipc/bin/pupu/dk.c
v10/usr/src/ipc/bin/pupu/dkcanon.c
v10/usr/src/ipc/bin/pupu/dkcc.c
v10/usr/src/ipc/bin/pupu/dkxenviron.c
v10/usr/src/ipc/bin/pupu/dkxstdio.c
v10/usr/src/ipc/bin/pupu/dkxwrite.c
v10/usr/src/ipc/bin/pupu/fdopendir.c
v10/usr/src/ipc/bin/pupu/maphost.c
v10/usr/src/ipc/bin/pupu/mkfile
v10/usr/src/ipc/bin/pupu/pull.c
v10/usr/src/ipc/bin/pupu/pupu.c
v10/usr/src/ipc/bin/pupu/pupu.h
v10/usr/src/ipc/bin/pupu/pupucommon.c
v10/usr/src/ipc/bin/pupu/push.c
v10/usr/src/ipc/bin/pupu/quux
v10/usr/src/ipc/bin/pupu/remfio.h
v10/usr/src/ipc/bin/pupu/sysexits.h
v10/usr/src/ipc/bin/pupu/tdefs.h
v10/usr/src/ipc/bin/pupu/udefs.h
v10/usr/src/ipc/bin/pupu/vsprintf.c
v10/usr/src/ipc/h/defs.h
v10/usr/src/ipc/h/dialer.h
v10/usr/src/ipc/h/ftp.h
v10/usr/src/ipc/h/ftp_var.h
v10/usr/src/ipc/h/ipc.h
v10/usr/src/ipc/h/makefile
v10/usr/src/ipc/h/mkfile
v10/usr/src/ipc/h/telnet.h
