v10/usr/src/ipc/internet/arp.c
v10/usr/src/ipc/internet/config.h
v10/usr/src/ipc/internet/deqnaprom.c
v10/usr/src/ipc/internet/dipconfig.c
v10/usr/src/ipc/internet/dkipconfig.c
v10/usr/src/ipc/internet/dkslip.c
v10/usr/src/ipc/internet/gettable.8
v10/usr/src/ipc/internet/gettable.c
v10/usr/src/ipc/internet/interlan.c
v10/usr/src/ipc/internet/ipconfig.c
v10/usr/src/ipc/internet/lookup.c
v10/usr/src/ipc/internet/loopback.c
v10/usr/src/ipc/internet/make.out
v10/usr/src/ipc/internet/mkfile
v10/usr/src/ipc/internet/mknod.c
v10/usr/src/ipc/internet/netstat.c
v10/usr/src/ipc/internet/nhosts
v10/usr/src/ipc/internet/route.c
v10/usr/src/ipc/internet/routed.c
v10/usr/src/ipc/internet/soreset.c
v10/usr/src/ipc/internet/sostat.c
v10/usr/src/ipc/internet/tcpconfig.c
v10/usr/src/ipc/internet/tdkexec.c
v10/usr/src/ipc/internet/tftp.h
v10/usr/src/ipc/internet/transform.c
v10/usr/src/ipc/internet/udpconfig.c
v10/usr/src/ipc/internet/whatsup.c
v10/usr/src/ipc/internet/htable/Makefile
v10/usr/src/ipc/internet/htable/htable.8
v10/usr/src/ipc/internet/htable/htable.c
v10/usr/src/ipc/internet/htable/htable.h
v10/usr/src/ipc/internet/htable/mkfile
v10/usr/src/ipc/internet/htable/parse.c
v10/usr/src/ipc/internet/htable/parse.y
v10/usr/src/ipc/internet/htable/scan.c
v10/usr/src/ipc/internet/htable/scan.l
v10/usr/src/ipc/internet/htable/y.tab.h
v10/usr/src/ipc/libin/config.h
v10/usr/src/ipc/libin/cyntax
v10/usr/src/ipc/libin/in_address.c
v10/usr/src/ipc/libin/in_host.c
v10/usr/src/ipc/libin/in_ntoa.c
v10/usr/src/ipc/libin/in_ntoh.s
v10/usr/src/ipc/libin/in_service.c
v10/usr/src/ipc/libin/in_subrs.c
v10/usr/src/ipc/libin/in_test.c
v10/usr/src/ipc/libin/mkfile
v10/usr/src/ipc/libin/tcp.c
v10/usr/src/ipc/libin/tcp_lib.c
v10/usr/src/ipc/libin/udp_lib.c
v10/usr/src/ipc/libipc/cyntax
v10/usr/src/ipc/libipc/ipcbuf.c
v10/usr/src/ipc/libipc/ipccreat.c
v10/usr/src/ipc/libipc/ipcexec.c
v10/usr/src/ipc/libipc/ipclogin.c
v10/usr/src/ipc/libipc/ipcmesgexec.c
v10/usr/src/ipc/libipc/ipcopen.c
v10/usr/src/ipc/libipc/ipcpath.c
v10/usr/src/ipc/libipc/ipcproto.c
v10/usr/src/ipc/libipc/mkfile
v10/usr/src/ipc/libipc/oipclogin.c
v10/usr/src/ipc/libipc/pwsearch.c
v10/usr/src/ipc/libipc/qns.c
v10/usr/src/ipc/libipc/tryipcpath.c
v10/usr/src/ipc/mgrs/mkfile
v10/usr/src/ipc/mgrs/proc.c
v10/usr/src/ipc/mgrs/4.3gate/getfields.c
v10/usr/src/ipc/mgrs/4.3gate/ipc.h
v10/usr/src/ipc/mgrs/4.3gate/ipcopen.c
v10/usr/src/ipc/mgrs/4.3gate/ipcproto.c
v10/usr/src/ipc/mgrs/4.3gate/ipctcp.c
v10/usr/src/ipc/mgrs/4.3gate/main.c
v10/usr/src/ipc/mgrs/4.3gate/makefile
v10/usr/src/ipc/mgrs/4.3gate/mkfile
v10/usr/src/ipc/mgrs/authmgr/Makefile
v10/usr/src/ipc/mgrs/authmgr/atalla.c
v10/usr/src/ipc/mgrs/authmgr/auth.h
v10/usr/src/ipc/mgrs/authmgr/doconnect.c
v10/usr/src/ipc/mgrs/authmgr/main.c
v10/usr/src/ipc/mgrs/authmgr/mkfile
v10/usr/src/ipc/mgrs/authmgr/res_tty.c
v10/usr/src/ipc/mgrs/authmgr/s5_tty.c
v10/usr/src/ipc/mgrs/authmgr/secret.c
v10/usr/src/ipc/mgrs/common/cyntax
v10/usr/src/ipc/mgrs/common/detach.c
v10/usr/src/ipc/mgrs/common/dialin.c
v10/usr/src/ipc/mgrs/common/dialout.c
v10/usr/src/ipc/mgrs/common/listen.c
v10/usr/src/ipc/mgrs/common/log.c
v10/usr/src/ipc/mgrs/common/mkfile
v10/usr/src/ipc/mgrs/dkmgr/cyntax
v10/usr/src/ipc/mgrs/dkmgr/dial.c
v10/usr/src/ipc/mgrs/dkmgr/dkctlchan.c
v10/usr/src/ipc/mgrs/dkmgr/dkerr.c
v10/usr/src/ipc/mgrs/dkmgr/dkhup.c
v10/usr/src/ipc/mgrs/dkmgr/dkzap.c
v10/usr/src/ipc/mgrs/dkmgr/listen.c
v10/usr/src/ipc/mgrs/dkmgr/main.c
v10/usr/src/ipc/mgrs/dkmgr/mark.whine
v10/usr/src/ipc/mgrs/dkmgr/mkfile
v10/usr/src/ipc/mgrs/dkmgr/odkhup.c
v10/usr/src/ipc/mgrs/gate/mkfile
v10/usr/src/ipc/mgrs/gate/tcp_lib.c
v10/usr/src/ipc/mgrs/gate/tcpgate.c
v10/usr/src/ipc/mgrs/gate/xmkfile
v10/usr/src/ipc/mgrs/icmpmgr/5
v10/usr/src/ipc/mgrs/icmpmgr/V
v10/usr/src/ipc/mgrs/icmpmgr/icmpmgr.c
v10/usr/src/ipc/mgrs/icmpmgr/mkfile
v10/usr/src/ipc/mgrs/icmpmgr/pH
v10/usr/src/ipc/mgrs/icmpmgr/ping.c
v10/usr/src/ipc/mgrs/ndkmgr/README
v10/usr/src/ipc/mgrs/ndkmgr/cyntax
v10/usr/src/ipc/mgrs/ndkmgr/dial.c
v10/usr/src/ipc/mgrs/ndkmgr/dk.h
v10/usr/src/ipc/mgrs/ndkmgr/dkctlchan.c
v10/usr/src/ipc/mgrs/ndkmgr/dkdial.h
v10/usr/src/ipc/mgrs/ndkmgr/dkerr.c
v10/usr/src/ipc/mgrs/ndkmgr/dkhup.c
v10/usr/src/ipc/mgrs/ndkmgr/dkwindow.h
v10/usr/src/ipc/mgrs/ndkmgr/dkzap.c
v10/usr/src/ipc/mgrs/ndkmgr/listen.c
v10/usr/src/ipc/mgrs/ndkmgr/main.c
v10/usr/src/ipc/mgrs/ndkmgr/mkfile
v10/usr/src/ipc/mgrs/ndkmgr/odkhup.c
v10/usr/src/ipc/mgrs/nonetmgr/main.c
v10/usr/src/ipc/mgrs/nonetmgr/mkfile
