v10/usr/src/ipc/mgrs/ns/attribute.c
v10/usr/src/ipc/mgrs/ns/dbtypes.h
v10/usr/src/ipc/mgrs/ns/distance.c
v10/usr/src/ipc/mgrs/ns/mkfile
v10/usr/src/ipc/mgrs/ns/ns.c
v10/usr/src/ipc/mgrs/ns/ns.db
v10/usr/src/ipc/mgrs/ns/odbtypes.h
v10/usr/src/ipc/mgrs/ns/ons.c
v10/usr/src/ipc/mgrs/ns/oparsefiles.c
v10/usr/src/ipc/mgrs/ns/ordered.c
v10/usr/src/ipc/mgrs/ns/parsefiles.c
v10/usr/src/ipc/mgrs/ns/set.c
v10/usr/src/ipc/mgrs/ns/tester.c
v10/usr/src/ipc/mgrs/ns/tuple.c
v10/usr/src/ipc/mgrs/ns/mkdb/getuid.sh
v10/usr/src/ipc/mgrs/ns/mkdb/merge.sh
v10/usr/src/ipc/mgrs/ns/mkdb/mkfile
v10/usr/src/ipc/mgrs/ns/mkdb/mkindex.sh
v10/usr/src/ipc/mgrs/ns/mkdb/mkuid.sh
v10/usr/src/ipc/mgrs/ns/mkdb/parsehosts.sh
v10/usr/src/ipc/mgrs/ns/mkdb/parsenets.sh
v10/usr/src/ipc/mgrs/ns/mkdb/parsesys.sh
v10/usr/src/ipc/mgrs/ns/mkdb/rmdups.sh
v10/usr/src/ipc/mgrs/ns/mkdb/snarf
v10/usr/src/ipc/mgrs/oauthmgr/README
v10/usr/src/ipc/mgrs/oauthmgr/atalla.c
v10/usr/src/ipc/mgrs/oauthmgr/auth.sh
v10/usr/src/ipc/mgrs/oauthmgr/authmgr.8
v10/usr/src/ipc/mgrs/oauthmgr/authmgr.h
v10/usr/src/ipc/mgrs/oauthmgr/keytypes.c
v10/usr/src/ipc/mgrs/oauthmgr/makekey.c
v10/usr/src/ipc/mgrs/oauthmgr/mkfile
v10/usr/src/ipc/mgrs/oauthmgr/passwd.c
v10/usr/src/ipc/mgrs/oauthmgr/secserver.c
v10/usr/src/ipc/mgrs/oauthmgr/test.c
v10/usr/src/ipc/mgrs/svcmgr/action.c
v10/usr/src/ipc/mgrs/svcmgr/auth_act.c
v10/usr/src/ipc/mgrs/svcmgr/config.c
v10/usr/src/ipc/mgrs/svcmgr/cyntax
v10/usr/src/ipc/mgrs/svcmgr/exec_act.c
v10/usr/src/ipc/mgrs/svcmgr/files.c
v10/usr/src/ipc/mgrs/svcmgr/gate.c
v10/usr/src/ipc/mgrs/svcmgr/ld_act.c
v10/usr/src/ipc/mgrs/svcmgr/main.c
v10/usr/src/ipc/mgrs/svcmgr/mapping.c
v10/usr/src/ipc/mgrs/svcmgr/mgr.h
v10/usr/src/ipc/mgrs/svcmgr/mkfile
v10/usr/src/ipc/mgrs/svcmgr/ngate.c
v10/usr/src/ipc/mgrs/svcmgr/proc.c
v10/usr/src/ipc/mgrs/svcmgr/re.c
v10/usr/src/ipc/mgrs/svcmgr/regcomp.c
v10/usr/src/ipc/mgrs/svcmgr/regexec.c
v10/usr/src/ipc/mgrs/svcmgr/regprog.h
v10/usr/src/ipc/mgrs/svcmgr/request.c
v10/usr/src/ipc/mgrs/svcmgr/service.c
v10/usr/src/ipc/mgrs/svcmgr/subr.c
v10/usr/src/ipc/mgrs/tcpmgr/cyntax
v10/usr/src/ipc/mgrs/tcpmgr/dial.c
v10/usr/src/ipc/mgrs/tcpmgr/main.c
v10/usr/src/ipc/mgrs/tcpmgr/mkfile
v10/usr/src/ipc/mgrs/tcpmgr/omkfile
v10/usr/src/ipc/mgrs/tcpmgr/tcp_lib.c
v10/usr/src/ipc/mgrs/tpcmgr/dial.c
v10/usr/src/ipc/mgrs/tpcmgr/main.c
v10/usr/src/ipc/mgrs/tpcmgr/makefile
v10/usr/src/ipc/mgrs/tpcmgr/mkfile
v10/usr/src/ipc/perf/makefile
v10/usr/src/ipc/perf/mkfile
v10/usr/src/ipc/perf/quux
v10/usr/src/ipc/perf/timing.c
v10/usr/src/ipc/perf/timingd.c
v10/usr/src/ipc/perf/try.c
v10/usr/src/ipc/servers/ftpcmd.y
v10/usr/src/ipc/servers/ftpd.c
v10/usr/src/ipc/servers/makefile
v10/usr/src/ipc/servers/mkfile
v10/usr/src/ipc/servers/telnetaux.c
v10/usr/src/ipc/servers/telnetd.c
v10/usr/src/ipc/servers/y.tab.c
