v10/usr/src/lbin/Mail/4.2sys.c
v10/usr/src/lbin/Mail/CHANGES
v10/usr/src/lbin/Mail/Makefile
v10/usr/src/lbin/Mail/Makefile.11
v10/usr/src/lbin/Mail/aux.c
v10/usr/src/lbin/Mail/cmd1.c
v10/usr/src/lbin/Mail/cmd2.c
v10/usr/src/lbin/Mail/cmd3.c
v10/usr/src/lbin/Mail/cmdtab.c
v10/usr/src/lbin/Mail/collect.c
v10/usr/src/lbin/Mail/config.c
v10/usr/src/lbin/Mail/configdefs.h
v10/usr/src/lbin/Mail/def.h
v10/usr/src/lbin/Mail/diffs.mark
v10/usr/src/lbin/Mail/edit.c
v10/usr/src/lbin/Mail/fio.c
v10/usr/src/lbin/Mail/fmt.c
v10/usr/src/lbin/Mail/getname.c
v10/usr/src/lbin/Mail/glob.h
v10/usr/src/lbin/Mail/head.c
v10/usr/src/lbin/Mail/lex.c
v10/usr/src/lbin/Mail/list.c
v10/usr/src/lbin/Mail/local.h
v10/usr/src/lbin/Mail/lock.c
v10/usr/src/lbin/Mail/mail.h
v10/usr/src/lbin/Mail/main.c
v10/usr/src/lbin/Mail/make.out
v10/usr/src/lbin/Mail/mkfile
v10/usr/src/lbin/Mail/names.c
v10/usr/src/lbin/Mail/olock.c
v10/usr/src/lbin/Mail/optim.c
v10/usr/src/lbin/Mail/popen.c
v10/usr/src/lbin/Mail/quit.c
v10/usr/src/lbin/Mail/rcv.h
v10/usr/src/lbin/Mail/send.c
v10/usr/src/lbin/Mail/sigretro.c
v10/usr/src/lbin/Mail/sigretro.h
v10/usr/src/lbin/Mail/string.h
v10/usr/src/lbin/Mail/strings.c
v10/usr/src/lbin/Mail/temp.c
v10/usr/src/lbin/Mail/tty.c
v10/usr/src/lbin/Mail/v7.local.c
v10/usr/src/lbin/Mail/v7.local.h
v10/usr/src/lbin/Mail/vars.c
v10/usr/src/lbin/Mail/version.c
v10/usr/src/lbin/Mail/manual/Makefile
v10/usr/src/lbin/Mail/manual/askarpa
v10/usr/src/lbin/Mail/manual/cmd
v10/usr/src/lbin/Mail/manual/mail0.nr
v10/usr/src/lbin/Mail/manual/mail1.nr
v10/usr/src/lbin/Mail/manual/mail2.nr
v10/usr/src/lbin/Mail/manual/mail3.nr
v10/usr/src/lbin/Mail/manual/mail4.nr
v10/usr/src/lbin/Mail/manual/mail5.nr
v10/usr/src/lbin/Mail/manual/mail6.nr
v10/usr/src/lbin/Mail/manual/mail7.nr
v10/usr/src/lbin/Mail/manual/mail8.nr
v10/usr/src/lbin/Mail/manual/mail9.nr
v10/usr/src/lbin/Mail/manual/maila.nr
v10/usr/src/lbin/Mail/manual/mkfile
v10/usr/src/lbin/Mail/manual/cmds/Excl
v10/usr/src/lbin/Mail/manual/cmds/Minus
v10/usr/src/lbin/Mail/manual/cmds/alias
v10/usr/src/lbin/Mail/manual/cmds/alternates
v10/usr/src/lbin/Mail/manual/cmds/chdir
v10/usr/src/lbin/Mail/manual/cmds/copy
v10/usr/src/lbin/Mail/manual/cmds/delete
v10/usr/src/lbin/Mail/manual/cmds/dt
v10/usr/src/lbin/Mail/manual/cmds/edit
v10/usr/src/lbin/Mail/manual/cmds/else
v10/usr/src/lbin/Mail/manual/cmds/endif
v10/usr/src/lbin/Mail/manual/cmds/exit
v10/usr/src/lbin/Mail/manual/cmds/file
v10/usr/src/lbin/Mail/manual/cmds/folder
v10/usr/src/lbin/Mail/manual/cmds/from
v10/usr/src/lbin/Mail/manual/cmds/headers
v10/usr/src/lbin/Mail/manual/cmds/help
v10/usr/src/lbin/Mail/manual/cmds/hold
v10/usr/src/lbin/Mail/manual/cmds/if
v10/usr/src/lbin/Mail/manual/cmds/ignore
v10/usr/src/lbin/Mail/manual/cmds/mail
v10/usr/src/lbin/Mail/manual/cmds/mbox
v10/usr/src/lbin/Mail/manual/cmds/next
v10/usr/src/lbin/Mail/manual/cmds/preserve
v10/usr/src/lbin/Mail/manual/cmds/quit
v10/usr/src/lbin/Mail/manual/cmds/reply
v10/usr/src/lbin/Mail/manual/cmds/save
v10/usr/src/lbin/Mail/manual/cmds/set
v10/usr/src/lbin/Mail/manual/cmds/shell
v10/usr/src/lbin/Mail/manual/cmds/source
v10/usr/src/lbin/Mail/manual/cmds/top
v10/usr/src/lbin/Mail/manual/cmds/type
v10/usr/src/lbin/Mail/manual/cmds/u_Reply
v10/usr/src/lbin/Mail/manual/cmds/undelete
v10/usr/src/lbin/Mail/manual/cmds/unset
v10/usr/src/lbin/Mail/manual/cmds/visual
v10/usr/src/lbin/Mail/manual/cmds/write
v10/usr/src/lbin/Mail/manual/cmds/z
v10/usr/src/lbin/Mail/misc/Mail.help
v10/usr/src/lbin/Mail/misc/Mail.help.~
