v10/usr/src/lbin/csh/Errors
v10/usr/src/lbin/csh/alloc.c
v10/usr/src/lbin/csh/doprnt.c
v10/usr/src/lbin/csh/errlst.c
v10/usr/src/lbin/csh/getpwent.c
v10/usr/src/lbin/csh/getpwnam.c
v10/usr/src/lbin/csh/getpwuid.c
v10/usr/src/lbin/csh/makefile
v10/usr/src/lbin/csh/malloc.c
v10/usr/src/lbin/csh/mkfile
v10/usr/src/lbin/csh/nfunc.c
v10/usr/src/lbin/csh/printf.c
v10/usr/src/lbin/csh/sh.c
v10/usr/src/lbin/csh/sh.dir.c
v10/usr/src/lbin/csh/sh.dir.h
v10/usr/src/lbin/csh/sh.dol.c
v10/usr/src/lbin/csh/sh.err.c
v10/usr/src/lbin/csh/sh.exec.c
v10/usr/src/lbin/csh/sh.exp.c
v10/usr/src/lbin/csh/sh.func.c
v10/usr/src/lbin/csh/sh.glob.c
v10/usr/src/lbin/csh/sh.h
v10/usr/src/lbin/csh/sh.hist.c
v10/usr/src/lbin/csh/sh.init.c
v10/usr/src/lbin/csh/sh.lex.c
v10/usr/src/lbin/csh/sh.local.h
v10/usr/src/lbin/csh/sh.misc.c
v10/usr/src/lbin/csh/sh.parse.c
v10/usr/src/lbin/csh/sh.print.c
v10/usr/src/lbin/csh/sh.proc.c
v10/usr/src/lbin/csh/sh.proc.h
v10/usr/src/lbin/csh/sh.sem.c
v10/usr/src/lbin/csh/sh.set.c
v10/usr/src/lbin/csh/sh.time.c
v10/usr/src/lbin/csh/sigset.c
v10/usr/src/lbin/csh/x.c
v10/usr/src/lbin/csh/xs.c
v10/usr/src/lbin/libjobs/getwd.c
v10/usr/src/lbin/libjobs/killpg.s
v10/usr/src/lbin/libjobs/makefile
v10/usr/src/lbin/libjobs/mkfile
v10/usr/src/lbin/libjobs/setpgrp.s
v10/usr/src/lbin/libjobs/signal.s
v10/usr/src/lbin/libjobs/sigset.c
v10/usr/src/lbin/libjobs/wait3.s
