v10/usr/src/lbin/mailx/aux.c
v10/usr/src/lbin/mailx/cmd1.c
v10/usr/src/lbin/mailx/cmd2.c
v10/usr/src/lbin/mailx/cmd3.c
v10/usr/src/lbin/mailx/cmd4.c
v10/usr/src/lbin/mailx/cmdtab.c
v10/usr/src/lbin/mailx/collect.c
v10/usr/src/lbin/mailx/config.c
v10/usr/src/lbin/mailx/edit.c
v10/usr/src/lbin/mailx/fio.c
v10/usr/src/lbin/mailx/genopen.c
v10/usr/src/lbin/mailx/getname.c
v10/usr/src/lbin/mailx/head.c
v10/usr/src/lbin/mailx/hostname.c
v10/usr/src/lbin/mailx/init.c
v10/usr/src/lbin/mailx/is.c
v10/usr/src/lbin/mailx/lex.c
v10/usr/src/lbin/mailx/list.c
v10/usr/src/lbin/mailx/lpaths.c
v10/usr/src/lbin/mailx/main.c
v10/usr/src/lbin/mailx/makefile
v10/usr/src/lbin/mailx/mkfile
v10/usr/src/lbin/mailx/myfopen.c
v10/usr/src/lbin/mailx/names.c
v10/usr/src/lbin/mailx/optim.c
v10/usr/src/lbin/mailx/popen.c
v10/usr/src/lbin/mailx/quit.c
v10/usr/src/lbin/mailx/receipt.c
v10/usr/src/lbin/mailx/send.c
v10/usr/src/lbin/mailx/sigretro.c
v10/usr/src/lbin/mailx/stralloc.c
v10/usr/src/lbin/mailx/temp.c
v10/usr/src/lbin/mailx/translate.c
v10/usr/src/lbin/mailx/tty.c
v10/usr/src/lbin/mailx/usg.local.c
v10/usr/src/lbin/mailx/v9.local.c
v10/usr/src/lbin/mailx/vars.c
v10/usr/src/lbin/mailx/version.c
v10/usr/src/lbin/mailx/docs/admin
v10/usr/src/lbin/mailx/docs/user
v10/usr/src/lbin/mailx/hdr/configdefs.h
v10/usr/src/lbin/mailx/hdr/def.h
v10/usr/src/lbin/mailx/hdr/glob.h
v10/usr/src/lbin/mailx/hdr/local.h
v10/usr/src/lbin/mailx/hdr/rcv.h
v10/usr/src/lbin/mailx/hdr/sigretro.h
v10/usr/src/lbin/mailx/hdr/uparm.h
v10/usr/src/lbin/mailx/hdr/usg.local.h
v10/usr/src/lbin/mailx/hdr/v9.local.h
v10/usr/src/lbin/mailx/help/mailx.help
v10/usr/src/lbin/mailx/help/mailx.help.~
