v10/usr/src/lbin/mailx/man/binarsys.4
v10/usr/src/lbin/mailx/man/ckbinarsys.1m
v10/usr/src/lbin/mailx/man/fromsmtp.1m
v10/usr/src/lbin/mailx/man/mail.1
v10/usr/src/lbin/mailx/man/mail_pipe.1m
v10/usr/src/lbin/mailx/man/mailalias.1
v10/usr/src/lbin/mailx/man/mailcnfg.4
v10/usr/src/lbin/mailx/man/maillock.3x
v10/usr/src/lbin/mailx/man/mailsurr.4
v10/usr/src/lbin/mailx/man/mailx.1
v10/usr/src/lbin/mailx/man/notify.1
v10/usr/src/lbin/mailx/man/smtp.1m
v10/usr/src/lbin/mailx/man/smtpd.1m
v10/usr/src/lbin/mailx/man/smtpqer.1m
v10/usr/src/lbin/mailx/man/smtpsched.1m
v10/usr/src/lbin/mailx/man/tosmtp.1m
v10/usr/src/lbin/mailx/man/vacation.1
v10/usr/src/libF77/README
v10/usr/src/libF77/Version.c
v10/usr/src/libF77/abort_.c
v10/usr/src/libF77/c_abs.c
v10/usr/src/libF77/c_cos.c
v10/usr/src/libF77/c_div.c
v10/usr/src/libF77/c_exp.c
v10/usr/src/libF77/c_log.c
v10/usr/src/libF77/c_sin.c
v10/usr/src/libF77/c_sqrt.c
v10/usr/src/libF77/cabs.c
v10/usr/src/libF77/d_abs.c
v10/usr/src/libF77/d_acos.c
v10/usr/src/libF77/d_asin.c
v10/usr/src/libF77/d_atan.c
v10/usr/src/libF77/d_atn2.c
v10/usr/src/libF77/d_cnjg.c
v10/usr/src/libF77/d_cos.c
v10/usr/src/libF77/d_cosh.c
v10/usr/src/libF77/d_dim.c
v10/usr/src/libF77/d_exp.c
v10/usr/src/libF77/d_imag.c
v10/usr/src/libF77/d_int.c
v10/usr/src/libF77/d_lg10.c
v10/usr/src/libF77/d_log.c
v10/usr/src/libF77/d_mod.c
v10/usr/src/libF77/d_nint.c
v10/usr/src/libF77/d_prod.c
v10/usr/src/libF77/d_sign.c
v10/usr/src/libF77/d_sin.c
v10/usr/src/libF77/d_sinh.c
v10/usr/src/libF77/d_sqrt.c
v10/usr/src/libF77/d_tan.c
v10/usr/src/libF77/d_tanh.c
v10/usr/src/libF77/derf_.c
v10/usr/src/libF77/derfc_.c
v10/usr/src/libF77/ef1asc_.c
v10/usr/src/libF77/ef1cmc_.c
v10/usr/src/libF77/erf_.c
v10/usr/src/libF77/erfc_.c
v10/usr/src/libF77/getarg_.c
v10/usr/src/libF77/getenv_.c
v10/usr/src/libF77/h_abs.c
v10/usr/src/libF77/h_dim.c
v10/usr/src/libF77/h_dnnt.c
v10/usr/src/libF77/h_indx.c
v10/usr/src/libF77/h_len.c
v10/usr/src/libF77/h_mod.c
v10/usr/src/libF77/h_nint.c
v10/usr/src/libF77/h_sign.c
v10/usr/src/libF77/hl_ge.c
v10/usr/src/libF77/hl_gt.c
v10/usr/src/libF77/hl_le.c
v10/usr/src/libF77/hl_lt.c
v10/usr/src/libF77/i_abs.c
v10/usr/src/libF77/i_dim.c
v10/usr/src/libF77/i_dnnt.c
v10/usr/src/libF77/i_indx.c
v10/usr/src/libF77/i_len.c
v10/usr/src/libF77/i_mod.c
v10/usr/src/libF77/i_nint.c
v10/usr/src/libF77/i_sign.c
v10/usr/src/libF77/iargc_.c
v10/usr/src/libF77/l_ge.c
v10/usr/src/libF77/l_gt.c
v10/usr/src/libF77/l_le.c
v10/usr/src/libF77/l_lt.c
v10/usr/src/libF77/main.c
v10/usr/src/libF77/memo
v10/usr/src/libF77/mkfile
v10/usr/src/libF77/pow_ci.c
v10/usr/src/libF77/pow_dd.c
v10/usr/src/libF77/pow_di.c
v10/usr/src/libF77/pow_hh.c
v10/usr/src/libF77/pow_ii.c
v10/usr/src/libF77/pow_qq.c
v10/usr/src/libF77/pow_ri.c
v10/usr/src/libF77/pow_zi.c
v10/usr/src/libF77/pow_zz.c
v10/usr/src/libF77/r_abs.c
v10/usr/src/libF77/r_acos.c
v10/usr/src/libF77/r_asin.c
v10/usr/src/libF77/r_atan.c
v10/usr/src/libF77/r_atn2.c
v10/usr/src/libF77/r_cnjg.c
v10/usr/src/libF77/r_cos.c
v10/usr/src/libF77/r_cosh.c
v10/usr/src/libF77/r_dim.c
v10/usr/src/libF77/r_exp.c
v10/usr/src/libF77/r_imag.c
v10/usr/src/libF77/r_int.c
v10/usr/src/libF77/r_lg10.c
v10/usr/src/libF77/r_log.c
v10/usr/src/libF77/r_mod.c
v10/usr/src/libF77/r_nint.c
v10/usr/src/libF77/r_sign.c
v10/usr/src/libF77/r_sin.c
v10/usr/src/libF77/r_sinh.c
v10/usr/src/libF77/r_sqrt.c
v10/usr/src/libF77/r_tan.c
v10/usr/src/libF77/r_tanh.c
v10/usr/src/libF77/s_cat.c
v10/usr/src/libF77/s_cmp.c
v10/usr/src/libF77/s_copy.c
v10/usr/src/libF77/s_paus.c
v10/usr/src/libF77/s_rnge.c
v10/usr/src/libF77/s_stop.c
v10/usr/src/libF77/sig_die.c
v10/usr/src/libF77/signal_.c
v10/usr/src/libF77/system_.c
v10/usr/src/libF77/z_abs.c
v10/usr/src/libF77/z_cos.c
v10/usr/src/libF77/z_div.c
v10/usr/src/libF77/z_exp.c
v10/usr/src/libF77/z_log.c
v10/usr/src/libF77/z_sin.c
v10/usr/src/libF77/z_sqrt.c
v10/usr/src/libF77/notused/mclock_.c
v10/usr/src/libF77/notused/outstr_.c
v10/usr/src/libF77/notused/subout.c
v10/usr/src/libF77/old/Makefile
v10/usr/src/libF77/old/Version.c
v10/usr/src/libF77/old/hl_ge.c
v10/usr/src/libF77/old/hl_gt.c
v10/usr/src/libF77/old/hl_le.c
v10/usr/src/libF77/old/hl_lt.c
v10/usr/src/libF77/old/main.c
v10/usr/src/libF77/old/mkfile
v10/usr/src/libF77/old/s_cat.c
v10/usr/src/libF77/old/s_paus.c
v10/usr/src/libF77/old/z_sqrt.c
v10/usr/src/libI77/README
v10/usr/src/libI77/Version.c
v10/usr/src/libI77/backspace.c
v10/usr/src/libI77/close.c
v10/usr/src/libI77/dfe.c
v10/usr/src/libI77/dolio.c
v10/usr/src/libI77/due.c
v10/usr/src/libI77/endfile.c
v10/usr/src/libI77/err.c
v10/usr/src/libI77/fio.h
v10/usr/src/libI77/fmt.c
v10/usr/src/libI77/fmt.h
v10/usr/src/libI77/fmtlib.c
v10/usr/src/libI77/fp.h
v10/usr/src/libI77/iio.c
v10/usr/src/libI77/ilnw.c
v10/usr/src/libI77/inquire.c
v10/usr/src/libI77/lio.h
v10/usr/src/libI77/lread.c
v10/usr/src/libI77/lwrite.c
v10/usr/src/libI77/mkfile
v10/usr/src/libI77/open.c
v10/usr/src/libI77/rawio.h
v10/usr/src/libI77/rdfmt.c
v10/usr/src/libI77/rewind.c
v10/usr/src/libI77/rsfe.c
v10/usr/src/libI77/rsli.c
v10/usr/src/libI77/rsne.c
v10/usr/src/libI77/sfe.c
v10/usr/src/libI77/sig_die.c
v10/usr/src/libI77/sue.c
v10/usr/src/libI77/typesize.c
v10/usr/src/libI77/uio.c
v10/usr/src/libI77/util.c
v10/usr/src/libI77/wref.c
v10/usr/src/libI77/wrtfmt.c
v10/usr/src/libI77/wsfe.c
v10/usr/src/libI77/wsle.c
v10/usr/src/libI77/wsne.c
v10/usr/src/libI77/xwsne.c
v10/usr/src/libI77/d/README
v10/usr/src/libI77/d/Version.c
v10/usr/src/libI77/d/close.c
v10/usr/src/libI77/d/dfe.c
v10/usr/src/libI77/d/due.c
v10/usr/src/libI77/d/endfile.c
v10/usr/src/libI77/d/err.c
v10/usr/src/libI77/d/fio.h
v10/usr/src/libI77/d/fmt.c
v10/usr/src/libI77/d/fmt.h
v10/usr/src/libI77/d/fmtlib.c
v10/usr/src/libI77/d/iio.c
v10/usr/src/libI77/d/ilnw.c
v10/usr/src/libI77/d/inquire.c
v10/usr/src/libI77/d/lio.h
v10/usr/src/libI77/d/lread.c
v10/usr/src/libI77/d/lwrite.c
v10/usr/src/libI77/d/open.c
v10/usr/src/libI77/d/rawio.h
v10/usr/src/libI77/d/rsli.c
v10/usr/src/libI77/d/rsne.c
v10/usr/src/libI77/d/sig_die.c
v10/usr/src/libI77/d/uio.c
v10/usr/src/libI77/d/util.c
v10/usr/src/libI77/d/wref.c
v10/usr/src/libI77/d/wrtfmt.c
v10/usr/src/libI77/d/wsne.c
v10/usr/src/libI77/d/xwsne.c
v10/usr/src/libI77/notused/ctest.c
v10/usr/src/libI77/notused/data.c
v10/usr/src/libI77/notused/dballoc.c
v10/usr/src/libI77/notused/ecvt.c
v10/usr/src/libI77/notused/fcntl.h
v10/usr/src/libI77/notused/filbuf.c
v10/usr/src/libI77/notused/findiop.c
v10/usr/src/libI77/notused/flsbuf.c
v10/usr/src/libI77/notused/fopen.5.c
v10/usr/src/libI77/notused/fopen.c
v10/usr/src/libI77/notused/fputs.c
v10/usr/src/libI77/notused/fread.c
v10/usr/src/libI77/notused/fseek.c
v10/usr/src/libI77/notused/ftell.c
v10/usr/src/libI77/notused/ftest.c
v10/usr/src/libI77/notused/fwrite.c
v10/usr/src/libI77/notused/lib.c
v10/usr/src/libI77/notused/ltostr.c
v10/usr/src/libI77/notused/nan.h
v10/usr/src/libI77/notused/nio.c
v10/usr/src/libI77/notused/puts.c
v10/usr/src/libI77/notused/rew.c
v10/usr/src/libI77/notused/setbuf.c
v10/usr/src/libI77/notused/setvbuf.c
v10/usr/src/libI77/notused/stdio.h
v10/usr/src/libI77/notused/stdiom.h
v10/usr/src/libI77/notused/stest.c
v10/usr/src/libI77/notused/values.h
v10/usr/src/libI77/old/Version.c
v10/usr/src/libI77/old/backspace.c
v10/usr/src/libI77/old/close.c
v10/usr/src/libI77/old/dfe.c
v10/usr/src/libI77/old/due.c
v10/usr/src/libI77/old/endfile.c
v10/usr/src/libI77/old/err.c
v10/usr/src/libI77/old/fio.h
v10/usr/src/libI77/old/inquire.c
v10/usr/src/libI77/old/lio.c
v10/usr/src/libI77/old/lio.h
v10/usr/src/libI77/old/lread.c
v10/usr/src/libI77/old/makefile
v10/usr/src/libI77/old/mkfile
v10/usr/src/libI77/old/open.c
v10/usr/src/libI77/old/rdfmt.c
v10/usr/src/libI77/old/rewind.c
v10/usr/src/libI77/old/rsfe.c
v10/usr/src/libI77/old/sfe.c
v10/usr/src/libI77/old/sue.c
v10/usr/src/libI77/old/uio.c
v10/usr/src/libI77/old/wref0.c
v10/usr/src/libI77/old/wrtfmt.c
v10/usr/src/libI77/old/wsfe.c
