v10/usr/src/libI77/old1/README
v10/usr/src/libI77/old1/Version.c
v10/usr/src/libI77/old1/close.c
v10/usr/src/libI77/old1/dfe.c
v10/usr/src/libI77/old1/due.c
v10/usr/src/libI77/old1/endfile.c
v10/usr/src/libI77/old1/err.c
v10/usr/src/libI77/old1/fio.h
v10/usr/src/libI77/old1/fmt.c
v10/usr/src/libI77/old1/fmt.h
v10/usr/src/libI77/old1/fmtlib.c
v10/usr/src/libI77/old1/iio.c
v10/usr/src/libI77/old1/ilnw.c
v10/usr/src/libI77/old1/inquire.c
v10/usr/src/libI77/old1/lio.h
v10/usr/src/libI77/old1/lread.c
v10/usr/src/libI77/old1/lwrite.c
v10/usr/src/libI77/old1/open.c
v10/usr/src/libI77/old1/rawio.h
v10/usr/src/libI77/old1/rsli.c
v10/usr/src/libI77/old1/rsne.c
v10/usr/src/libI77/old1/sig_die.c
v10/usr/src/libI77/old1/uio.c
v10/usr/src/libI77/old1/util.c
v10/usr/src/libI77/old1/wref.c
v10/usr/src/libI77/old1/wrtfmt.c
v10/usr/src/libI77/old1/wsne.c
v10/usr/src/libI77/old1/xwsne.c
v10/usr/src/libc/mkfile
v10/usr/src/libc/omakefile
v10/usr/src/libc/csu/crt0.s
v10/usr/src/libc/csu/mcrt0.s
v10/usr/src/libc/fio/fioclose.c
v10/usr/src/libc/fio/fiofillbuf.c
v10/usr/src/libc/fio/fioflush.c
v10/usr/src/libc/fio/fiogetc.c
v10/usr/src/libc/fio/fioinit.c
v10/usr/src/libc/fio/fioprint.c
v10/usr/src/libc/fio/fioputc.c
v10/usr/src/libc/fio/fiordline.c
v10/usr/src/libc/fio/fioread.c
v10/usr/src/libc/fio/fioseek.c
v10/usr/src/libc/fio/fiotie.c
v10/usr/src/libc/fio/fioundo.c
v10/usr/src/libc/fio/fiowrite.c
v10/usr/src/libc/fio/mkfile
v10/usr/src/libc/fio/oldfio.h
v10/usr/src/libc/fio/tstagh.c
v10/usr/src/libc/fio/tstrd.c
v10/usr/src/libc/fio/tstsk.c
v10/usr/src/libc/fio/tstwr.c
v10/usr/src/libc/gen/:errfix
v10/usr/src/libc/gen/LL.c
v10/usr/src/libc/gen/_assert.c
v10/usr/src/libc/gen/_cleanup.c
v10/usr/src/libc/gen/_printnum.c
v10/usr/src/libc/gen/abort.c
v10/usr/src/libc/gen/abs.C
v10/usr/src/libc/gen/abs.s
v10/usr/src/libc/gen/actol.c
v10/usr/src/libc/gen/alloca.s
v10/usr/src/libc/gen/atexit.c
v10/usr/src/libc/gen/atof.c
v10/usr/src/libc/gen/atoi.c
v10/usr/src/libc/gen/atol.c
v10/usr/src/libc/gen/calloc.c
v10/usr/src/libc/gen/chrtab.c
v10/usr/src/libc/gen/closedir.c
v10/usr/src/libc/gen/closedir.c.sv
v10/usr/src/libc/gen/crypt.c
v10/usr/src/libc/gen/ctime.O.c
v10/usr/src/libc/gen/ctime.c
v10/usr/src/libc/gen/cttyname.c
v10/usr/src/libc/gen/ctype.c
v10/usr/src/libc/gen/dialout.c
v10/usr/src/libc/gen/doprint.c
v10/usr/src/libc/gen/ecvt.c
v10/usr/src/libc/gen/errlst.c
v10/usr/src/libc/gen/execvp.c
v10/usr/src/libc/gen/exit.c
v10/usr/src/libc/gen/frexp.s
v10/usr/src/libc/gen/fstab.c
v10/usr/src/libc/gen/ftw.c
v10/usr/src/libc/gen/galloc.c
v10/usr/src/libc/gen/gcd.c
v10/usr/src/libc/gen/getenv.c
v10/usr/src/libc/gen/getfields.c
v10/usr/src/libc/gen/getflags.c
v10/usr/src/libc/gen/getlogin.c
v10/usr/src/libc/gen/getopt.c
v10/usr/src/libc/gen/getshares.c
v10/usr/src/libc/gen/getshput.c
v10/usr/src/libc/gen/getwd.c
v10/usr/src/libc/gen/huff.c
v10/usr/src/libc/gen/index.c
v10/usr/src/libc/gen/iread.c
v10/usr/src/libc/gen/isatty.c
v10/usr/src/libc/gen/jterm.c
v10/usr/src/libc/gen/l3tol.c
v10/usr/src/libc/gen/labs.C
v10/usr/src/libc/gen/lcm.c
v10/usr/src/libc/gen/ldexp.s
v10/usr/src/libc/gen/linedis.c
v10/usr/src/libc/gen/ltol3.c
v10/usr/src/libc/gen/malloc.c
v10/usr/src/libc/gen/max.c
v10/usr/src/libc/gen/mcount.s
v10/usr/src/libc/gen/memccpy.s
v10/usr/src/libc/gen/memchr.s
v10/usr/src/libc/gen/memcmp.s
v10/usr/src/libc/gen/memcpy.s
v10/usr/src/libc/gen/memmove.c
v10/usr/src/libc/gen/memset.s
v10/usr/src/libc/gen/min.c
v10/usr/src/libc/gen/mktemp.c
v10/usr/src/libc/gen/modf.s
v10/usr/src/libc/gen/mon.c
v10/usr/src/libc/gen/mon.s
v10/usr/src/libc/gen/nametty.c
v10/usr/src/libc/gen/nlist.c
v10/usr/src/libc/gen/octime.c
v10/usr/src/libc/gen/oftw.c
v10/usr/src/libc/gen/omalloc.c
v10/usr/src/libc/gen/onexit.c
v10/usr/src/libc/gen/oopendir.c.sv
v10/usr/src/libc/gen/opendir.c
v10/usr/src/libc/gen/opendir.c.sv
v10/usr/src/libc/gen/openshares.c
v10/usr/src/libc/gen/pdirread.c
v10/usr/src/libc/gen/perror.c
v10/usr/src/libc/gen/print.c
v10/usr/src/libc/gen/putshares.c
v10/usr/src/libc/gen/qsort.c
v10/usr/src/libc/gen/rand.c
v10/usr/src/libc/gen/rand.c-1
v10/usr/src/libc/gen/readdir.c
v10/usr/src/libc/gen/readdir.c.sv
v10/usr/src/libc/gen/regcomp.c
v10/usr/src/libc/gen/regerror.c
v10/usr/src/libc/gen/regexec.c
v10/usr/src/libc/gen/regprog.h
v10/usr/src/libc/gen/regsub.c
v10/usr/src/libc/gen/rindex.c
v10/usr/src/libc/gen/seekdir.c
v10/usr/src/libc/gen/seekdir.c.sv
v10/usr/src/libc/gen/setlimits.c
v10/usr/src/libc/gen/setupgroups.c
v10/usr/src/libc/gen/setupshares.c
v10/usr/src/libc/gen/sgn.c
v10/usr/src/libc/gen/sleep.c
v10/usr/src/libc/gen/strcat.C
v10/usr/src/libc/gen/strcat.s
v10/usr/src/libc/gen/strchr.C
v10/usr/src/libc/gen/strchr.s
v10/usr/src/libc/gen/strcmp.C
v10/usr/src/libc/gen/strcmp.s
v10/usr/src/libc/gen/strcpy.C
v10/usr/src/libc/gen/strcpy.s
v10/usr/src/libc/gen/strcspn.C
v10/usr/src/libc/gen/strcspn.s
v10/usr/src/libc/gen/strdup.c
v10/usr/src/libc/gen/strlen.C
v10/usr/src/libc/gen/strlen.s
v10/usr/src/libc/gen/strncat.C
v10/usr/src/libc/gen/strncat.s
v10/usr/src/libc/gen/strncmp.C
v10/usr/src/libc/gen/strncmp.s
v10/usr/src/libc/gen/strncpy.C
v10/usr/src/libc/gen/strncpy.s
v10/usr/src/libc/gen/strpbrk.C
v10/usr/src/libc/gen/strpbrk.s
v10/usr/src/libc/gen/strrchr.c
v10/usr/src/libc/gen/strspn.C
v10/usr/src/libc/gen/strspn.s
v10/usr/src/libc/gen/strtok.c
v10/usr/src/libc/gen/strtol.c
v10/usr/src/libc/gen/strtoul.c
v10/usr/src/libc/gen/swab.c
v10/usr/src/libc/gen/telldir.c
v10/usr/src/libc/gen/telldir.c.sv
v10/usr/src/libc/gen/timec.c
v10/usr/src/libc/gen/timezone.c
v10/usr/src/libc/gen/tmpnam.c
v10/usr/src/libc/gen/tolower.c
v10/usr/src/libc/gen/toupper.c
v10/usr/src/libc/gen/ttyname.c
v10/usr/src/libc/gen/udiv.s
v10/usr/src/libc/gen/uname.c
v10/usr/src/libc/gen/urem.s
v10/usr/src/libc/gen/vaxmemmove.c
v10/usr/src/libc/gen/tmp/closedir.c
v10/usr/src/libc/gen/tmp/dir.src
v10/usr/src/libc/gen/tmp/ndir.h
v10/usr/src/libc/gen/tmp/opendir.c
v10/usr/src/libc/gen/tmp/pdirread.c
v10/usr/src/libc/gen/tmp/readdir.c
v10/usr/src/libc/gen/tmp/seekdir.c
v10/usr/src/libc/gen/tmp/telldir.c
v10/usr/src/libc/math/asin.c
v10/usr/src/libc/math/atan.c
v10/usr/src/libc/math/besj0.c
v10/usr/src/libc/math/besj1.c
v10/usr/src/libc/math/besjn.c
v10/usr/src/libc/math/erf.c
v10/usr/src/libc/math/exp.c
v10/usr/src/libc/math/fabs.C
v10/usr/src/libc/math/fabs.s
v10/usr/src/libc/math/floor.c
v10/usr/src/libc/math/fmod.c
v10/usr/src/libc/math/gamma.c
v10/usr/src/libc/math/hypot.c
v10/usr/src/libc/math/hypot.c-1
v10/usr/src/libc/math/log.c
v10/usr/src/libc/math/pow.c
v10/usr/src/libc/math/pow10.c
v10/usr/src/libc/math/sin.c
v10/usr/src/libc/math/sinh.c
v10/usr/src/libc/math/sqrt.c
v10/usr/src/libc/math/tan.c
v10/usr/src/libc/math/tanh.c
