v10/usr/src/libc/stdio/Makefile
v10/usr/src/libc/stdio/Oflsbuf.c
v10/usr/src/libc/stdio/_dtoa.c
v10/usr/src/libc/stdio/_fconv.c
v10/usr/src/libc/stdio/atof.c
v10/usr/src/libc/stdio/clrerr.c
v10/usr/src/libc/stdio/data.c
v10/usr/src/libc/stdio/fconv.h
v10/usr/src/libc/stdio/fdopen.c
v10/usr/src/libc/stdio/fgetc.c
v10/usr/src/libc/stdio/fgets.c
v10/usr/src/libc/stdio/filbuf.c
v10/usr/src/libc/stdio/flsbuf.c
v10/usr/src/libc/stdio/fopen.c
v10/usr/src/libc/stdio/fprintf.c
v10/usr/src/libc/stdio/fputc.c
v10/usr/src/libc/stdio/fputs.c
v10/usr/src/libc/stdio/freopen.c
v10/usr/src/libc/stdio/fscanf.c
v10/usr/src/libc/stdio/fseek.c
v10/usr/src/libc/stdio/ftell.c
v10/usr/src/libc/stdio/gcvt.c
v10/usr/src/libc/stdio/getchar.c
v10/usr/src/libc/stdio/getflds.c
v10/usr/src/libc/stdio/getgrent.c
v10/usr/src/libc/stdio/getgrgid.c
v10/usr/src/libc/stdio/getgrnam.c
v10/usr/src/libc/stdio/getpass.c
v10/usr/src/libc/stdio/getpwent.c
v10/usr/src/libc/stdio/getpwnam.c
v10/usr/src/libc/stdio/getpwuid.c
v10/usr/src/libc/stdio/gets.c-1
v10/usr/src/libc/stdio/getw.c
v10/usr/src/libc/stdio/iolib.h
v10/usr/src/libc/stdio/mkfile
v10/usr/src/libc/stdio/ofgets.c
v10/usr/src/libc/stdio/ofputs.c
v10/usr/src/libc/stdio/ordwr.c
v10/usr/src/libc/stdio/popen.c
v10/usr/src/libc/stdio/printf.c
v10/usr/src/libc/stdio/putchar.c
v10/usr/src/libc/stdio/puts.c
v10/usr/src/libc/stdio/putw.c
v10/usr/src/libc/stdio/rdwr.c
v10/usr/src/libc/stdio/rew.c
v10/usr/src/libc/stdio/s.s
v10/usr/src/libc/stdio/scanf.c
v10/usr/src/libc/stdio/setbuf.c
v10/usr/src/libc/stdio/snprintf.c
v10/usr/src/libc/stdio/sprintf.c
v10/usr/src/libc/stdio/sscanf.c
v10/usr/src/libc/stdio/strout.c
v10/usr/src/libc/stdio/strtod.c
v10/usr/src/libc/stdio/stuff.c
v10/usr/src/libc/stdio/system.c
v10/usr/src/libc/stdio/ungetc.c
v10/usr/src/libc/stdio/vfprintf.c
v10/usr/src/libc/stdio/vfscanf.c
v10/usr/src/libc/stdio/vprintf.c
v10/usr/src/libc/stdio/ostdio/atof.s
v10/usr/src/libc/stdio/ostdio/doprnt.nS
v10/usr/src/libc/stdio/ostdio/doprnt.s
v10/usr/src/libc/stdio/ostdio/doscan.c
v10/usr/src/libc/stdio/ostdio/fprintf.c
v10/usr/src/libc/stdio/ostdio/memo
v10/usr/src/libc/stdio/ostdio/mkfile
v10/usr/src/libc/stdio/ostdio/olibcmkfile
v10/usr/src/libc/stdio/ostdio/printf.c
v10/usr/src/libc/stdio/ostdio/scanf.c
v10/usr/src/libc/stdio/ostdio/sprintf.c
v10/usr/src/libc/stdio/ostdio/u_doprnt.S
v10/usr/src/libc/sys/_exit.s
v10/usr/src/libc/sys/access.s
v10/usr/src/libc/sys/acct.s
v10/usr/src/libc/sys/alarm.s
v10/usr/src/libc/sys/biasclock.s
v10/usr/src/libc/sys/cerror.s
v10/usr/src/libc/sys/chdir.s
v10/usr/src/libc/sys/chmod.s
v10/usr/src/libc/sys/chown.s
v10/usr/src/libc/sys/chroot.s
v10/usr/src/libc/sys/close.s
v10/usr/src/libc/sys/creat.s
v10/usr/src/libc/sys/dirread.s
v10/usr/src/libc/sys/dup.s
v10/usr/src/libc/sys/execl.s
v10/usr/src/libc/sys/execle.s
v10/usr/src/libc/sys/execv.s
v10/usr/src/libc/sys/execve.s
v10/usr/src/libc/sys/fchmod.s
v10/usr/src/libc/sys/fchown.s
v10/usr/src/libc/sys/fmount.s
v10/usr/src/libc/sys/fork.s
v10/usr/src/libc/sys/fstat.s
v10/usr/src/libc/sys/funmount.s
v10/usr/src/libc/sys/getgid.s
v10/usr/src/libc/sys/getgroups.s
v10/usr/src/libc/sys/getlog.s
v10/usr/src/libc/sys/getpid.s
v10/usr/src/libc/sys/getuid.s
v10/usr/src/libc/sys/ioctl.s
v10/usr/src/libc/sys/kill.s
v10/usr/src/libc/sys/label.c
v10/usr/src/libc/sys/limits.s
v10/usr/src/libc/sys/link.s
v10/usr/src/libc/sys/llseek.s
v10/usr/src/libc/sys/lseek.s
v10/usr/src/libc/sys/lstat.s
v10/usr/src/libc/sys/mkdir.s
v10/usr/src/libc/sys/mknod.s
v10/usr/src/libc/sys/nap.s
v10/usr/src/libc/sys/nice.s
v10/usr/src/libc/sys/open.s
v10/usr/src/libc/sys/pipe.s
v10/usr/src/libc/sys/prof.s
v10/usr/src/libc/sys/read.s
v10/usr/src/libc/sys/readlink.s
v10/usr/src/libc/sys/reboot.s
v10/usr/src/libc/sys/rmdir.s
v10/usr/src/libc/sys/s.c
v10/usr/src/libc/sys/sbrk.s
v10/usr/src/libc/sys/select.s
v10/usr/src/libc/sys/setgid.s
v10/usr/src/libc/sys/setgroups.s
v10/usr/src/libc/sys/setjmp.s
v10/usr/src/libc/sys/setpgrp.s
v10/usr/src/libc/sys/setruid.s
v10/usr/src/libc/sys/setuid.s
v10/usr/src/libc/sys/signal.s
v10/usr/src/libc/sys/stat.s
v10/usr/src/libc/sys/stime.s
v10/usr/src/libc/sys/swapon.s
v10/usr/src/libc/sys/symlink.s
v10/usr/src/libc/sys/sync.s
v10/usr/src/libc/sys/syscall.s
v10/usr/src/libc/sys/time.s
v10/usr/src/libc/sys/times.s
v10/usr/src/libc/sys/umask.s
v10/usr/src/libc/sys/unlink.s
v10/usr/src/libc/sys/utime.s
v10/usr/src/libc/sys/vadvise.s
v10/usr/src/libc/sys/vfork.s
v10/usr/src/libc/sys/vlimit.s
v10/usr/src/libc/sys/vtimes.s
v10/usr/src/libc/sys/wait.s
v10/usr/src/libc/sys/wait3.s
v10/usr/src/libc/sys/write.s
v10/usr/src/libcbt/bdelete.c
v10/usr/src/libcbt/bt.c
v10/usr/src/libcbt/btdiag.c
v10/usr/src/libcbt/btexer.c
v10/usr/src/libcbt/bttest.c
v10/usr/src/libcbt/bwrite.c
v10/usr/src/libcbt/cbt.h
v10/usr/src/libcbt/diskrd.c
v10/usr/src/libcbt/diskwrt.c
v10/usr/src/libcbt/lib.c
v10/usr/src/libcbt/makefile
v10/usr/src/libcbt/mkfile
v10/usr/src/libcbt/pr.h
v10/usr/src/libcbt/salvage.c
v10/usr/src/libcbt/seek.c
v10/usr/src/libcbt/slvg.c
v10/usr/src/libcbt/slvg2.c
v10/usr/src/libcbt/tran.c
v10/usr/src/libcbt/export/README
v10/usr/src/libcbt/export/export.sh
v10/usr/src/libcbt/export/test.sh
v10/usr/src/libcc/Makefile
v10/usr/src/libcc/balloc.c
v10/usr/src/libcc/getbitmap.c
v10/usr/src/libcc/inbitmap.c
v10/usr/src/libcc/mkfile
v10/usr/src/libcc/outbitmap.c
v10/usr/src/libcurses/:ctfix
v10/usr/src/libcurses/Makefile
v10/usr/src/libcurses/addch.c
v10/usr/src/libcurses/addstr.c
v10/usr/src/libcurses/box.c
v10/usr/src/libcurses/clear.c
v10/usr/src/libcurses/clrtobot.c
v10/usr/src/libcurses/clrtoeol.c
v10/usr/src/libcurses/cr_ex.h
v10/usr/src/libcurses/cr_put.c
v10/usr/src/libcurses/cr_tty.c
v10/usr/src/libcurses/curses.c
v10/usr/src/libcurses/curses.ext
v10/usr/src/libcurses/curses.h
v10/usr/src/libcurses/delch.c
v10/usr/src/libcurses/deleteln.c
v10/usr/src/libcurses/delwin.c
v10/usr/src/libcurses/endwin.c
v10/usr/src/libcurses/erase.c
v10/usr/src/libcurses/getcap.c
v10/usr/src/libcurses/getch.c
v10/usr/src/libcurses/getstr.c
v10/usr/src/libcurses/initscr.c
v10/usr/src/libcurses/insch.c
v10/usr/src/libcurses/insertln.c
v10/usr/src/libcurses/llib-lcurses
v10/usr/src/libcurses/longname.c
v10/usr/src/libcurses/mkfile
v10/usr/src/libcurses/move.c
v10/usr/src/libcurses/mvprintw.c
v10/usr/src/libcurses/mvscanw.c
v10/usr/src/libcurses/mvwin.c
v10/usr/src/libcurses/newwin.c
v10/usr/src/libcurses/overlay.c
v10/usr/src/libcurses/overwrite.c
v10/usr/src/libcurses/printw.c
v10/usr/src/libcurses/printw.co
v10/usr/src/libcurses/refresh.c
v10/usr/src/libcurses/scanw.c
v10/usr/src/libcurses/scroll.c
v10/usr/src/libcurses/standout.c
v10/usr/src/libcurses/touchwin.c
v10/usr/src/libcurses/tstp.c
v10/usr/src/libcurses/unctrl.c
v10/usr/src/libcurses/unctrl.h
v10/usr/src/libdbm/Makefile
v10/usr/src/libdbm/dbm.c
v10/usr/src/libdbm/dbm.h
v10/usr/src/libdbm/mkfile
v10/usr/src/libj/Makefile
v10/usr/src/libj/arith.c
v10/usr/src/libj/atan2.c
v10/usr/src/libj/balloc.c
v10/usr/src/libj/balloc.h
v10/usr/src/libj/commands.h
v10/usr/src/libj/cosdeg.c
v10/usr/src/libj/font.c
v10/usr/src/libj/io.c
v10/usr/src/libj/io.h
v10/usr/src/libj/jerq.h
v10/usr/src/libj/jterm.h
v10/usr/src/libj/menu.c
v10/usr/src/libj/mkfile
v10/usr/src/libj/norm.c
v10/usr/src/libj/protocol
v10/usr/src/libj/rect.c
v10/usr/src/libj/spline.c
v10/usr/src/libj/sqrt.c
v10/usr/src/libj/strwidth.c
v10/usr/src/libj/stubs.awk
v10/usr/src/libj/stubs.c
v10/usr/src/libj/track.c
v10/usr/src/libl/Makefile
v10/usr/src/libl/allprint.c
v10/usr/src/libl/main.c
v10/usr/src/libl/mkfile
v10/usr/src/libl/reject.c
v10/usr/src/libl/yyless.c
v10/usr/src/libl/yywrap.c
v10/usr/src/libm/dummy.c
v10/usr/src/libm/makefile
v10/usr/src/libm/mkfile
