v10/usr/src/libmp/Makefile
v10/usr/src/libmp/bundled
v10/usr/src/libmp/gcd.c
v10/usr/src/libmp/halloc.c
v10/usr/src/libmp/madd.c
v10/usr/src/libmp/mdiv.c
v10/usr/src/libmp/mkfile
v10/usr/src/libmp/mout.c
v10/usr/src/libmp/msqrt.c
v10/usr/src/libmp/mult.c
v10/usr/src/libmp/pow.c
v10/usr/src/libmp/util.c
v10/usr/src/libnm/Makefile
v10/usr/src/libnm/README
v10/usr/src/libnm/acos.c
v10/usr/src/libnm/asin.s
v10/usr/src/libnm/atan.s
v10/usr/src/libnm/badtan.s
v10/usr/src/libnm/cbrt.s
v10/usr/src/libnm/exp.s
v10/usr/src/libnm/log.s
v10/usr/src/libnm/mkfile
v10/usr/src/libnm/pow.c
v10/usr/src/libnm/sin.s
v10/usr/src/libnm/sinh.s
v10/usr/src/libnm/sqrt.s
v10/usr/src/libnm/sqrt.s.old
v10/usr/src/libnm/tan.s
v10/usr/src/libnm/tanh.s
v10/usr/src/libpicfile/libc.h
v10/usr/src/libpicfile/mkfile
v10/usr/src/libpicfile/pic.601.c
v10/usr/src/libpicfile/pic.bit.c
v10/usr/src/libpicfile/pic.dmp.c
v10/usr/src/libpicfile/pic.pco.c
v10/usr/src/libpicfile/pic.run.c
v10/usr/src/libpicfile/picclose.c
v10/usr/src/libpicfile/picconf.c
v10/usr/src/libpicfile/picerror.c
v10/usr/src/libpicfile/picfile.h
v10/usr/src/libpicfile/picgetprop.c
v10/usr/src/libpicfile/picopen_r.c
v10/usr/src/libpicfile/picopen_w.c
v10/usr/src/libpicfile/picpack.c
v10/usr/src/libpicfile/picputprop.c
v10/usr/src/libpicfile/picunpack.c
v10/usr/src/libplot/lib2621/makefile
v10/usr/src/libplot/lib2621/mkfile
v10/usr/src/libplot/lib2621/hp/ORDER
v10/usr/src/libplot/lib2621/hp/arc.c
v10/usr/src/libplot/lib2621/hp/box.c
v10/usr/src/libplot/lib2621/hp/cfill.c
v10/usr/src/libplot/lib2621/hp/circle.c
v10/usr/src/libplot/lib2621/hp/closepl.c
v10/usr/src/libplot/lib2621/hp/color.c
v10/usr/src/libplot/lib2621/hp/disc.c
v10/usr/src/libplot/lib2621/hp/erase.c
v10/usr/src/libplot/lib2621/hp/fill.c
v10/usr/src/libplot/lib2621/hp/frame.c
v10/usr/src/libplot/lib2621/hp/grade.c
v10/usr/src/libplot/lib2621/hp/hp.h
v10/usr/src/libplot/lib2621/hp/line.c
v10/usr/src/libplot/lib2621/hp/move.c
v10/usr/src/libplot/lib2621/hp/openpl.c
v10/usr/src/libplot/lib2621/hp/parabola.c
v10/usr/src/libplot/lib2621/hp/pause.c
v10/usr/src/libplot/lib2621/hp/pen.c
v10/usr/src/libplot/lib2621/hp/point.c
v10/usr/src/libplot/lib2621/hp/poly.c
v10/usr/src/libplot/lib2621/hp/prompt.c
v10/usr/src/libplot/lib2621/hp/range.c
v10/usr/src/libplot/lib2621/hp/restore.c
v10/usr/src/libplot/lib2621/hp/rmove.c
v10/usr/src/libplot/lib2621/hp/rvec.c
v10/usr/src/libplot/lib2621/hp/save.c
v10/usr/src/libplot/lib2621/hp/sbox.c
v10/usr/src/libplot/lib2621/hp/spline.c
v10/usr/src/libplot/lib2621/hp/subr.c
v10/usr/src/libplot/lib2621/hp/text.c
v10/usr/src/libplot/lib2621/hp/vec.c
v10/usr/src/libplot/lib2621/hp/whoami.c
v10/usr/src/libplot/lib4014/arc.c
v10/usr/src/libplot/lib4014/box.c
v10/usr/src/libplot/lib4014/cfill.c
v10/usr/src/libplot/lib4014/circle.c
v10/usr/src/libplot/lib4014/closepl.c
v10/usr/src/libplot/lib4014/color.c
v10/usr/src/libplot/lib4014/disc.c
v10/usr/src/libplot/lib4014/erase.c
v10/usr/src/libplot/lib4014/fill.c
v10/usr/src/libplot/lib4014/frame.c
v10/usr/src/libplot/lib4014/grade.c
v10/usr/src/libplot/lib4014/line.c
v10/usr/src/libplot/lib4014/makefile
v10/usr/src/libplot/lib4014/mkfile
v10/usr/src/libplot/lib4014/move.c
v10/usr/src/libplot/lib4014/openpl.c
v10/usr/src/libplot/lib4014/parabola.c
v10/usr/src/libplot/lib4014/pen.c
v10/usr/src/libplot/lib4014/point.c
v10/usr/src/libplot/lib4014/poly.c
v10/usr/src/libplot/lib4014/ppause.c
v10/usr/src/libplot/lib4014/prompt.c
v10/usr/src/libplot/lib4014/range.c
v10/usr/src/libplot/lib4014/restore.c
v10/usr/src/libplot/lib4014/rmove.c
v10/usr/src/libplot/lib4014/rvec.c
v10/usr/src/libplot/lib4014/save.c
v10/usr/src/libplot/lib4014/sbox.c
v10/usr/src/libplot/lib4014/spline.c
v10/usr/src/libplot/lib4014/subr.c
v10/usr/src/libplot/lib4014/tek.h
v10/usr/src/libplot/lib4014/text.c
v10/usr/src/libplot/lib4014/vec.c
v10/usr/src/libplot/lib4014/whoami.c
v10/usr/src/libplot/lib4014/tek/ORDER
v10/usr/src/libplot/lib4014/tek/arc.c
v10/usr/src/libplot/lib4014/tek/box.c
v10/usr/src/libplot/lib4014/tek/cfill.c
v10/usr/src/libplot/lib4014/tek/circle.c
v10/usr/src/libplot/lib4014/tek/closepl.c
v10/usr/src/libplot/lib4014/tek/color.c
v10/usr/src/libplot/lib4014/tek/disc.c
v10/usr/src/libplot/lib4014/tek/erase.c
v10/usr/src/libplot/lib4014/tek/fill.c
v10/usr/src/libplot/lib4014/tek/frame.c
v10/usr/src/libplot/lib4014/tek/grade.c
v10/usr/src/libplot/lib4014/tek/line.c
v10/usr/src/libplot/lib4014/tek/move.c
v10/usr/src/libplot/lib4014/tek/openpl.c
v10/usr/src/libplot/lib4014/tek/parabola.c
v10/usr/src/libplot/lib4014/tek/pen.c
v10/usr/src/libplot/lib4014/tek/point.c
v10/usr/src/libplot/lib4014/tek/poly.c
v10/usr/src/libplot/lib4014/tek/ppause.c
v10/usr/src/libplot/lib4014/tek/prompt.c
v10/usr/src/libplot/lib4014/tek/range.c
v10/usr/src/libplot/lib4014/tek/restore.c
v10/usr/src/libplot/lib4014/tek/rmove.c
v10/usr/src/libplot/lib4014/tek/rvec.c
v10/usr/src/libplot/lib4014/tek/save.c
v10/usr/src/libplot/lib4014/tek/sbox.c
v10/usr/src/libplot/lib4014/tek/spline.c
v10/usr/src/libplot/lib4014/tek/subr.c
v10/usr/src/libplot/lib4014/tek/tek.h
v10/usr/src/libplot/lib4014/tek/text.c
v10/usr/src/libplot/lib4014/tek/vec.c
v10/usr/src/libplot/lib4014/tek/whoami.c
v10/usr/src/libplot/lib5620/closepl.c
v10/usr/src/libplot/lib5620/makefile
v10/usr/src/libplot/lib5620/mkfile
v10/usr/src/libplot/lib5620/blit/ORDER
v10/usr/src/libplot/lib5620/blit/arc.c
v10/usr/src/libplot/lib5620/blit/box.c
v10/usr/src/libplot/lib5620/blit/cfill.c
v10/usr/src/libplot/lib5620/blit/circle.c
v10/usr/src/libplot/lib5620/blit/closepl.c
v10/usr/src/libplot/lib5620/blit/color.c
v10/usr/src/libplot/lib5620/blit/ctype_.c
v10/usr/src/libplot/lib5620/blit/disc.c
v10/usr/src/libplot/lib5620/blit/erase.c
v10/usr/src/libplot/lib5620/blit/fill1.c
v10/usr/src/libplot/lib5620/blit/frame.c
v10/usr/src/libplot/lib5620/blit/grade.c
v10/usr/src/libplot/lib5620/blit/jcom.h
v10/usr/src/libplot/lib5620/blit/jplot.h
v10/usr/src/libplot/lib5620/blit/move.c
v10/usr/src/libplot/lib5620/blit/nline.c
v10/usr/src/libplot/lib5620/blit/openpl.c
v10/usr/src/libplot/lib5620/blit/parabola.c
v10/usr/src/libplot/lib5620/blit/pen.c
v10/usr/src/libplot/lib5620/blit/point.c
v10/usr/src/libplot/lib5620/blit/poly.c
v10/usr/src/libplot/lib5620/blit/ppause.c
v10/usr/src/libplot/lib5620/blit/range.c
v10/usr/src/libplot/lib5620/blit/restore.c
v10/usr/src/libplot/lib5620/blit/rmove.c
v10/usr/src/libplot/lib5620/blit/save.c
v10/usr/src/libplot/lib5620/blit/sbox.c
v10/usr/src/libplot/lib5620/blit/spline.c
v10/usr/src/libplot/lib5620/blit/subr.c
v10/usr/src/libplot/lib5620/blit/text.c
v10/usr/src/libplot/lib5620/blit/whoami.c
v10/usr/src/libplot/libblit/makefile
v10/usr/src/libplot/libblit/mkfile
v10/usr/src/libplot/libblit/blit/ORDER
v10/usr/src/libplot/libblit/blit/arc.c
v10/usr/src/libplot/libblit/blit/box.c
v10/usr/src/libplot/libblit/blit/cfill.c
v10/usr/src/libplot/libblit/blit/circle.c
v10/usr/src/libplot/libblit/blit/closepl.c
v10/usr/src/libplot/libblit/blit/color.c
v10/usr/src/libplot/libblit/blit/ctype_.c
v10/usr/src/libplot/libblit/blit/disc.c
v10/usr/src/libplot/libblit/blit/erase.c
v10/usr/src/libplot/libblit/blit/fill1.c
v10/usr/src/libplot/libblit/blit/frame.c
v10/usr/src/libplot/libblit/blit/grade.c
v10/usr/src/libplot/libblit/blit/jcom.h
v10/usr/src/libplot/libblit/blit/jplot.h
v10/usr/src/libplot/libblit/blit/move.c
v10/usr/src/libplot/libblit/blit/nline.c
v10/usr/src/libplot/libblit/blit/openpl.c
v10/usr/src/libplot/libblit/blit/parabola.c
v10/usr/src/libplot/libblit/blit/pen.c
v10/usr/src/libplot/libblit/blit/point.c
v10/usr/src/libplot/libblit/blit/poly.c
v10/usr/src/libplot/libblit/blit/ppause.c
v10/usr/src/libplot/libblit/blit/range.c
v10/usr/src/libplot/libblit/blit/restore.c
v10/usr/src/libplot/libblit/blit/rmove.c
v10/usr/src/libplot/libblit/blit/save.c
v10/usr/src/libplot/libblit/blit/sbox.c
v10/usr/src/libplot/libblit/blit/spline.c
v10/usr/src/libplot/libblit/blit/subr.c
v10/usr/src/libplot/libblit/blit/text.c
v10/usr/src/libplot/libblit/blit/whoami.c
v10/usr/src/libplot/libpen/arc.c
v10/usr/src/libplot/libpen/box.c
v10/usr/src/libplot/libpen/circle.c
v10/usr/src/libplot/libpen/color.c
v10/usr/src/libplot/libpen/dummies.c
v10/usr/src/libplot/libpen/fill.c
v10/usr/src/libplot/libpen/frame.c
v10/usr/src/libplot/libpen/line.c
v10/usr/src/libplot/libpen/makefile
v10/usr/src/libplot/libpen/mkfile
v10/usr/src/libplot/libpen/move.c
v10/usr/src/libplot/libpen/parabola.c
v10/usr/src/libplot/libpen/pen.c
v10/usr/src/libplot/libpen/pen.h
v10/usr/src/libplot/libpen/penplot.sh
v10/usr/src/libplot/libpen/point.c
v10/usr/src/libplot/libpen/poly.c
v10/usr/src/libplot/libpen/range.c
v10/usr/src/libplot/libpen/restore.c
v10/usr/src/libplot/libpen/save.c
v10/usr/src/libplot/libpen/spline.c
v10/usr/src/libplot/libpen/subr.c
v10/usr/src/libplot/libpen/text.c
v10/usr/src/libplot/libpen/vec.c
v10/usr/src/libplot/libpen/pen/ORDER
v10/usr/src/libplot/libpen/pen/arc.c
v10/usr/src/libplot/libpen/pen/box.c
v10/usr/src/libplot/libpen/pen/circle.c
v10/usr/src/libplot/libpen/pen/color.c
v10/usr/src/libplot/libpen/pen/dummies.c
v10/usr/src/libplot/libpen/pen/fill.c
v10/usr/src/libplot/libpen/pen/frame.c
v10/usr/src/libplot/libpen/pen/line.c
v10/usr/src/libplot/libpen/pen/move.c
v10/usr/src/libplot/libpen/pen/openpl.c
v10/usr/src/libplot/libpen/pen/parabola.c
v10/usr/src/libplot/libpen/pen/pen.c
v10/usr/src/libplot/libpen/pen/pen.h
v10/usr/src/libplot/libpen/pen/point.c
v10/usr/src/libplot/libpen/pen/poly.c
v10/usr/src/libplot/libpen/pen/range.c
v10/usr/src/libplot/libpen/pen/restore.c
v10/usr/src/libplot/libpen/pen/save.c
v10/usr/src/libplot/libpen/pen/spline.c
v10/usr/src/libplot/libpen/pen/subr.c
v10/usr/src/libplot/libpen/pen/text.c
v10/usr/src/libplot/libpen/pen/vec.c
v10/usr/src/libplot/libplot/iplot.h
v10/usr/src/libplot/libplot/makefile
v10/usr/src/libplot/libplot/mkfile
v10/usr/src/libplot/libplot/plot.h
v10/usr/src/libplot/libplot/pplot.h
v10/usr/src/libplot/libplot/plot/ORDER
v10/usr/src/libplot/libplot/plot/subr.c
v10/usr/src/libplot/libplot/plot/whoami.c
v10/usr/src/libplot/libplot/x/subr.c
v10/usr/src/libplot/libplot/x/whoami.c
v10/usr/src/libplot/libram/makefile
v10/usr/src/libplot/libram/mkfile
v10/usr/src/libplot/libram/ramtek.sh
v10/usr/src/libplot/libram/ramtek/ORDER
v10/usr/src/libplot/libram/ramtek/arc.c
v10/usr/src/libplot/libram/ramtek/box.c
v10/usr/src/libplot/libram/ramtek/cfill.c
v10/usr/src/libplot/libram/ramtek/circle.c
v10/usr/src/libplot/libram/ramtek/closepl.c
v10/usr/src/libplot/libram/ramtek/color.c
v10/usr/src/libplot/libram/ramtek/disc.c
v10/usr/src/libplot/libram/ramtek/erase.c
v10/usr/src/libplot/libram/ramtek/fill.c
v10/usr/src/libplot/libram/ramtek/frame.c
v10/usr/src/libplot/libram/ramtek/grade.c
v10/usr/src/libplot/libram/ramtek/line.c
v10/usr/src/libplot/libram/ramtek/move.c
v10/usr/src/libplot/libram/ramtek/openpl.c
v10/usr/src/libplot/libram/ramtek/parabola.c
v10/usr/src/libplot/libram/ramtek/pen.c
v10/usr/src/libplot/libram/ramtek/point.c
v10/usr/src/libplot/libram/ramtek/poly.c
v10/usr/src/libplot/libram/ramtek/ppause.c
v10/usr/src/libplot/libram/ramtek/pprompt.c
v10/usr/src/libplot/libram/ramtek/ram.h
v10/usr/src/libplot/libram/ramtek/range.c
v10/usr/src/libplot/libram/ramtek/restore.c
v10/usr/src/libplot/libram/ramtek/rmove.c
v10/usr/src/libplot/libram/ramtek/rvec.c
v10/usr/src/libplot/libram/ramtek/save.c
v10/usr/src/libplot/libram/ramtek/sbox.c
v10/usr/src/libplot/libram/ramtek/spline.c
v10/usr/src/libplot/libram/ramtek/subr.c
v10/usr/src/libplot/libram/ramtek/text.c
v10/usr/src/libplot/libram/ramtek/vec.c
v10/usr/src/libplot/libram/ramtek/whoami.c
v10/usr/src/libplot/libtr/closepl.c
v10/usr/src/libplot/libtr/color.c
v10/usr/src/libplot/libtr/erase.c
v10/usr/src/libplot/libtr/makefile
v10/usr/src/libplot/libtr/mkfile
v10/usr/src/libplot/libtr/openpl.c
v10/usr/src/libplot/libtr/otext.c
v10/usr/src/libplot/libtr/text.c
v10/usr/src/libplot/libtr/tr.h
v10/usr/src/libplot/libtr/x
v10/usr/src/libplot/libtr/tr/ORDER
v10/usr/src/libplot/libtr/tr/arc.c
v10/usr/src/libplot/libtr/tr/box.c
v10/usr/src/libplot/libtr/tr/cfill.c
v10/usr/src/libplot/libtr/tr/circle.c
v10/usr/src/libplot/libtr/tr/closepl.c
v10/usr/src/libplot/libtr/tr/color.c
v10/usr/src/libplot/libtr/tr/disc.c
v10/usr/src/libplot/libtr/tr/erase.c
v10/usr/src/libplot/libtr/tr/fill.c
v10/usr/src/libplot/libtr/tr/frame.c
v10/usr/src/libplot/libtr/tr/grade.c
v10/usr/src/libplot/libtr/tr/line.c
v10/usr/src/libplot/libtr/tr/move.c
v10/usr/src/libplot/libtr/tr/openpl.c
v10/usr/src/libplot/libtr/tr/otext.c
v10/usr/src/libplot/libtr/tr/parabola.c
v10/usr/src/libplot/libtr/tr/pen.c
v10/usr/src/libplot/libtr/tr/point.c
v10/usr/src/libplot/libtr/tr/poly.c
v10/usr/src/libplot/libtr/tr/range.c
v10/usr/src/libplot/libtr/tr/restore.c
v10/usr/src/libplot/libtr/tr/rmove.c
v10/usr/src/libplot/libtr/tr/rvec.c
v10/usr/src/libplot/libtr/tr/save.c
v10/usr/src/libplot/libtr/tr/sbox.c
v10/usr/src/libplot/libtr/tr/spline.c
v10/usr/src/libplot/libtr/tr/subr.c
v10/usr/src/libplot/libtr/tr/text.c
v10/usr/src/libplot/libtr/tr/tr.h
v10/usr/src/libplot/libtr/tr/vec.c
v10/usr/src/libplot/libtr/tr/whoami.c
v10/usr/src/libplot/oldplot/driver.c
v10/usr/src/libplot/oldplot/300/Makefile
v10/usr/src/libplot/oldplot/300/ORDER
v10/usr/src/libplot/oldplot/300/arc.c
v10/usr/src/libplot/oldplot/300/box.c
v10/usr/src/libplot/oldplot/300/circle.c
v10/usr/src/libplot/oldplot/300/closepl.c
v10/usr/src/libplot/oldplot/300/con.h
v10/usr/src/libplot/oldplot/300/dot.c
v10/usr/src/libplot/oldplot/300/erase.c
v10/usr/src/libplot/oldplot/300/label.c
v10/usr/src/libplot/oldplot/300/line.c
v10/usr/src/libplot/oldplot/300/linmod.c
v10/usr/src/libplot/oldplot/300/mkfile
v10/usr/src/libplot/oldplot/300/move.c
v10/usr/src/libplot/oldplot/300/open.c
v10/usr/src/libplot/oldplot/300/point.c
v10/usr/src/libplot/oldplot/300/space.c
v10/usr/src/libplot/oldplot/300/subr.c
v10/usr/src/libplot/oldplot/300s/Makefile
v10/usr/src/libplot/oldplot/300s/ORDER
v10/usr/src/libplot/oldplot/300s/arc.c
v10/usr/src/libplot/oldplot/300s/box.c
v10/usr/src/libplot/oldplot/300s/circle.c
v10/usr/src/libplot/oldplot/300s/closepl.c
v10/usr/src/libplot/oldplot/300s/con.h
v10/usr/src/libplot/oldplot/300s/dot.c
v10/usr/src/libplot/oldplot/300s/erase.c
v10/usr/src/libplot/oldplot/300s/label.c
v10/usr/src/libplot/oldplot/300s/line.c
v10/usr/src/libplot/oldplot/300s/linmod.c
v10/usr/src/libplot/oldplot/300s/mkfile
v10/usr/src/libplot/oldplot/300s/move.c
v10/usr/src/libplot/oldplot/300s/open.c
v10/usr/src/libplot/oldplot/300s/point.c
v10/usr/src/libplot/oldplot/300s/space.c
v10/usr/src/libplot/oldplot/300s/subr.c
v10/usr/src/libplot/oldplot/4014/Makefile
v10/usr/src/libplot/oldplot/4014/ORDER
v10/usr/src/libplot/oldplot/4014/arc.c
v10/usr/src/libplot/oldplot/4014/box.c
v10/usr/src/libplot/oldplot/4014/circle.c
v10/usr/src/libplot/oldplot/4014/closepl.c
v10/usr/src/libplot/oldplot/4014/dot.c
v10/usr/src/libplot/oldplot/4014/erase.c
v10/usr/src/libplot/oldplot/4014/label.c
v10/usr/src/libplot/oldplot/4014/line.c
v10/usr/src/libplot/oldplot/4014/linemod.c
v10/usr/src/libplot/oldplot/4014/mkfile
v10/usr/src/libplot/oldplot/4014/move.c
v10/usr/src/libplot/oldplot/4014/open.c
v10/usr/src/libplot/oldplot/4014/point.c
v10/usr/src/libplot/oldplot/4014/scale.c
v10/usr/src/libplot/oldplot/4014/space.c
v10/usr/src/libplot/oldplot/4014/subr.c
v10/usr/src/libplot/oldplot/450/Makefile
v10/usr/src/libplot/oldplot/450/ORDER
v10/usr/src/libplot/oldplot/450/arc.c
v10/usr/src/libplot/oldplot/450/box.c
v10/usr/src/libplot/oldplot/450/circle.c
v10/usr/src/libplot/oldplot/450/con.h
v10/usr/src/libplot/oldplot/450/dot.c
v10/usr/src/libplot/oldplot/450/erase.c
v10/usr/src/libplot/oldplot/450/label.c
v10/usr/src/libplot/oldplot/450/line.c
v10/usr/src/libplot/oldplot/450/linmod.c
v10/usr/src/libplot/oldplot/450/mkfile
v10/usr/src/libplot/oldplot/450/move.c
v10/usr/src/libplot/oldplot/450/open.c
v10/usr/src/libplot/oldplot/450/point.c
v10/usr/src/libplot/oldplot/450/space.c
v10/usr/src/libplot/oldplot/450/subr.c
v10/usr/src/libplot/oldplot/jerq/ORDER
v10/usr/src/libplot/oldplot/jerq/arc.c
v10/usr/src/libplot/oldplot/jerq/box.c
v10/usr/src/libplot/oldplot/jerq/circle.c
v10/usr/src/libplot/oldplot/jerq/close.c
v10/usr/src/libplot/oldplot/jerq/dot.c
v10/usr/src/libplot/oldplot/jerq/driver.c
v10/usr/src/libplot/oldplot/jerq/erase.c
v10/usr/src/libplot/oldplot/jerq/frame.c
v10/usr/src/libplot/oldplot/jerq/junk
v10/usr/src/libplot/oldplot/jerq/label.c
v10/usr/src/libplot/oldplot/jerq/line.c
v10/usr/src/libplot/oldplot/jerq/linmod.c
v10/usr/src/libplot/oldplot/jerq/move.c
v10/usr/src/libplot/oldplot/jerq/open.c
v10/usr/src/libplot/oldplot/jerq/point.c
v10/usr/src/libplot/oldplot/jerq/space.c
v10/usr/src/libplot/oldplot/jerq/subr.c
v10/usr/src/libplot/oldplot/plot/Makefile
v10/usr/src/libplot/oldplot/plot/ORDER
v10/usr/src/libplot/oldplot/plot/arc.c
v10/usr/src/libplot/oldplot/plot/box.c
v10/usr/src/libplot/oldplot/plot/circle.c
v10/usr/src/libplot/oldplot/plot/closepl.c
v10/usr/src/libplot/oldplot/plot/cont.c
v10/usr/src/libplot/oldplot/plot/dot.c
v10/usr/src/libplot/oldplot/plot/erase.c
v10/usr/src/libplot/oldplot/plot/label.c
v10/usr/src/libplot/oldplot/plot/line.c
v10/usr/src/libplot/oldplot/plot/linmod.c
v10/usr/src/libplot/oldplot/plot/mkfile
v10/usr/src/libplot/oldplot/plot/move.c
v10/usr/src/libplot/oldplot/plot/open.c
v10/usr/src/libplot/oldplot/plot/point.c
v10/usr/src/libplot/oldplot/plot/putsi.c
v10/usr/src/libplot/oldplot/plot/space.c
v10/usr/src/libplot/oldplot/vt0/ORDER
v10/usr/src/libplot/oldplot/vt0/arc.c
v10/usr/src/libplot/oldplot/vt0/box.c
v10/usr/src/libplot/oldplot/vt0/circle.c
v10/usr/src/libplot/oldplot/vt0/close.c
v10/usr/src/libplot/oldplot/vt0/dot.c
v10/usr/src/libplot/oldplot/vt0/erase.c
v10/usr/src/libplot/oldplot/vt0/frame.c
v10/usr/src/libplot/oldplot/vt0/label.c
v10/usr/src/libplot/oldplot/vt0/line.c
v10/usr/src/libplot/oldplot/vt0/linmod.c
v10/usr/src/libplot/oldplot/vt0/move.c
v10/usr/src/libplot/oldplot/vt0/open.c
v10/usr/src/libplot/oldplot/vt0/point.c
v10/usr/src/libplot/oldplot/vt0/space.c
v10/usr/src/libplot/oldplot/vt0/subr.c
v10/usr/src/libsdb/Makefile
v10/usr/src/libsdb/dbxxx.s
v10/usr/src/libsdb/mkfile
v10/usr/src/libtermlib/makefile
v10/usr/src/libtermlib/mkfile
v10/usr/src/libtermlib/tc1.c
v10/usr/src/libtermlib/tc2.c
v10/usr/src/libtermlib/tc3.c
v10/usr/src/libtermlib/termcap.c
v10/usr/src/libtermlib/tgoto.c
v10/usr/src/libtermlib/tputs.c
v10/usr/src/liby/Makefile
v10/usr/src/liby/libmai.c
v10/usr/src/liby/libzer.c
v10/usr/src/liby/mkfile
v10/usr/src/ncurses/libcurses.mk
v10/usr/src/ncurses/demo/makefile
v10/usr/src/ncurses/demo/mkfile
v10/usr/src/ncurses/demo/rain.6
v10/usr/src/ncurses/demo/rain.c
v10/usr/src/ncurses/demo/test1.c
v10/usr/src/ncurses/demo/worms.6
v10/usr/src/ncurses/demo/worms.c
v10/usr/src/ncurses/local/uparm.h
