v10/usr/src/ncurses/screen/Ndelwin.c
v10/usr/src/ncurses/screen/README
v10/usr/src/ncurses/screen/README.delwin
v10/usr/src/ncurses/screen/__cflush.c
v10/usr/src/ncurses/screen/__sscans.c
v10/usr/src/ncurses/screen/_blanks.c
v10/usr/src/ncurses/screen/_c_clean.c
v10/usr/src/ncurses/screen/_clearhl.c
v10/usr/src/ncurses/screen/_clearline.c
v10/usr/src/ncurses/screen/_comphash.c
v10/usr/src/ncurses/screen/_delay.c
v10/usr/src/ncurses/screen/_delchars.c
v10/usr/src/ncurses/screen/_dellines.c
v10/usr/src/ncurses/screen/_dumpwin.c
v10/usr/src/ncurses/screen/_ec_quit.c
v10/usr/src/ncurses/screen/_fixdelay.c
v10/usr/src/ncurses/screen/_forcehl.c
v10/usr/src/ncurses/screen/_hlmode.c
v10/usr/src/ncurses/screen/_id_char.c
v10/usr/src/ncurses/screen/_init_cost.c
v10/usr/src/ncurses/screen/_inschars.c
v10/usr/src/ncurses/screen/_insmode.c
v10/usr/src/ncurses/screen/_kpmode.c
v10/usr/src/ncurses/screen/_line_free.c
v10/usr/src/ncurses/screen/_ll_move.c
v10/usr/src/ncurses/screen/_outch.c
v10/usr/src/ncurses/screen/_outchar.c
v10/usr/src/ncurses/screen/_pos.c
v10/usr/src/ncurses/screen/_reset.c
v10/usr/src/ncurses/screen/_scrdown.c
v10/usr/src/ncurses/screen/_scrollf.c
v10/usr/src/ncurses/screen/_sethl.c
v10/usr/src/ncurses/screen/_setmode.c
v10/usr/src/ncurses/screen/_setwind.c
v10/usr/src/ncurses/screen/_shove.c
v10/usr/src/ncurses/screen/_sprintw.c
v10/usr/src/ncurses/screen/_sputc.c
v10/usr/src/ncurses/screen/_syncmodes.c
v10/usr/src/ncurses/screen/_tscroll.c
v10/usr/src/ncurses/screen/_window.c
v10/usr/src/ncurses/screen/addch.c
v10/usr/src/ncurses/screen/addstr.c
v10/usr/src/ncurses/screen/baudrate.c
v10/usr/src/ncurses/screen/beep.c
v10/usr/src/ncurses/screen/boolnames
v10/usr/src/ncurses/screen/boolvals
v10/usr/src/ncurses/screen/box.c
v10/usr/src/ncurses/screen/capnames.c
v10/usr/src/ncurses/screen/caps
v10/usr/src/ncurses/screen/cbreak.c
v10/usr/src/ncurses/screen/chktypeahd.c
v10/usr/src/ncurses/screen/clear.c
v10/usr/src/ncurses/screen/clearok.c
v10/usr/src/ncurses/screen/clreolinln.c
v10/usr/src/ncurses/screen/clrtobot.c
v10/usr/src/ncurses/screen/clrtoeol.c
v10/usr/src/ncurses/screen/cntcostfn.c
v10/usr/src/ncurses/screen/crmode.c
v10/usr/src/ncurses/screen/curses.c
v10/usr/src/ncurses/screen/curses.ext
v10/usr/src/ncurses/screen/curses.h
v10/usr/src/ncurses/screen/curshdr.h
v10/usr/src/ncurses/screen/def_prog.c
v10/usr/src/ncurses/screen/def_shell.c
v10/usr/src/ncurses/screen/delayoutpt.c
v10/usr/src/ncurses/screen/delch.c
v10/usr/src/ncurses/screen/deleteln.c
v10/usr/src/ncurses/screen/delwin.c
v10/usr/src/ncurses/screen/doprnt.c
v10/usr/src/ncurses/screen/doscan.c
v10/usr/src/ncurses/screen/doupdate.c
v10/usr/src/ncurses/screen/draino.c
v10/usr/src/ncurses/screen/echo.c
v10/usr/src/ncurses/screen/endwin.c
v10/usr/src/ncurses/screen/erase.c
v10/usr/src/ncurses/screen/erasechar.c
v10/usr/src/ncurses/screen/fixterm.c
v10/usr/src/ncurses/screen/flash.c
v10/usr/src/ncurses/screen/flushinp.c
v10/usr/src/ncurses/screen/getch.c
v10/usr/src/ncurses/screen/getstr.c
v10/usr/src/ncurses/screen/gettmode.c
v10/usr/src/ncurses/screen/has_ic.c
v10/usr/src/ncurses/screen/has_il.c
v10/usr/src/ncurses/screen/idln.getst.c
v10/usr/src/ncurses/screen/idlok.c
v10/usr/src/ncurses/screen/initkeypad.c
v10/usr/src/ncurses/screen/initscr.c
v10/usr/src/ncurses/screen/insch.c
v10/usr/src/ncurses/screen/insertln.c
v10/usr/src/ncurses/screen/intrflush.c
v10/usr/src/ncurses/screen/keypad.c
v10/usr/src/ncurses/screen/killchar.c
v10/usr/src/ncurses/screen/leaveok.c
v10/usr/src/ncurses/screen/line_alloc.c
v10/usr/src/ncurses/screen/ll_refresh.c
v10/usr/src/ncurses/screen/longname.c
v10/usr/src/ncurses/screen/m_addch.c
v10/usr/src/ncurses/screen/m_addstr.c
v10/usr/src/ncurses/screen/m_clear.c
v10/usr/src/ncurses/screen/m_erase.c
v10/usr/src/ncurses/screen/m_move.c
v10/usr/src/ncurses/screen/m_refresh.c
v10/usr/src/ncurses/screen/m_tstp.c
v10/usr/src/ncurses/screen/makefile
v10/usr/src/ncurses/screen/makenew.c
v10/usr/src/ncurses/screen/maketerm.ex
v10/usr/src/ncurses/screen/meta.c
v10/usr/src/ncurses/screen/miniinit.c
v10/usr/src/ncurses/screen/mkfile
v10/usr/src/ncurses/screen/mkti4.c
v10/usr/src/ncurses/screen/move.c
v10/usr/src/ncurses/screen/mvcur.c
v10/usr/src/ncurses/screen/mvprintw.c
v10/usr/src/ncurses/screen/mvscanw.c
v10/usr/src/ncurses/screen/mvwin.c
v10/usr/src/ncurses/screen/mvwprintw.c
v10/usr/src/ncurses/screen/mvwscanw.c
v10/usr/src/ncurses/screen/naps.c
v10/usr/src/ncurses/screen/newpad.c
v10/usr/src/ncurses/screen/newterm.c
v10/usr/src/ncurses/screen/newwin.c
v10/usr/src/ncurses/screen/nl.c
v10/usr/src/ncurses/screen/nocbreak.c
v10/usr/src/ncurses/screen/nocrmode.c
v10/usr/src/ncurses/screen/nodelay.c
v10/usr/src/ncurses/screen/noecho.c
v10/usr/src/ncurses/screen/nonl.c
v10/usr/src/ncurses/screen/noraw.c
v10/usr/src/ncurses/screen/ns_curses.h
v10/usr/src/ncurses/screen/nttychktrm.c
v10/usr/src/ncurses/screen/numnames
v10/usr/src/ncurses/screen/numvals
v10/usr/src/ncurses/screen/overlay.c
v10/usr/src/ncurses/screen/overwrite.c
v10/usr/src/ncurses/screen/pnoutrfrsh.c
v10/usr/src/ncurses/screen/prefresh.c
v10/usr/src/ncurses/screen/printw.c
v10/usr/src/ncurses/screen/putp.c
v10/usr/src/ncurses/screen/raw.c
v10/usr/src/ncurses/screen/reset_prog.c
v10/usr/src/ncurses/screen/resetshell.c
v10/usr/src/ncurses/screen/resetterm.c
v10/usr/src/ncurses/screen/resetty.c
v10/usr/src/ncurses/screen/restarttrm.c
v10/usr/src/ncurses/screen/s.delwin.c
v10/usr/src/ncurses/screen/saveterm.c
v10/usr/src/ncurses/screen/savetty.c
v10/usr/src/ncurses/screen/scanw.c
v10/usr/src/ncurses/screen/scroll.c
v10/usr/src/ncurses/screen/scrollok.c
v10/usr/src/ncurses/screen/select.c
v10/usr/src/ncurses/screen/set_term.c
v10/usr/src/ncurses/screen/setbuffred.c
v10/usr/src/ncurses/screen/setterm.c
v10/usr/src/ncurses/screen/setupterm.c
v10/usr/src/ncurses/screen/show.c
v10/usr/src/ncurses/screen/showstring.c
v10/usr/src/ncurses/screen/strnames
v10/usr/src/ncurses/screen/strvals
v10/usr/src/ncurses/screen/subwin.c
v10/usr/src/ncurses/screen/term.h
v10/usr/src/ncurses/screen/termcap.ed
v10/usr/src/ncurses/screen/termcap.form
v10/usr/src/ncurses/screen/tgetent.c
v10/usr/src/ncurses/screen/tgetflag.c
v10/usr/src/ncurses/screen/tgetnum.c
v10/usr/src/ncurses/screen/tgetstr.c
v10/usr/src/ncurses/screen/tgoto.c
v10/usr/src/ncurses/screen/ti4.c
v10/usr/src/ncurses/screen/tic.c
v10/usr/src/ncurses/screen/touchwin.c
v10/usr/src/ncurses/screen/tparm.c
v10/usr/src/ncurses/screen/tputs.c
v10/usr/src/ncurses/screen/traceonoff.c
v10/usr/src/ncurses/screen/tstp.c
v10/usr/src/ncurses/screen/two.twostr.c
v10/usr/src/ncurses/screen/typeahead.c
v10/usr/src/ncurses/screen/unctrl.c
v10/usr/src/ncurses/screen/unctrl.h
v10/usr/src/ncurses/screen/vidattr.c
v10/usr/src/ncurses/screen/vidputs.c
v10/usr/src/ncurses/screen/vsprintf.c
v10/usr/src/ncurses/screen/vsscanf.c
v10/usr/src/ncurses/screen/wattroff.c
v10/usr/src/ncurses/screen/wattron.c
v10/usr/src/ncurses/screen/wattrset.c
v10/usr/src/ncurses/screen/wnoutrfrsh.c
v10/usr/src/ncurses/screen/wprintw.c
v10/usr/src/ncurses/screen/wrefresh.c
v10/usr/src/ncurses/screen/writechars.c
v10/usr/src/ncurses/screen/wscanw.c
v10/usr/src/ncurses/screen/wstandend.c
v10/usr/src/ncurses/screen/wstandout.c
