v10/usr/src/ncurses/terminfo/README
v10/usr/src/ncurses/terminfo/adds.ti
v10/usr/src/ncurses/terminfo/annarbor.ti
v10/usr/src/ncurses/terminfo/att.ti
v10/usr/src/ncurses/terminfo/beehive.ti
v10/usr/src/ncurses/terminfo/cdc.ti
v10/usr/src/ncurses/terminfo/concept.ti
v10/usr/src/ncurses/terminfo/cvt.ex
v10/usr/src/ncurses/terminfo/cvt.h
v10/usr/src/ncurses/terminfo/cvt.sed
v10/usr/src/ncurses/terminfo/datamedia.ti
v10/usr/src/ncurses/terminfo/dec.ti
v10/usr/src/ncurses/terminfo/diablo.ti
v10/usr/src/ncurses/terminfo/general.ti
v10/usr/src/ncurses/terminfo/hardcopy.ti
v10/usr/src/ncurses/terminfo/hazeltine.ti
v10/usr/src/ncurses/terminfo/header
v10/usr/src/ncurses/terminfo/heath.ti
v10/usr/src/ncurses/terminfo/homebrew.ti
v10/usr/src/ncurses/terminfo/hp.ti
v10/usr/src/ncurses/terminfo/ibm.ti
v10/usr/src/ncurses/terminfo/lsi.ti
v10/usr/src/ncurses/terminfo/makefile
v10/usr/src/ncurses/terminfo/makesccs
v10/usr/src/ncurses/terminfo/microterm.ti
v10/usr/src/ncurses/terminfo/misc.ti
v10/usr/src/ncurses/terminfo/mkfile
v10/usr/src/ncurses/terminfo/pc.ti
v10/usr/src/ncurses/terminfo/perkinelm.ti
v10/usr/src/ncurses/terminfo/print.ti
v10/usr/src/ncurses/terminfo/reorder
v10/usr/src/ncurses/terminfo/special.ti
v10/usr/src/ncurses/terminfo/tektronix.ti
v10/usr/src/ncurses/terminfo/teleray.ti
v10/usr/src/ncurses/terminfo/teletype.ti
v10/usr/src/ncurses/terminfo/televideo.ti
v10/usr/src/ncurses/terminfo/ti.ti
v10/usr/src/ncurses/terminfo/trailer
v10/usr/src/ncurses/terminfo/virtual.ti
v10/usr/src/ncurses/terminfo/visual.ti
v10/usr/src/netfs/README
v10/usr/src/netfs/go
v10/usr/src/netfs/makefile
v10/usr/src/netfs/mkfile
v10/usr/src/netfs/libnetb/bsdgetpeer.c
v10/usr/src/netfs/libnetb/bsdwhocalled.c
v10/usr/src/netfs/libnetb/callsource.c
v10/usr/src/netfs/libnetb/disp.c
v10/usr/src/netfs/libnetb/fsmkidmap.c
v10/usr/src/netfs/libnetb/funcs.c
v10/usr/src/netfs/libnetb/gread.c
v10/usr/src/netfs/libnetb/log.c
v10/usr/src/netfs/libnetb/makefile
v10/usr/src/netfs/libnetb/mixwhocalled.c
v10/usr/src/netfs/libnetb/mkfile
v10/usr/src/netfs/libnetb/nberrno.h
v10/usr/src/netfs/libnetb/netb.h
v10/usr/src/netfs/libnetb/panic.c
v10/usr/src/netfs/libnetb/perm.c
v10/usr/src/netfs/libnetb/perm.h
v10/usr/src/netfs/libnetb/reswhocalled.c
v10/usr/src/netfs/libnetb/rf.h
v10/usr/src/netfs/libnetb/runfs.c
v10/usr/src/netfs/libnetb/setup.c
v10/usr/src/netfs/libnetb/setupmain.c
v10/usr/src/netfs/libnetb/setupmap.c
v10/usr/src/netfs/libnetb/stubcreate.c
v10/usr/src/netfs/libnetb/stubdelete.c
v10/usr/src/netfs/libnetb/stubdirread.c
v10/usr/src/netfs/libnetb/stubdone.c
v10/usr/src/netfs/libnetb/stublink.c
v10/usr/src/netfs/libnetb/stubmkdir.c
v10/usr/src/netfs/libnetb/stubread.c
v10/usr/src/netfs/libnetb/stubrmdir.c
v10/usr/src/netfs/libnetb/stubstat.c
v10/usr/src/netfs/libnetb/stubupdate.c
v10/usr/src/netfs/libnetb/stubwalk.c
v10/usr/src/netfs/libnetb/stubwrite.c
v10/usr/src/netfs/libnetb/tag.c
v10/usr/src/netfs/libnetb/tag.h
v10/usr/src/netfs/serv/bsdffs.h
v10/usr/src/netfs/serv/bsdlibdir.c
v10/usr/src/netfs/serv/d7.c
v10/usr/src/netfs/serv/ex
v10/usr/src/netfs/serv/except.c
v10/usr/src/netfs/serv/f11.c
v10/usr/src/netfs/serv/f11.h
v10/usr/src/netfs/serv/f11sub.c
v10/usr/src/netfs/serv/f512.c
v10/usr/src/netfs/serv/f6.c
v10/usr/src/netfs/serv/f7.c
v10/usr/src/netfs/serv/ffs.c
v10/usr/src/netfs/serv/files11.h
v10/usr/src/netfs/serv/libdir.c
v10/usr/src/netfs/serv/makefile
v10/usr/src/netfs/serv/mkdir.c
v10/usr/src/netfs/serv/mkfile
v10/usr/src/netfs/serv/r50.c
v10/usr/src/netfs/serv/resdir.c
v10/usr/src/netfs/serv/zarf.c
v10/usr/src/netfs/serv/zarf.h
v10/usr/sys/lccmkall
v10/usr/sys/mkall
v10/usr/sys/astro/alice.m
v10/usr/sys/astro/bowell.m
v10/usr/sys/astro/coma.m
v10/usr/sys/astro/europa.m
v10/usr/sys/astro/europa1.m
v10/usr/sys/astro/mkfile
v10/usr/sys/astro/o.alice.m
v10/usr/sys/astro/o.bowell.m
v10/usr/sys/astro/o.mkfile
v10/usr/sys/astro/r70.m
v10/usr/sys/astro/research.m
v10/usr/sys/astro/westphal.m
v10/usr/sys/boot/README
v10/usr/sys/boot/bb/1k.s
v10/usr/sys/boot/bb/4k.s
v10/usr/sys/boot/bb/bblock.s
v10/usr/sys/boot/bb/bbs.c
v10/usr/sys/boot/bb/bnot.s
v10/usr/sys/boot/bb/mkfile
v10/usr/sys/boot/bb/obblock.s
v10/usr/sys/boot/bb/okbblock.s
v10/usr/sys/boot/naut/README
v10/usr/sys/boot/naut/bda.s
v10/usr/sys/boot/naut/mkfile
