v10/usr/sys/io/archosld.c
v10/usr/sys/io/bad144.c
v10/usr/sys/io/bda.c
v10/usr/sys/io/bio.c
v10/usr/sys/io/bitest.c
v10/usr/sys/io/bufld.c
v10/usr/sys/io/camac.c
v10/usr/sys/io/camac.oldc
v10/usr/sys/io/camac.s
v10/usr/sys/io/cmcld.c
v10/usr/sys/io/connld.c
v10/usr/sys/io/cure.c
v10/usr/sys/io/debna.c
v10/usr/sys/io/deqna.c
v10/usr/sys/io/devnonet.c
v10/usr/sys/io/dhv11.c
v10/usr/sys/io/dk.c
v10/usr/sys/io/dkmod.c
v10/usr/sys/io/dkp.c
v10/usr/sys/io/dn.c
v10/usr/sys/io/drbit.c
v10/usr/sys/io/dsort.c
v10/usr/sys/io/dz.c
v10/usr/sys/io/errlog.c
v10/usr/sys/io/fd.c
v10/usr/sys/io/fineclock.c
v10/usr/sys/io/gpib.c
v10/usr/sys/io/hp.c
v10/usr/sys/io/ibv.c
v10/usr/sys/io/im.c
v10/usr/sys/io/kb.c
v10/usr/sys/io/kdi.c
v10/usr/sys/io/kmc.c
v10/usr/sys/io/lccmkfile
v10/usr/sys/io/mem.c
v10/usr/sys/io/mesg.c
v10/usr/sys/io/mg.c
v10/usr/sys/io/mkfile
v10/usr/sys/io/ni1010a.c
v10/usr/sys/io/nscsi.c
v10/usr/sys/io/nttyld.c
v10/usr/sys/io/okb.c
v10/usr/sys/io/om.c
v10/usr/sys/io/partab.c
v10/usr/sys/io/pg.c
