v10/usr/sys/boot/star/README
v10/usr/sys/boot/star/hp.s
v10/usr/sys/boot/star/mkfile
v10/usr/sys/boot/star/uda.s
v10/usr/sys/boot/uvax/mkfile
v10/usr/sys/boot/uvax/mscp.s
v10/usr/sys/boot/uvax/uvhdr.s
v10/usr/sys/boot/uvax/xxhdr.s
v10/usr/sys/fs/alloc.c
v10/usr/sys/fs/errfs.c
v10/usr/sys/fs/fs.c
v10/usr/sys/fs/fsnami.c
v10/usr/sys/fs/lccmkfile
v10/usr/sys/fs/mkfile
v10/usr/sys/fs/ms.c
v10/usr/sys/fs/neta.c
v10/usr/sys/fs/netb.c
v10/usr/sys/fs/pipe.c
v10/usr/sys/fs/proca.c
v10/usr/sys/inet/goo.s
v10/usr/sys/inet/ip_arp.c
v10/usr/sys/inet/ip_device.c
v10/usr/sys/inet/ip_input.c
v10/usr/sys/inet/ip_ld.c
v10/usr/sys/inet/ip_output.c
v10/usr/sys/inet/ip_subr.c
v10/usr/sys/inet/lccmkfile
v10/usr/sys/inet/mkfile
v10/usr/sys/inet/oudp_device.c
v10/usr/sys/inet/tcp_device.c
v10/usr/sys/inet/tcp_input.c
v10/usr/sys/inet/tcp_ld.c
v10/usr/sys/inet/tcp_output.c
v10/usr/sys/inet/tcp_subr.c
v10/usr/sys/inet/tcp_timer.c
v10/usr/sys/inet/udp_device.c
v10/usr/sys/inet/udp_input.c
v10/usr/sys/inet/udp_ld.c
v10/usr/sys/inet/udp_output.c
v10/usr/sys/inet/vecadd.s
v10/usr/sys/inet/workshop
v10/usr/sys/lib/asm.sed
v10/usr/sys/lib/conf.comet
v10/usr/sys/lib/conf.mfair
v10/usr/sys/lib/conf.mflow
v10/usr/sys/lib/conf.naut
v10/usr/sys/lib/conf.star
v10/usr/sys/lib/devs
v10/usr/sys/lib/hupdate
v10/usr/sys/lib/lccasm.sed
v10/usr/sys/lib/listdep
v10/usr/sys/lib/low.comet
v10/usr/sys/lib/low.mfair
v10/usr/sys/lib/low.mflow
v10/usr/sys/lib/low.naut
v10/usr/sys/lib/low.star
v10/usr/sys/lib/mk.comet
v10/usr/sys/lib/mk.mfair
v10/usr/sys/lib/mk.mflow
v10/usr/sys/lib/mk.naut
v10/usr/sys/lib/mk.star
v10/usr/sys/lib/mkall
v10/usr/sys/lib/tab
v10/usr/sys/lib/vaxnames
v10/usr/sys/lib/vers.c
v10/usr/sys/lib/xmk
