v10/usr/sys/md/cdisknaut.c
v10/usr/sys/md/cdiskstar.c
v10/usr/sys/md/comethpdump.c
v10/usr/sys/md/cometuddump.c
v10/usr/sys/md/cometupdump.c
v10/usr/sys/md/conscomet.c
v10/usr/sys/md/consnaut.c
v10/usr/sys/md/consstar.c
v10/usr/sys/md/consuvax.c
v10/usr/sys/md/ctapecomet.c
v10/usr/sys/md/lccmkfile
v10/usr/sys/md/machcomet.c
v10/usr/sys/md/machdep.c
v10/usr/sys/md/machmfair.c
v10/usr/sys/md/machmflow.c
v10/usr/sys/md/machnaut.c
v10/usr/sys/md/machstar.c
v10/usr/sys/md/mba.c
v10/usr/sys/md/mchkcomet.c
v10/usr/sys/md/mchkmfair.c
v10/usr/sys/md/mchkmflow.c
v10/usr/sys/md/mchknaut.c
v10/usr/sys/md/mchkstar.c
v10/usr/sys/md/mcrcomet.c
v10/usr/sys/md/mcrmfair.c
v10/usr/sys/md/mcrnaut.c
v10/usr/sys/md/mcrstar.c
v10/usr/sys/md/mkfile
v10/usr/sys/md/nautbddump.c
v10/usr/sys/md/nexcomet.c
v10/usr/sys/md/nexnaut.c
v10/usr/sys/md/nexstar.c
v10/usr/sys/md/rstcomet.c
v10/usr/sys/md/rstnaut.c
v10/usr/sys/md/rststar.c
v10/usr/sys/md/staruddump.c
v10/usr/sys/md/ubacomet.c
v10/usr/sys/md/ubamap.c
v10/usr/sys/md/ubanaut.c
v10/usr/sys/md/ubastar.c
v10/usr/sys/md/ubauvax.c
v10/usr/sys/md/uvaxuddump.c
v10/usr/sys/mkconf/cntdev.c
v10/usr/sys/mkconf/conf
v10/usr/sys/mkconf/devs
v10/usr/sys/mkconf/fixup.c
v10/usr/sys/mkconf/hum
v10/usr/sys/mkconf/low
v10/usr/sys/mkconf/low.s
v10/usr/sys/mkconf/main.c
v10/usr/sys/mkconf/mbadev.c
v10/usr/sys/mkconf/mkconf.h
v10/usr/sys/mkconf/mkfile
v10/usr/sys/mkconf/mscpdev.c
v10/usr/sys/mkconf/nexdev.c
v10/usr/sys/mkconf/nobusdev.c
v10/usr/sys/mkconf/nodev.c
v10/usr/sys/mkconf/odevs
v10/usr/sys/mkconf/poot
v10/usr/sys/mkconf/readconf.c
v10/usr/sys/mkconf/readdevs.c
v10/usr/sys/mkconf/readlow.c
v10/usr/sys/mkconf/readtab.c
v10/usr/sys/mkconf/subdev.c
v10/usr/sys/mkconf/subr.c
v10/usr/sys/mkconf/tab
v10/usr/sys/mkconf/ubadev.c
v10/usr/sys/mkconf/writconf.c
v10/usr/sys/mkconf/writlow.c
v10/usr/sys/ml/access.s
v10/usr/sys/ml/boot.s
v10/usr/sys/ml/bootcomet.s
v10/usr/sys/ml/clockparm.s
v10/usr/sys/ml/copy.s
v10/usr/sys/ml/emulate.s
v10/usr/sys/ml/icode.s
v10/usr/sys/ml/lccmkfile
v10/usr/sys/ml/logen.s
v10/usr/sys/ml/misc.s
v10/usr/sys/ml/mkfile
v10/usr/sys/ml/param.s
v10/usr/sys/ml/setjmp.s
v10/usr/sys/ml/start.s
v10/usr/sys/ml/swtch.s
v10/usr/sys/ml/trap.s
v10/usr/sys/ml/trapbvax.s
v10/usr/sys/ml/trapcomet.s
v10/usr/sys/ml/trapdw780.s
v10/usr/sys/ml/traplist.s
v10/usr/sys/ml/trapmfair.s
v10/usr/sys/ml/trapmflow.s
v10/usr/sys/ml/trapnaut.s
v10/usr/sys/ml/trapstar.s
v10/usr/sys/ml/udiv.s
v10/usr/sys/ml/urem.s
