v10/usr/sys/os/acct.c
v10/usr/sys/os/clock.c
v10/usr/sys/os/fio.c
v10/usr/sys/os/iget.c
v10/usr/sys/os/ioctl.c
v10/usr/sys/os/lccmkfile
v10/usr/sys/os/limits.C
v10/usr/sys/os/main.c
v10/usr/sys/os/mkfile
v10/usr/sys/os/mount.c
v10/usr/sys/os/nami.c
v10/usr/sys/os/prf.c
v10/usr/sys/os/qed.hup:aq
v10/usr/sys/os/rdwri.c
v10/usr/sys/os/rmap.c
v10/usr/sys/os/share.C
v10/usr/sys/os/sig.c
v10/usr/sys/os/slp.c
v10/usr/sys/os/streamio.c
v10/usr/sys/os/subr.c
v10/usr/sys/os/sys1.c
v10/usr/sys/os/sys2.c
v10/usr/sys/os/sys3.c
v10/usr/sys/os/sys4.c
v10/usr/sys/os/sysent.c
v10/usr/sys/os/text.c
v10/usr/sys/os/trace.c
v10/usr/sys/os/trap.c
v10/usr/sys/os/x
v10/usr/sys/sys/acct.h
v10/usr/sys/sys/bad144.h
v10/usr/sys/sys/bda.h
v10/usr/sys/sys/biaddr.h
v10/usr/sys/sys/biic.h
v10/usr/sys/sys/buf.h
v10/usr/sys/sys/bufld.h
v10/usr/sys/sys/bvp.h
v10/usr/sys/sys/callout.h
v10/usr/sys/sys/camac.h
v10/usr/sys/sys/clock.h
v10/usr/sys/sys/cmap.h
v10/usr/sys/sys/cmc.h
v10/usr/sys/sys/conf.h
v10/usr/sys/sys/cons.h
v10/usr/sys/sys/debna.h
v10/usr/sys/sys/deqna.h
v10/usr/sys/sys/dhv11.h
v10/usr/sys/sys/dir.h
v10/usr/sys/sys/diskio.h
v10/usr/sys/sys/dk.h
v10/usr/sys/sys/dkbad.h
v10/usr/sys/sys/dkio.h
v10/usr/sys/sys/dkmod.h
v10/usr/sys/sys/dkp.h
v10/usr/sys/sys/dkstat.h
v10/usr/sys/sys/dkwindow.h
v10/usr/sys/sys/dmap.h
v10/usr/sys/sys/dz.h
v10/usr/sys/sys/enio.h
v10/usr/sys/sys/errlog.h
v10/usr/sys/sys/ethernet.h
v10/usr/sys/sys/fblk.h
v10/usr/sys/sys/file.h
v10/usr/sys/sys/filio.h
v10/usr/sys/sys/filsys.h
v10/usr/sys/sys/hp.h
v10/usr/sys/sys/ibv.h
v10/usr/sys/sys/im.h
v10/usr/sys/sys/inio.h
v10/usr/sys/sys/ino.h
v10/usr/sys/sys/inode.h
v10/usr/sys/sys/kb.h
v10/usr/sys/sys/kc.h
v10/usr/sys/sys/kdi.h
v10/usr/sys/sys/kmc.h
v10/usr/sys/sys/map.h
v10/usr/sys/sys/mba.h
v10/usr/sys/sys/mbaddr.h
v10/usr/sys/sys/mbsts.h
v10/usr/sys/sys/mesg.h
v10/usr/sys/sys/meter.h
v10/usr/sys/sys/mg.h
v10/usr/sys/sys/mount.h
v10/usr/sys/sys/mscp.h
v10/usr/sys/sys/msgbuf.h
v10/usr/sys/sys/mtio.h
v10/usr/sys/sys/mtpr.h
v10/usr/sys/sys/nbio.h
v10/usr/sys/sys/neta.h
v10/usr/sys/sys/netb.h
v10/usr/sys/sys/nexus.h
v10/usr/sys/sys/ni1010a.h
v10/usr/sys/sys/nttyio.h
v10/usr/sys/sys/nttyld.h
v10/usr/sys/sys/nxaddr.h
v10/usr/sys/sys/okb.h
v10/usr/sys/sys/om.h
v10/usr/sys/sys/param.h
v10/usr/sys/sys/pcb.h
v10/usr/sys/sys/pgio.h
v10/usr/sys/sys/pioctl.h
v10/usr/sys/sys/proc.h
v10/usr/sys/sys/psl.h
v10/usr/sys/sys/pte.h
v10/usr/sys/sys/qbio.h
v10/usr/sys/sys/ra.h
v10/usr/sys/sys/rco.h
v10/usr/sys/sys/rcocmd.h
v10/usr/sys/sys/reboot.h
v10/usr/sys/sys/reg.h
v10/usr/sys/sys/scsi.h
v10/usr/sys/sys/stat.h
v10/usr/sys/sys/stream.h
v10/usr/sys/sys/subaddr.h
v10/usr/sys/sys/systm.h
v10/usr/sys/sys/ta.h
v10/usr/sys/sys/te16.h
v10/usr/sys/sys/text.h
v10/usr/sys/sys/timeb.h
v10/usr/sys/sys/times.h
v10/usr/sys/sys/trap.h
v10/usr/sys/sys/trcio.h
v10/usr/sys/sys/ttyio.h
v10/usr/sys/sys/ttyld.h
v10/usr/sys/sys/tu78.h
v10/usr/sys/sys/types.h
v10/usr/sys/sys/uba.h
v10/usr/sys/sys/ubaddr.h
v10/usr/sys/sys/uda.h
v10/usr/sys/sys/udaioc.h
v10/usr/sys/sys/up.h
v10/usr/sys/sys/user.h
v10/usr/sys/sys/vadvise.h
v10/usr/sys/sys/vcmd.h
v10/usr/sys/sys/vlimit.h
v10/usr/sys/sys/vm.h
v10/usr/sys/sys/vmmac.h
v10/usr/sys/sys/vmmeter.h
v10/usr/sys/sys/vmparam.h
v10/usr/sys/sys/vmsystm.h
v10/usr/sys/sys/vp.h
v10/usr/sys/sys/vplot.h
v10/usr/sys/sys/vplotcmd.h
v10/usr/sys/sys/vtimes.h
v10/usr/sys/sys/xkb.h
v10/usr/sys/sys/xttyld.h
v10/usr/sys/sys/inet/ethernet.h
v10/usr/sys/sys/inet/in.h
v10/usr/sys/sys/inet/ip.h
v10/usr/sys/sys/inet/ip_var.h
v10/usr/sys/sys/inet/tcp.h
v10/usr/sys/sys/inet/tcp_fsm.h
v10/usr/sys/sys/inet/tcp_seq.h
v10/usr/sys/sys/inet/tcp_timer.h
v10/usr/sys/sys/inet/tcp_user.h
v10/usr/sys/sys/inet/tcp_var.h
v10/usr/sys/sys/inet/tcpdebug.h
v10/usr/sys/sys/inet/tcpip.h
v10/usr/sys/sys/inet/udp.h
v10/usr/sys/sys/inet/udp_user.h
v10/usr/sys/sys/inet/udp_var.h
v10/usr/sys/toronto/mfair.m
v10/usr/sys/toronto/mflow.m
v10/usr/sys/toronto/mkfile
