v10/usr/sys/vm/lccmkfile
v10/usr/sys/vm/mkfile
v10/usr/sys/vm/ovmpage.c
v10/usr/sys/vm/vmdrum.c
v10/usr/sys/vm/vmmem.c
v10/usr/sys/vm/vmmon.c
v10/usr/sys/vm/vmpage.c
v10/usr/sys/vm/vmproc.c
v10/usr/sys/vm/vmpt.c
v10/usr/sys/vm/vmsched.c
v10/usr/sys/vm/vmsubr.c
v10/usr/sys/vm/vmswap.c
v10/usr/sys/vm/vmsys.c
v10/usr/sys/vm/xvmpage.c
v10/usr/vol2/ADM/LLC
v10/usr/vol2/ADM/TOC
v10/usr/vol2/ADM/TODO
v10/usr/vol2/ADM/att10.sty
v10/usr/vol2/ADM/authors
v10/usr/vol2/ADM/bm.mac
v10/usr/vol2/ADM/bm.sh
v10/usr/vol2/ADM/cover.ms
v10/usr/vol2/ADM/defns
v10/usr/vol2/ADM/freebies
v10/usr/vol2/ADM/mac
v10/usr/vol2/ADM/mbox
v10/usr/vol2/ADM/mkfile
v10/usr/vol2/ADM/monk.mac
v10/usr/vol2/ADM/prstat
v10/usr/vol2/ADM/prstatus
v10/usr/vol2/ADM/temp
v10/usr/vol2/ADM/toprint
v10/usr/vol2/ADM/v2who
v10/usr/vol2/ADM/vol2.ref
v10/usr/vol2/ADM/vol2.ref.h
v10/usr/vol2/ADM/vol2.ref.i
v10/usr/vol2/ADM/vol2.ref.i.h
v10/usr/vol2/ADM/vol2.ref.i.i
v10/usr/vol2/ADM/vol2.style
v10/usr/vol2/Adb/adb
v10/usr/vol2/Adb/adb.ind
v10/usr/vol2/Adb/adb.ms
v10/usr/vol2/Adb/adb.ms.lt
v10/usr/vol2/Adb/adb.ms.pg
v10/usr/vol2/Adb/adb.terms
v10/usr/vol2/Adb/mkfile
v10/usr/vol2/Dc/dc
v10/usr/vol2/Dc/dc.ind
v10/usr/vol2/Dc/dc.ms
v10/usr/vol2/Dc/dc.ms.pg
v10/usr/vol2/Dc/dc.ms.sp
v10/usr/vol2/Dc/dc.sed
v10/usr/vol2/Dc/dc.terms
v10/usr/vol2/Dc/junk
v10/usr/vol2/Dc/mkfile
v10/usr/vol2/Dc/prefer.out.h
v10/usr/vol2/Dc/prefer.out.i
v10/usr/vol2/Faces/How/src/pbec.c
v10/usr/vol2/Faces/How/src/pbec2.c
v10/usr/vol2/Faces/How/src/pfill.c
v10/usr/vol2/Faces/How/src/pfill2.c
v10/usr/vol2/Faces/gerard/foo
v10/usr/vol2/Faces/gerard/gerard
v10/usr/vol2/Faces/presotto/how
v10/usr/vol2/Faces/wtm/how
v10/usr/vol2/Mpx/mkfile
v10/usr/vol2/Mpx/proto.ind
v10/usr/vol2/Mpx/proto.ms
v10/usr/vol2/Mpx/proto.ms.pg
v10/usr/vol2/Mpx/proto.ms.sp
v10/usr/vol2/Mpx/proto.terms
