v10/usr/vol2/anim/2col
v10/usr/vol2/anim/README
v10/usr/vol2/anim/anim
v10/usr/vol2/anim/anim.ind
v10/usr/vol2/anim/anim.ms
v10/usr/vol2/anim/anim.ms.pg
v10/usr/vol2/anim/anim.ms.sp
v10/usr/vol2/anim/anim.sed
v10/usr/vol2/anim/anim.terms
v10/usr/vol2/anim/bst.gen
v10/usr/vol2/anim/bst.i
v10/usr/vol2/anim/bst.o
v10/usr/vol2/anim/bst.s
v10/usr/vol2/anim/bst.t
v10/usr/vol2/anim/bst2.i
v10/usr/vol2/anim/bst2.s
v10/usr/vol2/anim/compile
v10/usr/vol2/anim/cprog.mac
v10/usr/vol2/anim/develop
v10/usr/vol2/anim/heap.i
v10/usr/vol2/anim/heap.o
v10/usr/vol2/anim/heap.s
v10/usr/vol2/anim/heap.t
v10/usr/vol2/anim/int.def
v10/usr/vol2/anim/is.awk
v10/usr/vol2/anim/is.gen
v10/usr/vol2/anim/is.s
v10/usr/vol2/anim/is1.i
v10/usr/vol2/anim/is1.o
v10/usr/vol2/anim/is1.s
v10/usr/vol2/anim/is1.t
v10/usr/vol2/anim/is2.i
v10/usr/vol2/anim/is2.o
v10/usr/vol2/anim/is2.s
v10/usr/vol2/anim/is2.t
v10/usr/vol2/anim/is3.i
v10/usr/vol2/anim/is3.o
v10/usr/vol2/anim/is3.s
v10/usr/vol2/anim/is3.t
v10/usr/vol2/anim/lp
v10/usr/vol2/anim/make.sorts
v10/usr/vol2/anim/makefile
v10/usr/vol2/anim/malloc.awk
v10/usr/vol2/anim/malloc.c
v10/usr/vol2/anim/malloc.i
