v10/usr/vol2/Ped/dragon.ps
v10/usr/vol2/Ped/dragon.so
v10/usr/vol2/Ped/fig1
v10/usr/vol2/Ped/mkfile
v10/usr/vol2/Ped/mvpoint.ps
v10/usr/vol2/Ped/mvpoint.so
v10/usr/vol2/Ped/nice.ps
v10/usr/vol2/Ped/nice.so
v10/usr/vol2/Ped/ped.ind
v10/usr/vol2/Ped/ped.ms
v10/usr/vol2/Ped/ped.ms.pg
v10/usr/vol2/Ped/ped.ms.sp
v10/usr/vol2/Ped/ped.sed
v10/usr/vol2/Ped/ped.terms
v10/usr/vol2/Ped/pens
v10/usr/vol2/Ped/total
v10/usr/vol2/Ucds/abstract
v10/usr/vol2/Ucds/abstract.pg
v10/usr/vol2/Ucds/abstract.sp
v10/usr/vol2/Ucds/errors
v10/usr/vol2/Ucds/fig1.g
v10/usr/vol2/Ucds/fig1.pic
v10/usr/vol2/Ucds/fig2.g
v10/usr/vol2/Ucds/fig2.pic
v10/usr/vol2/Ucds/hw.mkfile
v10/usr/vol2/Ucds/intro
v10/usr/vol2/Ucds/io.pins
v10/usr/vol2/Ucds/jraw
v10/usr/vol2/Ucds/macro
v10/usr/vol2/Ucds/method
v10/usr/vol2/Ucds/mkfile
v10/usr/vol2/Ucds/my.pins
v10/usr/vol2/Ucds/opm.g
v10/usr/vol2/Ucds/opm.pic
v10/usr/vol2/Ucds/opmcall.g
v10/usr/vol2/Ucds/opmcall.pic
v10/usr/vol2/Ucds/toy
v10/usr/vol2/Ucds/toy.g
v10/usr/vol2/Ucds/toy.pic
v10/usr/vol2/Ucds/toy.pins
v10/usr/vol2/Ucds/toy.pins.l
v10/usr/vol2/Ucds/toy.w
v10/usr/vol2/Ucds/toy.w.l
v10/usr/vol2/Ucds/toy.wx
v10/usr/vol2/Ucds/toy.wx.l
v10/usr/vol2/Ucds/ucds
v10/usr/vol2/Ucds/ucds.ind
v10/usr/vol2/Ucds/ucds.ms
v10/usr/vol2/Ucds/ucds.terms
v10/usr/vol2/auth/Makefile
v10/usr/vol2/auth/auth
v10/usr/vol2/auth/auth.ind
v10/usr/vol2/auth/auth.ms
v10/usr/vol2/auth/auth.ms.pg
v10/usr/vol2/auth/auth.sed
v10/usr/vol2/auth/auth.sed2
v10/usr/vol2/auth/auth.terms
v10/usr/vol2/auth/fig1.pic
v10/usr/vol2/auth/fig1.x
v10/usr/vol2/auth/fig10.pic
v10/usr/vol2/auth/fig10.x
v10/usr/vol2/auth/fig11.pic
v10/usr/vol2/auth/fig11.x
v10/usr/vol2/auth/fig2.pic
v10/usr/vol2/auth/fig2.x
v10/usr/vol2/auth/fig6.pic
v10/usr/vol2/auth/fig6.x
v10/usr/vol2/auth/fig7.pic
v10/usr/vol2/auth/fig7.x
v10/usr/vol2/auth/fig8.pic
v10/usr/vol2/auth/fig8.x
v10/usr/vol2/auth/fig9.pic
v10/usr/vol2/auth/fig9.x
v10/usr/vol2/auth/lp
v10/usr/vol2/auth/mkfile
v10/usr/vol2/auth/pg
