v10/usr/vol2/cin/cin
v10/usr/vol2/cin/cin.ind
v10/usr/vol2/cin/cin.m
v10/usr/vol2/cin/cin.m.pg
v10/usr/vol2/cin/cin.m.sp
v10/usr/vol2/cin/cin.p
v10/usr/vol2/cin/cin.sed
v10/usr/vol2/cin/cin.terms
v10/usr/vol2/cin/lp
v10/usr/vol2/cin/mkfile
v10/usr/vol2/cin/pg
v10/usr/vol2/cip/arcs.pic
v10/usr/vol2/cip/blit.pic
v10/usr/vol2/cip/cip
v10/usr/vol2/cip/cip.ind
v10/usr/vol2/cip/cip.ms
v10/usr/vol2/cip/cip.ms.pg
v10/usr/vol2/cip/cip.ms.sp
v10/usr/vol2/cip/cip.sed
v10/usr/vol2/cip/cip.sed2
v10/usr/vol2/cip/cip.terms
v10/usr/vol2/cip/edit.pic
v10/usr/vol2/cip/editSpline.pic
v10/usr/vol2/cip/edittwo.pic
v10/usr/vol2/cip/lp
v10/usr/vol2/cip/menus.new
v10/usr/vol2/cip/menus.pic
v10/usr/vol2/cip/mkfile
v10/usr/vol2/cip/mouse.pic
v10/usr/vol2/cip/pg
v10/usr/vol2/cip/screen.pic
v10/usr/vol2/cip/spline.pic
v10/usr/vol2/cip/spline1.pic
v10/usr/vol2/cip/sticky.pic
v10/usr/vol2/cip/text.pic
v10/usr/vol2/cip/text2.pic
v10/usr/vol2/cip/tinyscreen.pic
v10/usr/vol2/contents/contents.ind
v10/usr/vol2/contents/contents.list
v10/usr/vol2/contents/contents.ms
v10/usr/vol2/contents/contents.ms.pg
v10/usr/vol2/contents/contents.ms.sp
v10/usr/vol2/contents/contents.nlist
v10/usr/vol2/contents/ctmp1
v10/usr/vol2/contents/ctmp2
v10/usr/vol2/contents/div.ms
v10/usr/vol2/contents/foo
v10/usr/vol2/contents/headers
v10/usr/vol2/contents/lp
v10/usr/vol2/contents/mkfile
v10/usr/vol2/contents/odd.pages
v10/usr/vol2/contents/pg
v10/usr/vol2/contents/photo.ms
v10/usr/vol2/contents/photo.pic
v10/usr/vol2/contents/photo0.pic
v10/usr/vol2/contents/photo1.ms
v10/usr/vol2/contents/photo1.pic
v10/usr/vol2/contents/photo11.pic
v10/usr/vol2/contents/photo2.ms
v10/usr/vol2/contents/photo2.pic
v10/usr/vol2/contents/photo22.pic
v10/usr/vol2/contents/photo3.ms
v10/usr/vol2/contents/pico_list
v10/usr/vol2/contents/temp
v10/usr/vol2/contents/temp1
v10/usr/vol2/contents/title.tr
