v10/usr/vol2/dag/dag
v10/usr/vol2/dag/dag.ind
v10/usr/vol2/dag/dag.ms
v10/usr/vol2/dag/dag.ms.pg
v10/usr/vol2/dag/dag.ms.sp
v10/usr/vol2/dag/dag.sed
v10/usr/vol2/dag/dag.sed2
v10/usr/vol2/dag/dag.terms
v10/usr/vol2/dag/lp
v10/usr/vol2/dag/mkfile
v10/usr/vol2/dag/pg
v10/usr/vol2/dag/temp
v10/usr/vol2/eqn/guide
v10/usr/vol2/eqn/guide.ind
v10/usr/vol2/eqn/guide.ms
v10/usr/vol2/eqn/guide.ms.pg
v10/usr/vol2/eqn/guide.ms.sp
v10/usr/vol2/eqn/guide.sed
v10/usr/vol2/eqn/guide.terms
v10/usr/vol2/eqn/lp
v10/usr/vol2/eqn/mkfile
v10/usr/vol2/eqn/pg
