v10/usr/vol2/f77/bwk.77.ms
v10/usr/vol2/f77/f77
v10/usr/vol2/f77/f77.ind
v10/usr/vol2/f77/f77.ms
v10/usr/vol2/f77/f77.ms.pg
v10/usr/vol2/f77/f77.ms.sp
v10/usr/vol2/f77/f77.sed
v10/usr/vol2/f77/f77.terms
v10/usr/vol2/f77/lp
v10/usr/vol2/f77/mkfile
v10/usr/vol2/f77/of77.ms
v10/usr/vol2/f77/pg
v10/usr/vol2/fm/fm
v10/usr/vol2/fm/fm.ind
v10/usr/vol2/fm/fm.ms
v10/usr/vol2/fm/fm.ms.pg
v10/usr/vol2/fm/fm.ms.sp
v10/usr/vol2/fm/fm.ps
v10/usr/vol2/fm/fm.sed
v10/usr/vol2/fm/fm.terms
v10/usr/vol2/fm/last.sed
v10/usr/vol2/fm/lp
v10/usr/vol2/fm/mkfile
v10/usr/vol2/fm/pg
v10/usr/vol2/fsck/fsck.ind
v10/usr/vol2/fsck/fsck.m
v10/usr/vol2/fsck/fsck.m.pg
v10/usr/vol2/fsck/fsck.m.sp
v10/usr/vol2/fsck/fsck.sed
v10/usr/vol2/fsck/fsck.sed2
v10/usr/vol2/fsck/fsck.terms
v10/usr/vol2/fsck/lp
v10/usr/vol2/fsck/mkfile
v10/usr/vol2/fsck/pg
