v10/usr/vol2/index/.tex.lt
v10/usr/vol2/index/2col
v10/usr/vol2/index/ADDRESS
v10/usr/vol2/index/BS.tex
v10/usr/vol2/index/BSbasis.tex
v10/usr/vol2/index/Caps
v10/usr/vol2/index/Final
v10/usr/vol2/index/LAST
v10/usr/vol2/index/Notes
v10/usr/vol2/index/RES
v10/usr/vol2/index/X
v10/usr/vol2/index/allsmooths.tex
v10/usr/vol2/index/answers.tex
v10/usr/vol2/index/bwk.macs
v10/usr/vol2/index/chap2.em
v10/usr/vol2/index/chap2.hits
v10/usr/vol2/index/chap2.index
v10/usr/vol2/index/chap2.log
v10/usr/vol2/index/chap2.terms
v10/usr/vol2/index/chap2.tex
v10/usr/vol2/index/chap5.hits
v10/usr/vol2/index/chap5.index
v10/usr/vol2/index/chap5.terms
v10/usr/vol2/index/chap5.tex
v10/usr/vol2/index/cmfont.tex
v10/usr/vol2/index/codes
v10/usr/vol2/index/contents
v10/usr/vol2/index/contents.tex
v10/usr/vol2/index/cwfiles
v10/usr/vol2/index/defns
v10/usr/vol2/index/finddups
v10/usr/vol2/index/foo
v10/usr/vol2/index/foo.awk
v10/usr/vol2/index/getcaps
v10/usr/vol2/index/getpgs
v10/usr/vol2/index/getsed
v10/usr/vol2/index/getterms
v10/usr/vol2/index/hatplot.tex
v10/usr/vol2/index/index.ind
v10/usr/vol2/index/index.ms
v10/usr/vol2/index/index.ms.pg
v10/usr/vol2/index/index.tex
v10/usr/vol2/index/inter
v10/usr/vol2/index/junk
v10/usr/vol2/index/junk1
v10/usr/vol2/index/junk1.x
v10/usr/vol2/index/junk2
v10/usr/vol2/index/kernelsm.tex
v10/usr/vol2/index/loessm.tex
v10/usr/vol2/index/lp
v10/usr/vol2/index/make.sorts
v10/usr/vol2/index/mkfile
