v10/usr/vol2/index/monmac.tex
v10/usr/vol2/index/more
v10/usr/vol2/index/mycite
v10/usr/vol2/index/name
v10/usr/vol2/index/nmkfile
v10/usr/vol2/index/notes.ms
v10/usr/vol2/index/nstats
v10/usr/vol2/index/numbers.xref
v10/usr/vol2/index/nx
v10/usr/vol2/index/oosindex.ms
v10/usr/vol2/index/osindex
v10/usr/vol2/index/osindex.ms
v10/usr/vol2/index/otry.tex
v10/usr/vol2/index/paper.notes
v10/usr/vol2/index/pg
v10/usr/vol2/index/psi.err
v10/usr/vol2/index/redo.sed
v10/usr/vol2/index/rerun
v10/usr/vol2/index/rlsmooth.tex
v10/usr/vol2/index/rt
v10/usr/vol2/index/runit
v10/usr/vol2/index/sandt.notes
v10/usr/vol2/index/schap2.terms
v10/usr/vol2/index/sdefns
v10/usr/vol2/index/sindex
v10/usr/vol2/index/sindex.ms
v10/usr/vol2/index/smkfile
v10/usr/vol2/index/spansizes.tex
v10/usr/vol2/index/stats
v10/usr/vol2/index/t.awk
v10/usr/vol2/index/tbl.it
v10/usr/vol2/index/texnotes
v10/usr/vol2/index/titles
v10/usr/vol2/index/tmac.s
v10/usr/vol2/index/toandrew
v10/usr/vol2/index/todo
v10/usr/vol2/index/try
v10/usr/vol2/index/try.log
v10/usr/vol2/index/try.tex
v10/usr/vol2/index/u_Todo
v10/usr/vol2/index/xchap2.idx
v10/usr/vol2/index/xchap2.index
v10/usr/vol2/index/xchap2.log
