v10/usr/vol2/grap/4001.g
v10/usr/vol2/grap/4002.g
v10/usr/vol2/grap/4003.g
v10/usr/vol2/grap/4004.g
v10/usr/vol2/grap/4005.g
v10/usr/vol2/grap/4006.g
v10/usr/vol2/grap/4007.g
v10/usr/vol2/grap/400m.d
v10/usr/vol2/grap/400mpairs.d
v10/usr/vol2/grap/400mtimes.d
v10/usr/vol2/grap/400w.d
v10/usr/vol2/grap/400wpairs.d
v10/usr/vol2/grap/README
v10/usr/vol2/grap/agepop.d
v10/usr/vol2/grap/agepop1.g
v10/usr/vol2/grap/army.d
v10/usr/vol2/grap/army1.g
v10/usr/vol2/grap/army2.g
v10/usr/vol2/grap/army2.v
v10/usr/vol2/grap/backup
v10/usr/vol2/grap/box1.g
v10/usr/vol2/grap/boyhts.d
v10/usr/vol2/grap/boyhts1.g
v10/usr/vol2/grap/boyhts3.g
v10/usr/vol2/grap/cars.d
v10/usr/vol2/grap/cars1.g
v10/usr/vol2/grap/cars2.g
v10/usr/vol2/grap/cars3.g
v10/usr/vol2/grap/comp
v10/usr/vol2/grap/cprog.mac
v10/usr/vol2/grap/geom.g
v10/usr/vol2/grap/grap.oind
v10/usr/vol2/grap/junk
v10/usr/vol2/grap/lp
v10/usr/vol2/grap/macarith.g
v10/usr/vol2/grap/macros
v10/usr/vol2/grap/makefile
v10/usr/vol2/grap/mkfile
v10/usr/vol2/grap/ode1.g
v10/usr/vol2/grap/paper
v10/usr/vol2/grap/paper.cstr
v10/usr/vol2/grap/paper.ind
v10/usr/vol2/grap/paper.ms
v10/usr/vol2/grap/paper.ms.pg
v10/usr/vol2/grap/paper.ms.sp
v10/usr/vol2/grap/paper.sed
v10/usr/vol2/grap/paper.sed2
v10/usr/vol2/grap/paper.terms
v10/usr/vol2/grap/pg
v10/usr/vol2/grap/phone.d
v10/usr/vol2/grap/phone1.g
v10/usr/vol2/grap/phone2.g
v10/usr/vol2/grap/prof1.awk
v10/usr/vol2/grap/prof1.d
v10/usr/vol2/grap/prof1.g
v10/usr/vol2/grap/prof2.d
v10/usr/vol2/grap/regress.awk
v10/usr/vol2/grap/scatmat
v10/usr/vol2/grap/scatvec.awk
v10/usr/vol2/grap/sendit
v10/usr/vol2/grap/sin1.g
v10/usr/vol2/grap/slide1.g
v10/usr/vol2/grap/speedcar.d
v10/usr/vol2/grap/speedcar1.g
v10/usr/vol2/grap/speedhorse.d
v10/usr/vol2/grap/speedhorse1.g
v10/usr/vol2/grap/speedman.d
v10/usr/vol2/grap/speedman1.g
v10/usr/vol2/grap/states.d
v10/usr/vol2/grap/states1.g
v10/usr/vol2/grap/states2.d
v10/usr/vol2/grap/states2.g
v10/usr/vol2/grap/states3.d
v10/usr/vol2/grap/states3.g
v10/usr/vol2/grap/states4.g
v10/usr/vol2/grap/states5.awk
v10/usr/vol2/grap/states5.g
v10/usr/vol2/grap/states6.g
v10/usr/vol2/grap/states7.awk
v10/usr/vol2/grap/states7.g
v10/usr/vol2/grap/states8.g
v10/usr/vol2/grap/temp
v10/usr/vol2/grap/trget
v10/usr/vol2/grap/usapop.d
v10/usr/vol2/grap/usapop1.g
v10/usr/vol2/grap/usapop2.g
v10/usr/vol2/graphics/cmd.ind
v10/usr/vol2/graphics/cmd.ms
v10/usr/vol2/graphics/cmd.ms-1
v10/usr/vol2/graphics/cmd.ms.pg
v10/usr/vol2/graphics/cmd.sed
v10/usr/vol2/graphics/cmd.sed2
v10/usr/vol2/graphics/cmd.terms
v10/usr/vol2/graphics/lp
v10/usr/vol2/graphics/mkfile
v10/usr/vol2/graphics/pg
v10/usr/vol2/graphics/picfile.ms
v10/usr/vol2/graphics/picfile.ms.pg
v10/usr/vol2/graphics/picfile.ms.sp
v10/usr/vol2/graphics/picfile.terms
v10/usr/vol2/ideal/err
v10/usr/vol2/ideal/lp
v10/usr/vol2/ideal/mkfile
v10/usr/vol2/ideal/pg
v10/usr/vol2/ideal/user.ind
v10/usr/vol2/ideal/user.ms
v10/usr/vol2/ideal/user.ms.pg
v10/usr/vol2/ideal/user.ms.sp
v10/usr/vol2/ideal/user.sed
v10/usr/vol2/ideal/user.sed2
v10/usr/vol2/ideal/user.terms
v10/usr/vol2/index/example/hirst
v10/usr/vol2/index/example/hirst.doc
v10/usr/vol2/index/example/hirst.h
v10/usr/vol2/index/example/hirst.i
v10/usr/vol2/index/example/hirst.t
v10/usr/vol2/index/example/lamport
v10/usr/vol2/index/example/lamport.doc
v10/usr/vol2/index/example/lamport.in
v10/usr/vol2/index/example/lamport.t
v10/usr/vol2/index/example/makefile
v10/usr/vol2/index/example/ptemplate.m
v10/usr/vol2/index/example/simple.doc
v10/usr/vol2/index/example/simple.in
v10/usr/vol2/index/example/simple.t
v10/usr/vol2/index/example/type.acm
v10/usr/vol2/index/example/type.apa
v10/usr/vol2/index/example/type.doc
v10/usr/vol2/index/example/type.in
v10/usr/vol2/index/example/typerefs
v10/usr/vol2/index/example/typerefs.h
v10/usr/vol2/index/example/typerefs.i
