v10/usr/vol2/index/figures/BS.p
v10/usr/vol2/index/figures/BSbasis.p
v10/usr/vol2/index/figures/allsmooths.p
v10/usr/vol2/index/figures/bivar.p
v10/usr/vol2/index/figures/hatplot.p
v10/usr/vol2/index/figures/kernelsm.p
v10/usr/vol2/index/figures/loessm.p
v10/usr/vol2/index/figures/rlsmooth.p
v10/usr/vol2/index/figures/spansizes.p
v10/usr/vol2/index/gen/cwterms
v10/usr/vol2/index/gen/sorted
v10/usr/vol2/index/gen/topsort
v10/usr/vol2/index/save/anim.terms
v10/usr/vol2/index/save/cintutorial.hd
v10/usr/vol2/index/save/dag.hd
v10/usr/vol2/index/save/dag.top
v10/usr/vol2/index/save/dc.hd
v10/usr/vol2/index/save/dc.top
v10/usr/vol2/index/save/fsck.hd
v10/usr/vol2/index/save/latex.hd
v10/usr/vol2/index/save/latex.top
v10/usr/vol2/index/save/lp.hd
v10/usr/vol2/index/save/monk.hd
v10/usr/vol2/index/save/mpxproto.hd
v10/usr/vol2/index/save/mpxproto.top
v10/usr/vol2/index/save/netb.hd
v10/usr/vol2/index/save/netb.top
v10/usr/vol2/index/save/ped.hd
v10/usr/vol2/index/save/ped.top
v10/usr/vol2/index/save/pifeel.hd
v10/usr/vol2/index/save/pifeel.top
v10/usr/vol2/index/save/piobj.hd
v10/usr/vol2/index/save/piobj.top
v10/usr/vol2/index/save/prefer.hd
v10/usr/vol2/index/save/snocone.hd
v10/usr/vol2/index/save/snocone.top
v10/usr/vol2/index/save/streams.hd
v10/usr/vol2/index/save/streams.top
v10/usr/vol2/index/save/trofftut.hd
v10/usr/vol2/index/save/trofftut.top
v10/usr/vol2/index/save/ucds.hd
v10/usr/vol2/index/save/uucpadmin.hd
v10/usr/vol2/index/save/uucpadmin.top
v10/usr/vol2/index/save/uucphis.top
v10/usr/vol2/index/save/uucphistory.hd
v10/usr/vol2/index/texlib/macros.tex
v10/usr/vol2/index/tools/Notes
v10/usr/vol2/index/tools/chap2.hits
v10/usr/vol2/index/tools/chap2.terms
v10/usr/vol2/index/tools/clean.sed
v10/usr/vol2/index/tools/combind.awk
v10/usr/vol2/index/tools/del.sed
v10/usr/vol2/index/tools/diction.c
v10/usr/vol2/index/tools/doinp.awk
v10/usr/vol2/index/tools/doinsert
v10/usr/vol2/index/tools/dots.sed
v10/usr/vol2/index/tools/dummy.mac
v10/usr/vol2/index/tools/dups
v10/usr/vol2/index/tools/dups.awk
v10/usr/vol2/index/tools/findit
v10/usr/vol2/index/tools/fixfont.sed
v10/usr/vol2/index/tools/fontch.sed
v10/usr/vol2/index/tools/fonti.sed
v10/usr/vol2/index/tools/foo
v10/usr/vol2/index/tools/foo.tex
v10/usr/vol2/index/tools/getcaps
v10/usr/vol2/index/tools/getcw
v10/usr/vol2/index/tools/getcw.all
v10/usr/vol2/index/tools/getdist
v10/usr/vol2/index/tools/getdisth
v10/usr/vol2/index/tools/gethd
v10/usr/vol2/index/tools/gethd.all
v10/usr/vol2/index/tools/getital
v10/usr/vol2/index/tools/getname
v10/usr/vol2/index/tools/getstats
v10/usr/vol2/index/tools/gettop
v10/usr/vol2/index/tools/gettop.all
v10/usr/vol2/index/tools/getul
v10/usr/vol2/index/tools/head.sed
v10/usr/vol2/index/tools/headings.awk
v10/usr/vol2/index/tools/mheadings.awk
v10/usr/vol2/index/tools/mitalic
v10/usr/vol2/index/tools/mitalic.awk
v10/usr/vol2/index/tools/mkindex
v10/usr/vol2/index/tools/mkinsert
v10/usr/vol2/index/tools/monk.sed
v10/usr/vol2/index/tools/mtm.mac
v10/usr/vol2/index/tools/ohead.sed
v10/usr/vol2/index/tools/omkindex
v10/usr/vol2/index/tools/orunind
v10/usr/vol2/index/tools/pico.sed
v10/usr/vol2/index/tools/printit
v10/usr/vol2/index/tools/sdiction.c
v10/usr/vol2/index/tools/sing.sed
v10/usr/vol2/index/tools/stm.mac
v10/usr/vol2/index/tools/str.awk
v10/usr/vol2/index/tools/subj
v10/usr/vol2/index/tools/tdist
v10/usr/vol2/index/tools/tdoinsert
v10/usr/vol2/index/tools/tgethd
v10/usr/vol2/index/tools/theadings.awk
v10/usr/vol2/index/tools/tm.mac
v10/usr/vol2/index/tools/top.sed
v10/usr/vol2/index/tools/top2.awk
v10/usr/vol2/index/tools/topic
v10/usr/vol2/index/tools/trunind
v10/usr/vol2/index/tools/xchap2.tex
v10/usr/vol2/index/tools/xsed/sed.h
v10/usr/vol2/index/tools/xsed/sed0.c
v10/usr/vol2/index/tools/xsed/sed1.c
