v10/usr/vol2/intro/foo
v10/usr/vol2/intro/intro.ind
v10/usr/vol2/intro/intro.ms
v10/usr/vol2/intro/intro.ms.pg
v10/usr/vol2/intro/lp
v10/usr/vol2/intro/mkfile
v10/usr/vol2/intro/pg
v10/usr/vol2/intro/temp.ms
v10/usr/vol2/ipc/fig1
v10/usr/vol2/ipc/fig2
v10/usr/vol2/ipc/fig3
v10/usr/vol2/ipc/ipc.ind
v10/usr/vol2/ipc/ipc.ms
v10/usr/vol2/ipc/ipc.ms.pg
v10/usr/vol2/ipc/ipc.ms.sp
v10/usr/vol2/ipc/ipc.sed
v10/usr/vol2/ipc/ipc.terms
v10/usr/vol2/ipc/ipcpaper.rf
v10/usr/vol2/ipc/lp
v10/usr/vol2/ipc/makefile
v10/usr/vol2/ipc/mkfile
v10/usr/vol2/ipc/paper.refs
v10/usr/vol2/ipc/paper.refs.ig
v10/usr/vol2/ipc/pfig1
v10/usr/vol2/ipc/pfig2
v10/usr/vol2/ipc/pfig3
v10/usr/vol2/ipc/pg
v10/usr/vol2/latex/attart.sty
v10/usr/vol2/latex/latex.aux
v10/usr/vol2/latex/latex.idx
v10/usr/vol2/latex/latex.ind
v10/usr/vol2/latex/latex.linops
v10/usr/vol2/latex/latex.log
v10/usr/vol2/latex/latex.sed
v10/usr/vol2/latex/latex.sed2
v10/usr/vol2/latex/latex.terms
v10/usr/vol2/latex/latex.tex
v10/usr/vol2/latex/latex.tex.lt
v10/usr/vol2/latex/latex.tex.pg
v10/usr/vol2/latex/latex.tex.sp
v10/usr/vol2/latex/lp
v10/usr/vol2/latex/mkfile
v10/usr/vol2/latex/nlatex.aux
v10/usr/vol2/latex/nlatex.idx
v10/usr/vol2/latex/nlatex.log
v10/usr/vol2/latex/nlatex.tex
v10/usr/vol2/latex/pg
v10/usr/vol2/lex/lex.ind
v10/usr/vol2/lex/lex.ms
v10/usr/vol2/lex/lex.ms.pg
v10/usr/vol2/lex/lex.ms.sp
v10/usr/vol2/lex/lex.sed
v10/usr/vol2/lex/lex.sed2
v10/usr/vol2/lex/lex.terms
v10/usr/vol2/lex/lex.yy.c
v10/usr/vol2/lex/lp
v10/usr/vol2/lex/mkfile
v10/usr/vol2/lex/pg
v10/usr/vol2/lp/lp
v10/usr/vol2/lp/lp.ind
v10/usr/vol2/lp/lp.ms
v10/usr/vol2/lp/lp.ms.pg
v10/usr/vol2/lp/lp.ms.sp
v10/usr/vol2/lp/lp.sed
v10/usr/vol2/lp/lp.terms
v10/usr/vol2/lp/mkfile
v10/usr/vol2/lp/pg
