v10/usr/vol2/mk/lp
v10/usr/vol2/mk/mk.ind
v10/usr/vol2/mk/mk.ms
v10/usr/vol2/mk/mk.ms.pg
v10/usr/vol2/mk/mk.ms.sp
v10/usr/vol2/mk/mk.sed
v10/usr/vol2/mk/mk.sed2
v10/usr/vol2/mk/mk.terms
v10/usr/vol2/mk/mkfile
v10/usr/vol2/mk/pg
v10/usr/vol2/mk/temp
v10/usr/vol2/monk/README.index
v10/usr/vol2/monk/lp
v10/usr/vol2/monk/mkfile
v10/usr/vol2/monk/monk
v10/usr/vol2/monk/monk.cite
v10/usr/vol2/monk/monk.ind
v10/usr/vol2/monk/monk.m
v10/usr/vol2/monk/monk.m.pg
v10/usr/vol2/monk/monk.mac
v10/usr/vol2/monk/monk.sed
v10/usr/vol2/monk/omonk.m
v10/usr/vol2/monk/pg
v10/usr/vol2/monk/prefer.sed
v10/usr/vol2/monk/xmonk.m
v10/usr/vol2/monk/xmonk.terms
v10/usr/vol2/monk/xxmonk.m
v10/usr/vol2/monk/commands/acm
v10/usr/vol2/monk/commands/centerpb
v10/usr/vol2/monk/commands/cspress
v10/usr/vol2/monk/commands/form1
v10/usr/vol2/monk/commands/global
v10/usr/vol2/monk/commands/im
v10/usr/vol2/monk/commands/kluwer
v10/usr/vol2/monk/commands/letter
v10/usr/vol2/monk/commands/memo
v10/usr/vol2/monk/commands/model
v10/usr/vol2/monk/commands/research
v10/usr/vol2/monk/commands/rp
v10/usr/vol2/monk/commands/song
v10/usr/vol2/monk/commands/tc
v10/usr/vol2/monk/commands/tm
v10/usr/vol2/monk/examples/example.pic1
v10/usr/vol2/monk/examples/example.table
v10/usr/vol2/monk/examples/special
v10/usr/vol2/monk/oexamples/example.pic1
v10/usr/vol2/monk/oexamples/example.table
v10/usr/vol2/monk/oexamples/special
v10/usr/vol2/monk/osamples/letter.nx
v10/usr/vol2/monk/osamples/memo.nx
v10/usr/vol2/monk/osamples/reset_def
v10/usr/vol2/monk/osamples/tailor
v10/usr/vol2/monk/osamples/tailor.nx
v10/usr/vol2/monk/osamples/tmbody.nx
v10/usr/vol2/monk/osamples/tmcs.nx
