v10/usr/vol2/monk/samples/letter.nx
v10/usr/vol2/monk/samples/memo.nx
v10/usr/vol2/monk/samples/memo.ps
v10/usr/vol2/monk/samples/reset_def
v10/usr/vol2/monk/samples/tailor
v10/usr/vol2/monk/samples/tailor.nx
v10/usr/vol2/monk/samples/tailor.ps
v10/usr/vol2/monk/samples/tmbody.nx
v10/usr/vol2/monk/samples/tmbody.ps
v10/usr/vol2/monk/samples/tmcs.nx
v10/usr/vol2/monk/samples/tmcs.ps
v10/usr/vol2/ms/Notes
v10/usr/vol2/ms/ap1
v10/usr/vol2/ms/appA
v10/usr/vol2/ms/lp
v10/usr/vol2/ms/mkfile
v10/usr/vol2/ms/ms
v10/usr/vol2/ms/ms.ind
v10/usr/vol2/ms/ms.pg
v10/usr/vol2/ms/ms.sp
v10/usr/vol2/ms/ms.terms
v10/usr/vol2/ms/nap1
v10/usr/vol2/ms/oldms
v10/usr/vol2/ms/otmac.s
v10/usr/vol2/ms/p1.ps
v10/usr/vol2/ms/p2.ps
v10/usr/vol2/ms/p3.ps
v10/usr/vol2/ms/p4.ps
v10/usr/vol2/ms/p5.ps
v10/usr/vol2/ms/pg
v10/usr/vol2/ms/refcard
v10/usr/vol2/ms/refcard.ps
v10/usr/vol2/ms/refcard.terms
v10/usr/vol2/ms/rp.tr
v10/usr/vol2/ms/temp.cover
v10/usr/vol2/ms/tm.tr
v10/usr/vol2/ms/tmac.cs
v10/usr/vol2/ms/tmac.s
v10/usr/vol2/ms/xms.terms
