v10/usr/vol2/pi/RUN1.ps
v10/usr/vol2/pi/RUN1.so
v10/usr/vol2/pi/a97.ps
v10/usr/vol2/pi/a97.so
v10/usr/vol2/pi/asciion.ps
v10/usr/vol2/pi/asciion.so
v10/usr/vol2/pi/assign.ps
v10/usr/vol2/pi/assign.so
v10/usr/vol2/pi/binps.ps
v10/usr/vol2/pi/binps.so
v10/usr/vol2/pi/bpt.ps
v10/usr/vol2/pi/bpt.so
v10/usr/vol2/pi/callstack.ps
v10/usr/vol2/pi/callstack.so
v10/usr/vol2/pi/compile.ps
v10/usr/vol2/pi/compile.so
v10/usr/vol2/pi/feel.ind
v10/usr/vol2/pi/feel.ms
v10/usr/vol2/pi/feel.ms.pg
v10/usr/vol2/pi/feel.ms.sp
v10/usr/vol2/pi/feel.sed
v10/usr/vol2/pi/feel.terms
v10/usr/vol2/pi/fexec.ps
v10/usr/vol2/pi/fexec.so
v10/usr/vol2/pi/fig1.ps
v10/usr/vol2/pi/fig1.so
v10/usr/vol2/pi/fig2.ps
v10/usr/vol2/pi/fig2.so
v10/usr/vol2/pi/fig3.ps
v10/usr/vol2/pi/fig3.so
v10/usr/vol2/pi/gtgtgt.ps
v10/usr/vol2/pi/gtgtgt.so
v10/usr/vol2/pi/index.ps
v10/usr/vol2/pi/index.so
v10/usr/vol2/pi/jim.ps
v10/usr/vol2/pi/jim.so
v10/usr/vol2/pi/jimc.ps
v10/usr/vol2/pi/jimc.so
v10/usr/vol2/pi/left.ps
v10/usr/vol2/pi/left.so
v10/usr/vol2/pi/lp
v10/usr/vol2/pi/mkfile
