v10/usr/vol2/pi/obj.ms
v10/usr/vol2/pi/obj.ms.pg
v10/usr/vol2/pi/obj.ms.sp
v10/usr/vol2/pi/obj.terms
v10/usr/vol2/pi/op.ps
v10/usr/vol2/pi/op.so
v10/usr/vol2/pi/openframe.ps
v10/usr/vol2/pi/openframe.so
v10/usr/vol2/pi/pg
v10/usr/vol2/pi/right.ps
v10/usr/vol2/pi/right.so
v10/usr/vol2/pi/rr.ps
v10/usr/vol2/pi/rr.so
v10/usr/vol2/pi/run.ps
v10/usr/vol2/pi/run.so
v10/usr/vol2/pi/setbpt.ps
v10/usr/vol2/pi/setbpt.so
v10/usr/vol2/pi/srcfiles.ps
v10/usr/vol2/pi/srcfiles.so
v10/usr/vol2/pi/srctext.ps
v10/usr/vol2/pi/srctext.so
v10/usr/vol2/pi/star.ps
v10/usr/vol2/pi/star.so
v10/usr/vol2/pi/startchar.ps
v10/usr/vol2/pi/startchar.so
v10/usr/vol2/pi/step1stmt.ps
v10/usr/vol2/pi/step1stmt.so
v10/usr/vol2/pi/temp
v10/usr/vol2/pi/thelast.ps
v10/usr/vol2/pi/thelast.so
v10/usr/vol2/pi/typeof.ps
v10/usr/vol2/pi/typeof.so
