v10/usr/vol2/music/lp
v10/usr/vol2/music/mkfile
v10/usr/vol2/music/music.ind
v10/usr/vol2/music/music.ms
v10/usr/vol2/music/music.ms.pg
v10/usr/vol2/music/music.ms.sp
v10/usr/vol2/music/music.sed
v10/usr/vol2/music/music.terms
v10/usr/vol2/music/pg
v10/usr/vol2/music/temp
v10/usr/vol2/netb/lp
v10/usr/vol2/netb/mkfile
v10/usr/vol2/netb/netb.ind
v10/usr/vol2/netb/netb.ms
v10/usr/vol2/netb/netb.ms.pg
v10/usr/vol2/netb/netb.ms.sp
v10/usr/vol2/netb/netb.old
v10/usr/vol2/netb/netb.sed
v10/usr/vol2/netb/netb.terms
v10/usr/vol2/netb/pg
v10/usr/vol2/netb/temp
v10/usr/vol2/pic/lp
v10/usr/vol2/pic/mkfile
v10/usr/vol2/pic/pg
v10/usr/vol2/pic/pic.cstr
v10/usr/vol2/pic/pic.ind
v10/usr/vol2/pic/pic.ms
v10/usr/vol2/pic/pic.ms.pg
v10/usr/vol2/pic/pic.ms.sp
v10/usr/vol2/pic/pic.sed
v10/usr/vol2/pic/pic.sed2
v10/usr/vol2/pic/pic.terms
v10/usr/vol2/pico/lp
v10/usr/vol2/pico/mkfile
v10/usr/vol2/pico/pg
v10/usr/vol2/pico/pico.ind
v10/usr/vol2/pico/pico.ms
v10/usr/vol2/pico/pico.ms.pg
v10/usr/vol2/pico/pico.ms.sp
v10/usr/vol2/pico/pico.sed
v10/usr/vol2/pico/pico.sed2
v10/usr/vol2/pico/pico.terms
