v10/usr/vol2/pm/lp
v10/usr/vol2/pm/mkfile
v10/usr/vol2/pm/pg
v10/usr/vol2/pm/pm.ind
v10/usr/vol2/pm/pm.ms
v10/usr/vol2/pm/pm.ms.pg
v10/usr/vol2/pm/pm.terms
v10/usr/vol2/preface/mkfile
v10/usr/vol2/preface/preface.ind
v10/usr/vol2/preface/preface.ms
v10/usr/vol2/prefer/.aux
v10/usr/vol2/prefer/README
v10/usr/vol2/prefer/goo
v10/usr/vol2/prefer/lp
v10/usr/vol2/prefer/makefile
v10/usr/vol2/prefer/mkfile
v10/usr/vol2/prefer/mycite
v10/usr/vol2/prefer/myref
v10/usr/vol2/prefer/myref.h
v10/usr/vol2/prefer/myref.i
v10/usr/vol2/prefer/oprefer.m
v10/usr/vol2/prefer/oprefer.xind
v10/usr/vol2/prefer/pg
v10/usr/vol2/prefer/prefer.cite
v10/usr/vol2/prefer/prefer.ind
v10/usr/vol2/prefer/prefer.m
v10/usr/vol2/prefer/prefer.m.pg
v10/usr/vol2/prefer/prefer.m.sp
v10/usr/vol2/prefer/prefer.out.h
v10/usr/vol2/prefer/prefer.out.i
v10/usr/vol2/prefer/prefer.sed
v10/usr/vol2/prefer/prefer.sed2
v10/usr/vol2/prefer/prefer.terms
v10/usr/vol2/prefer/example/hirst
v10/usr/vol2/prefer/example/hirst.doc
v10/usr/vol2/prefer/example/hirst.h
v10/usr/vol2/prefer/example/hirst.i
v10/usr/vol2/prefer/example/hirst.t
v10/usr/vol2/prefer/example/lamport.doc
v10/usr/vol2/prefer/example/lamport.in
v10/usr/vol2/prefer/example/lamport.t
v10/usr/vol2/prefer/example/makefile
v10/usr/vol2/prefer/example/ptemplate.m
v10/usr/vol2/prefer/example/simple.doc
v10/usr/vol2/prefer/example/simple.in
v10/usr/vol2/prefer/example/simple.t
v10/usr/vol2/prefer/example/type.acm
v10/usr/vol2/prefer/example/type.apa
v10/usr/vol2/prefer/example/type.doc
v10/usr/vol2/prefer/example/type.in
v10/usr/vol2/prefer/example/typerefs
v10/usr/vol2/prefer/example/typerefs.h
v10/usr/vol2/prefer/example/typerefs.i
v10/usr/vol2/rc/lp
v10/usr/vol2/rc/mkfile
v10/usr/vol2/rc/pg
v10/usr/vol2/rc/rc.ind
v10/usr/vol2/rc/rc.ms
v10/usr/vol2/rc/rc.ms-1
v10/usr/vol2/rc/rc.ms.pg
v10/usr/vol2/rc/rc.sed
v10/usr/vol2/rc/rc.sed2
v10/usr/vol2/rc/rc.terms
