v10/usr/vol2/sam/-temp
v10/usr/vol2/sam/fig1.ps
v10/usr/vol2/sam/fig1.so
v10/usr/vol2/sam/fig2.ps
v10/usr/vol2/sam/fig2.so
v10/usr/vol2/sam/fig3.ps
v10/usr/vol2/sam/fig3.so
v10/usr/vol2/sam/fig4.ps
v10/usr/vol2/sam/fig4.so
v10/usr/vol2/sam/fig5.pic
v10/usr/vol2/sam/fig6.pic
v10/usr/vol2/sam/fig7.pic
v10/usr/vol2/sam/lp
v10/usr/vol2/sam/mkfile
v10/usr/vol2/sam/pg
v10/usr/vol2/sam/refs
v10/usr/vol2/sam/sam.ind
v10/usr/vol2/sam/sam.ms
v10/usr/vol2/sam/sam.ms.pg
v10/usr/vol2/sam/sam.ms.sp
v10/usr/vol2/sam/sam.sed
v10/usr/vol2/sam/sam.terms
v10/usr/vol2/sam/temp
v10/usr/vol2/security/lp
v10/usr/vol2/security/mkfile
v10/usr/vol2/security/pg
v10/usr/vol2/security/security.ind
v10/usr/vol2/security/security.ms
v10/usr/vol2/security/security.ms.pg
v10/usr/vol2/security/security.ms.sp
v10/usr/vol2/security/security.sed
v10/usr/vol2/security/security.terms
v10/usr/vol2/sed/junk
v10/usr/vol2/sed/lp
v10/usr/vol2/sed/mkfile
v10/usr/vol2/sed/pg
v10/usr/vol2/sed/sed.ind
v10/usr/vol2/sed/sed.ms
v10/usr/vol2/sed/sed.ms.pg
v10/usr/vol2/sed/sed.ms.sp
v10/usr/vol2/sed/sed.sed
v10/usr/vol2/sed/sed.sed2
v10/usr/vol2/sed/sed.terms
v10/usr/vol2/setup/lp
v10/usr/vol2/setup/mkfile
v10/usr/vol2/setup/pg
v10/usr/vol2/setup/setup.ind
v10/usr/vol2/setup/setup.ms
v10/usr/vol2/setup/setup.ms.pg
v10/usr/vol2/setup/setup.ms.sp
v10/usr/vol2/setup/setup.sed
v10/usr/vol2/setup/setup.terms
v10/usr/vol2/snocone/lp
v10/usr/vol2/snocone/mkfile
v10/usr/vol2/snocone/pg
v10/usr/vol2/snocone/snocone.ind
v10/usr/vol2/snocone/snocone.ms
v10/usr/vol2/snocone/snocone.ms.pg
v10/usr/vol2/snocone/snocone.ms.sp
v10/usr/vol2/snocone/snocone.sed
v10/usr/vol2/snocone/snocone.sed2
v10/usr/vol2/snocone/snocone.terms
