v10/usr/vol2/spin/lp
v10/usr/vol2/spin/mkfile
v10/usr/vol2/spin/pg
v10/usr/vol2/spin/spin.1
v10/usr/vol2/spin/spin.ind
v10/usr/vol2/spin/spin.ms
v10/usr/vol2/spin/spin.ms.pg
v10/usr/vol2/spin/spin.ms.sp
v10/usr/vol2/spin/spin.ms_o
v10/usr/vol2/spin/spin.sed
v10/usr/vol2/spin/spin.sed2
v10/usr/vol2/spin/spin.terms
v10/usr/vol2/spin/temp
v10/usr/vol2/streams/lp
v10/usr/vol2/streams/mkfile
v10/usr/vol2/streams/pg
v10/usr/vol2/streams/streams.ind
v10/usr/vol2/streams/streams.ms
v10/usr/vol2/streams/streams.ms.pg
v10/usr/vol2/streams/streams.ms.sp
v10/usr/vol2/streams/streams.sed
v10/usr/vol2/streams/streams.terms
v10/usr/vol2/tbl/err
v10/usr/vol2/tbl/lp
v10/usr/vol2/tbl/mkfile
v10/usr/vol2/tbl/pg
v10/usr/vol2/tbl/tbl.ind
v10/usr/vol2/tbl/tbl.ms
v10/usr/vol2/tbl/tbl.ms.bak
v10/usr/vol2/tbl/tbl.ms.pg
v10/usr/vol2/tbl/tbl.ms.sp
v10/usr/vol2/tbl/tbl.pm.bug
v10/usr/vol2/tbl/tbl.sed
v10/usr/vol2/tbl/tbl.sed2
v10/usr/vol2/tbl/tbl.terms
