v10/usr/vol2/troff/Loose.ends
v10/usr/vol2/troff/cstr.54
v10/usr/vol2/troff/indep_tr
v10/usr/vol2/troff/lp
v10/usr/vol2/troff/man.ind
v10/usr/vol2/troff/man.ms
v10/usr/vol2/troff/man.ms.pg
v10/usr/vol2/troff/man.pg
v10/usr/vol2/troff/man.sed
v10/usr/vol2/troff/man.sp
v10/usr/vol2/troff/man.terms
v10/usr/vol2/troff/mkfile
v10/usr/vol2/troff/pg
v10/usr/vol2/troff/prf.awk
v10/usr/vol2/troff/tut.ind
v10/usr/vol2/troff/tut.ms
v10/usr/vol2/troff/tut.ms.pg
v10/usr/vol2/troff/tut.ms.sp
v10/usr/vol2/troff/tut.sed
v10/usr/vol2/troff/tut.terms
v10/usr/vol2/u_Preface/preface.ms
v10/usr/vol2/upas/geoff
v10/usr/vol2/upas/lp
v10/usr/vol2/upas/mkfile
v10/usr/vol2/upas/over.cip
v10/usr/vol2/upas/pg
v10/usr/vol2/upas/upas.ind
v10/usr/vol2/upas/upas.ms
v10/usr/vol2/upas/upas.ms.pg
v10/usr/vol2/upas/upas.ms.sp
v10/usr/vol2/upas/upas.ref
v10/usr/vol2/upas/upas.ref.ig
v10/usr/vol2/upas/upas.sed
v10/usr/vol2/upas/upas.sed2
v10/usr/vol2/upas/upas.terms
