v10/usr/vol2/uucp/admin.ind
v10/usr/vol2/uucp/admin.ms
v10/usr/vol2/uucp/admin.ms.pg
v10/usr/vol2/uucp/admin.ms.sp
v10/usr/vol2/uucp/admin.sed
v10/usr/vol2/uucp/admin.sed2
v10/usr/vol2/uucp/admin.terms
v10/usr/vol2/uucp/history.ms
v10/usr/vol2/uucp/history.ms.pg
v10/usr/vol2/uucp/history.ms.sp
v10/usr/vol2/uucp/history.terms
v10/usr/vol2/uucp/lp
v10/usr/vol2/uucp/mkfile
v10/usr/vol2/uucp/pg
v10/usr/vol2/uucp/temp1
v10/usr/vol2/uucp/uucp1.cip
v10/usr/vol2/uucp/uucp2.g
v10/usr/vol2/yacc/lp
v10/usr/vol2/yacc/mkfile
v10/usr/vol2/yacc/oyacc.ms
v10/usr/vol2/yacc/pg
v10/usr/vol2/yacc/xref.script
v10/usr/vol2/yacc/xtags
v10/usr/vol2/yacc/yacc.ind
v10/usr/vol2/yacc/yacc.ms
v10/usr/vol2/yacc/yacc.ms.pg
v10/usr/vol2/yacc/yacc.ms.sp
v10/usr/vol2/yacc/yacc.sed
v10/usr/vol2/yacc/yacc.sed2
v10/usr/vol2/yacc/yacc.terms
